node.exe : npm verbose cli C:\nvm4w\nodejs\node.exe C:\nvm4w\nodejs\node_modules\npm\bin\npm-cli.js
At C:\nvm4w\nodejs\npm.ps1:29 char:3
+   & $NODE_EXE $NPM_CLI_JS $args
+   ~~~~~~~~~~~~~~~~~~~~~~~~~~~~~
    + CategoryInfo          : NotSpecified: (npm verbose cli...\bin\npm-cli.js:String) [], RemoteException
    + FullyQualifiedErrorId : NativeCommandError
 
npm info using npm@10.9.2
npm info using node@v22.14.0
npm verbose title npm test
npm verbose argv "test" "--loglevel" "verbose"
npm verbose logfile logs-max:10 dir:C:\Users\Jose\AppData\Local\npm-cache\_logs\2026-02-04T12_25_34_739Z-
npm verbose logfile C:\Users\Jose\AppData\Local\npm-cache\_logs\2026-02-04T12_25_34_739Z-debug-0.log

> node-shl-api@0.3.0-SNAPSHOT test
> jest

2026-02-04 13:25:36.174 [32minfo[39m [32m{tx}: Initializing TX module[39m
2026-02-04 13:25:36.175 [32minfo[39m [32m{tx}: Loading language definitions from: C:\work\ImplementationGuides\nodeserver\tx\data\lang.dat[39m
2026-02-04 13:25:36.194 [32minfo[39m [32m{tx}: Language definitions loaded[39m
2026-02-04 13:25:36.194 [32minfo[39m [32m{tx}: Loading translations from: C:\work\ImplementationGuides\nodeserver\translations[39m
2026-02-04 13:25:36.233 [32minfo[39m [32m{tx}: I18n support initialized[39m
2026-02-04 13:25:36.233 [32minfo[39m [32m{tx}: Loading library from: tx/fixtures/test-cases.yml[39m
2026-02-04 13:25:36.234 [32minfo[39m [32m{tx}: Load...[39m
2026-02-04 13:25:36.234 [32minfo[39m [32m{tx}: Load 1[39m
2026-02-04 13:25:36.251 [32minfo[39m [32m{tx}: Load 2[39m
2026-02-04 13:25:36.251 [32minfo[39m [32m{tx}: Load 3[39m
2026-02-04 13:25:36.282 [32minfo[39m [32m{tx}: Load 4[39m
2026-02-04 13:25:36.282 [32minfo[39m [32m{tx}: Load 5[39m
2026-02-04 13:25:36.284 [32minfo[39m [32m{tx}: Load 6[39m
2026-02-04 13:25:36.289 [32minfo[39m [32m{tx}: Load 7[39m
2026-02-04 13:25:36.289 [32minfo[39m [32m{tx}: Fetching Data[39m
2026-02-04 13:25:36.903 [32minfo[39m [32m{tx}: Downloaded 0 kB[39m
2026-02-04 13:25:36.904 [32minfo[39m [32m{tx}: Loading Code Systems[39m
2026-02-04 13:25:36.904 [32minfo[39m [32m{tx}: Time  System                                            Version                                                       Source[39m
2026-02-04 13:25:36.904 [32minfo[39m [32m{tx}:     0 urn:ietf:bcp:47                                                                                                 internal[39m
2026-02-04 13:25:36.905 [32minfo[39m [32m{tx}:     1 urn:iso:std:iso:3166                              2018                                                          internal[39m
2026-02-04 13:25:36.905 [32minfo[39m [32m{tx}:     0 urn:iso:std:iso:4217                                                                                            internal[39m
2026-02-04 13:25:36.906 [32minfo[39m [32m{tx}:     1 http://unstats.un.org/unsd/methods/m49/m49.htm                                                                  internal[39m
2026-02-04 13:25:36.906 [32minfo[39m [32m{tx}:     0 urn:ietf:bcp:13                                                                                                 internal[39m
2026-02-04 13:25:36.906 [32minfo[39m [32m{tx}:     0 https://www.usps.com/                                                                                           internal[39m
2026-02-04 13:25:36.921 [32minfo[39m [32m{tx}:    15 http://unitsofmeasure.org                         2.2                                                           C:\work\ImplementationGuides\nodeserver\tx\data\ucum-essence.xml[39m
2026-02-04 13:25:37.921 [32minfo[39m [32m{tx}:  1000 http://loinc.org                                  2.81                                                          C:\work\ImplementationGuides\nodeserver\data\terminology-cache\loinc-2.81-b.db[39m
2026-02-04 13:25:38.340 [32minfo[39m [32m{tx}:   416 http://snomed.info/sct                            http://snomed.info/sct/900000000000207008/version/20250201    C:\work\ImplementationGuides\nodeserver\data\terminology-cache\sct_intl_20250201.cache[39m
2026-02-04 13:25:38.345 [32minfo[39m [32m{tx}:     5 http://snomed.info/sct                            http://snomed.info/xsct/900000000000207008/version/20250814   C:\work\ImplementationGuides\nodeserver\data\terminology-cache\sct_test_20250814.cache[39m
2026-02-04 13:25:38.347 [32minfo[39m [32m{tx}:     2 https://fhir-terminology.ohdsi.org                20240716                                                      C:\work\ImplementationGuides\nodeserver\data\terminology-cache\omop_v20250227.db[39m
2026-02-04 13:25:38.483 [32minfo[39m [32m{tx}: Loading Packages[39m
2026-02-04 13:25:38.483 [32minfo[39m [32m{tx}: Time  ID                  Version             CS    VS    [39m
2026-02-04 13:25:38.918 [32minfo[39m [32m{tx}:   434 hl7.terminology     7.0.1               897   9994  [39m
2026-02-04 13:25:38.920 [32minfo[39m [32m{tx}: Loading Time: 2,684s[39m
2026-02-04 13:25:38.920 [32minfo[39m [32m{tx}: Memory Used: 1771.21 MB[39m
2026-02-04 13:25:38.924 [32minfo[39m [32m{tx}: Library loaded successfully[39m
2026-02-04 13:25:38.924 [32minfo[39m [32m{tx}: Setting up endpoint: /r5 (FHIR v5.0, context: none)[39m
2026-02-04 13:25:38.925 [32minfo[39m [32m{tx}: Loading FHIR 5.0 packages[39m
2026-02-04 13:25:38.925 [32minfo[39m [32m{tx}: Time  ID                  Version             CS    VS    [39m
2026-02-04 13:25:39.183 [32minfo[39m [32m{tx}: Resource cache pruning enabled for /r5: timeout 30 minutes, check interval 5 minutes[39m
2026-02-04 13:25:39.183 [32minfo[39m [32m{tx}: Expansion cache for /r5: max 1000 entries, no memory threshold[39m
2026-02-04 13:25:39.184 [32minfo[39m [32m{tx}: Endpoint /r5 registered[39m
2026-02-04 13:25:39.184 [32minfo[39m [32m{tx}: Setting up endpoint: /r4 (FHIR v4.0, context: none)[39m
2026-02-04 13:25:39.184 [32minfo[39m [32m{tx}: Loading FHIR 4.0 packages[39m
2026-02-04 13:25:39.184 [32minfo[39m [32m{tx}: Time  ID                  Version             CS    VS    [39m
2026-02-04 13:25:39.563 [32minfo[39m [32m{tx}: Resource cache pruning enabled for /r4: timeout 30 minutes, check interval 5 minutes[39m
2026-02-04 13:25:39.563 [32minfo[39m [32m{tx}: Expansion cache for /r4: max 1000 entries, no memory threshold[39m
2026-02-04 13:25:39.563 [32minfo[39m [32m{tx}: Endpoint /r4 registered[39m
2026-02-04 13:25:39.563 [32minfo[39m [32m{tx}: TX module initialized with 2 endpoint(s)[39m
Test server started on port 9095
2026-02-04 13:25:39.565 [32minfo[39m [32m{test-runner}: Starting FHIR validator with command: java -jar C:\work\ImplementationGuides\nodeserver\bin\validator_cli.jar -server 9096 -tx http://localhost:9095/r5 -txlog C:\work\ImplementationGuides\nodeserver\tx\logs\text-cases.log -version 4.0[39m
2026-02-04 13:25:39.895 [32minfo[39m [32m{test-runner}: Validator: FHIR Validation tool Version 6.8.0 (Git# 16897818c932). Built 2026-02-03T21:15:40.739Z (16 hours old)[39m
2026-02-04 13:25:39.895 [32minfo[39m [32m{test-runner}: Validator: The option '-server' is no longer in use. Using 'server'[39m
2026-02-04 13:25:40.142 [32minfo[39m [32m{test-runner}: Validator: Unable to parse command line arguments: Unknown option: '-txlog'[39m
2026-02-04 13:25:40.147 [32minfo[39m [32m{test-runner}: Validator: Encountered Illegal Argument[39m
2026-02-04 13:25:40.147 [32minfo[39m [32m{test-runner}: Validator: java.lang.IllegalArgumentException: picocli.CommandLine$UnmatchedArgumentException: Unknown option: '-txlog'[39m
2026-02-04 13:25:40.147 [32minfo[39m [32m{test-runner}: Validator: at org.hl7.fhir.validation.cli.picocli.CLI.parseArgsAndExecuteCommand(CLI.java:50)[39m
2026-02-04 13:25:40.147 [32minfo[39m [32m{test-runner}: Validator: at org.hl7.fhir.validation.cli.ValidatorCli.main(ValidatorCli.java:91)[39m
2026-02-04 13:25:40.147 [32minfo[39m [32m{test-runner}: Validator: Caused by: picocli.CommandLine$UnmatchedArgumentException: Unknown option: '-txlog'[39m
2026-02-04 13:25:40.147 [32minfo[39m [32m{test-runner}: Validator: at picocli.CommandLine$Interpreter.validateConstraints(CommandLine.java:13691)[39m
2026-02-04 13:25:40.147 [32minfo[39m [32m{test-runner}: Validator: at picocli.CommandLine$Interpreter.parse(CommandLine.java:13643)[39m
2026-02-04 13:25:40.147 [32minfo[39m [32m{test-runner}: Validator: at picocli.CommandLine$Interpreter.processSubcommand(CommandLine.java:13938)[39m
2026-02-04 13:25:40.148 [32minfo[39m [32m{test-runner}: Validator: at picocli.CommandLine$Interpreter.processArguments(CommandLine.java:13834)[39m
2026-02-04 13:25:40.148 [32minfo[39m [32m{test-runner}: Validator: at picocli.CommandLine$Interpreter.parse(CommandLine.java:13620)[39m
2026-02-04 13:25:40.148 [32minfo[39m [32m{test-runner}: Validator: at picocli.CommandLine$Interpreter.parse(CommandLine.java:13588)[39m
2026-02-04 13:25:40.148 [32minfo[39m [32m{test-runner}: Validator: at picocli.CommandLine$Interpreter.parse(CommandLine.java:13483)[39m
2026-02-04 13:25:40.148 [32minfo[39m [32m{test-runner}: Validator: at picocli.CommandLine.parseArgs(CommandLine.java:1552)[39m
2026-02-04 13:25:40.148 [32minfo[39m [32m{test-runner}: Validator: at org.hl7.fhir.validation.cli.picocli.CLI.parseArgsAndExecuteCommand(CLI.java:47)[39m
2026-02-04 13:25:40.148 [32minfo[39m [32m{test-runner}: Validator: ... 1 common frames omitted[39m
2026-02-04 13:25:40.185 [32minfo[39m [32m{test-runner}: Validator process exited with code 1 and signal null[39m
FAIL tests/tx/test-cases.test.js (65.123 s)
  ΓùÅ Console

    console.log
      2026-02-04 13:25:36.117 [32minfo[39m [32mLogger initialized @ C:\work\ImplementationGuides\nodeserver\data\logs[39m

      at Console.log (node_modules/winston/lib/winston/transports/console.js:87:23)

  ΓùÅ Tx Tests ΓÇ║ metadata ΓÇ║ metadata

    Validator service did not become ready within 60000ms

    [0m [90m 133 |[39m         timeout[33m:[39m [35m60000[39m
     [90m 134 |[39m     }
    [31m[1m>[22m[39m[90m 135 |[39m     [36mawait[39m validator[33m.[39mstart(validatorConfig)[33m;[39m
     [90m     |[39m     [31m[1m^[22m[39m
     [90m 136 |[39m }
     [90m 137 |[39m
     [90m 138 |[39m[0m

      at FhirValidator.waitForReady (node_modules/fhir-validator-wrapper/fhir-validator.js:152:11)
      at FhirValidator.start (node_modules/fhir-validator-wrapper/fhir-validator.js:129:5)
      at loadValidator (tx/tests/test-runner.js:135:5)
      at startTxTests (tx/tests/test-runner.js:20:5)
      at Object.<anonymous> (tests/tx/test-cases.test.js:10:5)

  ΓùÅ Tx Tests ΓÇ║ metadata ΓÇ║ term-caps

    Validator service did not become ready within 60000ms

    [0m [90m 133 |[39m         timeout[33m:[39m [35m60000[39m
     [90m 134 |[39m     }
    [31m[1m>[22m[39m[90m 135 |[39m     [36mawait[39m validator[33m.[39mstart(validatorConfig)[33m;[39m
     [90m     |[39m     [31m[1m^[22m[39m
     [90m 136 |[39m }
     [90m 137 |[39m
     [90m 138 |[39m[0m

      at FhirValidator.waitForReady (node_modules/fhir-validator-wrapper/fhir-validator.js:152:11)
      at FhirValidator.start (node_modules/fhir-validator-wrapper/fhir-validator.js:129:5)
      at loadValidator (tx/tests/test-runner.js:135:5)
      at startTxTests (tx/tests/test-runner.js:20:5)
      at Object.<anonymous> (tests/tx/test-cases.test.js:10:5)

  ΓùÅ Tx Tests ΓÇ║ simple-cases ΓÇ║ simple-expand-all

    Validator service did not become ready within 60000ms

    [0m [90m 133 |[39m         timeout[33m:[39m [35m60000[39m
     [90m 134 |[39m     }
    [31m[1m>[22m[39m[90m 135 |[39m     [36mawait[39m validator[33m.[39mstart(validatorConfig)[33m;[39m
     [90m     |[39m     [31m[1m^[22m[39m
     [90m 136 |[39m }
     [90m 137 |[39m
     [90m 138 |[39m[0m

      at FhirValidator.waitForReady (node_modules/fhir-validator-wrapper/fhir-validator.js:152:11)
      at FhirValidator.start (node_modules/fhir-validator-wrapper/fhir-validator.js:129:5)
      at loadValidator (tx/tests/test-runner.js:135:5)
      at startTxTests (tx/tests/test-runner.js:20:5)
      at Object.<anonymous> (tests/tx/test-cases.test.js:10:5)

  ΓùÅ Tx Tests ΓÇ║ simple-cases ΓÇ║ simple-expand-active

    Validator service did not become ready within 60000ms

    [0m [90m 133 |[39m         timeout[33m:[39m [35m60000[39m
     [90m 134 |[39m     }
    [31m[1m>[22m[39m[90m 135 |[39m     [36mawait[39m validator[33m.[39mstart(validatorConfig)[33m;[39m
     [90m     |[39m     [31m[1m^[22m[39m
     [90m 136 |[39m }
     [90m 137 |[39m
     [90m 138 |[39m[0m

      at FhirValidator.waitForReady (node_modules/fhir-validator-wrapper/fhir-validator.js:152:11)
      at FhirValidator.start (node_modules/fhir-validator-wrapper/fhir-validator.js:129:5)
      at loadValidator (tx/tests/test-runner.js:135:5)
      at startTxTests (tx/tests/test-runner.js:20:5)
      at Object.<anonymous> (tests/tx/test-cases.test.js:10:5)

  ΓùÅ Tx Tests ΓÇ║ simple-cases ΓÇ║ simple-expand-inactive

    Validator service did not become ready within 60000ms

    [0m [90m 133 |[39m         timeout[33m:[39m [35m60000[39m
     [90m 134 |[39m     }
    [31m[1m>[22m[39m[90m 135 |[39m     [36mawait[39m validator[33m.[39mstart(validatorConfig)[33m;[39m
     [90m     |[39m     [31m[1m^[22m[39m
     [90m 136 |[39m }
     [90m 137 |[39m
     [90m 138 |[39m[0m

      at FhirValidator.waitForReady (node_modules/fhir-validator-wrapper/fhir-validator.js:152:11)
      at FhirValidator.start (node_modules/fhir-validator-wrapper/fhir-validator.js:129:5)
      at loadValidator (tx/tests/test-runner.js:135:5)
      at startTxTests (tx/tests/test-runner.js:20:5)
      at Object.<anonymous> (tests/tx/test-cases.test.js:10:5)

  ΓùÅ Tx Tests ΓÇ║ simple-cases ΓÇ║ simple-expand-enum

    Validator service did not become ready within 60000ms

    [0m [90m 133 |[39m         timeout[33m:[39m [35m60000[39m
     [90m 134 |[39m     }
    [31m[1m>[22m[39m[90m 135 |[39m     [36mawait[39m validator[33m.[39mstart(validatorConfig)[33m;[39m
     [90m     |[39m     [31m[1m^[22m[39m
     [90m 136 |[39m }
     [90m 137 |[39m
     [90m 138 |[39m[0m

      at FhirValidator.waitForReady (node_modules/fhir-validator-wrapper/fhir-validator.js:152:11)
      at FhirValidator.start (node_modules/fhir-validator-wrapper/fhir-validator.js:129:5)
      at loadValidator (tx/tests/test-runner.js:135:5)
      at startTxTests (tx/tests/test-runner.js:20:5)
      at Object.<anonymous> (tests/tx/test-cases.test.js:10:5)

  ΓùÅ Tx Tests ΓÇ║ simple-cases ΓÇ║ simple-expand-enum-bad

    Validator service did not become ready within 60000ms

    [0m [90m 133 |[39m         timeout[33m:[39m [35m60000[39m
     [90m 134 |[39m     }
    [31m[1m>[22m[39m[90m 135 |[39m     [36mawait[39m validator[33m.[39mstart(validatorConfig)[33m;[39m
     [90m     |[39m     [31m[1m^[22m[39m
     [90m 136 |[39m }
     [90m 137 |[39m
     [90m 138 |[39m[0m

      at FhirValidator.waitForReady (node_modules/fhir-validator-wrapper/fhir-validator.js:152:11)
      at FhirValidator.start (node_modules/fhir-validator-wrapper/fhir-validator.js:129:5)
      at loadValidator (tx/tests/test-runner.js:135:5)
      at startTxTests (tx/tests/test-runner.js:20:5)
      at Object.<anonymous> (tests/tx/test-cases.test.js:10:5)

  ΓùÅ Tx Tests ΓÇ║ simple-cases ΓÇ║ simple-expand-isa

    Validator service did not become ready within 60000ms

    [0m [90m 133 |[39m         timeout[33m:[39m [35m60000[39m
     [90m 134 |[39m     }
    [31m[1m>[22m[39m[90m 135 |[39m     [36mawait[39m validator[33m.[39mstart(validatorConfig)[33m;[39m
     [90m     |[39m     [31m[1m^[22m[39m
     [90m 136 |[39m }
     [90m 137 |[39m
     [90m 138 |[39m[0m

      at FhirValidator.waitForReady (node_modules/fhir-validator-wrapper/fhir-validator.js:152:11)
      at FhirValidator.start (node_modules/fhir-validator-wrapper/fhir-validator.js:129:5)
      at loadValidator (tx/tests/test-runner.js:135:5)
      at startTxTests (tx/tests/test-runner.js:20:5)
      at Object.<anonymous> (tests/tx/test-cases.test.js:10:5)

  ΓùÅ Tx Tests ΓÇ║ simple-cases ΓÇ║ simple-expand-isa-o2

    Validator service did not become ready within 60000ms

    [0m [90m 133 |[39m         timeout[33m:[39m [35m60000[39m
     [90m 134 |[39m     }
    [31m[1m>[22m[39m[90m 135 |[39m     [36mawait[39m validator[33m.[39mstart(validatorConfig)[33m;[39m
     [90m     |[39m     [31m[1m^[22m[39m
     [90m 136 |[39m }
     [90m 137 |[39m
     [90m 138 |[39m[0m

      at FhirValidator.waitForReady (node_modules/fhir-validator-wrapper/fhir-validator.js:152:11)
      at FhirValidator.start (node_modules/fhir-validator-wrapper/fhir-validator.js:129:5)
      at loadValidator (tx/tests/test-runner.js:135:5)
      at startTxTests (tx/tests/test-runner.js:20:5)
      at Object.<anonymous> (tests/tx/test-cases.test.js:10:5)

  ΓùÅ Tx Tests ΓÇ║ simple-cases ΓÇ║ simple-expand-isa-c2

    Validator service did not become ready within 60000ms

    [0m [90m 133 |[39m         timeout[33m:[39m [35m60000[39m
     [90m 134 |[39m     }
    [31m[1m>[22m[39m[90m 135 |[39m     [36mawait[39m validator[33m.[39mstart(validatorConfig)[33m;[39m
     [90m     |[39m     [31m[1m^[22m[39m
     [90m 136 |[39m }
     [90m 137 |[39m
     [90m 138 |[39m[0m

      at FhirValidator.waitForReady (node_modules/fhir-validator-wrapper/fhir-validator.js:152:11)
      at FhirValidator.start (node_modules/fhir-validator-wrapper/fhir-validator.js:129:5)
      at loadValidator (tx/tests/test-runner.js:135:5)
      at startTxTests (tx/tests/test-runner.js:20:5)
      at Object.<anonymous> (tests/tx/test-cases.test.js:10:5)

  ΓùÅ Tx Tests ΓÇ║ simple-cases ΓÇ║ simple-expand-isa-o2c2

    Validator service did not become ready within 60000ms

    [0m [90m 133 |[39m         timeout[33m:[39m [35m60000[39m
     [90m 134 |[39m     }
    [31m[1m>[22m[39m[90m 135 |[39m     [36mawait[39m validator[33m.[39mstart(validatorConfig)[33m;[39m
     [90m     |[39m     [31m[1m^[22m[39m
     [90m 136 |[39m }
     [90m 137 |[39m
     [90m 138 |[39m[0m

      at FhirValidator.waitForReady (node_modules/fhir-validator-wrapper/fhir-validator.js:152:11)
      at FhirValidator.start (node_modules/fhir-validator-wrapper/fhir-validator.js:129:5)
      at loadValidator (tx/tests/test-runner.js:135:5)
      at startTxTests (tx/tests/test-runner.js:20:5)
      at Object.<anonymous> (tests/tx/test-cases.test.js:10:5)

  ΓùÅ Tx Tests ΓÇ║ simple-cases ΓÇ║ simple-expand-prop

    Validator service did not become ready within 60000ms

    [0m [90m 133 |[39m         timeout[33m:[39m [35m60000[39m
     [90m 134 |[39m     }
    [31m[1m>[22m[39m[90m 135 |[39m     [36mawait[39m validator[33m.[39mstart(validatorConfig)[33m;[39m
     [90m     |[39m     [31m[1m^[22m[39m
     [90m 136 |[39m }
     [90m 137 |[39m
     [90m 138 |[39m[0m

      at FhirValidator.waitForReady (node_modules/fhir-validator-wrapper/fhir-validator.js:152:11)
      at FhirValidator.start (node_modules/fhir-validator-wrapper/fhir-validator.js:129:5)
      at loadValidator (tx/tests/test-runner.js:135:5)
      at startTxTests (tx/tests/test-runner.js:20:5)
      at Object.<anonymous> (tests/tx/test-cases.test.js:10:5)

  ΓùÅ Tx Tests ΓÇ║ simple-cases ΓÇ║ simple-expand-regex

    Validator service did not become ready within 60000ms

    [0m [90m 133 |[39m         timeout[33m:[39m [35m60000[39m
     [90m 134 |[39m     }
    [31m[1m>[22m[39m[90m 135 |[39m     [36mawait[39m validator[33m.[39mstart(validatorConfig)[33m;[39m
     [90m     |[39m     [31m[1m^[22m[39m
     [90m 136 |[39m }
     [90m 137 |[39m
     [90m 138 |[39m[0m

      at FhirValidator.waitForReady (node_modules/fhir-validator-wrapper/fhir-validator.js:152:11)
      at FhirValidator.start (node_modules/fhir-validator-wrapper/fhir-validator.js:129:5)
      at loadValidator (tx/tests/test-runner.js:135:5)
      at startTxTests (tx/tests/test-runner.js:20:5)
      at Object.<anonymous> (tests/tx/test-cases.test.js:10:5)

  ΓùÅ Tx Tests ΓÇ║ simple-cases ΓÇ║ simple-expand-regex2

    Validator service did not become ready within 60000ms

    [0m [90m 133 |[39m         timeout[33m:[39m [35m60000[39m
     [90m 134 |[39m     }
    [31m[1m>[22m[39m[90m 135 |[39m     [36mawait[39m validator[33m.[39mstart(validatorConfig)[33m;[39m
     [90m     |[39m     [31m[1m^[22m[39m
     [90m 136 |[39m }
     [90m 137 |[39m
     [90m 138 |[39m[0m

      at FhirValidator.waitForReady (node_modules/fhir-validator-wrapper/fhir-validator.js:152:11)
      at FhirValidator.start (node_modules/fhir-validator-wrapper/fhir-validator.js:129:5)
      at loadValidator (tx/tests/test-runner.js:135:5)
      at startTxTests (tx/tests/test-runner.js:20:5)
      at Object.<anonymous> (tests/tx/test-cases.test.js:10:5)

  ΓùÅ Tx Tests ΓÇ║ simple-cases ΓÇ║ simple-expand-regexp-prop

    Validator service did not become ready within 60000ms

    [0m [90m 133 |[39m         timeout[33m:[39m [35m60000[39m
     [90m 134 |[39m     }
    [31m[1m>[22m[39m[90m 135 |[39m     [36mawait[39m validator[33m.[39mstart(validatorConfig)[33m;[39m
     [90m     |[39m     [31m[1m^[22m[39m
     [90m 136 |[39m }
     [90m 137 |[39m
     [90m 138 |[39m[0m

      at FhirValidator.waitForReady (node_modules/fhir-validator-wrapper/fhir-validator.js:152:11)
      at FhirValidator.start (node_modules/fhir-validator-wrapper/fhir-validator.js:129:5)
      at loadValidator (tx/tests/test-runner.js:135:5)
      at startTxTests (tx/tests/test-runner.js:20:5)
      at Object.<anonymous> (tests/tx/test-cases.test.js:10:5)

  ΓùÅ Tx Tests ΓÇ║ simple-cases ΓÇ║ simple-lookup-1

    Validator service did not become ready within 60000ms

    [0m [90m 133 |[39m         timeout[33m:[39m [35m60000[39m
     [90m 134 |[39m     }
    [31m[1m>[22m[39m[90m 135 |[39m     [36mawait[39m validator[33m.[39mstart(validatorConfig)[33m;[39m
     [90m     |[39m     [31m[1m^[22m[39m
     [90m 136 |[39m }
     [90m 137 |[39m
     [90m 138 |[39m[0m

      at FhirValidator.waitForReady (node_modules/fhir-validator-wrapper/fhir-validator.js:152:11)
      at FhirValidator.start (node_modules/fhir-validator-wrapper/fhir-validator.js:129:5)
      at loadValidator (tx/tests/test-runner.js:135:5)
      at startTxTests (tx/tests/test-runner.js:20:5)
      at Object.<anonymous> (tests/tx/test-cases.test.js:10:5)

  ΓùÅ Tx Tests ΓÇ║ simple-cases ΓÇ║ simple-lookup-2

    Validator service did not become ready within 60000ms

    [0m [90m 133 |[39m         timeout[33m:[39m [35m60000[39m
     [90m 134 |[39m     }
    [31m[1m>[22m[39m[90m 135 |[39m     [36mawait[39m validator[33m.[39mstart(validatorConfig)[33m;[39m
     [90m     |[39m     [31m[1m^[22m[39m
     [90m 136 |[39m }
     [90m 137 |[39m
     [90m 138 |[39m[0m

      at FhirValidator.waitForReady (node_modules/fhir-validator-wrapper/fhir-validator.js:152:11)
      at FhirValidator.start (node_modules/fhir-validator-wrapper/fhir-validator.js:129:5)
      at loadValidator (tx/tests/test-runner.js:135:5)
      at startTxTests (tx/tests/test-runner.js:20:5)
      at Object.<anonymous> (tests/tx/test-cases.test.js:10:5)

  ΓùÅ Tx Tests ΓÇ║ parameters ΓÇ║ parameters-expand-all-hierarchy

    Validator service did not become ready within 60000ms

    [0m [90m 133 |[39m         timeout[33m:[39m [35m60000[39m
     [90m 134 |[39m     }
    [31m[1m>[22m[39m[90m 135 |[39m     [36mawait[39m validator[33m.[39mstart(validatorConfig)[33m;[39m
     [90m     |[39m     [31m[1m^[22m[39m
     [90m 136 |[39m }
     [90m 137 |[39m
     [90m 138 |[39m[0m

      at FhirValidator.waitForReady (node_modules/fhir-validator-wrapper/fhir-validator.js:152:11)
      at FhirValidator.start (node_modules/fhir-validator-wrapper/fhir-validator.js:129:5)
      at loadValidator (tx/tests/test-runner.js:135:5)
      at startTxTests (tx/tests/test-runner.js:20:5)
      at Object.<anonymous> (tests/tx/test-cases.test.js:10:5)

  ΓùÅ Tx Tests ΓÇ║ parameters ΓÇ║ parameters-expand-enum-hierarchy

    Validator service did not become ready within 60000ms

    [0m [90m 133 |[39m         timeout[33m:[39m [35m60000[39m
     [90m 134 |[39m     }
    [31m[1m>[22m[39m[90m 135 |[39m     [36mawait[39m validator[33m.[39mstart(validatorConfig)[33m;[39m
     [90m     |[39m     [31m[1m^[22m[39m
     [90m 136 |[39m }
     [90m 137 |[39m
     [90m 138 |[39m[0m

      at FhirValidator.waitForReady (node_modules/fhir-validator-wrapper/fhir-validator.js:152:11)
      at FhirValidator.start (node_modules/fhir-validator-wrapper/fhir-validator.js:129:5)
      at loadValidator (tx/tests/test-runner.js:135:5)
      at startTxTests (tx/tests/test-runner.js:20:5)
      at Object.<anonymous> (tests/tx/test-cases.test.js:10:5)

  ΓùÅ Tx Tests ΓÇ║ parameters ΓÇ║ parameters-expand-isa-hierarchy

    Validator service did not become ready within 60000ms

    [0m [90m 133 |[39m         timeout[33m:[39m [35m60000[39m
     [90m 134 |[39m     }
    [31m[1m>[22m[39m[90m 135 |[39m     [36mawait[39m validator[33m.[39mstart(validatorConfig)[33m;[39m
     [90m     |[39m     [31m[1m^[22m[39m
     [90m 136 |[39m }
     [90m 137 |[39m
     [90m 138 |[39m[0m

      at FhirValidator.waitForReady (node_modules/fhir-validator-wrapper/fhir-validator.js:152:11)
      at FhirValidator.start (node_modules/fhir-validator-wrapper/fhir-validator.js:129:5)
      at loadValidator (tx/tests/test-runner.js:135:5)
      at startTxTests (tx/tests/test-runner.js:20:5)
      at Object.<anonymous> (tests/tx/test-cases.test.js:10:5)

  ΓùÅ Tx Tests ΓÇ║ parameters ΓÇ║ parameters-expand-all-active

    Validator service did not become ready within 60000ms

    [0m [90m 133 |[39m         timeout[33m:[39m [35m60000[39m
     [90m 134 |[39m     }
    [31m[1m>[22m[39m[90m 135 |[39m     [36mawait[39m validator[33m.[39mstart(validatorConfig)[33m;[39m
     [90m     |[39m     [31m[1m^[22m[39m
     [90m 136 |[39m }
     [90m 137 |[39m
     [90m 138 |[39m[0m

      at FhirValidator.waitForReady (node_modules/fhir-validator-wrapper/fhir-validator.js:152:11)
      at FhirValidator.start (node_modules/fhir-validator-wrapper/fhir-validator.js:129:5)
      at loadValidator (tx/tests/test-runner.js:135:5)
      at startTxTests (tx/tests/test-runner.js:20:5)
      at Object.<anonymous> (tests/tx/test-cases.test.js:10:5)

  ΓùÅ Tx Tests ΓÇ║ parameters ΓÇ║ parameters-expand-active-active

    Validator service did not become ready within 60000ms

    [0m [90m 133 |[39m         timeout[33m:[39m [35m60000[39m
     [90m 134 |[39m     }
    [31m[1m>[22m[39m[90m 135 |[39m     [36mawait[39m validator[33m.[39mstart(validatorConfig)[33m;[39m
     [90m     |[39m     [31m[1m^[22m[39m
     [90m 136 |[39m }
     [90m 137 |[39m
     [90m 138 |[39m[0m

      at FhirValidator.waitForReady (node_modules/fhir-validator-wrapper/fhir-validator.js:152:11)
      at FhirValidator.start (node_modules/fhir-validator-wrapper/fhir-validator.js:129:5)
      at loadValidator (tx/tests/test-runner.js:135:5)
      at startTxTests (tx/tests/test-runner.js:20:5)
      at Object.<anonymous> (tests/tx/test-cases.test.js:10:5)

  ΓùÅ Tx Tests ΓÇ║ parameters ΓÇ║ parameters-expand-inactive-active

    Validator service did not become ready within 60000ms

    [0m [90m 133 |[39m         timeout[33m:[39m [35m60000[39m
     [90m 134 |[39m     }
    [31m[1m>[22m[39m[90m 135 |[39m     [36mawait[39m validator[33m.[39mstart(validatorConfig)[33m;[39m
     [90m     |[39m     [31m[1m^[22m[39m
     [90m 136 |[39m }
     [90m 137 |[39m
     [90m 138 |[39m[0m

      at FhirValidator.waitForReady (node_modules/fhir-validator-wrapper/fhir-validator.js:152:11)
      at FhirValidator.start (node_modules/fhir-validator-wrapper/fhir-validator.js:129:5)
      at loadValidator (tx/tests/test-runner.js:135:5)
      at startTxTests (tx/tests/test-runner.js:20:5)
      at Object.<anonymous> (tests/tx/test-cases.test.js:10:5)

  ΓùÅ Tx Tests ΓÇ║ parameters ΓÇ║ parameters-expand-enum-active

    Validator service did not become ready within 60000ms

    [0m [90m 133 |[39m         timeout[33m:[39m [35m60000[39m
     [90m 134 |[39m     }
    [31m[1m>[22m[39m[90m 135 |[39m     [36mawait[39m validator[33m.[39mstart(validatorConfig)[33m;[39m
     [90m     |[39m     [31m[1m^[22m[39m
     [90m 136 |[39m }
     [90m 137 |[39m
     [90m 138 |[39m[0m

      at FhirValidator.waitForReady (node_modules/fhir-validator-wrapper/fhir-validator.js:152:11)
      at FhirValidator.start (node_modules/fhir-validator-wrapper/fhir-validator.js:129:5)
      at loadValidator (tx/tests/test-runner.js:135:5)
      at startTxTests (tx/tests/test-runner.js:20:5)
      at Object.<anonymous> (tests/tx/test-cases.test.js:10:5)

  ΓùÅ Tx Tests ΓÇ║ parameters ΓÇ║ parameters-expand-isa-active

    Validator service did not become ready within 60000ms

    [0m [90m 133 |[39m         timeout[33m:[39m [35m60000[39m
     [90m 134 |[39m     }
    [31m[1m>[22m[39m[90m 135 |[39m     [36mawait[39m validator[33m.[39mstart(validatorConfig)[33m;[39m
     [90m     |[39m     [31m[1m^[22m[39m
     [90m 136 |[39m }
     [90m 137 |[39m
     [90m 138 |[39m[0m

      at FhirValidator.waitForReady (node_modules/fhir-validator-wrapper/fhir-validator.js:152:11)
      at FhirValidator.start (node_modules/fhir-validator-wrapper/fhir-validator.js:129:5)
      at loadValidator (tx/tests/test-runner.js:135:5)
      at startTxTests (tx/tests/test-runner.js:20:5)
      at Object.<anonymous> (tests/tx/test-cases.test.js:10:5)

  ΓùÅ Tx Tests ΓÇ║ parameters ΓÇ║ parameters-expand-all-inactive

    Validator service did not become ready within 60000ms

    [0m [90m 133 |[39m         timeout[33m:[39m [35m60000[39m
     [90m 134 |[39m     }
    [31m[1m>[22m[39m[90m 135 |[39m     [36mawait[39m validator[33m.[39mstart(validatorConfig)[33m;[39m
     [90m     |[39m     [31m[1m^[22m[39m
     [90m 136 |[39m }
     [90m 137 |[39m
     [90m 138 |[39m[0m

      at FhirValidator.waitForReady (node_modules/fhir-validator-wrapper/fhir-validator.js:152:11)
      at FhirValidator.start (node_modules/fhir-validator-wrapper/fhir-validator.js:129:5)
      at loadValidator (tx/tests/test-runner.js:135:5)
      at startTxTests (tx/tests/test-runner.js:20:5)
      at Object.<anonymous> (tests/tx/test-cases.test.js:10:5)

  ΓùÅ Tx Tests ΓÇ║ parameters ΓÇ║ parameters-expand-active-inactive

    Validator service did not become ready within 60000ms

    [0m [90m 133 |[39m         timeout[33m:[39m [35m60000[39m
     [90m 134 |[39m     }
    [31m[1m>[22m[39m[90m 135 |[39m     [36mawait[39m validator[33m.[39mstart(validatorConfig)[33m;[39m
     [90m     |[39m     [31m[1m^[22m[39m
     [90m 136 |[39m }
     [90m 137 |[39m
     [90m 138 |[39m[0m

      at FhirValidator.waitForReady (node_modules/fhir-validator-wrapper/fhir-validator.js:152:11)
      at FhirValidator.start (node_modules/fhir-validator-wrapper/fhir-validator.js:129:5)
      at loadValidator (tx/tests/test-runner.js:135:5)
      at startTxTests (tx/tests/test-runner.js:20:5)
      at Object.<anonymous> (tests/tx/test-cases.test.js:10:5)

  ΓùÅ Tx Tests ΓÇ║ parameters ΓÇ║ parameters-expand-inactive-inactive

    Validator service did not become ready within 60000ms

    [0m [90m 133 |[39m         timeout[33m:[39m [35m60000[39m
     [90m 134 |[39m     }
    [31m[1m>[22m[39m[90m 135 |[39m     [36mawait[39m validator[33m.[39mstart(validatorConfig)[33m;[39m
     [90m     |[39m     [31m[1m^[22m[39m
     [90m 136 |[39m }
     [90m 137 |[39m
     [90m 138 |[39m[0m

      at FhirValidator.waitForReady (node_modules/fhir-validator-wrapper/fhir-validator.js:152:11)
      at FhirValidator.start (node_modules/fhir-validator-wrapper/fhir-validator.js:129:5)
      at loadValidator (tx/tests/test-runner.js:135:5)
      at startTxTests (tx/tests/test-runner.js:20:5)
      at Object.<anonymous> (tests/tx/test-cases.test.js:10:5)

  ΓùÅ Tx Tests ΓÇ║ parameters ΓÇ║ parameters-expand-enum-inactive

    Validator service did not become ready within 60000ms

    [0m [90m 133 |[39m         timeout[33m:[39m [35m60000[39m
     [90m 134 |[39m     }
    [31m[1m>[22m[39m[90m 135 |[39m     [36mawait[39m validator[33m.[39mstart(validatorConfig)[33m;[39m
     [90m     |[39m     [31m[1m^[22m[39m
     [90m 136 |[39m }
     [90m 137 |[39m
     [90m 138 |[39m[0m

      at FhirValidator.waitForReady (node_modules/fhir-validator-wrapper/fhir-validator.js:152:11)
      at FhirValidator.start (node_modules/fhir-validator-wrapper/fhir-validator.js:129:5)
      at loadValidator (tx/tests/test-runner.js:135:5)
      at startTxTests (tx/tests/test-runner.js:20:5)
      at Object.<anonymous> (tests/tx/test-cases.test.js:10:5)

  ΓùÅ Tx Tests ΓÇ║ parameters ΓÇ║ parameters-expand-isa-inactive

    Validator service did not become ready within 60000ms

    [0m [90m 133 |[39m         timeout[33m:[39m [35m60000[39m
     [90m 134 |[39m     }
    [31m[1m>[22m[39m[90m 135 |[39m     [36mawait[39m validator[33m.[39mstart(validatorConfig)[33m;[39m
     [90m     |[39m     [31m[1m^[22m[39m
     [90m 136 |[39m }
     [90m 137 |[39m
     [90m 138 |[39m[0m

      at FhirValidator.waitForReady (node_modules/fhir-validator-wrapper/fhir-validator.js:152:11)
      at FhirValidator.start (node_modules/fhir-validator-wrapper/fhir-validator.js:129:5)
      at loadValidator (tx/tests/test-runner.js:135:5)
      at startTxTests (tx/tests/test-runner.js:20:5)
      at Object.<anonymous> (tests/tx/test-cases.test.js:10:5)

  ΓùÅ Tx Tests ΓÇ║ parameters ΓÇ║ parameters-expand-all-designations

    Validator service did not become ready within 60000ms

    [0m [90m 133 |[39m         timeout[33m:[39m [35m60000[39m
     [90m 134 |[39m     }
    [31m[1m>[22m[39m[90m 135 |[39m     [36mawait[39m validator[33m.[39mstart(validatorConfig)[33m;[39m
     [90m     |[39m     [31m[1m^[22m[39m
     [90m 136 |[39m }
     [90m 137 |[39m
     [90m 138 |[39m[0m

      at FhirValidator.waitForReady (node_modules/fhir-validator-wrapper/fhir-validator.js:152:11)
      at FhirValidator.start (node_modules/fhir-validator-wrapper/fhir-validator.js:129:5)
      at loadValidator (tx/tests/test-runner.js:135:5)
      at startTxTests (tx/tests/test-runner.js:20:5)
      at Object.<anonymous> (tests/tx/test-cases.test.js:10:5)

  ΓùÅ Tx Tests ΓÇ║ parameters ΓÇ║ parameters-expand-enum-designations

    Validator service did not become ready within 60000ms

    [0m [90m 133 |[39m         timeout[33m:[39m [35m60000[39m
     [90m 134 |[39m     }
    [31m[1m>[22m[39m[90m 135 |[39m     [36mawait[39m validator[33m.[39mstart(validatorConfig)[33m;[39m
     [90m     |[39m     [31m[1m^[22m[39m
     [90m 136 |[39m }
     [90m 137 |[39m
     [90m 138 |[39m[0m

      at FhirValidator.waitForReady (node_modules/fhir-validator-wrapper/fhir-validator.js:152:11)
      at FhirValidator.start (node_modules/fhir-validator-wrapper/fhir-validator.js:129:5)
      at loadValidator (tx/tests/test-runner.js:135:5)
      at startTxTests (tx/tests/test-runner.js:20:5)
      at Object.<anonymous> (tests/tx/test-cases.test.js:10:5)

  ΓùÅ Tx Tests ΓÇ║ parameters ΓÇ║ parameters-expand-isa-designations

    Validator service did not become ready within 60000ms

    [0m [90m 133 |[39m         timeout[33m:[39m [35m60000[39m
     [90m 134 |[39m     }
    [31m[1m>[22m[39m[90m 135 |[39m     [36mawait[39m validator[33m.[39mstart(validatorConfig)[33m;[39m
     [90m     |[39m     [31m[1m^[22m[39m
     [90m 136 |[39m }
     [90m 137 |[39m
     [90m 138 |[39m[0m

      at FhirValidator.waitForReady (node_modules/fhir-validator-wrapper/fhir-validator.js:152:11)
      at FhirValidator.start (node_modules/fhir-validator-wrapper/fhir-validator.js:129:5)
      at loadValidator (tx/tests/test-runner.js:135:5)
      at startTxTests (tx/tests/test-runner.js:20:5)
      at Object.<anonymous> (tests/tx/test-cases.test.js:10:5)

  ΓùÅ Tx Tests ΓÇ║ parameters ΓÇ║ parameters-expand-all-definitions

    Validator service did not become ready within 60000ms

    [0m [90m 133 |[39m         timeout[33m:[39m [35m60000[39m
     [90m 134 |[39m     }
    [31m[1m>[22m[39m[90m 135 |[39m     [36mawait[39m validator[33m.[39mstart(validatorConfig)[33m;[39m
     [90m     |[39m     [31m[1m^[22m[39m
     [90m 136 |[39m }
     [90m 137 |[39m
     [90m 138 |[39m[0m

      at FhirValidator.waitForReady (node_modules/fhir-validator-wrapper/fhir-validator.js:152:11)
      at FhirValidator.start (node_modules/fhir-validator-wrapper/fhir-validator.js:129:5)
      at loadValidator (tx/tests/test-runner.js:135:5)
      at startTxTests (tx/tests/test-runner.js:20:5)
      at Object.<anonymous> (tests/tx/test-cases.test.js:10:5)

  ΓùÅ Tx Tests ΓÇ║ parameters ΓÇ║ parameters-expand-enum-definitions

    Validator service did not become ready within 60000ms

    [0m [90m 133 |[39m         timeout[33m:[39m [35m60000[39m
     [90m 134 |[39m     }
    [31m[1m>[22m[39m[90m 135 |[39m     [36mawait[39m validator[33m.[39mstart(validatorConfig)[33m;[39m
     [90m     |[39m     [31m[1m^[22m[39m
     [90m 136 |[39m }
     [90m 137 |[39m
     [90m 138 |[39m[0m

      at FhirValidator.waitForReady (node_modules/fhir-validator-wrapper/fhir-validator.js:152:11)
      at FhirValidator.start (node_modules/fhir-validator-wrapper/fhir-validator.js:129:5)
      at loadValidator (tx/tests/test-runner.js:135:5)
      at startTxTests (tx/tests/test-runner.js:20:5)
      at Object.<anonymous> (tests/tx/test-cases.test.js:10:5)

  ΓùÅ Tx Tests ΓÇ║ parameters ΓÇ║ parameters-expand-isa-definitions

    Validator service did not become ready within 60000ms

    [0m [90m 133 |[39m         timeout[33m:[39m [35m60000[39m
     [90m 134 |[39m     }
    [31m[1m>[22m[39m[90m 135 |[39m     [36mawait[39m validator[33m.[39mstart(validatorConfig)[33m;[39m
     [90m     |[39m     [31m[1m^[22m[39m
     [90m 136 |[39m }
     [90m 137 |[39m
     [90m 138 |[39m[0m

      at FhirValidator.waitForReady (node_modules/fhir-validator-wrapper/fhir-validator.js:152:11)
      at FhirValidator.start (node_modules/fhir-validator-wrapper/fhir-validator.js:129:5)
      at loadValidator (tx/tests/test-runner.js:135:5)
      at startTxTests (tx/tests/test-runner.js:20:5)
      at Object.<anonymous> (tests/tx/test-cases.test.js:10:5)

  ΓùÅ Tx Tests ΓÇ║ parameters ΓÇ║ parameters-expand-all-definitions2

    Validator service did not become ready within 60000ms

    [0m [90m 133 |[39m         timeout[33m:[39m [35m60000[39m
     [90m 134 |[39m     }
    [31m[1m>[22m[39m[90m 135 |[39m     [36mawait[39m validator[33m.[39mstart(validatorConfig)[33m;[39m
     [90m     |[39m     [31m[1m^[22m[39m
     [90m 136 |[39m }
     [90m 137 |[39m
     [90m 138 |[39m[0m

      at FhirValidator.waitForReady (node_modules/fhir-validator-wrapper/fhir-validator.js:152:11)
      at FhirValidator.start (node_modules/fhir-validator-wrapper/fhir-validator.js:129:5)
      at loadValidator (tx/tests/test-runner.js:135:5)
      at startTxTests (tx/tests/test-runner.js:20:5)
      at Object.<anonymous> (tests/tx/test-cases.test.js:10:5)

  ΓùÅ Tx Tests ΓÇ║ parameters ΓÇ║ parameters-expand-enum-definitions2

    Validator service did not become ready within 60000ms

    [0m [90m 133 |[39m         timeout[33m:[39m [35m60000[39m
     [90m 134 |[39m     }
    [31m[1m>[22m[39m[90m 135 |[39m     [36mawait[39m validator[33m.[39mstart(validatorConfig)[33m;[39m
     [90m     |[39m     [31m[1m^[22m[39m
     [90m 136 |[39m }
     [90m 137 |[39m
     [90m 138 |[39m[0m

      at FhirValidator.waitForReady (node_modules/fhir-validator-wrapper/fhir-validator.js:152:11)
      at FhirValidator.start (node_modules/fhir-validator-wrapper/fhir-validator.js:129:5)
      at loadValidator (tx/tests/test-runner.js:135:5)
      at startTxTests (tx/tests/test-runner.js:20:5)
      at Object.<anonymous> (tests/tx/test-cases.test.js:10:5)

  ΓùÅ Tx Tests ΓÇ║ parameters ΓÇ║ parameters-expand-enum-definitions3

    Validator service did not become ready within 60000ms

    [0m [90m 133 |[39m         timeout[33m:[39m [35m60000[39m
     [90m 134 |[39m     }
    [31m[1m>[22m[39m[90m 135 |[39m     [36mawait[39m validator[33m.[39mstart(validatorConfig)[33m;[39m
     [90m     |[39m     [31m[1m^[22m[39m
     [90m 136 |[39m }
     [90m 137 |[39m
     [90m 138 |[39m[0m

      at FhirValidator.waitForReady (node_modules/fhir-validator-wrapper/fhir-validator.js:152:11)
      at FhirValidator.start (node_modules/fhir-validator-wrapper/fhir-validator.js:129:5)
      at loadValidator (tx/tests/test-runner.js:135:5)
      at startTxTests (tx/tests/test-runner.js:20:5)
      at Object.<anonymous> (tests/tx/test-cases.test.js:10:5)

  ΓùÅ Tx Tests ΓÇ║ parameters ΓÇ║ parameters-expand-isa-definitions2

    Validator service did not become ready within 60000ms

    [0m [90m 133 |[39m         timeout[33m:[39m [35m60000[39m
     [90m 134 |[39m     }
    [31m[1m>[22m[39m[90m 135 |[39m     [36mawait[39m validator[33m.[39mstart(validatorConfig)[33m;[39m
     [90m     |[39m     [31m[1m^[22m[39m
     [90m 136 |[39m }
     [90m 137 |[39m
     [90m 138 |[39m[0m

      at FhirValidator.waitForReady (node_modules/fhir-validator-wrapper/fhir-validator.js:152:11)
      at FhirValidator.start (node_modules/fhir-validator-wrapper/fhir-validator.js:129:5)
      at loadValidator (tx/tests/test-runner.js:135:5)
      at startTxTests (tx/tests/test-runner.js:20:5)
      at Object.<anonymous> (tests/tx/test-cases.test.js:10:5)

  ΓùÅ Tx Tests ΓÇ║ parameters ΓÇ║ parameters-expand-all-property

    Validator service did not become ready within 60000ms

    [0m [90m 133 |[39m         timeout[33m:[39m [35m60000[39m
     [90m 134 |[39m     }
    [31m[1m>[22m[39m[90m 135 |[39m     [36mawait[39m validator[33m.[39mstart(validatorConfig)[33m;[39m
     [90m     |[39m     [31m[1m^[22m[39m
     [90m 136 |[39m }
     [90m 137 |[39m
     [90m 138 |[39m[0m

      at FhirValidator.waitForReady (node_modules/fhir-validator-wrapper/fhir-validator.js:152:11)
      at FhirValidator.start (node_modules/fhir-validator-wrapper/fhir-validator.js:129:5)
      at loadValidator (tx/tests/test-runner.js:135:5)
      at startTxTests (tx/tests/test-runner.js:20:5)
      at Object.<anonymous> (tests/tx/test-cases.test.js:10:5)

  ΓùÅ Tx Tests ΓÇ║ parameters ΓÇ║ parameters-expand-enum-property

    Validator service did not become ready within 60000ms

    [0m [90m 133 |[39m         timeout[33m:[39m [35m60000[39m
     [90m 134 |[39m     }
    [31m[1m>[22m[39m[90m 135 |[39m     [36mawait[39m validator[33m.[39mstart(validatorConfig)[33m;[39m
     [90m     |[39m     [31m[1m^[22m[39m
     [90m 136 |[39m }
     [90m 137 |[39m
     [90m 138 |[39m[0m

      at FhirValidator.waitForReady (node_modules/fhir-validator-wrapper/fhir-validator.js:152:11)
      at FhirValidator.start (node_modules/fhir-validator-wrapper/fhir-validator.js:129:5)
      at loadValidator (tx/tests/test-runner.js:135:5)
      at startTxTests (tx/tests/test-runner.js:20:5)
      at Object.<anonymous> (tests/tx/test-cases.test.js:10:5)

  ΓùÅ Tx Tests ΓÇ║ parameters ΓÇ║ parameters-expand-isa-property

    Validator service did not become ready within 60000ms

    [0m [90m 133 |[39m         timeout[33m:[39m [35m60000[39m
     [90m 134 |[39m     }
    [31m[1m>[22m[39m[90m 135 |[39m     [36mawait[39m validator[33m.[39mstart(validatorConfig)[33m;[39m
     [90m     |[39m     [31m[1m^[22m[39m
     [90m 136 |[39m }
     [90m 137 |[39m
     [90m 138 |[39m[0m

      at FhirValidator.waitForReady (node_modules/fhir-validator-wrapper/fhir-validator.js:152:11)
      at FhirValidator.start (node_modules/fhir-validator-wrapper/fhir-validator.js:129:5)
      at loadValidator (tx/tests/test-runner.js:135:5)
      at startTxTests (tx/tests/test-runner.js:20:5)
      at Object.<anonymous> (tests/tx/test-cases.test.js:10:5)

  ΓùÅ Tx Tests ΓÇ║ language ΓÇ║ language-echo-en-none

    Validator service did not become ready within 60000ms

    [0m [90m 133 |[39m         timeout[33m:[39m [35m60000[39m
     [90m 134 |[39m     }
    [31m[1m>[22m[39m[90m 135 |[39m     [36mawait[39m validator[33m.[39mstart(validatorConfig)[33m;[39m
     [90m     |[39m     [31m[1m^[22m[39m
     [90m 136 |[39m }
     [90m 137 |[39m
     [90m 138 |[39m[0m

      at FhirValidator.waitForReady (node_modules/fhir-validator-wrapper/fhir-validator.js:152:11)
      at FhirValidator.start (node_modules/fhir-validator-wrapper/fhir-validator.js:129:5)
      at loadValidator (tx/tests/test-runner.js:135:5)
      at startTxTests (tx/tests/test-runner.js:20:5)
      at Object.<anonymous> (tests/tx/test-cases.test.js:10:5)

  ΓùÅ Tx Tests ΓÇ║ language ΓÇ║ language-echo-de-none

    Validator service did not become ready within 60000ms

    [0m [90m 133 |[39m         timeout[33m:[39m [35m60000[39m
     [90m 134 |[39m     }
    [31m[1m>[22m[39m[90m 135 |[39m     [36mawait[39m validator[33m.[39mstart(validatorConfig)[33m;[39m
     [90m     |[39m     [31m[1m^[22m[39m
     [90m 136 |[39m }
     [90m 137 |[39m
     [90m 138 |[39m[0m

      at FhirValidator.waitForReady (node_modules/fhir-validator-wrapper/fhir-validator.js:152:11)
      at FhirValidator.start (node_modules/fhir-validator-wrapper/fhir-validator.js:129:5)
      at loadValidator (tx/tests/test-runner.js:135:5)
      at startTxTests (tx/tests/test-runner.js:20:5)
      at Object.<anonymous> (tests/tx/test-cases.test.js:10:5)

  ΓùÅ Tx Tests ΓÇ║ language ΓÇ║ language-echo-en-multi-none

    Validator service did not become ready within 60000ms

    [0m [90m 133 |[39m         timeout[33m:[39m [35m60000[39m
     [90m 134 |[39m     }
    [31m[1m>[22m[39m[90m 135 |[39m     [36mawait[39m validator[33m.[39mstart(validatorConfig)[33m;[39m
     [90m     |[39m     [31m[1m^[22m[39m
     [90m 136 |[39m }
     [90m 137 |[39m
     [90m 138 |[39m[0m

      at FhirValidator.waitForReady (node_modules/fhir-validator-wrapper/fhir-validator.js:152:11)
      at FhirValidator.start (node_modules/fhir-validator-wrapper/fhir-validator.js:129:5)
      at loadValidator (tx/tests/test-runner.js:135:5)
      at startTxTests (tx/tests/test-runner.js:20:5)
      at Object.<anonymous> (tests/tx/test-cases.test.js:10:5)

  ΓùÅ Tx Tests ΓÇ║ language ΓÇ║ language-echo-de-multi-none

    Validator service did not become ready within 60000ms

    [0m [90m 133 |[39m         timeout[33m:[39m [35m60000[39m
     [90m 134 |[39m     }
    [31m[1m>[22m[39m[90m 135 |[39m     [36mawait[39m validator[33m.[39mstart(validatorConfig)[33m;[39m
     [90m     |[39m     [31m[1m^[22m[39m
     [90m 136 |[39m }
     [90m 137 |[39m
     [90m 138 |[39m[0m

      at FhirValidator.waitForReady (node_modules/fhir-validator-wrapper/fhir-validator.js:152:11)
      at FhirValidator.start (node_modules/fhir-validator-wrapper/fhir-validator.js:129:5)
      at loadValidator (tx/tests/test-runner.js:135:5)
      at startTxTests (tx/tests/test-runner.js:20:5)
      at Object.<anonymous> (tests/tx/test-cases.test.js:10:5)

  ΓùÅ Tx Tests ΓÇ║ language ΓÇ║ language-echo-en-en-param

    Validator service did not become ready within 60000ms

    [0m [90m 133 |[39m         timeout[33m:[39m [35m60000[39m
     [90m 134 |[39m     }
    [31m[1m>[22m[39m[90m 135 |[39m     [36mawait[39m validator[33m.[39mstart(validatorConfig)[33m;[39m
     [90m     |[39m     [31m[1m^[22m[39m
     [90m 136 |[39m }
     [90m 137 |[39m
     [90m 138 |[39m[0m

      at FhirValidator.waitForReady (node_modules/fhir-validator-wrapper/fhir-validator.js:152:11)
      at FhirValidator.start (node_modules/fhir-validator-wrapper/fhir-validator.js:129:5)
      at loadValidator (tx/tests/test-runner.js:135:5)
      at startTxTests (tx/tests/test-runner.js:20:5)
      at Object.<anonymous> (tests/tx/test-cases.test.js:10:5)

  ΓùÅ Tx Tests ΓÇ║ language ΓÇ║ language-echo-en-en-vs

    Validator service did not become ready within 60000ms

    [0m [90m 133 |[39m         timeout[33m:[39m [35m60000[39m
     [90m 134 |[39m     }
    [31m[1m>[22m[39m[90m 135 |[39m     [36mawait[39m validator[33m.[39mstart(validatorConfig)[33m;[39m
     [90m     |[39m     [31m[1m^[22m[39m
     [90m 136 |[39m }
     [90m 137 |[39m
     [90m 138 |[39m[0m

      at FhirValidator.waitForReady (node_modules/fhir-validator-wrapper/fhir-validator.js:152:11)
      at FhirValidator.start (node_modules/fhir-validator-wrapper/fhir-validator.js:129:5)
      at loadValidator (tx/tests/test-runner.js:135:5)
      at startTxTests (tx/tests/test-runner.js:20:5)
      at Object.<anonymous> (tests/tx/test-cases.test.js:10:5)

  ΓùÅ Tx Tests ΓÇ║ language ΓÇ║ language-echo-en-en-header

    Validator service did not become ready within 60000ms

    [0m [90m 133 |[39m         timeout[33m:[39m [35m60000[39m
     [90m 134 |[39m     }
    [31m[1m>[22m[39m[90m 135 |[39m     [36mawait[39m validator[33m.[39mstart(validatorConfig)[33m;[39m
     [90m     |[39m     [31m[1m^[22m[39m
     [90m 136 |[39m }
     [90m 137 |[39m
     [90m 138 |[39m[0m

      at FhirValidator.waitForReady (node_modules/fhir-validator-wrapper/fhir-validator.js:152:11)
      at FhirValidator.start (node_modules/fhir-validator-wrapper/fhir-validator.js:129:5)
      at loadValidator (tx/tests/test-runner.js:135:5)
      at startTxTests (tx/tests/test-runner.js:20:5)
      at Object.<anonymous> (tests/tx/test-cases.test.js:10:5)

  ΓùÅ Tx Tests ΓÇ║ language ΓÇ║ language-echo-en-en-vslang

    Validator service did not become ready within 60000ms

    [0m [90m 133 |[39m         timeout[33m:[39m [35m60000[39m
     [90m 134 |[39m     }
    [31m[1m>[22m[39m[90m 135 |[39m     [36mawait[39m validator[33m.[39mstart(validatorConfig)[33m;[39m
     [90m     |[39m     [31m[1m^[22m[39m
     [90m 136 |[39m }
     [90m 137 |[39m
     [90m 138 |[39m[0m

      at FhirValidator.waitForReady (node_modules/fhir-validator-wrapper/fhir-validator.js:152:11)
      at FhirValidator.start (node_modules/fhir-validator-wrapper/fhir-validator.js:129:5)
      at loadValidator (tx/tests/test-runner.js:135:5)
      at startTxTests (tx/tests/test-runner.js:20:5)
      at Object.<anonymous> (tests/tx/test-cases.test.js:10:5)

  ΓùÅ Tx Tests ΓÇ║ language ΓÇ║ language-echo-en-en-mixed

    Validator service did not become ready within 60000ms

    [0m [90m 133 |[39m         timeout[33m:[39m [35m60000[39m
     [90m 134 |[39m     }
    [31m[1m>[22m[39m[90m 135 |[39m     [36mawait[39m validator[33m.[39mstart(validatorConfig)[33m;[39m
     [90m     |[39m     [31m[1m^[22m[39m
     [90m 136 |[39m }
     [90m 137 |[39m
     [90m 138 |[39m[0m

      at FhirValidator.waitForReady (node_modules/fhir-validator-wrapper/fhir-validator.js:152:11)
      at FhirValidator.start (node_modules/fhir-validator-wrapper/fhir-validator.js:129:5)
      at loadValidator (tx/tests/test-runner.js:135:5)
      at startTxTests (tx/tests/test-runner.js:20:5)
      at Object.<anonymous> (tests/tx/test-cases.test.js:10:5)

  ΓùÅ Tx Tests ΓÇ║ language ΓÇ║ language-echo-de-de-param

    Validator service did not become ready within 60000ms

    [0m [90m 133 |[39m         timeout[33m:[39m [35m60000[39m
     [90m 134 |[39m     }
    [31m[1m>[22m[39m[90m 135 |[39m     [36mawait[39m validator[33m.[39mstart(validatorConfig)[33m;[39m
     [90m     |[39m     [31m[1m^[22m[39m
     [90m 136 |[39m }
     [90m 137 |[39m
     [90m 138 |[39m[0m

      at FhirValidator.waitForReady (node_modules/fhir-validator-wrapper/fhir-validator.js:152:11)
      at FhirValidator.start (node_modules/fhir-validator-wrapper/fhir-validator.js:129:5)
      at loadValidator (tx/tests/test-runner.js:135:5)
      at startTxTests (tx/tests/test-runner.js:20:5)
      at Object.<anonymous> (tests/tx/test-cases.test.js:10:5)

  ΓùÅ Tx Tests ΓÇ║ language ΓÇ║ language-echo-de-de-vs

    Validator service did not become ready within 60000ms

    [0m [90m 133 |[39m         timeout[33m:[39m [35m60000[39m
     [90m 134 |[39m     }
    [31m[1m>[22m[39m[90m 135 |[39m     [36mawait[39m validator[33m.[39mstart(validatorConfig)[33m;[39m
     [90m     |[39m     [31m[1m^[22m[39m
     [90m 136 |[39m }
     [90m 137 |[39m
     [90m 138 |[39m[0m

      at FhirValidator.waitForReady (node_modules/fhir-validator-wrapper/fhir-validator.js:152:11)
      at FhirValidator.start (node_modules/fhir-validator-wrapper/fhir-validator.js:129:5)
      at loadValidator (tx/tests/test-runner.js:135:5)
      at startTxTests (tx/tests/test-runner.js:20:5)
      at Object.<anonymous> (tests/tx/test-cases.test.js:10:5)

  ΓùÅ Tx Tests ΓÇ║ language ΓÇ║ language-echo-de-de-header

    Validator service did not become ready within 60000ms

    [0m [90m 133 |[39m         timeout[33m:[39m [35m60000[39m
     [90m 134 |[39m     }
    [31m[1m>[22m[39m[90m 135 |[39m     [36mawait[39m validator[33m.[39mstart(validatorConfig)[33m;[39m
     [90m     |[39m     [31m[1m^[22m[39m
     [90m 136 |[39m }
     [90m 137 |[39m
     [90m 138 |[39m[0m

      at FhirValidator.waitForReady (node_modules/fhir-validator-wrapper/fhir-validator.js:152:11)
      at FhirValidator.start (node_modules/fhir-validator-wrapper/fhir-validator.js:129:5)
      at loadValidator (tx/tests/test-runner.js:135:5)
      at startTxTests (tx/tests/test-runner.js:20:5)
      at Object.<anonymous> (tests/tx/test-cases.test.js:10:5)

  ΓùÅ Tx Tests ΓÇ║ language ΓÇ║ language-echo-en-multi-en-param

    Validator service did not become ready within 60000ms

    [0m [90m 133 |[39m         timeout[33m:[39m [35m60000[39m
     [90m 134 |[39m     }
    [31m[1m>[22m[39m[90m 135 |[39m     [36mawait[39m validator[33m.[39mstart(validatorConfig)[33m;[39m
     [90m     |[39m     [31m[1m^[22m[39m
     [90m 136 |[39m }
     [90m 137 |[39m
     [90m 138 |[39m[0m

      at FhirValidator.waitForReady (node_modules/fhir-validator-wrapper/fhir-validator.js:152:11)
      at FhirValidator.start (node_modules/fhir-validator-wrapper/fhir-validator.js:129:5)
      at loadValidator (tx/tests/test-runner.js:135:5)
      at startTxTests (tx/tests/test-runner.js:20:5)
      at Object.<anonymous> (tests/tx/test-cases.test.js:10:5)

  ΓùÅ Tx Tests ΓÇ║ language ΓÇ║ language-echo-en-multi-en-vs

    Validator service did not become ready within 60000ms

    [0m [90m 133 |[39m         timeout[33m:[39m [35m60000[39m
     [90m 134 |[39m     }
    [31m[1m>[22m[39m[90m 135 |[39m     [36mawait[39m validator[33m.[39mstart(validatorConfig)[33m;[39m
     [90m     |[39m     [31m[1m^[22m[39m
     [90m 136 |[39m }
     [90m 137 |[39m
     [90m 138 |[39m[0m

      at FhirValidator.waitForReady (node_modules/fhir-validator-wrapper/fhir-validator.js:152:11)
      at FhirValidator.start (node_modules/fhir-validator-wrapper/fhir-validator.js:129:5)
      at loadValidator (tx/tests/test-runner.js:135:5)
      at startTxTests (tx/tests/test-runner.js:20:5)
      at Object.<anonymous> (tests/tx/test-cases.test.js:10:5)

  ΓùÅ Tx Tests ΓÇ║ language ΓÇ║ language-echo-en-multi-en-header

    Validator service did not become ready within 60000ms

    [0m [90m 133 |[39m         timeout[33m:[39m [35m60000[39m
     [90m 134 |[39m     }
    [31m[1m>[22m[39m[90m 135 |[39m     [36mawait[39m validator[33m.[39mstart(validatorConfig)[33m;[39m
     [90m     |[39m     [31m[1m^[22m[39m
     [90m 136 |[39m }
     [90m 137 |[39m
     [90m 138 |[39m[0m

      at FhirValidator.waitForReady (node_modules/fhir-validator-wrapper/fhir-validator.js:152:11)
      at FhirValidator.start (node_modules/fhir-validator-wrapper/fhir-validator.js:129:5)
      at loadValidator (tx/tests/test-runner.js:135:5)
      at startTxTests (tx/tests/test-runner.js:20:5)
      at Object.<anonymous> (tests/tx/test-cases.test.js:10:5)

  ΓùÅ Tx Tests ΓÇ║ language ΓÇ║ language-echo-de-multi-de-param

    Validator service did not become ready within 60000ms

    [0m [90m 133 |[39m         timeout[33m:[39m [35m60000[39m
     [90m 134 |[39m     }
    [31m[1m>[22m[39m[90m 135 |[39m     [36mawait[39m validator[33m.[39mstart(validatorConfig)[33m;[39m
     [90m     |[39m     [31m[1m^[22m[39m
     [90m 136 |[39m }
     [90m 137 |[39m
     [90m 138 |[39m[0m

      at FhirValidator.waitForReady (node_modules/fhir-validator-wrapper/fhir-validator.js:152:11)
      at FhirValidator.start (node_modules/fhir-validator-wrapper/fhir-validator.js:129:5)
      at loadValidator (tx/tests/test-runner.js:135:5)
      at startTxTests (tx/tests/test-runner.js:20:5)
      at Object.<anonymous> (tests/tx/test-cases.test.js:10:5)

  ΓùÅ Tx Tests ΓÇ║ language ΓÇ║ language-echo-de-multi-de-vs

    Validator service did not become ready within 60000ms

    [0m [90m 133 |[39m         timeout[33m:[39m [35m60000[39m
     [90m 134 |[39m     }
    [31m[1m>[22m[39m[90m 135 |[39m     [36mawait[39m validator[33m.[39mstart(validatorConfig)[33m;[39m
     [90m     |[39m     [31m[1m^[22m[39m
     [90m 136 |[39m }
     [90m 137 |[39m
     [90m 138 |[39m[0m

      at FhirValidator.waitForReady (node_modules/fhir-validator-wrapper/fhir-validator.js:152:11)
      at FhirValidator.start (node_modules/fhir-validator-wrapper/fhir-validator.js:129:5)
      at loadValidator (tx/tests/test-runner.js:135:5)
      at startTxTests (tx/tests/test-runner.js:20:5)
      at Object.<anonymous> (tests/tx/test-cases.test.js:10:5)

  ΓùÅ Tx Tests ΓÇ║ language ΓÇ║ language-echo-de-multi-de-header

    Validator service did not become ready within 60000ms

    [0m [90m 133 |[39m         timeout[33m:[39m [35m60000[39m
     [90m 134 |[39m     }
    [31m[1m>[22m[39m[90m 135 |[39m     [36mawait[39m validator[33m.[39mstart(validatorConfig)[33m;[39m
     [90m     |[39m     [31m[1m^[22m[39m
     [90m 136 |[39m }
     [90m 137 |[39m
     [90m 138 |[39m[0m

      at FhirValidator.waitForReady (node_modules/fhir-validator-wrapper/fhir-validator.js:152:11)
      at FhirValidator.start (node_modules/fhir-validator-wrapper/fhir-validator.js:129:5)
      at loadValidator (tx/tests/test-runner.js:135:5)
      at startTxTests (tx/tests/test-runner.js:20:5)
      at Object.<anonymous> (tests/tx/test-cases.test.js:10:5)

  ΓùÅ Tx Tests ΓÇ║ language ΓÇ║ language-xform-en-multi-de-soft

    Validator service did not become ready within 60000ms

    [0m [90m 133 |[39m         timeout[33m:[39m [35m60000[39m
     [90m 134 |[39m     }
    [31m[1m>[22m[39m[90m 135 |[39m     [36mawait[39m validator[33m.[39mstart(validatorConfig)[33m;[39m
     [90m     |[39m     [31m[1m^[22m[39m
     [90m 136 |[39m }
     [90m 137 |[39m
     [90m 138 |[39m[0m

      at FhirValidator.waitForReady (node_modules/fhir-validator-wrapper/fhir-validator.js:152:11)
      at FhirValidator.start (node_modules/fhir-validator-wrapper/fhir-validator.js:129:5)
      at loadValidator (tx/tests/test-runner.js:135:5)
      at startTxTests (tx/tests/test-runner.js:20:5)
      at Object.<anonymous> (tests/tx/test-cases.test.js:10:5)

  ΓùÅ Tx Tests ΓÇ║ language ΓÇ║ language-xform-en-multi-de-hard

    Validator service did not become ready within 60000ms

    [0m [90m 133 |[39m         timeout[33m:[39m [35m60000[39m
     [90m 134 |[39m     }
    [31m[1m>[22m[39m[90m 135 |[39m     [36mawait[39m validator[33m.[39mstart(validatorConfig)[33m;[39m
     [90m     |[39m     [31m[1m^[22m[39m
     [90m 136 |[39m }
     [90m 137 |[39m
     [90m 138 |[39m[0m

      at FhirValidator.waitForReady (node_modules/fhir-validator-wrapper/fhir-validator.js:152:11)
      at FhirValidator.start (node_modules/fhir-validator-wrapper/fhir-validator.js:129:5)
      at loadValidator (tx/tests/test-runner.js:135:5)
      at startTxTests (tx/tests/test-runner.js:20:5)
      at Object.<anonymous> (tests/tx/test-cases.test.js:10:5)

  ΓùÅ Tx Tests ΓÇ║ language ΓÇ║ language-xform-en-multi-de-default

    Validator service did not become ready within 60000ms

    [0m [90m 133 |[39m         timeout[33m:[39m [35m60000[39m
     [90m 134 |[39m     }
    [31m[1m>[22m[39m[90m 135 |[39m     [36mawait[39m validator[33m.[39mstart(validatorConfig)[33m;[39m
     [90m     |[39m     [31m[1m^[22m[39m
     [90m 136 |[39m }
     [90m 137 |[39m
     [90m 138 |[39m[0m

      at FhirValidator.waitForReady (node_modules/fhir-validator-wrapper/fhir-validator.js:152:11)
      at FhirValidator.start (node_modules/fhir-validator-wrapper/fhir-validator.js:129:5)
      at loadValidator (tx/tests/test-runner.js:135:5)
      at startTxTests (tx/tests/test-runner.js:20:5)
      at Object.<anonymous> (tests/tx/test-cases.test.js:10:5)

  ΓùÅ Tx Tests ΓÇ║ language ΓÇ║ language-xform-de-multi-en-soft

    Validator service did not become ready within 60000ms

    [0m [90m 133 |[39m         timeout[33m:[39m [35m60000[39m
     [90m 134 |[39m     }
    [31m[1m>[22m[39m[90m 135 |[39m     [36mawait[39m validator[33m.[39mstart(validatorConfig)[33m;[39m
     [90m     |[39m     [31m[1m^[22m[39m
     [90m 136 |[39m }
     [90m 137 |[39m
     [90m 138 |[39m[0m

      at FhirValidator.waitForReady (node_modules/fhir-validator-wrapper/fhir-validator.js:152:11)
      at FhirValidator.start (node_modules/fhir-validator-wrapper/fhir-validator.js:129:5)
      at loadValidator (tx/tests/test-runner.js:135:5)
      at startTxTests (tx/tests/test-runner.js:20:5)
      at Object.<anonymous> (tests/tx/test-cases.test.js:10:5)

  ΓùÅ Tx Tests ΓÇ║ language ΓÇ║ language-xform-de-multi-en-hard

    Validator service did not become ready within 60000ms

    [0m [90m 133 |[39m         timeout[33m:[39m [35m60000[39m
     [90m 134 |[39m     }
    [31m[1m>[22m[39m[90m 135 |[39m     [36mawait[39m validator[33m.[39mstart(validatorConfig)[33m;[39m
     [90m     |[39m     [31m[1m^[22m[39m
     [90m 136 |[39m }
     [90m 137 |[39m
     [90m 138 |[39m[0m

      at FhirValidator.waitForReady (node_modules/fhir-validator-wrapper/fhir-validator.js:152:11)
      at FhirValidator.start (node_modules/fhir-validator-wrapper/fhir-validator.js:129:5)
      at loadValidator (tx/tests/test-runner.js:135:5)
      at startTxTests (tx/tests/test-runner.js:20:5)
      at Object.<anonymous> (tests/tx/test-cases.test.js:10:5)

  ΓùÅ Tx Tests ΓÇ║ language ΓÇ║ language-xform-de-multi-en-default

    Validator service did not become ready within 60000ms

    [0m [90m 133 |[39m         timeout[33m:[39m [35m60000[39m
     [90m 134 |[39m     }
    [31m[1m>[22m[39m[90m 135 |[39m     [36mawait[39m validator[33m.[39mstart(validatorConfig)[33m;[39m
     [90m     |[39m     [31m[1m^[22m[39m
     [90m 136 |[39m }
     [90m 137 |[39m
     [90m 138 |[39m[0m

      at FhirValidator.waitForReady (node_modules/fhir-validator-wrapper/fhir-validator.js:152:11)
      at FhirValidator.start (node_modules/fhir-validator-wrapper/fhir-validator.js:129:5)
      at loadValidator (tx/tests/test-runner.js:135:5)
      at startTxTests (tx/tests/test-runner.js:20:5)
      at Object.<anonymous> (tests/tx/test-cases.test.js:10:5)

  ΓùÅ Tx Tests ΓÇ║ language ΓÇ║ language-echo-en-designation

    Validator service did not become ready within 60000ms

    [0m [90m 133 |[39m         timeout[33m:[39m [35m60000[39m
     [90m 134 |[39m     }
    [31m[1m>[22m[39m[90m 135 |[39m     [36mawait[39m validator[33m.[39mstart(validatorConfig)[33m;[39m
     [90m     |[39m     [31m[1m^[22m[39m
     [90m 136 |[39m }
     [90m 137 |[39m
     [90m 138 |[39m[0m

      at FhirValidator.waitForReady (node_modules/fhir-validator-wrapper/fhir-validator.js:152:11)
      at FhirValidator.start (node_modules/fhir-validator-wrapper/fhir-validator.js:129:5)
      at loadValidator (tx/tests/test-runner.js:135:5)
      at startTxTests (tx/tests/test-runner.js:20:5)
      at Object.<anonymous> (tests/tx/test-cases.test.js:10:5)

  ΓùÅ Tx Tests ΓÇ║ language ΓÇ║ language-echo-en-designations

    Validator service did not become ready within 60000ms

    [0m [90m 133 |[39m         timeout[33m:[39m [35m60000[39m
     [90m 134 |[39m     }
    [31m[1m>[22m[39m[90m 135 |[39m     [36mawait[39m validator[33m.[39mstart(validatorConfig)[33m;[39m
     [90m     |[39m     [31m[1m^[22m[39m
     [90m 136 |[39m }
     [90m 137 |[39m
     [90m 138 |[39m[0m

      at FhirValidator.waitForReady (node_modules/fhir-validator-wrapper/fhir-validator.js:152:11)
      at FhirValidator.start (node_modules/fhir-validator-wrapper/fhir-validator.js:129:5)
      at loadValidator (tx/tests/test-runner.js:135:5)
      at startTxTests (tx/tests/test-runner.js:20:5)
      at Object.<anonymous> (tests/tx/test-cases.test.js:10:5)

  ΓùÅ Tx Tests ΓÇ║ language2 ΓÇ║ validation-right-de-en

    Validator service did not become ready within 60000ms

    [0m [90m 133 |[39m         timeout[33m:[39m [35m60000[39m
     [90m 134 |[39m     }
    [31m[1m>[22m[39m[90m 135 |[39m     [36mawait[39m validator[33m.[39mstart(validatorConfig)[33m;[39m
     [90m     |[39m     [31m[1m^[22m[39m
     [90m 136 |[39m }
     [90m 137 |[39m
     [90m 138 |[39m[0m

      at FhirValidator.waitForReady (node_modules/fhir-validator-wrapper/fhir-validator.js:152:11)
      at FhirValidator.start (node_modules/fhir-validator-wrapper/fhir-validator.js:129:5)
      at loadValidator (tx/tests/test-runner.js:135:5)
      at startTxTests (tx/tests/test-runner.js:20:5)
      at Object.<anonymous> (tests/tx/test-cases.test.js:10:5)

  ΓùÅ Tx Tests ΓÇ║ language2 ΓÇ║ validation-right-de-ende-N

    Validator service did not become ready within 60000ms

    [0m [90m 133 |[39m         timeout[33m:[39m [35m60000[39m
     [90m 134 |[39m     }
    [31m[1m>[22m[39m[90m 135 |[39m     [36mawait[39m validator[33m.[39mstart(validatorConfig)[33m;[39m
     [90m     |[39m     [31m[1m^[22m[39m
     [90m 136 |[39m }
     [90m 137 |[39m
     [90m 138 |[39m[0m

      at FhirValidator.waitForReady (node_modules/fhir-validator-wrapper/fhir-validator.js:152:11)
      at FhirValidator.start (node_modules/fhir-validator-wrapper/fhir-validator.js:129:5)
      at loadValidator (tx/tests/test-runner.js:135:5)
      at startTxTests (tx/tests/test-runner.js:20:5)
      at Object.<anonymous> (tests/tx/test-cases.test.js:10:5)

  ΓùÅ Tx Tests ΓÇ║ language2 ΓÇ║ validation-right-de-ende

    Validator service did not become ready within 60000ms

    [0m [90m 133 |[39m         timeout[33m:[39m [35m60000[39m
     [90m 134 |[39m     }
    [31m[1m>[22m[39m[90m 135 |[39m     [36mawait[39m validator[33m.[39mstart(validatorConfig)[33m;[39m
     [90m     |[39m     [31m[1m^[22m[39m
     [90m 136 |[39m }
     [90m 137 |[39m
     [90m 138 |[39m[0m

      at FhirValidator.waitForReady (node_modules/fhir-validator-wrapper/fhir-validator.js:152:11)
      at FhirValidator.start (node_modules/fhir-validator-wrapper/fhir-validator.js:129:5)
      at loadValidator (tx/tests/test-runner.js:135:5)
      at startTxTests (tx/tests/test-runner.js:20:5)
      at Object.<anonymous> (tests/tx/test-cases.test.js:10:5)

  ΓùÅ Tx Tests ΓÇ║ language2 ΓÇ║ validation-right-de-none

    Validator service did not become ready within 60000ms

    [0m [90m 133 |[39m         timeout[33m:[39m [35m60000[39m
     [90m 134 |[39m     }
    [31m[1m>[22m[39m[90m 135 |[39m     [36mawait[39m validator[33m.[39mstart(validatorConfig)[33m;[39m
     [90m     |[39m     [31m[1m^[22m[39m
     [90m 136 |[39m }
     [90m 137 |[39m
     [90m 138 |[39m[0m

      at FhirValidator.waitForReady (node_modules/fhir-validator-wrapper/fhir-validator.js:152:11)
      at FhirValidator.start (node_modules/fhir-validator-wrapper/fhir-validator.js:129:5)
      at loadValidator (tx/tests/test-runner.js:135:5)
      at startTxTests (tx/tests/test-runner.js:20:5)
      at Object.<anonymous> (tests/tx/test-cases.test.js:10:5)

  ΓùÅ Tx Tests ΓÇ║ language2 ΓÇ║ validation-right-en-en

    Validator service did not become ready within 60000ms

    [0m [90m 133 |[39m         timeout[33m:[39m [35m60000[39m
     [90m 134 |[39m     }
    [31m[1m>[22m[39m[90m 135 |[39m     [36mawait[39m validator[33m.[39mstart(validatorConfig)[33m;[39m
     [90m     |[39m     [31m[1m^[22m[39m
     [90m 136 |[39m }
     [90m 137 |[39m
     [90m 138 |[39m[0m

      at FhirValidator.waitForReady (node_modules/fhir-validator-wrapper/fhir-validator.js:152:11)
      at FhirValidator.start (node_modules/fhir-validator-wrapper/fhir-validator.js:129:5)
      at loadValidator (tx/tests/test-runner.js:135:5)
      at startTxTests (tx/tests/test-runner.js:20:5)
      at Object.<anonymous> (tests/tx/test-cases.test.js:10:5)

  ΓùÅ Tx Tests ΓÇ║ language2 ΓÇ║ validation-right-en-ende-N

    Validator service did not become ready within 60000ms

    [0m [90m 133 |[39m         timeout[33m:[39m [35m60000[39m
     [90m 134 |[39m     }
    [31m[1m>[22m[39m[90m 135 |[39m     [36mawait[39m validator[33m.[39mstart(validatorConfig)[33m;[39m
     [90m     |[39m     [31m[1m^[22m[39m
     [90m 136 |[39m }
     [90m 137 |[39m
     [90m 138 |[39m[0m

      at FhirValidator.waitForReady (node_modules/fhir-validator-wrapper/fhir-validator.js:152:11)
      at FhirValidator.start (node_modules/fhir-validator-wrapper/fhir-validator.js:129:5)
      at loadValidator (tx/tests/test-runner.js:135:5)
      at startTxTests (tx/tests/test-runner.js:20:5)
      at Object.<anonymous> (tests/tx/test-cases.test.js:10:5)

  ΓùÅ Tx Tests ΓÇ║ language2 ΓÇ║ validation-right-en-ende

    Validator service did not become ready within 60000ms

    [0m [90m 133 |[39m         timeout[33m:[39m [35m60000[39m
     [90m 134 |[39m     }
    [31m[1m>[22m[39m[90m 135 |[39m     [36mawait[39m validator[33m.[39mstart(validatorConfig)[33m;[39m
     [90m     |[39m     [31m[1m^[22m[39m
     [90m 136 |[39m }
     [90m 137 |[39m
     [90m 138 |[39m[0m

      at FhirValidator.waitForReady (node_modules/fhir-validator-wrapper/fhir-validator.js:152:11)
      at FhirValidator.start (node_modules/fhir-validator-wrapper/fhir-validator.js:129:5)
      at loadValidator (tx/tests/test-runner.js:135:5)
      at startTxTests (tx/tests/test-runner.js:20:5)
      at Object.<anonymous> (tests/tx/test-cases.test.js:10:5)

  ΓùÅ Tx Tests ΓÇ║ language2 ΓÇ║ validation-right-en-none

    Validator service did not become ready within 60000ms

    [0m [90m 133 |[39m         timeout[33m:[39m [35m60000[39m
     [90m 134 |[39m     }
    [31m[1m>[22m[39m[90m 135 |[39m     [36mawait[39m validator[33m.[39mstart(validatorConfig)[33m;[39m
     [90m     |[39m     [31m[1m^[22m[39m
     [90m 136 |[39m }
     [90m 137 |[39m
     [90m 138 |[39m[0m

      at FhirValidator.waitForReady (node_modules/fhir-validator-wrapper/fhir-validator.js:152:11)
      at FhirValidator.start (node_modules/fhir-validator-wrapper/fhir-validator.js:129:5)
      at loadValidator (tx/tests/test-runner.js:135:5)
      at startTxTests (tx/tests/test-runner.js:20:5)
      at Object.<anonymous> (tests/tx/test-cases.test.js:10:5)

  ΓùÅ Tx Tests ΓÇ║ language2 ΓÇ║ validation-right-none-en

    Validator service did not become ready within 60000ms

    [0m [90m 133 |[39m         timeout[33m:[39m [35m60000[39m
     [90m 134 |[39m     }
    [31m[1m>[22m[39m[90m 135 |[39m     [36mawait[39m validator[33m.[39mstart(validatorConfig)[33m;[39m
     [90m     |[39m     [31m[1m^[22m[39m
     [90m 136 |[39m }
     [90m 137 |[39m
     [90m 138 |[39m[0m

      at FhirValidator.waitForReady (node_modules/fhir-validator-wrapper/fhir-validator.js:152:11)
      at FhirValidator.start (node_modules/fhir-validator-wrapper/fhir-validator.js:129:5)
      at loadValidator (tx/tests/test-runner.js:135:5)
      at startTxTests (tx/tests/test-runner.js:20:5)
      at Object.<anonymous> (tests/tx/test-cases.test.js:10:5)

  ΓùÅ Tx Tests ΓÇ║ language2 ΓÇ║ validation-right-none-ende-N

    Validator service did not become ready within 60000ms

    [0m [90m 133 |[39m         timeout[33m:[39m [35m60000[39m
     [90m 134 |[39m     }
    [31m[1m>[22m[39m[90m 135 |[39m     [36mawait[39m validator[33m.[39mstart(validatorConfig)[33m;[39m
     [90m     |[39m     [31m[1m^[22m[39m
     [90m 136 |[39m }
     [90m 137 |[39m
     [90m 138 |[39m[0m

      at FhirValidator.waitForReady (node_modules/fhir-validator-wrapper/fhir-validator.js:152:11)
      at FhirValidator.start (node_modules/fhir-validator-wrapper/fhir-validator.js:129:5)
      at loadValidator (tx/tests/test-runner.js:135:5)
      at startTxTests (tx/tests/test-runner.js:20:5)
      at Object.<anonymous> (tests/tx/test-cases.test.js:10:5)

  ΓùÅ Tx Tests ΓÇ║ language2 ΓÇ║ validation-right-none-ende

    Validator service did not become ready within 60000ms

    [0m [90m 133 |[39m         timeout[33m:[39m [35m60000[39m
     [90m 134 |[39m     }
    [31m[1m>[22m[39m[90m 135 |[39m     [36mawait[39m validator[33m.[39mstart(validatorConfig)[33m;[39m
     [90m     |[39m     [31m[1m^[22m[39m
     [90m 136 |[39m }
     [90m 137 |[39m
     [90m 138 |[39m[0m

      at FhirValidator.waitForReady (node_modules/fhir-validator-wrapper/fhir-validator.js:152:11)
      at FhirValidator.start (node_modules/fhir-validator-wrapper/fhir-validator.js:129:5)
      at loadValidator (tx/tests/test-runner.js:135:5)
      at startTxTests (tx/tests/test-runner.js:20:5)
      at Object.<anonymous> (tests/tx/test-cases.test.js:10:5)

  ΓùÅ Tx Tests ΓÇ║ language2 ΓÇ║ validation-right-none-none

    Validator service did not become ready within 60000ms

    [0m [90m 133 |[39m         timeout[33m:[39m [35m60000[39m
     [90m 134 |[39m     }
    [31m[1m>[22m[39m[90m 135 |[39m     [36mawait[39m validator[33m.[39mstart(validatorConfig)[33m;[39m
     [90m     |[39m     [31m[1m^[22m[39m
     [90m 136 |[39m }
     [90m 137 |[39m
     [90m 138 |[39m[0m

      at FhirValidator.waitForReady (node_modules/fhir-validator-wrapper/fhir-validator.js:152:11)
      at FhirValidator.start (node_modules/fhir-validator-wrapper/fhir-validator.js:129:5)
      at loadValidator (tx/tests/test-runner.js:135:5)
      at startTxTests (tx/tests/test-runner.js:20:5)
      at Object.<anonymous> (tests/tx/test-cases.test.js:10:5)

  ΓùÅ Tx Tests ΓÇ║ language2 ΓÇ║ validation-wrong-de-en

    Validator service did not become ready within 60000ms

    [0m [90m 133 |[39m         timeout[33m:[39m [35m60000[39m
     [90m 134 |[39m     }
    [31m[1m>[22m[39m[90m 135 |[39m     [36mawait[39m validator[33m.[39mstart(validatorConfig)[33m;[39m
     [90m     |[39m     [31m[1m^[22m[39m
     [90m 136 |[39m }
     [90m 137 |[39m
     [90m 138 |[39m[0m

      at FhirValidator.waitForReady (node_modules/fhir-validator-wrapper/fhir-validator.js:152:11)
      at FhirValidator.start (node_modules/fhir-validator-wrapper/fhir-validator.js:129:5)
      at loadValidator (tx/tests/test-runner.js:135:5)
      at startTxTests (tx/tests/test-runner.js:20:5)
      at Object.<anonymous> (tests/tx/test-cases.test.js:10:5)

  ΓùÅ Tx Tests ΓÇ║ language2 ΓÇ║ validation-wrong-de-en-bad

    Validator service did not become ready within 60000ms

    [0m [90m 133 |[39m         timeout[33m:[39m [35m60000[39m
     [90m 134 |[39m     }
    [31m[1m>[22m[39m[90m 135 |[39m     [36mawait[39m validator[33m.[39mstart(validatorConfig)[33m;[39m
     [90m     |[39m     [31m[1m^[22m[39m
     [90m 136 |[39m }
     [90m 137 |[39m
     [90m 138 |[39m[0m

      at FhirValidator.waitForReady (node_modules/fhir-validator-wrapper/fhir-validator.js:152:11)
      at FhirValidator.start (node_modules/fhir-validator-wrapper/fhir-validator.js:129:5)
      at loadValidator (tx/tests/test-runner.js:135:5)
      at startTxTests (tx/tests/test-runner.js:20:5)
      at Object.<anonymous> (tests/tx/test-cases.test.js:10:5)

  ΓùÅ Tx Tests ΓÇ║ language2 ΓÇ║ validation-wrong-de-ende-N

    Validator service did not become ready within 60000ms

    [0m [90m 133 |[39m         timeout[33m:[39m [35m60000[39m
     [90m 134 |[39m     }
    [31m[1m>[22m[39m[90m 135 |[39m     [36mawait[39m validator[33m.[39mstart(validatorConfig)[33m;[39m
     [90m     |[39m     [31m[1m^[22m[39m
     [90m 136 |[39m }
     [90m 137 |[39m
     [90m 138 |[39m[0m

      at FhirValidator.waitForReady (node_modules/fhir-validator-wrapper/fhir-validator.js:152:11)
      at FhirValidator.start (node_modules/fhir-validator-wrapper/fhir-validator.js:129:5)
      at loadValidator (tx/tests/test-runner.js:135:5)
      at startTxTests (tx/tests/test-runner.js:20:5)
      at Object.<anonymous> (tests/tx/test-cases.test.js:10:5)

  ΓùÅ Tx Tests ΓÇ║ language2 ΓÇ║ validation-wrong-de-ende

    Validator service did not become ready within 60000ms

    [0m [90m 133 |[39m         timeout[33m:[39m [35m60000[39m
     [90m 134 |[39m     }
    [31m[1m>[22m[39m[90m 135 |[39m     [36mawait[39m validator[33m.[39mstart(validatorConfig)[33m;[39m
     [90m     |[39m     [31m[1m^[22m[39m
     [90m 136 |[39m }
     [90m 137 |[39m
     [90m 138 |[39m[0m

      at FhirValidator.waitForReady (node_modules/fhir-validator-wrapper/fhir-validator.js:152:11)
      at FhirValidator.start (node_modules/fhir-validator-wrapper/fhir-validator.js:129:5)
      at loadValidator (tx/tests/test-runner.js:135:5)
      at startTxTests (tx/tests/test-runner.js:20:5)
      at Object.<anonymous> (tests/tx/test-cases.test.js:10:5)

  ΓùÅ Tx Tests ΓÇ║ language2 ΓÇ║ validation-wrong-de-none

    Validator service did not become ready within 60000ms

    [0m [90m 133 |[39m         timeout[33m:[39m [35m60000[39m
     [90m 134 |[39m     }
    [31m[1m>[22m[39m[90m 135 |[39m     [36mawait[39m validator[33m.[39mstart(validatorConfig)[33m;[39m
     [90m     |[39m     [31m[1m^[22m[39m
     [90m 136 |[39m }
     [90m 137 |[39m
     [90m 138 |[39m[0m

      at FhirValidator.waitForReady (node_modules/fhir-validator-wrapper/fhir-validator.js:152:11)
      at FhirValidator.start (node_modules/fhir-validator-wrapper/fhir-validator.js:129:5)
      at loadValidator (tx/tests/test-runner.js:135:5)
      at startTxTests (tx/tests/test-runner.js:20:5)
      at Object.<anonymous> (tests/tx/test-cases.test.js:10:5)

  ΓùÅ Tx Tests ΓÇ║ language2 ΓÇ║ validation-wrong-en-en

    Validator service did not become ready within 60000ms

    [0m [90m 133 |[39m         timeout[33m:[39m [35m60000[39m
     [90m 134 |[39m     }
    [31m[1m>[22m[39m[90m 135 |[39m     [36mawait[39m validator[33m.[39mstart(validatorConfig)[33m;[39m
     [90m     |[39m     [31m[1m^[22m[39m
     [90m 136 |[39m }
     [90m 137 |[39m
     [90m 138 |[39m[0m

      at FhirValidator.waitForReady (node_modules/fhir-validator-wrapper/fhir-validator.js:152:11)
      at FhirValidator.start (node_modules/fhir-validator-wrapper/fhir-validator.js:129:5)
      at loadValidator (tx/tests/test-runner.js:135:5)
      at startTxTests (tx/tests/test-runner.js:20:5)
      at Object.<anonymous> (tests/tx/test-cases.test.js:10:5)

  ΓùÅ Tx Tests ΓÇ║ language2 ΓÇ║ validation-wrong-en-ende-N

    Validator service did not become ready within 60000ms

    [0m [90m 133 |[39m         timeout[33m:[39m [35m60000[39m
     [90m 134 |[39m     }
    [31m[1m>[22m[39m[90m 135 |[39m     [36mawait[39m validator[33m.[39mstart(validatorConfig)[33m;[39m
     [90m     |[39m     [31m[1m^[22m[39m
     [90m 136 |[39m }
     [90m 137 |[39m
     [90m 138 |[39m[0m

      at FhirValidator.waitForReady (node_modules/fhir-validator-wrapper/fhir-validator.js:152:11)
      at FhirValidator.start (node_modules/fhir-validator-wrapper/fhir-validator.js:129:5)
      at loadValidator (tx/tests/test-runner.js:135:5)
      at startTxTests (tx/tests/test-runner.js:20:5)
      at Object.<anonymous> (tests/tx/test-cases.test.js:10:5)

  ΓùÅ Tx Tests ΓÇ║ language2 ΓÇ║ validation-wrong-en-ende

    Validator service did not become ready within 60000ms

    [0m [90m 133 |[39m         timeout[33m:[39m [35m60000[39m
     [90m 134 |[39m     }
    [31m[1m>[22m[39m[90m 135 |[39m     [36mawait[39m validator[33m.[39mstart(validatorConfig)[33m;[39m
     [90m     |[39m     [31m[1m^[22m[39m
     [90m 136 |[39m }
     [90m 137 |[39m
     [90m 138 |[39m[0m

      at FhirValidator.waitForReady (node_modules/fhir-validator-wrapper/fhir-validator.js:152:11)
      at FhirValidator.start (node_modules/fhir-validator-wrapper/fhir-validator.js:129:5)
      at loadValidator (tx/tests/test-runner.js:135:5)
      at startTxTests (tx/tests/test-runner.js:20:5)
      at Object.<anonymous> (tests/tx/test-cases.test.js:10:5)

  ΓùÅ Tx Tests ΓÇ║ language2 ΓÇ║ validation-wrong-en-none

    Validator service did not become ready within 60000ms

    [0m [90m 133 |[39m         timeout[33m:[39m [35m60000[39m
     [90m 134 |[39m     }
    [31m[1m>[22m[39m[90m 135 |[39m     [36mawait[39m validator[33m.[39mstart(validatorConfig)[33m;[39m
     [90m     |[39m     [31m[1m^[22m[39m
     [90m 136 |[39m }
     [90m 137 |[39m
     [90m 138 |[39m[0m

      at FhirValidator.waitForReady (node_modules/fhir-validator-wrapper/fhir-validator.js:152:11)
      at FhirValidator.start (node_modules/fhir-validator-wrapper/fhir-validator.js:129:5)
      at loadValidator (tx/tests/test-runner.js:135:5)
      at startTxTests (tx/tests/test-runner.js:20:5)
      at Object.<anonymous> (tests/tx/test-cases.test.js:10:5)

  ΓùÅ Tx Tests ΓÇ║ language2 ΓÇ║ validation-wrong-none-en

    Validator service did not become ready within 60000ms

    [0m [90m 133 |[39m         timeout[33m:[39m [35m60000[39m
     [90m 134 |[39m     }
    [31m[1m>[22m[39m[90m 135 |[39m     [36mawait[39m validator[33m.[39mstart(validatorConfig)[33m;[39m
     [90m     |[39m     [31m[1m^[22m[39m
     [90m 136 |[39m }
     [90m 137 |[39m
     [90m 138 |[39m[0m

      at FhirValidator.waitForReady (node_modules/fhir-validator-wrapper/fhir-validator.js:152:11)
      at FhirValidator.start (node_modules/fhir-validator-wrapper/fhir-validator.js:129:5)
      at loadValidator (tx/tests/test-runner.js:135:5)
      at startTxTests (tx/tests/test-runner.js:20:5)
      at Object.<anonymous> (tests/tx/test-cases.test.js:10:5)

  ΓùÅ Tx Tests ΓÇ║ language2 ΓÇ║ validation-wrong-none-ende-N

    Validator service did not become ready within 60000ms

    [0m [90m 133 |[39m         timeout[33m:[39m [35m60000[39m
     [90m 134 |[39m     }
    [31m[1m>[22m[39m[90m 135 |[39m     [36mawait[39m validator[33m.[39mstart(validatorConfig)[33m;[39m
     [90m     |[39m     [31m[1m^[22m[39m
     [90m 136 |[39m }
     [90m 137 |[39m
     [90m 138 |[39m[0m

      at FhirValidator.waitForReady (node_modules/fhir-validator-wrapper/fhir-validator.js:152:11)
      at FhirValidator.start (node_modules/fhir-validator-wrapper/fhir-validator.js:129:5)
      at loadValidator (tx/tests/test-runner.js:135:5)
      at startTxTests (tx/tests/test-runner.js:20:5)
      at Object.<anonymous> (tests/tx/test-cases.test.js:10:5)

  ΓùÅ Tx Tests ΓÇ║ language2 ΓÇ║ validation-wrong-none-ende

    Validator service did not become ready within 60000ms

    [0m [90m 133 |[39m         timeout[33m:[39m [35m60000[39m
     [90m 134 |[39m     }
    [31m[1m>[22m[39m[90m 135 |[39m     [36mawait[39m validator[33m.[39mstart(validatorConfig)[33m;[39m
     [90m     |[39m     [31m[1m^[22m[39m
     [90m 136 |[39m }
     [90m 137 |[39m
     [90m 138 |[39m[0m

      at FhirValidator.waitForReady (node_modules/fhir-validator-wrapper/fhir-validator.js:152:11)
      at FhirValidator.start (node_modules/fhir-validator-wrapper/fhir-validator.js:129:5)
      at loadValidator (tx/tests/test-runner.js:135:5)
      at startTxTests (tx/tests/test-runner.js:20:5)
      at Object.<anonymous> (tests/tx/test-cases.test.js:10:5)

  ΓùÅ Tx Tests ΓÇ║ language2 ΓÇ║ validation-wrong-none-none

    Validator service did not become ready within 60000ms

    [0m [90m 133 |[39m         timeout[33m:[39m [35m60000[39m
     [90m 134 |[39m     }
    [31m[1m>[22m[39m[90m 135 |[39m     [36mawait[39m validator[33m.[39mstart(validatorConfig)[33m;[39m
     [90m     |[39m     [31m[1m^[22m[39m
     [90m 136 |[39m }
     [90m 137 |[39m
     [90m 138 |[39m[0m

      at FhirValidator.waitForReady (node_modules/fhir-validator-wrapper/fhir-validator.js:152:11)
      at FhirValidator.start (node_modules/fhir-validator-wrapper/fhir-validator.js:129:5)
      at loadValidator (tx/tests/test-runner.js:135:5)
      at startTxTests (tx/tests/test-runner.js:20:5)
      at Object.<anonymous> (tests/tx/test-cases.test.js:10:5)

  ΓùÅ Tx Tests ΓÇ║ extensions ΓÇ║ extensions-echo-all

    Validator service did not become ready within 60000ms

    [0m [90m 133 |[39m         timeout[33m:[39m [35m60000[39m
     [90m 134 |[39m     }
    [31m[1m>[22m[39m[90m 135 |[39m     [36mawait[39m validator[33m.[39mstart(validatorConfig)[33m;[39m
     [90m     |[39m     [31m[1m^[22m[39m
     [90m 136 |[39m }
     [90m 137 |[39m
     [90m 138 |[39m[0m

      at FhirValidator.waitForReady (node_modules/fhir-validator-wrapper/fhir-validator.js:152:11)
      at FhirValidator.start (node_modules/fhir-validator-wrapper/fhir-validator.js:129:5)
      at loadValidator (tx/tests/test-runner.js:135:5)
      at startTxTests (tx/tests/test-runner.js:20:5)
      at Object.<anonymous> (tests/tx/test-cases.test.js:10:5)

  ΓùÅ Tx Tests ΓÇ║ extensions ΓÇ║ extensions-echo-enumerated

    Validator service did not become ready within 60000ms

    [0m [90m 133 |[39m         timeout[33m:[39m [35m60000[39m
     [90m 134 |[39m     }
    [31m[1m>[22m[39m[90m 135 |[39m     [36mawait[39m validator[33m.[39mstart(validatorConfig)[33m;[39m
     [90m     |[39m     [31m[1m^[22m[39m
     [90m 136 |[39m }
     [90m 137 |[39m
     [90m 138 |[39m[0m

      at FhirValidator.waitForReady (node_modules/fhir-validator-wrapper/fhir-validator.js:152:11)
      at FhirValidator.start (node_modules/fhir-validator-wrapper/fhir-validator.js:129:5)
      at loadValidator (tx/tests/test-runner.js:135:5)
      at startTxTests (tx/tests/test-runner.js:20:5)
      at Object.<anonymous> (tests/tx/test-cases.test.js:10:5)

  ΓùÅ Tx Tests ΓÇ║ extensions ΓÇ║ extensions-echo-bad-supplement

    Validator service did not become ready within 60000ms

    [0m [90m 133 |[39m         timeout[33m:[39m [35m60000[39m
     [90m 134 |[39m     }
    [31m[1m>[22m[39m[90m 135 |[39m     [36mawait[39m validator[33m.[39mstart(validatorConfig)[33m;[39m
     [90m     |[39m     [31m[1m^[22m[39m
     [90m 136 |[39m }
     [90m 137 |[39m
     [90m 138 |[39m[0m

      at FhirValidator.waitForReady (node_modules/fhir-validator-wrapper/fhir-validator.js:152:11)
      at FhirValidator.start (node_modules/fhir-validator-wrapper/fhir-validator.js:129:5)
      at loadValidator (tx/tests/test-runner.js:135:5)
      at startTxTests (tx/tests/test-runner.js:20:5)
      at Object.<anonymous> (tests/tx/test-cases.test.js:10:5)

  ΓùÅ Tx Tests ΓÇ║ extensions ΓÇ║ validate-code-bad-supplement

    Validator service did not become ready within 60000ms

    [0m [90m 133 |[39m         timeout[33m:[39m [35m60000[39m
     [90m 134 |[39m     }
    [31m[1m>[22m[39m[90m 135 |[39m     [36mawait[39m validator[33m.[39mstart(validatorConfig)[33m;[39m
     [90m     |[39m     [31m[1m^[22m[39m
     [90m 136 |[39m }
     [90m 137 |[39m
     [90m 138 |[39m[0m

      at FhirValidator.waitForReady (node_modules/fhir-validator-wrapper/fhir-validator.js:152:11)
      at FhirValidator.start (node_modules/fhir-validator-wrapper/fhir-validator.js:129:5)
      at loadValidator (tx/tests/test-runner.js:135:5)
      at startTxTests (tx/tests/test-runner.js:20:5)
      at Object.<anonymous> (tests/tx/test-cases.test.js:10:5)

  ΓùÅ Tx Tests ΓÇ║ extensions ΓÇ║ validate-coding-bad-supplement

    Validator service did not become ready within 60000ms

    [0m [90m 133 |[39m         timeout[33m:[39m [35m60000[39m
     [90m 134 |[39m     }
    [31m[1m>[22m[39m[90m 135 |[39m     [36mawait[39m validator[33m.[39mstart(validatorConfig)[33m;[39m
     [90m     |[39m     [31m[1m^[22m[39m
     [90m 136 |[39m }
     [90m 137 |[39m
     [90m 138 |[39m[0m

      at FhirValidator.waitForReady (node_modules/fhir-validator-wrapper/fhir-validator.js:152:11)
      at FhirValidator.start (node_modules/fhir-validator-wrapper/fhir-validator.js:129:5)
      at loadValidator (tx/tests/test-runner.js:135:5)
      at startTxTests (tx/tests/test-runner.js:20:5)
      at Object.<anonymous> (tests/tx/test-cases.test.js:10:5)

  ΓùÅ Tx Tests ΓÇ║ extensions ΓÇ║ validate-coding-bad-supplement-url

    Validator service did not become ready within 60000ms

    [0m [90m 133 |[39m         timeout[33m:[39m [35m60000[39m
     [90m 134 |[39m     }
    [31m[1m>[22m[39m[90m 135 |[39m     [36mawait[39m validator[33m.[39mstart(validatorConfig)[33m;[39m
     [90m     |[39m     [31m[1m^[22m[39m
     [90m 136 |[39m }
     [90m 137 |[39m
     [90m 138 |[39m[0m

      at FhirValidator.waitForReady (node_modules/fhir-validator-wrapper/fhir-validator.js:152:11)
      at FhirValidator.start (node_modules/fhir-validator-wrapper/fhir-validator.js:129:5)
      at loadValidator (tx/tests/test-runner.js:135:5)
      at startTxTests (tx/tests/test-runner.js:20:5)
      at Object.<anonymous> (tests/tx/test-cases.test.js:10:5)

  ΓùÅ Tx Tests ΓÇ║ extensions ΓÇ║ validate-codeableconcept-bad-supplement

    Validator service did not become ready within 60000ms

    [0m [90m 133 |[39m         timeout[33m:[39m [35m60000[39m
     [90m 134 |[39m     }
    [31m[1m>[22m[39m[90m 135 |[39m     [36mawait[39m validator[33m.[39mstart(validatorConfig)[33m;[39m
     [90m     |[39m     [31m[1m^[22m[39m
     [90m 136 |[39m }
     [90m 137 |[39m
     [90m 138 |[39m[0m

      at FhirValidator.waitForReady (node_modules/fhir-validator-wrapper/fhir-validator.js:152:11)
      at FhirValidator.start (node_modules/fhir-validator-wrapper/fhir-validator.js:129:5)
      at loadValidator (tx/tests/test-runner.js:135:5)
      at startTxTests (tx/tests/test-runner.js:20:5)
      at Object.<anonymous> (tests/tx/test-cases.test.js:10:5)

  ΓùÅ Tx Tests ΓÇ║ extensions ΓÇ║ validate-coding-good-supplement

    Validator service did not become ready within 60000ms

    [0m [90m 133 |[39m         timeout[33m:[39m [35m60000[39m
     [90m 134 |[39m     }
    [31m[1m>[22m[39m[90m 135 |[39m     [36mawait[39m validator[33m.[39mstart(validatorConfig)[33m;[39m
     [90m     |[39m     [31m[1m^[22m[39m
     [90m 136 |[39m }
     [90m 137 |[39m
     [90m 138 |[39m[0m

      at FhirValidator.waitForReady (node_modules/fhir-validator-wrapper/fhir-validator.js:152:11)
      at FhirValidator.start (node_modules/fhir-validator-wrapper/fhir-validator.js:129:5)
      at loadValidator (tx/tests/test-runner.js:135:5)
      at startTxTests (tx/tests/test-runner.js:20:5)
      at Object.<anonymous> (tests/tx/test-cases.test.js:10:5)

  ΓùÅ Tx Tests ΓÇ║ extensions ΓÇ║ validate-coding-good2-supplement

    Validator service did not become ready within 60000ms

    [0m [90m 133 |[39m         timeout[33m:[39m [35m60000[39m
     [90m 134 |[39m     }
    [31m[1m>[22m[39m[90m 135 |[39m     [36mawait[39m validator[33m.[39mstart(validatorConfig)[33m;[39m
     [90m     |[39m     [31m[1m^[22m[39m
     [90m 136 |[39m }
     [90m 137 |[39m
     [90m 138 |[39m[0m

      at FhirValidator.waitForReady (node_modules/fhir-validator-wrapper/fhir-validator.js:152:11)
      at FhirValidator.start (node_modules/fhir-validator-wrapper/fhir-validator.js:129:5)
      at loadValidator (tx/tests/test-runner.js:135:5)
      at startTxTests (tx/tests/test-runner.js:20:5)
      at Object.<anonymous> (tests/tx/test-cases.test.js:10:5)

  ΓùÅ Tx Tests ΓÇ║ extensions ΓÇ║ validate-code-inactive-display

    Validator service did not become ready within 60000ms

    [0m [90m 133 |[39m         timeout[33m:[39m [35m60000[39m
     [90m 134 |[39m     }
    [31m[1m>[22m[39m[90m 135 |[39m     [36mawait[39m validator[33m.[39mstart(validatorConfig)[33m;[39m
     [90m     |[39m     [31m[1m^[22m[39m
     [90m 136 |[39m }
     [90m 137 |[39m
     [90m 138 |[39m[0m

      at FhirValidator.waitForReady (node_modules/fhir-validator-wrapper/fhir-validator.js:152:11)
      at FhirValidator.start (node_modules/fhir-validator-wrapper/fhir-validator.js:129:5)
      at loadValidator (tx/tests/test-runner.js:135:5)
      at startTxTests (tx/tests/test-runner.js:20:5)
      at Object.<anonymous> (tests/tx/test-cases.test.js:10:5)

  ΓùÅ Tx Tests ΓÇ║ extensions ΓÇ║ validate-code-inactive

    Validator service did not become ready within 60000ms

    [0m [90m 133 |[39m         timeout[33m:[39m [35m60000[39m
     [90m 134 |[39m     }
    [31m[1m>[22m[39m[90m 135 |[39m     [36mawait[39m validator[33m.[39mstart(validatorConfig)[33m;[39m
     [90m     |[39m     [31m[1m^[22m[39m
     [90m 136 |[39m }
     [90m 137 |[39m
     [90m 138 |[39m[0m

      at FhirValidator.waitForReady (node_modules/fhir-validator-wrapper/fhir-validator.js:152:11)
      at FhirValidator.start (node_modules/fhir-validator-wrapper/fhir-validator.js:129:5)
      at loadValidator (tx/tests/test-runner.js:135:5)
      at startTxTests (tx/tests/test-runner.js:20:5)
      at Object.<anonymous> (tests/tx/test-cases.test.js:10:5)

  ΓùÅ Tx Tests ΓÇ║ validation ΓÇ║ validation-simple-code-good

    Validator service did not become ready within 60000ms

    [0m [90m 133 |[39m         timeout[33m:[39m [35m60000[39m
     [90m 134 |[39m     }
    [31m[1m>[22m[39m[90m 135 |[39m     [36mawait[39m validator[33m.[39mstart(validatorConfig)[33m;[39m
     [90m     |[39m     [31m[1m^[22m[39m
     [90m 136 |[39m }
     [90m 137 |[39m
     [90m 138 |[39m[0m

      at FhirValidator.waitForReady (node_modules/fhir-validator-wrapper/fhir-validator.js:152:11)
      at FhirValidator.start (node_modules/fhir-validator-wrapper/fhir-validator.js:129:5)
      at loadValidator (tx/tests/test-runner.js:135:5)
      at startTxTests (tx/tests/test-runner.js:20:5)
      at Object.<anonymous> (tests/tx/test-cases.test.js:10:5)

  ΓùÅ Tx Tests ΓÇ║ validation ΓÇ║ validation-simple-code-implied-good

    Validator service did not become ready within 60000ms

    [0m [90m 133 |[39m         timeout[33m:[39m [35m60000[39m
     [90m 134 |[39m     }
    [31m[1m>[22m[39m[90m 135 |[39m     [36mawait[39m validator[33m.[39mstart(validatorConfig)[33m;[39m
     [90m     |[39m     [31m[1m^[22m[39m
     [90m 136 |[39m }
     [90m 137 |[39m
     [90m 138 |[39m[0m

      at FhirValidator.waitForReady (node_modules/fhir-validator-wrapper/fhir-validator.js:152:11)
      at FhirValidator.start (node_modules/fhir-validator-wrapper/fhir-validator.js:129:5)
      at loadValidator (tx/tests/test-runner.js:135:5)
      at startTxTests (tx/tests/test-runner.js:20:5)
      at Object.<anonymous> (tests/tx/test-cases.test.js:10:5)

  ΓùÅ Tx Tests ΓÇ║ validation ΓÇ║ validation-simple-coding-good

    Validator service did not become ready within 60000ms

    [0m [90m 133 |[39m         timeout[33m:[39m [35m60000[39m
     [90m 134 |[39m     }
    [31m[1m>[22m[39m[90m 135 |[39m     [36mawait[39m validator[33m.[39mstart(validatorConfig)[33m;[39m
     [90m     |[39m     [31m[1m^[22m[39m
     [90m 136 |[39m }
     [90m 137 |[39m
     [90m 138 |[39m[0m

      at FhirValidator.waitForReady (node_modules/fhir-validator-wrapper/fhir-validator.js:152:11)
      at FhirValidator.start (node_modules/fhir-validator-wrapper/fhir-validator.js:129:5)
      at loadValidator (tx/tests/test-runner.js:135:5)
      at startTxTests (tx/tests/test-runner.js:20:5)
      at Object.<anonymous> (tests/tx/test-cases.test.js:10:5)

  ΓùÅ Tx Tests ΓÇ║ validation ΓÇ║ validation-simple-codeableconcept-good

    Validator service did not become ready within 60000ms

    [0m [90m 133 |[39m         timeout[33m:[39m [35m60000[39m
     [90m 134 |[39m     }
    [31m[1m>[22m[39m[90m 135 |[39m     [36mawait[39m validator[33m.[39mstart(validatorConfig)[33m;[39m
     [90m     |[39m     [31m[1m^[22m[39m
     [90m 136 |[39m }
     [90m 137 |[39m
     [90m 138 |[39m[0m

      at FhirValidator.waitForReady (node_modules/fhir-validator-wrapper/fhir-validator.js:152:11)
      at FhirValidator.start (node_modules/fhir-validator-wrapper/fhir-validator.js:129:5)
      at loadValidator (tx/tests/test-runner.js:135:5)
      at startTxTests (tx/tests/test-runner.js:20:5)
      at Object.<anonymous> (tests/tx/test-cases.test.js:10:5)

  ΓùÅ Tx Tests ΓÇ║ validation ΓÇ║ validation-simple-code-bad-code

    Validator service did not become ready within 60000ms

    [0m [90m 133 |[39m         timeout[33m:[39m [35m60000[39m
     [90m 134 |[39m     }
    [31m[1m>[22m[39m[90m 135 |[39m     [36mawait[39m validator[33m.[39mstart(validatorConfig)[33m;[39m
     [90m     |[39m     [31m[1m^[22m[39m
     [90m 136 |[39m }
     [90m 137 |[39m
     [90m 138 |[39m[0m

      at FhirValidator.waitForReady (node_modules/fhir-validator-wrapper/fhir-validator.js:152:11)
      at FhirValidator.start (node_modules/fhir-validator-wrapper/fhir-validator.js:129:5)
      at loadValidator (tx/tests/test-runner.js:135:5)
      at startTxTests (tx/tests/test-runner.js:20:5)
      at Object.<anonymous> (tests/tx/test-cases.test.js:10:5)

  ΓùÅ Tx Tests ΓÇ║ validation ΓÇ║ validation-simple-code-implied-bad-code

    Validator service did not become ready within 60000ms

    [0m [90m 133 |[39m         timeout[33m:[39m [35m60000[39m
     [90m 134 |[39m     }
    [31m[1m>[22m[39m[90m 135 |[39m     [36mawait[39m validator[33m.[39mstart(validatorConfig)[33m;[39m
     [90m     |[39m     [31m[1m^[22m[39m
     [90m 136 |[39m }
     [90m 137 |[39m
     [90m 138 |[39m[0m

      at FhirValidator.waitForReady (node_modules/fhir-validator-wrapper/fhir-validator.js:152:11)
      at FhirValidator.start (node_modules/fhir-validator-wrapper/fhir-validator.js:129:5)
      at loadValidator (tx/tests/test-runner.js:135:5)
      at startTxTests (tx/tests/test-runner.js:20:5)
      at Object.<anonymous> (tests/tx/test-cases.test.js:10:5)

  ΓùÅ Tx Tests ΓÇ║ validation ΓÇ║ validation-simple-coding-bad-code

    Validator service did not become ready within 60000ms

    [0m [90m 133 |[39m         timeout[33m:[39m [35m60000[39m
     [90m 134 |[39m     }
    [31m[1m>[22m[39m[90m 135 |[39m     [36mawait[39m validator[33m.[39mstart(validatorConfig)[33m;[39m
     [90m     |[39m     [31m[1m^[22m[39m
     [90m 136 |[39m }
     [90m 137 |[39m
     [90m 138 |[39m[0m

      at FhirValidator.waitForReady (node_modules/fhir-validator-wrapper/fhir-validator.js:152:11)
      at FhirValidator.start (node_modules/fhir-validator-wrapper/fhir-validator.js:129:5)
      at loadValidator (tx/tests/test-runner.js:135:5)
      at startTxTests (tx/tests/test-runner.js:20:5)
      at Object.<anonymous> (tests/tx/test-cases.test.js:10:5)

  ΓùÅ Tx Tests ΓÇ║ validation ΓÇ║ validation-simple-coding-bad-code-inactive

    Validator service did not become ready within 60000ms

    [0m [90m 133 |[39m         timeout[33m:[39m [35m60000[39m
     [90m 134 |[39m     }
    [31m[1m>[22m[39m[90m 135 |[39m     [36mawait[39m validator[33m.[39mstart(validatorConfig)[33m;[39m
     [90m     |[39m     [31m[1m^[22m[39m
     [90m 136 |[39m }
     [90m 137 |[39m
     [90m 138 |[39m[0m

      at FhirValidator.waitForReady (node_modules/fhir-validator-wrapper/fhir-validator.js:152:11)
      at FhirValidator.start (node_modules/fhir-validator-wrapper/fhir-validator.js:129:5)
      at loadValidator (tx/tests/test-runner.js:135:5)
      at startTxTests (tx/tests/test-runner.js:20:5)
      at Object.<anonymous> (tests/tx/test-cases.test.js:10:5)

  ΓùÅ Tx Tests ΓÇ║ validation ΓÇ║ validation-simple-codeableconcept-bad-code

    Validator service did not become ready within 60000ms

    [0m [90m 133 |[39m         timeout[33m:[39m [35m60000[39m
     [90m 134 |[39m     }
    [31m[1m>[22m[39m[90m 135 |[39m     [36mawait[39m validator[33m.[39mstart(validatorConfig)[33m;[39m
     [90m     |[39m     [31m[1m^[22m[39m
     [90m 136 |[39m }
     [90m 137 |[39m
     [90m 138 |[39m[0m

      at FhirValidator.waitForReady (node_modules/fhir-validator-wrapper/fhir-validator.js:152:11)
      at FhirValidator.start (node_modules/fhir-validator-wrapper/fhir-validator.js:129:5)
      at loadValidator (tx/tests/test-runner.js:135:5)
      at startTxTests (tx/tests/test-runner.js:20:5)
      at Object.<anonymous> (tests/tx/test-cases.test.js:10:5)

  ΓùÅ Tx Tests ΓÇ║ validation ΓÇ║ validation-simple-code-bad-valueSet

    Validator service did not become ready within 60000ms

    [0m [90m 133 |[39m         timeout[33m:[39m [35m60000[39m
     [90m 134 |[39m     }
    [31m[1m>[22m[39m[90m 135 |[39m     [36mawait[39m validator[33m.[39mstart(validatorConfig)[33m;[39m
     [90m     |[39m     [31m[1m^[22m[39m
     [90m 136 |[39m }
     [90m 137 |[39m
     [90m 138 |[39m[0m

      at FhirValidator.waitForReady (node_modules/fhir-validator-wrapper/fhir-validator.js:152:11)
      at FhirValidator.start (node_modules/fhir-validator-wrapper/fhir-validator.js:129:5)
      at loadValidator (tx/tests/test-runner.js:135:5)
      at startTxTests (tx/tests/test-runner.js:20:5)
      at Object.<anonymous> (tests/tx/test-cases.test.js:10:5)

  ΓùÅ Tx Tests ΓÇ║ validation ΓÇ║ validation-simple-coding-bad-valueSet

    Validator service did not become ready within 60000ms

    [0m [90m 133 |[39m         timeout[33m:[39m [35m60000[39m
     [90m 134 |[39m     }
    [31m[1m>[22m[39m[90m 135 |[39m     [36mawait[39m validator[33m.[39mstart(validatorConfig)[33m;[39m
     [90m     |[39m     [31m[1m^[22m[39m
     [90m 136 |[39m }
     [90m 137 |[39m
     [90m 138 |[39m[0m

      at FhirValidator.waitForReady (node_modules/fhir-validator-wrapper/fhir-validator.js:152:11)
      at FhirValidator.start (node_modules/fhir-validator-wrapper/fhir-validator.js:129:5)
      at loadValidator (tx/tests/test-runner.js:135:5)
      at startTxTests (tx/tests/test-runner.js:20:5)
      at Object.<anonymous> (tests/tx/test-cases.test.js:10:5)

  ΓùÅ Tx Tests ΓÇ║ validation ΓÇ║ validation-simple-codeableconcept-bad-valueSet

    Validator service did not become ready within 60000ms

    [0m [90m 133 |[39m         timeout[33m:[39m [35m60000[39m
     [90m 134 |[39m     }
    [31m[1m>[22m[39m[90m 135 |[39m     [36mawait[39m validator[33m.[39mstart(validatorConfig)[33m;[39m
     [90m     |[39m     [31m[1m^[22m[39m
     [90m 136 |[39m }
     [90m 137 |[39m
     [90m 138 |[39m[0m

      at FhirValidator.waitForReady (node_modules/fhir-validator-wrapper/fhir-validator.js:152:11)
      at FhirValidator.start (node_modules/fhir-validator-wrapper/fhir-validator.js:129:5)
      at loadValidator (tx/tests/test-runner.js:135:5)
      at startTxTests (tx/tests/test-runner.js:20:5)
      at Object.<anonymous> (tests/tx/test-cases.test.js:10:5)

  ΓùÅ Tx Tests ΓÇ║ validation ΓÇ║ validation-simple-code-bad-import

    Validator service did not become ready within 60000ms

    [0m [90m 133 |[39m         timeout[33m:[39m [35m60000[39m
     [90m 134 |[39m     }
    [31m[1m>[22m[39m[90m 135 |[39m     [36mawait[39m validator[33m.[39mstart(validatorConfig)[33m;[39m
     [90m     |[39m     [31m[1m^[22m[39m
     [90m 136 |[39m }
     [90m 137 |[39m
     [90m 138 |[39m[0m

      at FhirValidator.waitForReady (node_modules/fhir-validator-wrapper/fhir-validator.js:152:11)
      at FhirValidator.start (node_modules/fhir-validator-wrapper/fhir-validator.js:129:5)
      at loadValidator (tx/tests/test-runner.js:135:5)
      at startTxTests (tx/tests/test-runner.js:20:5)
      at Object.<anonymous> (tests/tx/test-cases.test.js:10:5)

  ΓùÅ Tx Tests ΓÇ║ validation ΓÇ║ validation-simple-coding-bad-import

    Validator service did not become ready within 60000ms

    [0m [90m 133 |[39m         timeout[33m:[39m [35m60000[39m
     [90m 134 |[39m     }
    [31m[1m>[22m[39m[90m 135 |[39m     [36mawait[39m validator[33m.[39mstart(validatorConfig)[33m;[39m
     [90m     |[39m     [31m[1m^[22m[39m
     [90m 136 |[39m }
     [90m 137 |[39m
     [90m 138 |[39m[0m

      at FhirValidator.waitForReady (node_modules/fhir-validator-wrapper/fhir-validator.js:152:11)
      at FhirValidator.start (node_modules/fhir-validator-wrapper/fhir-validator.js:129:5)
      at loadValidator (tx/tests/test-runner.js:135:5)
      at startTxTests (tx/tests/test-runner.js:20:5)
      at Object.<anonymous> (tests/tx/test-cases.test.js:10:5)

  ΓùÅ Tx Tests ΓÇ║ validation ΓÇ║ validation-simple-codeableconcept-bad-import

    Validator service did not become ready within 60000ms

    [0m [90m 133 |[39m         timeout[33m:[39m [35m60000[39m
     [90m 134 |[39m     }
    [31m[1m>[22m[39m[90m 135 |[39m     [36mawait[39m validator[33m.[39mstart(validatorConfig)[33m;[39m
     [90m     |[39m     [31m[1m^[22m[39m
     [90m 136 |[39m }
     [90m 137 |[39m
     [90m 138 |[39m[0m

      at FhirValidator.waitForReady (node_modules/fhir-validator-wrapper/fhir-validator.js:152:11)
      at FhirValidator.start (node_modules/fhir-validator-wrapper/fhir-validator.js:129:5)
      at loadValidator (tx/tests/test-runner.js:135:5)
      at startTxTests (tx/tests/test-runner.js:20:5)
      at Object.<anonymous> (tests/tx/test-cases.test.js:10:5)

  ΓùÅ Tx Tests ΓÇ║ validation ΓÇ║ validation-simple-code-bad-system

    Validator service did not become ready within 60000ms

    [0m [90m 133 |[39m         timeout[33m:[39m [35m60000[39m
     [90m 134 |[39m     }
    [31m[1m>[22m[39m[90m 135 |[39m     [36mawait[39m validator[33m.[39mstart(validatorConfig)[33m;[39m
     [90m     |[39m     [31m[1m^[22m[39m
     [90m 136 |[39m }
     [90m 137 |[39m
     [90m 138 |[39m[0m

      at FhirValidator.waitForReady (node_modules/fhir-validator-wrapper/fhir-validator.js:152:11)
      at FhirValidator.start (node_modules/fhir-validator-wrapper/fhir-validator.js:129:5)
      at loadValidator (tx/tests/test-runner.js:135:5)
      at startTxTests (tx/tests/test-runner.js:20:5)
      at Object.<anonymous> (tests/tx/test-cases.test.js:10:5)

  ΓùÅ Tx Tests ΓÇ║ validation ΓÇ║ validation-simple-coding-bad-system

    Validator service did not become ready within 60000ms

    [0m [90m 133 |[39m         timeout[33m:[39m [35m60000[39m
     [90m 134 |[39m     }
    [31m[1m>[22m[39m[90m 135 |[39m     [36mawait[39m validator[33m.[39mstart(validatorConfig)[33m;[39m
     [90m     |[39m     [31m[1m^[22m[39m
     [90m 136 |[39m }
     [90m 137 |[39m
     [90m 138 |[39m[0m

      at FhirValidator.waitForReady (node_modules/fhir-validator-wrapper/fhir-validator.js:152:11)
      at FhirValidator.start (node_modules/fhir-validator-wrapper/fhir-validator.js:129:5)
      at loadValidator (tx/tests/test-runner.js:135:5)
      at startTxTests (tx/tests/test-runner.js:20:5)
      at Object.<anonymous> (tests/tx/test-cases.test.js:10:5)

  ΓùÅ Tx Tests ΓÇ║ validation ΓÇ║ validation-simple-coding-bad-system2

    Validator service did not become ready within 60000ms

    [0m [90m 133 |[39m         timeout[33m:[39m [35m60000[39m
     [90m 134 |[39m     }
    [31m[1m>[22m[39m[90m 135 |[39m     [36mawait[39m validator[33m.[39mstart(validatorConfig)[33m;[39m
     [90m     |[39m     [31m[1m^[22m[39m
     [90m 136 |[39m }
     [90m 137 |[39m
     [90m 138 |[39m[0m

      at FhirValidator.waitForReady (node_modules/fhir-validator-wrapper/fhir-validator.js:152:11)
      at FhirValidator.start (node_modules/fhir-validator-wrapper/fhir-validator.js:129:5)
      at loadValidator (tx/tests/test-runner.js:135:5)
      at startTxTests (tx/tests/test-runner.js:20:5)
      at Object.<anonymous> (tests/tx/test-cases.test.js:10:5)

  ΓùÅ Tx Tests ΓÇ║ validation ΓÇ║ validation-simple-coding-bad-system-local

    Validator service did not become ready within 60000ms

    [0m [90m 133 |[39m         timeout[33m:[39m [35m60000[39m
     [90m 134 |[39m     }
    [31m[1m>[22m[39m[90m 135 |[39m     [36mawait[39m validator[33m.[39mstart(validatorConfig)[33m;[39m
     [90m     |[39m     [31m[1m^[22m[39m
     [90m 136 |[39m }
     [90m 137 |[39m
     [90m 138 |[39m[0m

      at FhirValidator.waitForReady (node_modules/fhir-validator-wrapper/fhir-validator.js:152:11)
      at FhirValidator.start (node_modules/fhir-validator-wrapper/fhir-validator.js:129:5)
      at loadValidator (tx/tests/test-runner.js:135:5)
      at startTxTests (tx/tests/test-runner.js:20:5)
      at Object.<anonymous> (tests/tx/test-cases.test.js:10:5)

  ΓùÅ Tx Tests ΓÇ║ validation ΓÇ║ validation-simple-coding-no-system

    Validator service did not become ready within 60000ms

    [0m [90m 133 |[39m         timeout[33m:[39m [35m60000[39m
     [90m 134 |[39m     }
    [31m[1m>[22m[39m[90m 135 |[39m     [36mawait[39m validator[33m.[39mstart(validatorConfig)[33m;[39m
     [90m     |[39m     [31m[1m^[22m[39m
     [90m 136 |[39m }
     [90m 137 |[39m
     [90m 138 |[39m[0m

      at FhirValidator.waitForReady (node_modules/fhir-validator-wrapper/fhir-validator.js:152:11)
      at FhirValidator.start (node_modules/fhir-validator-wrapper/fhir-validator.js:129:5)
      at loadValidator (tx/tests/test-runner.js:135:5)
      at startTxTests (tx/tests/test-runner.js:20:5)
      at Object.<anonymous> (tests/tx/test-cases.test.js:10:5)

  ΓùÅ Tx Tests ΓÇ║ validation ΓÇ║ validation-simple-codeableconcept-bad-system

    Validator service did not become ready within 60000ms

    [0m [90m 133 |[39m         timeout[33m:[39m [35m60000[39m
     [90m 134 |[39m     }
    [31m[1m>[22m[39m[90m 135 |[39m     [36mawait[39m validator[33m.[39mstart(validatorConfig)[33m;[39m
     [90m     |[39m     [31m[1m^[22m[39m
     [90m 136 |[39m }
     [90m 137 |[39m
     [90m 138 |[39m[0m

      at FhirValidator.waitForReady (node_modules/fhir-validator-wrapper/fhir-validator.js:152:11)
      at FhirValidator.start (node_modules/fhir-validator-wrapper/fhir-validator.js:129:5)
      at loadValidator (tx/tests/test-runner.js:135:5)
      at startTxTests (tx/tests/test-runner.js:20:5)
      at Object.<anonymous> (tests/tx/test-cases.test.js:10:5)

  ΓùÅ Tx Tests ΓÇ║ validation ΓÇ║ validation-simple-code-good-display

    Validator service did not become ready within 60000ms

    [0m [90m 133 |[39m         timeout[33m:[39m [35m60000[39m
     [90m 134 |[39m     }
    [31m[1m>[22m[39m[90m 135 |[39m     [36mawait[39m validator[33m.[39mstart(validatorConfig)[33m;[39m
     [90m     |[39m     [31m[1m^[22m[39m
     [90m 136 |[39m }
     [90m 137 |[39m
     [90m 138 |[39m[0m

      at FhirValidator.waitForReady (node_modules/fhir-validator-wrapper/fhir-validator.js:152:11)
      at FhirValidator.start (node_modules/fhir-validator-wrapper/fhir-validator.js:129:5)
      at loadValidator (tx/tests/test-runner.js:135:5)
      at startTxTests (tx/tests/test-runner.js:20:5)
      at Object.<anonymous> (tests/tx/test-cases.test.js:10:5)

  ΓùÅ Tx Tests ΓÇ║ validation ΓÇ║ validation-simple-coding-good-display

    Validator service did not become ready within 60000ms

    [0m [90m 133 |[39m         timeout[33m:[39m [35m60000[39m
     [90m 134 |[39m     }
    [31m[1m>[22m[39m[90m 135 |[39m     [36mawait[39m validator[33m.[39mstart(validatorConfig)[33m;[39m
     [90m     |[39m     [31m[1m^[22m[39m
     [90m 136 |[39m }
     [90m 137 |[39m
     [90m 138 |[39m[0m

      at FhirValidator.waitForReady (node_modules/fhir-validator-wrapper/fhir-validator.js:152:11)
      at FhirValidator.start (node_modules/fhir-validator-wrapper/fhir-validator.js:129:5)
      at loadValidator (tx/tests/test-runner.js:135:5)
      at startTxTests (tx/tests/test-runner.js:20:5)
      at Object.<anonymous> (tests/tx/test-cases.test.js:10:5)

  ΓùÅ Tx Tests ΓÇ║ validation ΓÇ║ validation-simple-codeableconcept-good-display

    Validator service did not become ready within 60000ms

    [0m [90m 133 |[39m         timeout[33m:[39m [35m60000[39m
     [90m 134 |[39m     }
    [31m[1m>[22m[39m[90m 135 |[39m     [36mawait[39m validator[33m.[39mstart(validatorConfig)[33m;[39m
     [90m     |[39m     [31m[1m^[22m[39m
     [90m 136 |[39m }
     [90m 137 |[39m
     [90m 138 |[39m[0m

      at FhirValidator.waitForReady (node_modules/fhir-validator-wrapper/fhir-validator.js:152:11)
      at FhirValidator.start (node_modules/fhir-validator-wrapper/fhir-validator.js:129:5)
      at loadValidator (tx/tests/test-runner.js:135:5)
      at startTxTests (tx/tests/test-runner.js:20:5)
      at Object.<anonymous> (tests/tx/test-cases.test.js:10:5)

  ΓùÅ Tx Tests ΓÇ║ validation ΓÇ║ validation-simple-code-bad-display

    Validator service did not become ready within 60000ms

    [0m [90m 133 |[39m         timeout[33m:[39m [35m60000[39m
     [90m 134 |[39m     }
    [31m[1m>[22m[39m[90m 135 |[39m     [36mawait[39m validator[33m.[39mstart(validatorConfig)[33m;[39m
     [90m     |[39m     [31m[1m^[22m[39m
     [90m 136 |[39m }
     [90m 137 |[39m
     [90m 138 |[39m[0m

      at FhirValidator.waitForReady (node_modules/fhir-validator-wrapper/fhir-validator.js:152:11)
      at FhirValidator.start (node_modules/fhir-validator-wrapper/fhir-validator.js:129:5)
      at loadValidator (tx/tests/test-runner.js:135:5)
      at startTxTests (tx/tests/test-runner.js:20:5)
      at Object.<anonymous> (tests/tx/test-cases.test.js:10:5)

  ΓùÅ Tx Tests ΓÇ║ validation ΓÇ║ validation-simple-code-bad-display-ws

    Validator service did not become ready within 60000ms

    [0m [90m 133 |[39m         timeout[33m:[39m [35m60000[39m
     [90m 134 |[39m     }
    [31m[1m>[22m[39m[90m 135 |[39m     [36mawait[39m validator[33m.[39mstart(validatorConfig)[33m;[39m
     [90m     |[39m     [31m[1m^[22m[39m
     [90m 136 |[39m }
     [90m 137 |[39m
     [90m 138 |[39m[0m

      at FhirValidator.waitForReady (node_modules/fhir-validator-wrapper/fhir-validator.js:152:11)
      at FhirValidator.start (node_modules/fhir-validator-wrapper/fhir-validator.js:129:5)
      at loadValidator (tx/tests/test-runner.js:135:5)
      at startTxTests (tx/tests/test-runner.js:20:5)
      at Object.<anonymous> (tests/tx/test-cases.test.js:10:5)

  ΓùÅ Tx Tests ΓÇ║ validation ΓÇ║ validation-simple-coding-bad-display

    Validator service did not become ready within 60000ms

    [0m [90m 133 |[39m         timeout[33m:[39m [35m60000[39m
     [90m 134 |[39m     }
    [31m[1m>[22m[39m[90m 135 |[39m     [36mawait[39m validator[33m.[39mstart(validatorConfig)[33m;[39m
     [90m     |[39m     [31m[1m^[22m[39m
     [90m 136 |[39m }
     [90m 137 |[39m
     [90m 138 |[39m[0m

      at FhirValidator.waitForReady (node_modules/fhir-validator-wrapper/fhir-validator.js:152:11)
      at FhirValidator.start (node_modules/fhir-validator-wrapper/fhir-validator.js:129:5)
      at loadValidator (tx/tests/test-runner.js:135:5)
      at startTxTests (tx/tests/test-runner.js:20:5)
      at Object.<anonymous> (tests/tx/test-cases.test.js:10:5)

  ΓùÅ Tx Tests ΓÇ║ validation ΓÇ║ validation-simple-codeableconcept-bad-display

    Validator service did not become ready within 60000ms

    [0m [90m 133 |[39m         timeout[33m:[39m [35m60000[39m
     [90m 134 |[39m     }
    [31m[1m>[22m[39m[90m 135 |[39m     [36mawait[39m validator[33m.[39mstart(validatorConfig)[33m;[39m
     [90m     |[39m     [31m[1m^[22m[39m
     [90m 136 |[39m }
     [90m 137 |[39m
     [90m 138 |[39m[0m

      at FhirValidator.waitForReady (node_modules/fhir-validator-wrapper/fhir-validator.js:152:11)
      at FhirValidator.start (node_modules/fhir-validator-wrapper/fhir-validator.js:129:5)
      at loadValidator (tx/tests/test-runner.js:135:5)
      at startTxTests (tx/tests/test-runner.js:20:5)
      at Object.<anonymous> (tests/tx/test-cases.test.js:10:5)

  ΓùÅ Tx Tests ΓÇ║ validation ΓÇ║ validation-simple-code-bad-display-warning

    Validator service did not become ready within 60000ms

    [0m [90m 133 |[39m         timeout[33m:[39m [35m60000[39m
     [90m 134 |[39m     }
    [31m[1m>[22m[39m[90m 135 |[39m     [36mawait[39m validator[33m.[39mstart(validatorConfig)[33m;[39m
     [90m     |[39m     [31m[1m^[22m[39m
     [90m 136 |[39m }
     [90m 137 |[39m
     [90m 138 |[39m[0m

      at FhirValidator.waitForReady (node_modules/fhir-validator-wrapper/fhir-validator.js:152:11)
      at FhirValidator.start (node_modules/fhir-validator-wrapper/fhir-validator.js:129:5)
      at loadValidator (tx/tests/test-runner.js:135:5)
      at startTxTests (tx/tests/test-runner.js:20:5)
      at Object.<anonymous> (tests/tx/test-cases.test.js:10:5)

  ΓùÅ Tx Tests ΓÇ║ validation ΓÇ║ validation-simple-coding-bad-display-warning

    Validator service did not become ready within 60000ms

    [0m [90m 133 |[39m         timeout[33m:[39m [35m60000[39m
     [90m 134 |[39m     }
    [31m[1m>[22m[39m[90m 135 |[39m     [36mawait[39m validator[33m.[39mstart(validatorConfig)[33m;[39m
     [90m     |[39m     [31m[1m^[22m[39m
     [90m 136 |[39m }
     [90m 137 |[39m
     [90m 138 |[39m[0m

      at FhirValidator.waitForReady (node_modules/fhir-validator-wrapper/fhir-validator.js:152:11)
      at FhirValidator.start (node_modules/fhir-validator-wrapper/fhir-validator.js:129:5)
      at loadValidator (tx/tests/test-runner.js:135:5)
      at startTxTests (tx/tests/test-runner.js:20:5)
      at Object.<anonymous> (tests/tx/test-cases.test.js:10:5)

  ΓùÅ Tx Tests ΓÇ║ validation ΓÇ║ validation-simple-codeableconcept-bad-display-warning

    Validator service did not become ready within 60000ms

    [0m [90m 133 |[39m         timeout[33m:[39m [35m60000[39m
     [90m 134 |[39m     }
    [31m[1m>[22m[39m[90m 135 |[39m     [36mawait[39m validator[33m.[39mstart(validatorConfig)[33m;[39m
     [90m     |[39m     [31m[1m^[22m[39m
     [90m 136 |[39m }
     [90m 137 |[39m
     [90m 138 |[39m[0m

      at FhirValidator.waitForReady (node_modules/fhir-validator-wrapper/fhir-validator.js:152:11)
      at FhirValidator.start (node_modules/fhir-validator-wrapper/fhir-validator.js:129:5)
      at loadValidator (tx/tests/test-runner.js:135:5)
      at startTxTests (tx/tests/test-runner.js:20:5)
      at Object.<anonymous> (tests/tx/test-cases.test.js:10:5)

  ΓùÅ Tx Tests ΓÇ║ validation ΓÇ║ validation-simple-code-good-language

    Validator service did not become ready within 60000ms

    [0m [90m 133 |[39m         timeout[33m:[39m [35m60000[39m
     [90m 134 |[39m     }
    [31m[1m>[22m[39m[90m 135 |[39m     [36mawait[39m validator[33m.[39mstart(validatorConfig)[33m;[39m
     [90m     |[39m     [31m[1m^[22m[39m
     [90m 136 |[39m }
     [90m 137 |[39m
     [90m 138 |[39m[0m

      at FhirValidator.waitForReady (node_modules/fhir-validator-wrapper/fhir-validator.js:152:11)
      at FhirValidator.start (node_modules/fhir-validator-wrapper/fhir-validator.js:129:5)
      at loadValidator (tx/tests/test-runner.js:135:5)
      at startTxTests (tx/tests/test-runner.js:20:5)
      at Object.<anonymous> (tests/tx/test-cases.test.js:10:5)

  ΓùÅ Tx Tests ΓÇ║ validation ΓÇ║ validation-simple-coding-good-language

    Validator service did not become ready within 60000ms

    [0m [90m 133 |[39m         timeout[33m:[39m [35m60000[39m
     [90m 134 |[39m     }
    [31m[1m>[22m[39m[90m 135 |[39m     [36mawait[39m validator[33m.[39mstart(validatorConfig)[33m;[39m
     [90m     |[39m     [31m[1m^[22m[39m
     [90m 136 |[39m }
     [90m 137 |[39m
     [90m 138 |[39m[0m

      at FhirValidator.waitForReady (node_modules/fhir-validator-wrapper/fhir-validator.js:152:11)
      at FhirValidator.start (node_modules/fhir-validator-wrapper/fhir-validator.js:129:5)
      at loadValidator (tx/tests/test-runner.js:135:5)
      at startTxTests (tx/tests/test-runner.js:20:5)
      at Object.<anonymous> (tests/tx/test-cases.test.js:10:5)

  ΓùÅ Tx Tests ΓÇ║ validation ΓÇ║ validation-simple-codeableconcept-good-language

    Validator service did not become ready within 60000ms

    [0m [90m 133 |[39m         timeout[33m:[39m [35m60000[39m
     [90m 134 |[39m     }
    [31m[1m>[22m[39m[90m 135 |[39m     [36mawait[39m validator[33m.[39mstart(validatorConfig)[33m;[39m
     [90m     |[39m     [31m[1m^[22m[39m
     [90m 136 |[39m }
     [90m 137 |[39m
     [90m 138 |[39m[0m

      at FhirValidator.waitForReady (node_modules/fhir-validator-wrapper/fhir-validator.js:152:11)
      at FhirValidator.start (node_modules/fhir-validator-wrapper/fhir-validator.js:129:5)
      at loadValidator (tx/tests/test-runner.js:135:5)
      at startTxTests (tx/tests/test-runner.js:20:5)
      at Object.<anonymous> (tests/tx/test-cases.test.js:10:5)

  ΓùÅ Tx Tests ΓÇ║ validation ΓÇ║ validation-simple-code-bad-language

    Validator service did not become ready within 60000ms

    [0m [90m 133 |[39m         timeout[33m:[39m [35m60000[39m
     [90m 134 |[39m     }
    [31m[1m>[22m[39m[90m 135 |[39m     [36mawait[39m validator[33m.[39mstart(validatorConfig)[33m;[39m
     [90m     |[39m     [31m[1m^[22m[39m
     [90m 136 |[39m }
     [90m 137 |[39m
     [90m 138 |[39m[0m

      at FhirValidator.waitForReady (node_modules/fhir-validator-wrapper/fhir-validator.js:152:11)
      at FhirValidator.start (node_modules/fhir-validator-wrapper/fhir-validator.js:129:5)
      at loadValidator (tx/tests/test-runner.js:135:5)
      at startTxTests (tx/tests/test-runner.js:20:5)
      at Object.<anonymous> (tests/tx/test-cases.test.js:10:5)

  ΓùÅ Tx Tests ΓÇ║ validation ΓÇ║ validation-simple-code-good-regex

    Validator service did not become ready within 60000ms

    [0m [90m 133 |[39m         timeout[33m:[39m [35m60000[39m
     [90m 134 |[39m     }
    [31m[1m>[22m[39m[90m 135 |[39m     [36mawait[39m validator[33m.[39mstart(validatorConfig)[33m;[39m
     [90m     |[39m     [31m[1m^[22m[39m
     [90m 136 |[39m }
     [90m 137 |[39m
     [90m 138 |[39m[0m

      at FhirValidator.waitForReady (node_modules/fhir-validator-wrapper/fhir-validator.js:152:11)
      at FhirValidator.start (node_modules/fhir-validator-wrapper/fhir-validator.js:129:5)
      at loadValidator (tx/tests/test-runner.js:135:5)
      at startTxTests (tx/tests/test-runner.js:20:5)
      at Object.<anonymous> (tests/tx/test-cases.test.js:10:5)

  ΓùÅ Tx Tests ΓÇ║ validation ΓÇ║ validation-simple-code-bad-regex

    Validator service did not become ready within 60000ms

    [0m [90m 133 |[39m         timeout[33m:[39m [35m60000[39m
     [90m 134 |[39m     }
    [31m[1m>[22m[39m[90m 135 |[39m     [36mawait[39m validator[33m.[39mstart(validatorConfig)[33m;[39m
     [90m     |[39m     [31m[1m^[22m[39m
     [90m 136 |[39m }
     [90m 137 |[39m
     [90m 138 |[39m[0m

      at FhirValidator.waitForReady (node_modules/fhir-validator-wrapper/fhir-validator.js:152:11)
      at FhirValidator.start (node_modules/fhir-validator-wrapper/fhir-validator.js:129:5)
      at loadValidator (tx/tests/test-runner.js:135:5)
      at startTxTests (tx/tests/test-runner.js:20:5)
      at Object.<anonymous> (tests/tx/test-cases.test.js:10:5)

  ΓùÅ Tx Tests ΓÇ║ validation ΓÇ║ validation-simple-coding-bad-language

    Validator service did not become ready within 60000ms

    [0m [90m 133 |[39m         timeout[33m:[39m [35m60000[39m
     [90m 134 |[39m     }
    [31m[1m>[22m[39m[90m 135 |[39m     [36mawait[39m validator[33m.[39mstart(validatorConfig)[33m;[39m
     [90m     |[39m     [31m[1m^[22m[39m
     [90m 136 |[39m }
     [90m 137 |[39m
     [90m 138 |[39m[0m

      at FhirValidator.waitForReady (node_modules/fhir-validator-wrapper/fhir-validator.js:152:11)
      at FhirValidator.start (node_modules/fhir-validator-wrapper/fhir-validator.js:129:5)
      at loadValidator (tx/tests/test-runner.js:135:5)
      at startTxTests (tx/tests/test-runner.js:20:5)
      at Object.<anonymous> (tests/tx/test-cases.test.js:10:5)

  ΓùÅ Tx Tests ΓÇ║ validation ΓÇ║ validation-simple-coding-bad-language-header

    Validator service did not become ready within 60000ms

    [0m [90m 133 |[39m         timeout[33m:[39m [35m60000[39m
     [90m 134 |[39m     }
    [31m[1m>[22m[39m[90m 135 |[39m     [36mawait[39m validator[33m.[39mstart(validatorConfig)[33m;[39m
     [90m     |[39m     [31m[1m^[22m[39m
     [90m 136 |[39m }
     [90m 137 |[39m
     [90m 138 |[39m[0m

      at FhirValidator.waitForReady (node_modules/fhir-validator-wrapper/fhir-validator.js:152:11)
      at FhirValidator.start (node_modules/fhir-validator-wrapper/fhir-validator.js:129:5)
      at loadValidator (tx/tests/test-runner.js:135:5)
      at startTxTests (tx/tests/test-runner.js:20:5)
      at Object.<anonymous> (tests/tx/test-cases.test.js:10:5)

  ΓùÅ Tx Tests ΓÇ║ validation ΓÇ║ validation-simple-coding-bad-language-vs

    Validator service did not become ready within 60000ms

    [0m [90m 133 |[39m         timeout[33m:[39m [35m60000[39m
     [90m 134 |[39m     }
    [31m[1m>[22m[39m[90m 135 |[39m     [36mawait[39m validator[33m.[39mstart(validatorConfig)[33m;[39m
     [90m     |[39m     [31m[1m^[22m[39m
     [90m 136 |[39m }
     [90m 137 |[39m
     [90m 138 |[39m[0m

      at FhirValidator.waitForReady (node_modules/fhir-validator-wrapper/fhir-validator.js:152:11)
      at FhirValidator.start (node_modules/fhir-validator-wrapper/fhir-validator.js:129:5)
      at loadValidator (tx/tests/test-runner.js:135:5)
      at startTxTests (tx/tests/test-runner.js:20:5)
      at Object.<anonymous> (tests/tx/test-cases.test.js:10:5)

  ΓùÅ Tx Tests ΓÇ║ validation ΓÇ║ validation-simple-coding-bad-language-vslang

    Validator service did not become ready within 60000ms

    [0m [90m 133 |[39m         timeout[33m:[39m [35m60000[39m
     [90m 134 |[39m     }
    [31m[1m>[22m[39m[90m 135 |[39m     [36mawait[39m validator[33m.[39mstart(validatorConfig)[33m;[39m
     [90m     |[39m     [31m[1m^[22m[39m
     [90m 136 |[39m }
     [90m 137 |[39m
     [90m 138 |[39m[0m

      at FhirValidator.waitForReady (node_modules/fhir-validator-wrapper/fhir-validator.js:152:11)
      at FhirValidator.start (node_modules/fhir-validator-wrapper/fhir-validator.js:129:5)
      at loadValidator (tx/tests/test-runner.js:135:5)
      at startTxTests (tx/tests/test-runner.js:20:5)
      at Object.<anonymous> (tests/tx/test-cases.test.js:10:5)

  ΓùÅ Tx Tests ΓÇ║ validation ΓÇ║ validation-simple-codeableconcept-bad-language

    Validator service did not become ready within 60000ms

    [0m [90m 133 |[39m         timeout[33m:[39m [35m60000[39m
     [90m 134 |[39m     }
    [31m[1m>[22m[39m[90m 135 |[39m     [36mawait[39m validator[33m.[39mstart(validatorConfig)[33m;[39m
     [90m     |[39m     [31m[1m^[22m[39m
     [90m 136 |[39m }
     [90m 137 |[39m
     [90m 138 |[39m[0m

      at FhirValidator.waitForReady (node_modules/fhir-validator-wrapper/fhir-validator.js:152:11)
      at FhirValidator.start (node_modules/fhir-validator-wrapper/fhir-validator.js:129:5)
      at loadValidator (tx/tests/test-runner.js:135:5)
      at startTxTests (tx/tests/test-runner.js:20:5)
      at Object.<anonymous> (tests/tx/test-cases.test.js:10:5)

  ΓùÅ Tx Tests ΓÇ║ validation ΓÇ║ validation-complex-codeableconcept-full

    Validator service did not become ready within 60000ms

    [0m [90m 133 |[39m         timeout[33m:[39m [35m60000[39m
     [90m 134 |[39m     }
    [31m[1m>[22m[39m[90m 135 |[39m     [36mawait[39m validator[33m.[39mstart(validatorConfig)[33m;[39m
     [90m     |[39m     [31m[1m^[22m[39m
     [90m 136 |[39m }
     [90m 137 |[39m
     [90m 138 |[39m[0m

      at FhirValidator.waitForReady (node_modules/fhir-validator-wrapper/fhir-validator.js:152:11)
      at FhirValidator.start (node_modules/fhir-validator-wrapper/fhir-validator.js:129:5)
      at loadValidator (tx/tests/test-runner.js:135:5)
      at startTxTests (tx/tests/test-runner.js:20:5)
      at Object.<anonymous> (tests/tx/test-cases.test.js:10:5)

  ΓùÅ Tx Tests ΓÇ║ validation ΓÇ║ validation-complex-codeableconcept-vsonly

    Validator service did not become ready within 60000ms

    [0m [90m 133 |[39m         timeout[33m:[39m [35m60000[39m
     [90m 134 |[39m     }
    [31m[1m>[22m[39m[90m 135 |[39m     [36mawait[39m validator[33m.[39mstart(validatorConfig)[33m;[39m
     [90m     |[39m     [31m[1m^[22m[39m
     [90m 136 |[39m }
     [90m 137 |[39m
     [90m 138 |[39m[0m

      at FhirValidator.waitForReady (node_modules/fhir-validator-wrapper/fhir-validator.js:152:11)
      at FhirValidator.start (node_modules/fhir-validator-wrapper/fhir-validator.js:129:5)
      at loadValidator (tx/tests/test-runner.js:135:5)
      at startTxTests (tx/tests/test-runner.js:20:5)
      at Object.<anonymous> (tests/tx/test-cases.test.js:10:5)

  ΓùÅ Tx Tests ΓÇ║ validation ΓÇ║ validation-cs-code-good

    Validator service did not become ready within 60000ms

    [0m [90m 133 |[39m         timeout[33m:[39m [35m60000[39m
     [90m 134 |[39m     }
    [31m[1m>[22m[39m[90m 135 |[39m     [36mawait[39m validator[33m.[39mstart(validatorConfig)[33m;[39m
     [90m     |[39m     [31m[1m^[22m[39m
     [90m 136 |[39m }
     [90m 137 |[39m
     [90m 138 |[39m[0m

      at FhirValidator.waitForReady (node_modules/fhir-validator-wrapper/fhir-validator.js:152:11)
      at FhirValidator.start (node_modules/fhir-validator-wrapper/fhir-validator.js:129:5)
      at loadValidator (tx/tests/test-runner.js:135:5)
      at startTxTests (tx/tests/test-runner.js:20:5)
      at Object.<anonymous> (tests/tx/test-cases.test.js:10:5)

  ΓùÅ Tx Tests ΓÇ║ validation ΓÇ║ validation-cs-code-bad-code

    Validator service did not become ready within 60000ms

    [0m [90m 133 |[39m         timeout[33m:[39m [35m60000[39m
     [90m 134 |[39m     }
    [31m[1m>[22m[39m[90m 135 |[39m     [36mawait[39m validator[33m.[39mstart(validatorConfig)[33m;[39m
     [90m     |[39m     [31m[1m^[22m[39m
     [90m 136 |[39m }
     [90m 137 |[39m
     [90m 138 |[39m[0m

      at FhirValidator.waitForReady (node_modules/fhir-validator-wrapper/fhir-validator.js:152:11)
      at FhirValidator.start (node_modules/fhir-validator-wrapper/fhir-validator.js:129:5)
      at loadValidator (tx/tests/test-runner.js:135:5)
      at startTxTests (tx/tests/test-runner.js:20:5)
      at Object.<anonymous> (tests/tx/test-cases.test.js:10:5)

  ΓùÅ Tx Tests ΓÇ║ version ΓÇ║ version-simple-code-bad-version1

    Validator service did not become ready within 60000ms

    [0m [90m 133 |[39m         timeout[33m:[39m [35m60000[39m
     [90m 134 |[39m     }
    [31m[1m>[22m[39m[90m 135 |[39m     [36mawait[39m validator[33m.[39mstart(validatorConfig)[33m;[39m
     [90m     |[39m     [31m[1m^[22m[39m
     [90m 136 |[39m }
     [90m 137 |[39m
     [90m 138 |[39m[0m

      at FhirValidator.waitForReady (node_modules/fhir-validator-wrapper/fhir-validator.js:152:11)
      at FhirValidator.start (node_modules/fhir-validator-wrapper/fhir-validator.js:129:5)
      at loadValidator (tx/tests/test-runner.js:135:5)
      at startTxTests (tx/tests/test-runner.js:20:5)
      at Object.<anonymous> (tests/tx/test-cases.test.js:10:5)

  ΓùÅ Tx Tests ΓÇ║ version ΓÇ║ version-simple-coding-bad-version1

    Validator service did not become ready within 60000ms

    [0m [90m 133 |[39m         timeout[33m:[39m [35m60000[39m
     [90m 134 |[39m     }
    [31m[1m>[22m[39m[90m 135 |[39m     [36mawait[39m validator[33m.[39mstart(validatorConfig)[33m;[39m
     [90m     |[39m     [31m[1m^[22m[39m
     [90m 136 |[39m }
     [90m 137 |[39m
     [90m 138 |[39m[0m

      at FhirValidator.waitForReady (node_modules/fhir-validator-wrapper/fhir-validator.js:152:11)
      at FhirValidator.start (node_modules/fhir-validator-wrapper/fhir-validator.js:129:5)
      at loadValidator (tx/tests/test-runner.js:135:5)
      at startTxTests (tx/tests/test-runner.js:20:5)
      at Object.<anonymous> (tests/tx/test-cases.test.js:10:5)

  ΓùÅ Tx Tests ΓÇ║ version ΓÇ║ version-simple-codeableconcept-bad-version1

    Validator service did not become ready within 60000ms

    [0m [90m 133 |[39m         timeout[33m:[39m [35m60000[39m
     [90m 134 |[39m     }
    [31m[1m>[22m[39m[90m 135 |[39m     [36mawait[39m validator[33m.[39mstart(validatorConfig)[33m;[39m
     [90m     |[39m     [31m[1m^[22m[39m
     [90m 136 |[39m }
     [90m 137 |[39m
     [90m 138 |[39m[0m

      at FhirValidator.waitForReady (node_modules/fhir-validator-wrapper/fhir-validator.js:152:11)
      at FhirValidator.start (node_modules/fhir-validator-wrapper/fhir-validator.js:129:5)
      at loadValidator (tx/tests/test-runner.js:135:5)
      at startTxTests (tx/tests/test-runner.js:20:5)
      at Object.<anonymous> (tests/tx/test-cases.test.js:10:5)

  ΓùÅ Tx Tests ΓÇ║ version ΓÇ║ version-simple-codeableconcept-bad-version2

    Validator service did not become ready within 60000ms

    [0m [90m 133 |[39m         timeout[33m:[39m [35m60000[39m
     [90m 134 |[39m     }
    [31m[1m>[22m[39m[90m 135 |[39m     [36mawait[39m validator[33m.[39mstart(validatorConfig)[33m;[39m
     [90m     |[39m     [31m[1m^[22m[39m
     [90m 136 |[39m }
     [90m 137 |[39m
     [90m 138 |[39m[0m

      at FhirValidator.waitForReady (node_modules/fhir-validator-wrapper/fhir-validator.js:152:11)
      at FhirValidator.start (node_modules/fhir-validator-wrapper/fhir-validator.js:129:5)
      at loadValidator (tx/tests/test-runner.js:135:5)
      at startTxTests (tx/tests/test-runner.js:20:5)
      at Object.<anonymous> (tests/tx/test-cases.test.js:10:5)

  ΓùÅ Tx Tests ΓÇ║ version ΓÇ║ version-simple-code-good-version

    Validator service did not become ready within 60000ms

    [0m [90m 133 |[39m         timeout[33m:[39m [35m60000[39m
     [90m 134 |[39m     }
    [31m[1m>[22m[39m[90m 135 |[39m     [36mawait[39m validator[33m.[39mstart(validatorConfig)[33m;[39m
     [90m     |[39m     [31m[1m^[22m[39m
     [90m 136 |[39m }
     [90m 137 |[39m
     [90m 138 |[39m[0m

      at FhirValidator.waitForReady (node_modules/fhir-validator-wrapper/fhir-validator.js:152:11)
      at FhirValidator.start (node_modules/fhir-validator-wrapper/fhir-validator.js:129:5)
      at loadValidator (tx/tests/test-runner.js:135:5)
      at startTxTests (tx/tests/test-runner.js:20:5)
      at Object.<anonymous> (tests/tx/test-cases.test.js:10:5)

  ΓùÅ Tx Tests ΓÇ║ version ΓÇ║ version-simple-coding-good-version

    Validator service did not become ready within 60000ms

    [0m [90m 133 |[39m         timeout[33m:[39m [35m60000[39m
     [90m 134 |[39m     }
    [31m[1m>[22m[39m[90m 135 |[39m     [36mawait[39m validator[33m.[39mstart(validatorConfig)[33m;[39m
     [90m     |[39m     [31m[1m^[22m[39m
     [90m 136 |[39m }
     [90m 137 |[39m
     [90m 138 |[39m[0m

      at FhirValidator.waitForReady (node_modules/fhir-validator-wrapper/fhir-validator.js:152:11)
      at FhirValidator.start (node_modules/fhir-validator-wrapper/fhir-validator.js:129:5)
      at loadValidator (tx/tests/test-runner.js:135:5)
      at startTxTests (tx/tests/test-runner.js:20:5)
      at Object.<anonymous> (tests/tx/test-cases.test.js:10:5)

  ΓùÅ Tx Tests ΓÇ║ version ΓÇ║ version-simple-codeableconcept-good-version

    Validator service did not become ready within 60000ms

    [0m [90m 133 |[39m         timeout[33m:[39m [35m60000[39m
     [90m 134 |[39m     }
    [31m[1m>[22m[39m[90m 135 |[39m     [36mawait[39m validator[33m.[39mstart(validatorConfig)[33m;[39m
     [90m     |[39m     [31m[1m^[22m[39m
     [90m 136 |[39m }
     [90m 137 |[39m
     [90m 138 |[39m[0m

      at FhirValidator.waitForReady (node_modules/fhir-validator-wrapper/fhir-validator.js:152:11)
      at FhirValidator.start (node_modules/fhir-validator-wrapper/fhir-validator.js:129:5)
      at loadValidator (tx/tests/test-runner.js:135:5)
      at startTxTests (tx/tests/test-runner.js:20:5)
      at Object.<anonymous> (tests/tx/test-cases.test.js:10:5)

  ΓùÅ Tx Tests ΓÇ║ version ΓÇ║ version-version-profile-none

    Validator service did not become ready within 60000ms

    [0m [90m 133 |[39m         timeout[33m:[39m [35m60000[39m
     [90m 134 |[39m     }
    [31m[1m>[22m[39m[90m 135 |[39m     [36mawait[39m validator[33m.[39mstart(validatorConfig)[33m;[39m
     [90m     |[39m     [31m[1m^[22m[39m
     [90m 136 |[39m }
     [90m 137 |[39m
     [90m 138 |[39m[0m

      at FhirValidator.waitForReady (node_modules/fhir-validator-wrapper/fhir-validator.js:152:11)
      at FhirValidator.start (node_modules/fhir-validator-wrapper/fhir-validator.js:129:5)
      at loadValidator (tx/tests/test-runner.js:135:5)
      at startTxTests (tx/tests/test-runner.js:20:5)
      at Object.<anonymous> (tests/tx/test-cases.test.js:10:5)

  ΓùÅ Tx Tests ΓÇ║ version ΓÇ║ version-version-profile-default

    Validator service did not become ready within 60000ms

    [0m [90m 133 |[39m         timeout[33m:[39m [35m60000[39m
     [90m 134 |[39m     }
    [31m[1m>[22m[39m[90m 135 |[39m     [36mawait[39m validator[33m.[39mstart(validatorConfig)[33m;[39m
     [90m     |[39m     [31m[1m^[22m[39m
     [90m 136 |[39m }
     [90m 137 |[39m
     [90m 138 |[39m[0m

      at FhirValidator.waitForReady (node_modules/fhir-validator-wrapper/fhir-validator.js:152:11)
      at FhirValidator.start (node_modules/fhir-validator-wrapper/fhir-validator.js:129:5)
      at loadValidator (tx/tests/test-runner.js:135:5)
      at startTxTests (tx/tests/test-runner.js:20:5)
      at Object.<anonymous> (tests/tx/test-cases.test.js:10:5)

  ΓùÅ Tx Tests ΓÇ║ version ΓÇ║ validation-version-profile-coding

    Validator service did not become ready within 60000ms

    [0m [90m 133 |[39m         timeout[33m:[39m [35m60000[39m
     [90m 134 |[39m     }
    [31m[1m>[22m[39m[90m 135 |[39m     [36mawait[39m validator[33m.[39mstart(validatorConfig)[33m;[39m
     [90m     |[39m     [31m[1m^[22m[39m
     [90m 136 |[39m }
     [90m 137 |[39m
     [90m 138 |[39m[0m

      at FhirValidator.waitForReady (node_modules/fhir-validator-wrapper/fhir-validator.js:152:11)
      at FhirValidator.start (node_modules/fhir-validator-wrapper/fhir-validator.js:129:5)
      at loadValidator (tx/tests/test-runner.js:135:5)
      at startTxTests (tx/tests/test-runner.js:20:5)
      at Object.<anonymous> (tests/tx/test-cases.test.js:10:5)

  ΓùÅ Tx Tests ΓÇ║ version ΓÇ║ coding-vnn-vsnn

    Validator service did not become ready within 60000ms

    [0m [90m 133 |[39m         timeout[33m:[39m [35m60000[39m
     [90m 134 |[39m     }
    [31m[1m>[22m[39m[90m 135 |[39m     [36mawait[39m validator[33m.[39mstart(validatorConfig)[33m;[39m
     [90m     |[39m     [31m[1m^[22m[39m
     [90m 136 |[39m }
     [90m 137 |[39m
     [90m 138 |[39m[0m

      at FhirValidator.waitForReady (node_modules/fhir-validator-wrapper/fhir-validator.js:152:11)
      at FhirValidator.start (node_modules/fhir-validator-wrapper/fhir-validator.js:129:5)
      at loadValidator (tx/tests/test-runner.js:135:5)
      at startTxTests (tx/tests/test-runner.js:20:5)
      at Object.<anonymous> (tests/tx/test-cases.test.js:10:5)

  ΓùÅ Tx Tests ΓÇ║ version ΓÇ║ coding-v10-vs1w

    Validator service did not become ready within 60000ms

    [0m [90m 133 |[39m         timeout[33m:[39m [35m60000[39m
     [90m 134 |[39m     }
    [31m[1m>[22m[39m[90m 135 |[39m     [36mawait[39m validator[33m.[39mstart(validatorConfig)[33m;[39m
     [90m     |[39m     [31m[1m^[22m[39m
     [90m 136 |[39m }
     [90m 137 |[39m
     [90m 138 |[39m[0m

      at FhirValidator.waitForReady (node_modules/fhir-validator-wrapper/fhir-validator.js:152:11)
      at FhirValidator.start (node_modules/fhir-validator-wrapper/fhir-validator.js:129:5)
      at loadValidator (tx/tests/test-runner.js:135:5)
      at startTxTests (tx/tests/test-runner.js:20:5)
      at Object.<anonymous> (tests/tx/test-cases.test.js:10:5)

  ΓùÅ Tx Tests ΓÇ║ version ΓÇ║ coding-v10-vs1wb

    Validator service did not become ready within 60000ms

    [0m [90m 133 |[39m         timeout[33m:[39m [35m60000[39m
     [90m 134 |[39m     }
    [31m[1m>[22m[39m[90m 135 |[39m     [36mawait[39m validator[33m.[39mstart(validatorConfig)[33m;[39m
     [90m     |[39m     [31m[1m^[22m[39m
     [90m 136 |[39m }
     [90m 137 |[39m
     [90m 138 |[39m[0m

      at FhirValidator.waitForReady (node_modules/fhir-validator-wrapper/fhir-validator.js:152:11)
      at FhirValidator.start (node_modules/fhir-validator-wrapper/fhir-validator.js:129:5)
      at loadValidator (tx/tests/test-runner.js:135:5)
      at startTxTests (tx/tests/test-runner.js:20:5)
      at Object.<anonymous> (tests/tx/test-cases.test.js:10:5)

  ΓùÅ Tx Tests ΓÇ║ version ΓÇ║ coding-v10-vs10

    Validator service did not become ready within 60000ms

    [0m [90m 133 |[39m         timeout[33m:[39m [35m60000[39m
     [90m 134 |[39m     }
    [31m[1m>[22m[39m[90m 135 |[39m     [36mawait[39m validator[33m.[39mstart(validatorConfig)[33m;[39m
     [90m     |[39m     [31m[1m^[22m[39m
     [90m 136 |[39m }
     [90m 137 |[39m
     [90m 138 |[39m[0m

      at FhirValidator.waitForReady (node_modules/fhir-validator-wrapper/fhir-validator.js:152:11)
      at FhirValidator.start (node_modules/fhir-validator-wrapper/fhir-validator.js:129:5)
      at loadValidator (tx/tests/test-runner.js:135:5)
      at startTxTests (tx/tests/test-runner.js:20:5)
      at Object.<anonymous> (tests/tx/test-cases.test.js:10:5)

  ΓùÅ Tx Tests ΓÇ║ version ΓÇ║ coding-v10-vs20

    Validator service did not become ready within 60000ms

    [0m [90m 133 |[39m         timeout[33m:[39m [35m60000[39m
     [90m 134 |[39m     }
    [31m[1m>[22m[39m[90m 135 |[39m     [36mawait[39m validator[33m.[39mstart(validatorConfig)[33m;[39m
     [90m     |[39m     [31m[1m^[22m[39m
     [90m 136 |[39m }
     [90m 137 |[39m
     [90m 138 |[39m[0m

      at FhirValidator.waitForReady (node_modules/fhir-validator-wrapper/fhir-validator.js:152:11)
      at FhirValidator.start (node_modules/fhir-validator-wrapper/fhir-validator.js:129:5)
      at loadValidator (tx/tests/test-runner.js:135:5)
      at startTxTests (tx/tests/test-runner.js:20:5)
      at Object.<anonymous> (tests/tx/test-cases.test.js:10:5)

  ΓùÅ Tx Tests ΓÇ║ version ΓÇ║ coding-v10-vsbb

    Validator service did not become ready within 60000ms

    [0m [90m 133 |[39m         timeout[33m:[39m [35m60000[39m
     [90m 134 |[39m     }
    [31m[1m>[22m[39m[90m 135 |[39m     [36mawait[39m validator[33m.[39mstart(validatorConfig)[33m;[39m
     [90m     |[39m     [31m[1m^[22m[39m
     [90m 136 |[39m }
     [90m 137 |[39m
     [90m 138 |[39m[0m

      at FhirValidator.waitForReady (node_modules/fhir-validator-wrapper/fhir-validator.js:152:11)
      at FhirValidator.start (node_modules/fhir-validator-wrapper/fhir-validator.js:129:5)
      at loadValidator (tx/tests/test-runner.js:135:5)
      at startTxTests (tx/tests/test-runner.js:20:5)
      at Object.<anonymous> (tests/tx/test-cases.test.js:10:5)

  ΓùÅ Tx Tests ΓÇ║ version ΓÇ║ coding-v10-vsbb

    Validator service did not become ready within 60000ms

    [0m [90m 133 |[39m         timeout[33m:[39m [35m60000[39m
     [90m 134 |[39m     }
    [31m[1m>[22m[39m[90m 135 |[39m     [36mawait[39m validator[33m.[39mstart(validatorConfig)[33m;[39m
     [90m     |[39m     [31m[1m^[22m[39m
     [90m 136 |[39m }
     [90m 137 |[39m
     [90m 138 |[39m[0m

      at FhirValidator.waitForReady (node_modules/fhir-validator-wrapper/fhir-validator.js:152:11)
      at FhirValidator.start (node_modules/fhir-validator-wrapper/fhir-validator.js:129:5)
      at loadValidator (tx/tests/test-runner.js:135:5)
      at startTxTests (tx/tests/test-runner.js:20:5)
      at Object.<anonymous> (tests/tx/test-cases.test.js:10:5)

  ΓùÅ Tx Tests ΓÇ║ version ΓÇ║ coding-v10-vsnn

    Validator service did not become ready within 60000ms

    [0m [90m 133 |[39m         timeout[33m:[39m [35m60000[39m
     [90m 134 |[39m     }
    [31m[1m>[22m[39m[90m 135 |[39m     [36mawait[39m validator[33m.[39mstart(validatorConfig)[33m;[39m
     [90m     |[39m     [31m[1m^[22m[39m
     [90m 136 |[39m }
     [90m 137 |[39m
     [90m 138 |[39m[0m

      at FhirValidator.waitForReady (node_modules/fhir-validator-wrapper/fhir-validator.js:152:11)
      at FhirValidator.start (node_modules/fhir-validator-wrapper/fhir-validator.js:129:5)
      at loadValidator (tx/tests/test-runner.js:135:5)
      at startTxTests (tx/tests/test-runner.js:20:5)
      at Object.<anonymous> (tests/tx/test-cases.test.js:10:5)

  ΓùÅ Tx Tests ΓÇ║ version ΓÇ║ coding-vbb-vs10

    Validator service did not become ready within 60000ms

    [0m [90m 133 |[39m         timeout[33m:[39m [35m60000[39m
     [90m 134 |[39m     }
    [31m[1m>[22m[39m[90m 135 |[39m     [36mawait[39m validator[33m.[39mstart(validatorConfig)[33m;[39m
     [90m     |[39m     [31m[1m^[22m[39m
     [90m 136 |[39m }
     [90m 137 |[39m
     [90m 138 |[39m[0m

      at FhirValidator.waitForReady (node_modules/fhir-validator-wrapper/fhir-validator.js:152:11)
      at FhirValidator.start (node_modules/fhir-validator-wrapper/fhir-validator.js:129:5)
      at loadValidator (tx/tests/test-runner.js:135:5)
      at startTxTests (tx/tests/test-runner.js:20:5)
      at Object.<anonymous> (tests/tx/test-cases.test.js:10:5)

  ΓùÅ Tx Tests ΓÇ║ version ΓÇ║ coding-vbb-vsnn

    Validator service did not become ready within 60000ms

    [0m [90m 133 |[39m         timeout[33m:[39m [35m60000[39m
     [90m 134 |[39m     }
    [31m[1m>[22m[39m[90m 135 |[39m     [36mawait[39m validator[33m.[39mstart(validatorConfig)[33m;[39m
     [90m     |[39m     [31m[1m^[22m[39m
     [90m 136 |[39m }
     [90m 137 |[39m
     [90m 138 |[39m[0m

      at FhirValidator.waitForReady (node_modules/fhir-validator-wrapper/fhir-validator.js:152:11)
      at FhirValidator.start (node_modules/fhir-validator-wrapper/fhir-validator.js:129:5)
      at loadValidator (tx/tests/test-runner.js:135:5)
      at startTxTests (tx/tests/test-runner.js:20:5)
      at Object.<anonymous> (tests/tx/test-cases.test.js:10:5)

  ΓùÅ Tx Tests ΓÇ║ version ΓÇ║ coding-vnn-vs1w

    Validator service did not become ready within 60000ms

    [0m [90m 133 |[39m         timeout[33m:[39m [35m60000[39m
     [90m 134 |[39m     }
    [31m[1m>[22m[39m[90m 135 |[39m     [36mawait[39m validator[33m.[39mstart(validatorConfig)[33m;[39m
     [90m     |[39m     [31m[1m^[22m[39m
     [90m 136 |[39m }
     [90m 137 |[39m
     [90m 138 |[39m[0m

      at FhirValidator.waitForReady (node_modules/fhir-validator-wrapper/fhir-validator.js:152:11)
      at FhirValidator.start (node_modules/fhir-validator-wrapper/fhir-validator.js:129:5)
      at loadValidator (tx/tests/test-runner.js:135:5)
      at startTxTests (tx/tests/test-runner.js:20:5)
      at Object.<anonymous> (tests/tx/test-cases.test.js:10:5)

  ΓùÅ Tx Tests ΓÇ║ version ΓÇ║ coding-vnn-vs1wb

    Validator service did not become ready within 60000ms

    [0m [90m 133 |[39m         timeout[33m:[39m [35m60000[39m
     [90m 134 |[39m     }
    [31m[1m>[22m[39m[90m 135 |[39m     [36mawait[39m validator[33m.[39mstart(validatorConfig)[33m;[39m
     [90m     |[39m     [31m[1m^[22m[39m
     [90m 136 |[39m }
     [90m 137 |[39m
     [90m 138 |[39m[0m

      at FhirValidator.waitForReady (node_modules/fhir-validator-wrapper/fhir-validator.js:152:11)
      at FhirValidator.start (node_modules/fhir-validator-wrapper/fhir-validator.js:129:5)
      at loadValidator (tx/tests/test-runner.js:135:5)
      at startTxTests (tx/tests/test-runner.js:20:5)
      at Object.<anonymous> (tests/tx/test-cases.test.js:10:5)

  ΓùÅ Tx Tests ΓÇ║ version ΓÇ║ coding-vnn-vs10

    Validator service did not become ready within 60000ms

    [0m [90m 133 |[39m         timeout[33m:[39m [35m60000[39m
     [90m 134 |[39m     }
    [31m[1m>[22m[39m[90m 135 |[39m     [36mawait[39m validator[33m.[39mstart(validatorConfig)[33m;[39m
     [90m     |[39m     [31m[1m^[22m[39m
     [90m 136 |[39m }
     [90m 137 |[39m
     [90m 138 |[39m[0m

      at FhirValidator.waitForReady (node_modules/fhir-validator-wrapper/fhir-validator.js:152:11)
      at FhirValidator.start (node_modules/fhir-validator-wrapper/fhir-validator.js:129:5)
      at loadValidator (tx/tests/test-runner.js:135:5)
      at startTxTests (tx/tests/test-runner.js:20:5)
      at Object.<anonymous> (tests/tx/test-cases.test.js:10:5)

  ΓùÅ Tx Tests ΓÇ║ version ΓÇ║ coding-vnn-vsbb

    Validator service did not become ready within 60000ms

    [0m [90m 133 |[39m         timeout[33m:[39m [35m60000[39m
     [90m 134 |[39m     }
    [31m[1m>[22m[39m[90m 135 |[39m     [36mawait[39m validator[33m.[39mstart(validatorConfig)[33m;[39m
     [90m     |[39m     [31m[1m^[22m[39m
     [90m 136 |[39m }
     [90m 137 |[39m
     [90m 138 |[39m[0m

      at FhirValidator.waitForReady (node_modules/fhir-validator-wrapper/fhir-validator.js:152:11)
      at FhirValidator.start (node_modules/fhir-validator-wrapper/fhir-validator.js:129:5)
      at loadValidator (tx/tests/test-runner.js:135:5)
      at startTxTests (tx/tests/test-runner.js:20:5)
      at Object.<anonymous> (tests/tx/test-cases.test.js:10:5)

  ΓùÅ Tx Tests ΓÇ║ version ΓÇ║ coding-vnn-vsnn-default

    Validator service did not become ready within 60000ms

    [0m [90m 133 |[39m         timeout[33m:[39m [35m60000[39m
     [90m 134 |[39m     }
    [31m[1m>[22m[39m[90m 135 |[39m     [36mawait[39m validator[33m.[39mstart(validatorConfig)[33m;[39m
     [90m     |[39m     [31m[1m^[22m[39m
     [90m 136 |[39m }
     [90m 137 |[39m
     [90m 138 |[39m[0m

      at FhirValidator.waitForReady (node_modules/fhir-validator-wrapper/fhir-validator.js:152:11)
      at FhirValidator.start (node_modules/fhir-validator-wrapper/fhir-validator.js:129:5)
      at loadValidator (tx/tests/test-runner.js:135:5)
      at startTxTests (tx/tests/test-runner.js:20:5)
      at Object.<anonymous> (tests/tx/test-cases.test.js:10:5)

  ΓùÅ Tx Tests ΓÇ║ version ΓÇ║ coding-v10-vs1w-default

    Validator service did not become ready within 60000ms

    [0m [90m 133 |[39m         timeout[33m:[39m [35m60000[39m
     [90m 134 |[39m     }
    [31m[1m>[22m[39m[90m 135 |[39m     [36mawait[39m validator[33m.[39mstart(validatorConfig)[33m;[39m
     [90m     |[39m     [31m[1m^[22m[39m
     [90m 136 |[39m }
     [90m 137 |[39m
     [90m 138 |[39m[0m

      at FhirValidator.waitForReady (node_modules/fhir-validator-wrapper/fhir-validator.js:152:11)
      at FhirValidator.start (node_modules/fhir-validator-wrapper/fhir-validator.js:129:5)
      at loadValidator (tx/tests/test-runner.js:135:5)
      at startTxTests (tx/tests/test-runner.js:20:5)
      at Object.<anonymous> (tests/tx/test-cases.test.js:10:5)

  ΓùÅ Tx Tests ΓÇ║ version ΓÇ║ coding-v10-vs1wb-default

    Validator service did not become ready within 60000ms

    [0m [90m 133 |[39m         timeout[33m:[39m [35m60000[39m
     [90m 134 |[39m     }
    [31m[1m>[22m[39m[90m 135 |[39m     [36mawait[39m validator[33m.[39mstart(validatorConfig)[33m;[39m
     [90m     |[39m     [31m[1m^[22m[39m
     [90m 136 |[39m }
     [90m 137 |[39m
     [90m 138 |[39m[0m

      at FhirValidator.waitForReady (node_modules/fhir-validator-wrapper/fhir-validator.js:152:11)
      at FhirValidator.start (node_modules/fhir-validator-wrapper/fhir-validator.js:129:5)
      at loadValidator (tx/tests/test-runner.js:135:5)
      at startTxTests (tx/tests/test-runner.js:20:5)
      at Object.<anonymous> (tests/tx/test-cases.test.js:10:5)

  ΓùÅ Tx Tests ΓÇ║ version ΓÇ║ coding-v10-vs10-default

    Validator service did not become ready within 60000ms

    [0m [90m 133 |[39m         timeout[33m:[39m [35m60000[39m
     [90m 134 |[39m     }
    [31m[1m>[22m[39m[90m 135 |[39m     [36mawait[39m validator[33m.[39mstart(validatorConfig)[33m;[39m
     [90m     |[39m     [31m[1m^[22m[39m
     [90m 136 |[39m }
     [90m 137 |[39m
     [90m 138 |[39m[0m

      at FhirValidator.waitForReady (node_modules/fhir-validator-wrapper/fhir-validator.js:152:11)
      at FhirValidator.start (node_modules/fhir-validator-wrapper/fhir-validator.js:129:5)
      at loadValidator (tx/tests/test-runner.js:135:5)
      at startTxTests (tx/tests/test-runner.js:20:5)
      at Object.<anonymous> (tests/tx/test-cases.test.js:10:5)

  ΓùÅ Tx Tests ΓÇ║ version ΓÇ║ coding-v10-vs20-default

    Validator service did not become ready within 60000ms

    [0m [90m 133 |[39m         timeout[33m:[39m [35m60000[39m
     [90m 134 |[39m     }
    [31m[1m>[22m[39m[90m 135 |[39m     [36mawait[39m validator[33m.[39mstart(validatorConfig)[33m;[39m
     [90m     |[39m     [31m[1m^[22m[39m
     [90m 136 |[39m }
     [90m 137 |[39m
     [90m 138 |[39m[0m

      at FhirValidator.waitForReady (node_modules/fhir-validator-wrapper/fhir-validator.js:152:11)
      at FhirValidator.start (node_modules/fhir-validator-wrapper/fhir-validator.js:129:5)
      at loadValidator (tx/tests/test-runner.js:135:5)
      at startTxTests (tx/tests/test-runner.js:20:5)
      at Object.<anonymous> (tests/tx/test-cases.test.js:10:5)

  ΓùÅ Tx Tests ΓÇ║ version ΓÇ║ coding-v10-vsbb-default

    Validator service did not become ready within 60000ms

    [0m [90m 133 |[39m         timeout[33m:[39m [35m60000[39m
     [90m 134 |[39m     }
    [31m[1m>[22m[39m[90m 135 |[39m     [36mawait[39m validator[33m.[39mstart(validatorConfig)[33m;[39m
     [90m     |[39m     [31m[1m^[22m[39m
     [90m 136 |[39m }
     [90m 137 |[39m
     [90m 138 |[39m[0m

      at FhirValidator.waitForReady (node_modules/fhir-validator-wrapper/fhir-validator.js:152:11)
      at FhirValidator.start (node_modules/fhir-validator-wrapper/fhir-validator.js:129:5)
      at loadValidator (tx/tests/test-runner.js:135:5)
      at startTxTests (tx/tests/test-runner.js:20:5)
      at Object.<anonymous> (tests/tx/test-cases.test.js:10:5)

  ΓùÅ Tx Tests ΓÇ║ version ΓÇ║ coding-v10-vsnn-default

    Validator service did not become ready within 60000ms

    [0m [90m 133 |[39m         timeout[33m:[39m [35m60000[39m
     [90m 134 |[39m     }
    [31m[1m>[22m[39m[90m 135 |[39m     [36mawait[39m validator[33m.[39mstart(validatorConfig)[33m;[39m
     [90m     |[39m     [31m[1m^[22m[39m
     [90m 136 |[39m }
     [90m 137 |[39m
     [90m 138 |[39m[0m

      at FhirValidator.waitForReady (node_modules/fhir-validator-wrapper/fhir-validator.js:152:11)
      at FhirValidator.start (node_modules/fhir-validator-wrapper/fhir-validator.js:129:5)
      at loadValidator (tx/tests/test-runner.js:135:5)
      at startTxTests (tx/tests/test-runner.js:20:5)
      at Object.<anonymous> (tests/tx/test-cases.test.js:10:5)

  ΓùÅ Tx Tests ΓÇ║ version ΓÇ║ coding-vbb-vs10-default

    Validator service did not become ready within 60000ms

    [0m [90m 133 |[39m         timeout[33m:[39m [35m60000[39m
     [90m 134 |[39m     }
    [31m[1m>[22m[39m[90m 135 |[39m     [36mawait[39m validator[33m.[39mstart(validatorConfig)[33m;[39m
     [90m     |[39m     [31m[1m^[22m[39m
     [90m 136 |[39m }
     [90m 137 |[39m
     [90m 138 |[39m[0m

      at FhirValidator.waitForReady (node_modules/fhir-validator-wrapper/fhir-validator.js:152:11)
      at FhirValidator.start (node_modules/fhir-validator-wrapper/fhir-validator.js:129:5)
      at loadValidator (tx/tests/test-runner.js:135:5)
      at startTxTests (tx/tests/test-runner.js:20:5)
      at Object.<anonymous> (tests/tx/test-cases.test.js:10:5)

  ΓùÅ Tx Tests ΓÇ║ version ΓÇ║ coding-vbb-vsnn-default

    Validator service did not become ready within 60000ms

    [0m [90m 133 |[39m         timeout[33m:[39m [35m60000[39m
     [90m 134 |[39m     }
    [31m[1m>[22m[39m[90m 135 |[39m     [36mawait[39m validator[33m.[39mstart(validatorConfig)[33m;[39m
     [90m     |[39m     [31m[1m^[22m[39m
     [90m 136 |[39m }
     [90m 137 |[39m
     [90m 138 |[39m[0m

      at FhirValidator.waitForReady (node_modules/fhir-validator-wrapper/fhir-validator.js:152:11)
      at FhirValidator.start (node_modules/fhir-validator-wrapper/fhir-validator.js:129:5)
      at loadValidator (tx/tests/test-runner.js:135:5)
      at startTxTests (tx/tests/test-runner.js:20:5)
      at Object.<anonymous> (tests/tx/test-cases.test.js:10:5)

  ΓùÅ Tx Tests ΓÇ║ version ΓÇ║ coding-vnn-vs1w-default

    Validator service did not become ready within 60000ms

    [0m [90m 133 |[39m         timeout[33m:[39m [35m60000[39m
     [90m 134 |[39m     }
    [31m[1m>[22m[39m[90m 135 |[39m     [36mawait[39m validator[33m.[39mstart(validatorConfig)[33m;[39m
     [90m     |[39m     [31m[1m^[22m[39m
     [90m 136 |[39m }
     [90m 137 |[39m
     [90m 138 |[39m[0m

      at FhirValidator.waitForReady (node_modules/fhir-validator-wrapper/fhir-validator.js:152:11)
      at FhirValidator.start (node_modules/fhir-validator-wrapper/fhir-validator.js:129:5)
      at loadValidator (tx/tests/test-runner.js:135:5)
      at startTxTests (tx/tests/test-runner.js:20:5)
      at Object.<anonymous> (tests/tx/test-cases.test.js:10:5)

  ΓùÅ Tx Tests ΓÇ║ version ΓÇ║ coding-vnn-vs1wb-default

    Validator service did not become ready within 60000ms

    [0m [90m 133 |[39m         timeout[33m:[39m [35m60000[39m
     [90m 134 |[39m     }
    [31m[1m>[22m[39m[90m 135 |[39m     [36mawait[39m validator[33m.[39mstart(validatorConfig)[33m;[39m
     [90m     |[39m     [31m[1m^[22m[39m
     [90m 136 |[39m }
     [90m 137 |[39m
     [90m 138 |[39m[0m

      at FhirValidator.waitForReady (node_modules/fhir-validator-wrapper/fhir-validator.js:152:11)
      at FhirValidator.start (node_modules/fhir-validator-wrapper/fhir-validator.js:129:5)
      at loadValidator (tx/tests/test-runner.js:135:5)
      at startTxTests (tx/tests/test-runner.js:20:5)
      at Object.<anonymous> (tests/tx/test-cases.test.js:10:5)

  ΓùÅ Tx Tests ΓÇ║ version ΓÇ║ coding-vnn-vs10-default

    Validator service did not become ready within 60000ms

    [0m [90m 133 |[39m         timeout[33m:[39m [35m60000[39m
     [90m 134 |[39m     }
    [31m[1m>[22m[39m[90m 135 |[39m     [36mawait[39m validator[33m.[39mstart(validatorConfig)[33m;[39m
     [90m     |[39m     [31m[1m^[22m[39m
     [90m 136 |[39m }
     [90m 137 |[39m
     [90m 138 |[39m[0m

      at FhirValidator.waitForReady (node_modules/fhir-validator-wrapper/fhir-validator.js:152:11)
      at FhirValidator.start (node_modules/fhir-validator-wrapper/fhir-validator.js:129:5)
      at loadValidator (tx/tests/test-runner.js:135:5)
      at startTxTests (tx/tests/test-runner.js:20:5)
      at Object.<anonymous> (tests/tx/test-cases.test.js:10:5)

  ΓùÅ Tx Tests ΓÇ║ version ΓÇ║ coding-vnn-vsbb-default

    Validator service did not become ready within 60000ms

    [0m [90m 133 |[39m         timeout[33m:[39m [35m60000[39m
     [90m 134 |[39m     }
    [31m[1m>[22m[39m[90m 135 |[39m     [36mawait[39m validator[33m.[39mstart(validatorConfig)[33m;[39m
     [90m     |[39m     [31m[1m^[22m[39m
     [90m 136 |[39m }
     [90m 137 |[39m
     [90m 138 |[39m[0m

      at FhirValidator.waitForReady (node_modules/fhir-validator-wrapper/fhir-validator.js:152:11)
      at FhirValidator.start (node_modules/fhir-validator-wrapper/fhir-validator.js:129:5)
      at loadValidator (tx/tests/test-runner.js:135:5)
      at startTxTests (tx/tests/test-runner.js:20:5)
      at Object.<anonymous> (tests/tx/test-cases.test.js:10:5)

  ΓùÅ Tx Tests ΓÇ║ version ΓÇ║ coding-vnn-vsnn-check

    Validator service did not become ready within 60000ms

    [0m [90m 133 |[39m         timeout[33m:[39m [35m60000[39m
     [90m 134 |[39m     }
    [31m[1m>[22m[39m[90m 135 |[39m     [36mawait[39m validator[33m.[39mstart(validatorConfig)[33m;[39m
     [90m     |[39m     [31m[1m^[22m[39m
     [90m 136 |[39m }
     [90m 137 |[39m
     [90m 138 |[39m[0m

      at FhirValidator.waitForReady (node_modules/fhir-validator-wrapper/fhir-validator.js:152:11)
      at FhirValidator.start (node_modules/fhir-validator-wrapper/fhir-validator.js:129:5)
      at loadValidator (tx/tests/test-runner.js:135:5)
      at startTxTests (tx/tests/test-runner.js:20:5)
      at Object.<anonymous> (tests/tx/test-cases.test.js:10:5)

  ΓùÅ Tx Tests ΓÇ║ version ΓÇ║ coding-v10-vs1w-check

    Validator service did not become ready within 60000ms

    [0m [90m 133 |[39m         timeout[33m:[39m [35m60000[39m
     [90m 134 |[39m     }
    [31m[1m>[22m[39m[90m 135 |[39m     [36mawait[39m validator[33m.[39mstart(validatorConfig)[33m;[39m
     [90m     |[39m     [31m[1m^[22m[39m
     [90m 136 |[39m }
     [90m 137 |[39m
     [90m 138 |[39m[0m

      at FhirValidator.waitForReady (node_modules/fhir-validator-wrapper/fhir-validator.js:152:11)
      at FhirValidator.start (node_modules/fhir-validator-wrapper/fhir-validator.js:129:5)
      at loadValidator (tx/tests/test-runner.js:135:5)
      at startTxTests (tx/tests/test-runner.js:20:5)
      at Object.<anonymous> (tests/tx/test-cases.test.js:10:5)

  ΓùÅ Tx Tests ΓÇ║ version ΓÇ║ coding-v10-vs1wb-check

    Validator service did not become ready within 60000ms

    [0m [90m 133 |[39m         timeout[33m:[39m [35m60000[39m
     [90m 134 |[39m     }
    [31m[1m>[22m[39m[90m 135 |[39m     [36mawait[39m validator[33m.[39mstart(validatorConfig)[33m;[39m
     [90m     |[39m     [31m[1m^[22m[39m
     [90m 136 |[39m }
     [90m 137 |[39m
     [90m 138 |[39m[0m

      at FhirValidator.waitForReady (node_modules/fhir-validator-wrapper/fhir-validator.js:152:11)
      at FhirValidator.start (node_modules/fhir-validator-wrapper/fhir-validator.js:129:5)
      at loadValidator (tx/tests/test-runner.js:135:5)
      at startTxTests (tx/tests/test-runner.js:20:5)
      at Object.<anonymous> (tests/tx/test-cases.test.js:10:5)

  ΓùÅ Tx Tests ΓÇ║ version ΓÇ║ coding-v10-vs10-check

    Validator service did not become ready within 60000ms

    [0m [90m 133 |[39m         timeout[33m:[39m [35m60000[39m
     [90m 134 |[39m     }
    [31m[1m>[22m[39m[90m 135 |[39m     [36mawait[39m validator[33m.[39mstart(validatorConfig)[33m;[39m
     [90m     |[39m     [31m[1m^[22m[39m
     [90m 136 |[39m }
     [90m 137 |[39m
     [90m 138 |[39m[0m

      at FhirValidator.waitForReady (node_modules/fhir-validator-wrapper/fhir-validator.js:152:11)
      at FhirValidator.start (node_modules/fhir-validator-wrapper/fhir-validator.js:129:5)
      at loadValidator (tx/tests/test-runner.js:135:5)
      at startTxTests (tx/tests/test-runner.js:20:5)
      at Object.<anonymous> (tests/tx/test-cases.test.js:10:5)

  ΓùÅ Tx Tests ΓÇ║ version ΓÇ║ coding-v10-vs20-check

    Validator service did not become ready within 60000ms

    [0m [90m 133 |[39m         timeout[33m:[39m [35m60000[39m
     [90m 134 |[39m     }
    [31m[1m>[22m[39m[90m 135 |[39m     [36mawait[39m validator[33m.[39mstart(validatorConfig)[33m;[39m
     [90m     |[39m     [31m[1m^[22m[39m
     [90m 136 |[39m }
     [90m 137 |[39m
     [90m 138 |[39m[0m

      at FhirValidator.waitForReady (node_modules/fhir-validator-wrapper/fhir-validator.js:152:11)
      at FhirValidator.start (node_modules/fhir-validator-wrapper/fhir-validator.js:129:5)
      at loadValidator (tx/tests/test-runner.js:135:5)
      at startTxTests (tx/tests/test-runner.js:20:5)
      at Object.<anonymous> (tests/tx/test-cases.test.js:10:5)

  ΓùÅ Tx Tests ΓÇ║ version ΓÇ║ coding-v10-vsbb-check

    Validator service did not become ready within 60000ms

    [0m [90m 133 |[39m         timeout[33m:[39m [35m60000[39m
     [90m 134 |[39m     }
    [31m[1m>[22m[39m[90m 135 |[39m     [36mawait[39m validator[33m.[39mstart(validatorConfig)[33m;[39m
     [90m     |[39m     [31m[1m^[22m[39m
     [90m 136 |[39m }
     [90m 137 |[39m
     [90m 138 |[39m[0m

      at FhirValidator.waitForReady (node_modules/fhir-validator-wrapper/fhir-validator.js:152:11)
      at FhirValidator.start (node_modules/fhir-validator-wrapper/fhir-validator.js:129:5)
      at loadValidator (tx/tests/test-runner.js:135:5)
      at startTxTests (tx/tests/test-runner.js:20:5)
      at Object.<anonymous> (tests/tx/test-cases.test.js:10:5)

  ΓùÅ Tx Tests ΓÇ║ version ΓÇ║ coding-v10-vsnn-check

    Validator service did not become ready within 60000ms

    [0m [90m 133 |[39m         timeout[33m:[39m [35m60000[39m
     [90m 134 |[39m     }
    [31m[1m>[22m[39m[90m 135 |[39m     [36mawait[39m validator[33m.[39mstart(validatorConfig)[33m;[39m
     [90m     |[39m     [31m[1m^[22m[39m
     [90m 136 |[39m }
     [90m 137 |[39m
     [90m 138 |[39m[0m

      at FhirValidator.waitForReady (node_modules/fhir-validator-wrapper/fhir-validator.js:152:11)
      at FhirValidator.start (node_modules/fhir-validator-wrapper/fhir-validator.js:129:5)
      at loadValidator (tx/tests/test-runner.js:135:5)
      at startTxTests (tx/tests/test-runner.js:20:5)
      at Object.<anonymous> (tests/tx/test-cases.test.js:10:5)

  ΓùÅ Tx Tests ΓÇ║ version ΓÇ║ coding-vbb-vs10-check

    Validator service did not become ready within 60000ms

    [0m [90m 133 |[39m         timeout[33m:[39m [35m60000[39m
     [90m 134 |[39m     }
    [31m[1m>[22m[39m[90m 135 |[39m     [36mawait[39m validator[33m.[39mstart(validatorConfig)[33m;[39m
     [90m     |[39m     [31m[1m^[22m[39m
     [90m 136 |[39m }
     [90m 137 |[39m
     [90m 138 |[39m[0m

      at FhirValidator.waitForReady (node_modules/fhir-validator-wrapper/fhir-validator.js:152:11)
      at FhirValidator.start (node_modules/fhir-validator-wrapper/fhir-validator.js:129:5)
      at loadValidator (tx/tests/test-runner.js:135:5)
      at startTxTests (tx/tests/test-runner.js:20:5)
      at Object.<anonymous> (tests/tx/test-cases.test.js:10:5)

  ΓùÅ Tx Tests ΓÇ║ version ΓÇ║ coding-vbb-vsnn-check

    Validator service did not become ready within 60000ms

    [0m [90m 133 |[39m         timeout[33m:[39m [35m60000[39m
     [90m 134 |[39m     }
    [31m[1m>[22m[39m[90m 135 |[39m     [36mawait[39m validator[33m.[39mstart(validatorConfig)[33m;[39m
     [90m     |[39m     [31m[1m^[22m[39m
     [90m 136 |[39m }
     [90m 137 |[39m
     [90m 138 |[39m[0m

      at FhirValidator.waitForReady (node_modules/fhir-validator-wrapper/fhir-validator.js:152:11)
      at FhirValidator.start (node_modules/fhir-validator-wrapper/fhir-validator.js:129:5)
      at loadValidator (tx/tests/test-runner.js:135:5)
      at startTxTests (tx/tests/test-runner.js:20:5)
      at Object.<anonymous> (tests/tx/test-cases.test.js:10:5)

  ΓùÅ Tx Tests ΓÇ║ version ΓÇ║ coding-vnn-vs1w-check

    Validator service did not become ready within 60000ms

    [0m [90m 133 |[39m         timeout[33m:[39m [35m60000[39m
     [90m 134 |[39m     }
    [31m[1m>[22m[39m[90m 135 |[39m     [36mawait[39m validator[33m.[39mstart(validatorConfig)[33m;[39m
     [90m     |[39m     [31m[1m^[22m[39m
     [90m 136 |[39m }
     [90m 137 |[39m
     [90m 138 |[39m[0m

      at FhirValidator.waitForReady (node_modules/fhir-validator-wrapper/fhir-validator.js:152:11)
      at FhirValidator.start (node_modules/fhir-validator-wrapper/fhir-validator.js:129:5)
      at loadValidator (tx/tests/test-runner.js:135:5)
      at startTxTests (tx/tests/test-runner.js:20:5)
      at Object.<anonymous> (tests/tx/test-cases.test.js:10:5)

  ΓùÅ Tx Tests ΓÇ║ version ΓÇ║ coding-vnn-vs1wb-check

    Validator service did not become ready within 60000ms

    [0m [90m 133 |[39m         timeout[33m:[39m [35m60000[39m
     [90m 134 |[39m     }
    [31m[1m>[22m[39m[90m 135 |[39m     [36mawait[39m validator[33m.[39mstart(validatorConfig)[33m;[39m
     [90m     |[39m     [31m[1m^[22m[39m
     [90m 136 |[39m }
     [90m 137 |[39m
     [90m 138 |[39m[0m

      at FhirValidator.waitForReady (node_modules/fhir-validator-wrapper/fhir-validator.js:152:11)
      at FhirValidator.start (node_modules/fhir-validator-wrapper/fhir-validator.js:129:5)
      at loadValidator (tx/tests/test-runner.js:135:5)
      at startTxTests (tx/tests/test-runner.js:20:5)
      at Object.<anonymous> (tests/tx/test-cases.test.js:10:5)

  ΓùÅ Tx Tests ΓÇ║ version ΓÇ║ coding-vnn-vs10-check

    Validator service did not become ready within 60000ms

    [0m [90m 133 |[39m         timeout[33m:[39m [35m60000[39m
     [90m 134 |[39m     }
    [31m[1m>[22m[39m[90m 135 |[39m     [36mawait[39m validator[33m.[39mstart(validatorConfig)[33m;[39m
     [90m     |[39m     [31m[1m^[22m[39m
     [90m 136 |[39m }
     [90m 137 |[39m
     [90m 138 |[39m[0m

      at FhirValidator.waitForReady (node_modules/fhir-validator-wrapper/fhir-validator.js:152:11)
      at FhirValidator.start (node_modules/fhir-validator-wrapper/fhir-validator.js:129:5)
      at loadValidator (tx/tests/test-runner.js:135:5)
      at startTxTests (tx/tests/test-runner.js:20:5)
      at Object.<anonymous> (tests/tx/test-cases.test.js:10:5)

  ΓùÅ Tx Tests ΓÇ║ version ΓÇ║ coding-vnn-vsbb-check

    Validator service did not become ready within 60000ms

    [0m [90m 133 |[39m         timeout[33m:[39m [35m60000[39m
     [90m 134 |[39m     }
    [31m[1m>[22m[39m[90m 135 |[39m     [36mawait[39m validator[33m.[39mstart(validatorConfig)[33m;[39m
     [90m     |[39m     [31m[1m^[22m[39m
     [90m 136 |[39m }
     [90m 137 |[39m
     [90m 138 |[39m[0m

      at FhirValidator.waitForReady (node_modules/fhir-validator-wrapper/fhir-validator.js:152:11)
      at FhirValidator.start (node_modules/fhir-validator-wrapper/fhir-validator.js:129:5)
      at loadValidator (tx/tests/test-runner.js:135:5)
      at startTxTests (tx/tests/test-runner.js:20:5)
      at Object.<anonymous> (tests/tx/test-cases.test.js:10:5)

  ΓùÅ Tx Tests ΓÇ║ version ΓÇ║ coding-vnn-vsnn-force

    Validator service did not become ready within 60000ms

    [0m [90m 133 |[39m         timeout[33m:[39m [35m60000[39m
     [90m 134 |[39m     }
    [31m[1m>[22m[39m[90m 135 |[39m     [36mawait[39m validator[33m.[39mstart(validatorConfig)[33m;[39m
     [90m     |[39m     [31m[1m^[22m[39m
     [90m 136 |[39m }
     [90m 137 |[39m
     [90m 138 |[39m[0m

      at FhirValidator.waitForReady (node_modules/fhir-validator-wrapper/fhir-validator.js:152:11)
      at FhirValidator.start (node_modules/fhir-validator-wrapper/fhir-validator.js:129:5)
      at loadValidator (tx/tests/test-runner.js:135:5)
      at startTxTests (tx/tests/test-runner.js:20:5)
      at Object.<anonymous> (tests/tx/test-cases.test.js:10:5)

  ΓùÅ Tx Tests ΓÇ║ version ΓÇ║ coding-v10-vs1w-force

    Validator service did not become ready within 60000ms

    [0m [90m 133 |[39m         timeout[33m:[39m [35m60000[39m
     [90m 134 |[39m     }
    [31m[1m>[22m[39m[90m 135 |[39m     [36mawait[39m validator[33m.[39mstart(validatorConfig)[33m;[39m
     [90m     |[39m     [31m[1m^[22m[39m
     [90m 136 |[39m }
     [90m 137 |[39m
     [90m 138 |[39m[0m

      at FhirValidator.waitForReady (node_modules/fhir-validator-wrapper/fhir-validator.js:152:11)
      at FhirValidator.start (node_modules/fhir-validator-wrapper/fhir-validator.js:129:5)
      at loadValidator (tx/tests/test-runner.js:135:5)
      at startTxTests (tx/tests/test-runner.js:20:5)
      at Object.<anonymous> (tests/tx/test-cases.test.js:10:5)

  ΓùÅ Tx Tests ΓÇ║ version ΓÇ║ coding-v10-vs1wb-force

    Validator service did not become ready within 60000ms

    [0m [90m 133 |[39m         timeout[33m:[39m [35m60000[39m
     [90m 134 |[39m     }
    [31m[1m>[22m[39m[90m 135 |[39m     [36mawait[39m validator[33m.[39mstart(validatorConfig)[33m;[39m
     [90m     |[39m     [31m[1m^[22m[39m
     [90m 136 |[39m }
     [90m 137 |[39m
     [90m 138 |[39m[0m

      at FhirValidator.waitForReady (node_modules/fhir-validator-wrapper/fhir-validator.js:152:11)
      at FhirValidator.start (node_modules/fhir-validator-wrapper/fhir-validator.js:129:5)
      at loadValidator (tx/tests/test-runner.js:135:5)
      at startTxTests (tx/tests/test-runner.js:20:5)
      at Object.<anonymous> (tests/tx/test-cases.test.js:10:5)

  ΓùÅ Tx Tests ΓÇ║ version ΓÇ║ coding-v10-vs10-force

    Validator service did not become ready within 60000ms

    [0m [90m 133 |[39m         timeout[33m:[39m [35m60000[39m
     [90m 134 |[39m     }
    [31m[1m>[22m[39m[90m 135 |[39m     [36mawait[39m validator[33m.[39mstart(validatorConfig)[33m;[39m
     [90m     |[39m     [31m[1m^[22m[39m
     [90m 136 |[39m }
     [90m 137 |[39m
     [90m 138 |[39m[0m

      at FhirValidator.waitForReady (node_modules/fhir-validator-wrapper/fhir-validator.js:152:11)
      at FhirValidator.start (node_modules/fhir-validator-wrapper/fhir-validator.js:129:5)
      at loadValidator (tx/tests/test-runner.js:135:5)
      at startTxTests (tx/tests/test-runner.js:20:5)
      at Object.<anonymous> (tests/tx/test-cases.test.js:10:5)

  ΓùÅ Tx Tests ΓÇ║ version ΓÇ║ coding-v10-vs20-force

    Validator service did not become ready within 60000ms

    [0m [90m 133 |[39m         timeout[33m:[39m [35m60000[39m
     [90m 134 |[39m     }
    [31m[1m>[22m[39m[90m 135 |[39m     [36mawait[39m validator[33m.[39mstart(validatorConfig)[33m;[39m
     [90m     |[39m     [31m[1m^[22m[39m
     [90m 136 |[39m }
     [90m 137 |[39m
     [90m 138 |[39m[0m

      at FhirValidator.waitForReady (node_modules/fhir-validator-wrapper/fhir-validator.js:152:11)
      at FhirValidator.start (node_modules/fhir-validator-wrapper/fhir-validator.js:129:5)
      at loadValidator (tx/tests/test-runner.js:135:5)
      at startTxTests (tx/tests/test-runner.js:20:5)
      at Object.<anonymous> (tests/tx/test-cases.test.js:10:5)

  ΓùÅ Tx Tests ΓÇ║ version ΓÇ║ coding-v10-vsbb-force

    Validator service did not become ready within 60000ms

    [0m [90m 133 |[39m         timeout[33m:[39m [35m60000[39m
     [90m 134 |[39m     }
    [31m[1m>[22m[39m[90m 135 |[39m     [36mawait[39m validator[33m.[39mstart(validatorConfig)[33m;[39m
     [90m     |[39m     [31m[1m^[22m[39m
     [90m 136 |[39m }
     [90m 137 |[39m
     [90m 138 |[39m[0m

      at FhirValidator.waitForReady (node_modules/fhir-validator-wrapper/fhir-validator.js:152:11)
      at FhirValidator.start (node_modules/fhir-validator-wrapper/fhir-validator.js:129:5)
      at loadValidator (tx/tests/test-runner.js:135:5)
      at startTxTests (tx/tests/test-runner.js:20:5)
      at Object.<anonymous> (tests/tx/test-cases.test.js:10:5)

  ΓùÅ Tx Tests ΓÇ║ version ΓÇ║ coding-v10-vsnn-force

    Validator service did not become ready within 60000ms

    [0m [90m 133 |[39m         timeout[33m:[39m [35m60000[39m
     [90m 134 |[39m     }
    [31m[1m>[22m[39m[90m 135 |[39m     [36mawait[39m validator[33m.[39mstart(validatorConfig)[33m;[39m
     [90m     |[39m     [31m[1m^[22m[39m
     [90m 136 |[39m }
     [90m 137 |[39m
     [90m 138 |[39m[0m

      at FhirValidator.waitForReady (node_modules/fhir-validator-wrapper/fhir-validator.js:152:11)
      at FhirValidator.start (node_modules/fhir-validator-wrapper/fhir-validator.js:129:5)
      at loadValidator (tx/tests/test-runner.js:135:5)
      at startTxTests (tx/tests/test-runner.js:20:5)
      at Object.<anonymous> (tests/tx/test-cases.test.js:10:5)

  ΓùÅ Tx Tests ΓÇ║ version ΓÇ║ coding-vbb-vs10-force

    Validator service did not become ready within 60000ms

    [0m [90m 133 |[39m         timeout[33m:[39m [35m60000[39m
     [90m 134 |[39m     }
    [31m[1m>[22m[39m[90m 135 |[39m     [36mawait[39m validator[33m.[39mstart(validatorConfig)[33m;[39m
     [90m     |[39m     [31m[1m^[22m[39m
     [90m 136 |[39m }
     [90m 137 |[39m
     [90m 138 |[39m[0m

      at FhirValidator.waitForReady (node_modules/fhir-validator-wrapper/fhir-validator.js:152:11)
      at FhirValidator.start (node_modules/fhir-validator-wrapper/fhir-validator.js:129:5)
      at loadValidator (tx/tests/test-runner.js:135:5)
      at startTxTests (tx/tests/test-runner.js:20:5)
      at Object.<anonymous> (tests/tx/test-cases.test.js:10:5)

  ΓùÅ Tx Tests ΓÇ║ version ΓÇ║ coding-vbb-vsnn-force

    Validator service did not become ready within 60000ms

    [0m [90m 133 |[39m         timeout[33m:[39m [35m60000[39m
     [90m 134 |[39m     }
    [31m[1m>[22m[39m[90m 135 |[39m     [36mawait[39m validator[33m.[39mstart(validatorConfig)[33m;[39m
     [90m     |[39m     [31m[1m^[22m[39m
     [90m 136 |[39m }
     [90m 137 |[39m
     [90m 138 |[39m[0m

      at FhirValidator.waitForReady (node_modules/fhir-validator-wrapper/fhir-validator.js:152:11)
      at FhirValidator.start (node_modules/fhir-validator-wrapper/fhir-validator.js:129:5)
      at loadValidator (tx/tests/test-runner.js:135:5)
      at startTxTests (tx/tests/test-runner.js:20:5)
      at Object.<anonymous> (tests/tx/test-cases.test.js:10:5)

  ΓùÅ Tx Tests ΓÇ║ version ΓÇ║ coding-vnn-vs1w-force

    Validator service did not become ready within 60000ms

    [0m [90m 133 |[39m         timeout[33m:[39m [35m60000[39m
     [90m 134 |[39m     }
    [31m[1m>[22m[39m[90m 135 |[39m     [36mawait[39m validator[33m.[39mstart(validatorConfig)[33m;[39m
     [90m     |[39m     [31m[1m^[22m[39m
     [90m 136 |[39m }
     [90m 137 |[39m
     [90m 138 |[39m[0m

      at FhirValidator.waitForReady (node_modules/fhir-validator-wrapper/fhir-validator.js:152:11)
      at FhirValidator.start (node_modules/fhir-validator-wrapper/fhir-validator.js:129:5)
      at loadValidator (tx/tests/test-runner.js:135:5)
      at startTxTests (tx/tests/test-runner.js:20:5)
      at Object.<anonymous> (tests/tx/test-cases.test.js:10:5)

  ΓùÅ Tx Tests ΓÇ║ version ΓÇ║ coding-vnn-vs1wb-force

    Validator service did not become ready within 60000ms

    [0m [90m 133 |[39m         timeout[33m:[39m [35m60000[39m
     [90m 134 |[39m     }
    [31m[1m>[22m[39m[90m 135 |[39m     [36mawait[39m validator[33m.[39mstart(validatorConfig)[33m;[39m
     [90m     |[39m     [31m[1m^[22m[39m
     [90m 136 |[39m }
     [90m 137 |[39m
     [90m 138 |[39m[0m

      at FhirValidator.waitForReady (node_modules/fhir-validator-wrapper/fhir-validator.js:152:11)
      at FhirValidator.start (node_modules/fhir-validator-wrapper/fhir-validator.js:129:5)
      at loadValidator (tx/tests/test-runner.js:135:5)
      at startTxTests (tx/tests/test-runner.js:20:5)
      at Object.<anonymous> (tests/tx/test-cases.test.js:10:5)

  ΓùÅ Tx Tests ΓÇ║ version ΓÇ║ coding-vnn-vs10-force

    Validator service did not become ready within 60000ms

    [0m [90m 133 |[39m         timeout[33m:[39m [35m60000[39m
     [90m 134 |[39m     }
    [31m[1m>[22m[39m[90m 135 |[39m     [36mawait[39m validator[33m.[39mstart(validatorConfig)[33m;[39m
     [90m     |[39m     [31m[1m^[22m[39m
     [90m 136 |[39m }
     [90m 137 |[39m
     [90m 138 |[39m[0m

      at FhirValidator.waitForReady (node_modules/fhir-validator-wrapper/fhir-validator.js:152:11)
      at FhirValidator.start (node_modules/fhir-validator-wrapper/fhir-validator.js:129:5)
      at loadValidator (tx/tests/test-runner.js:135:5)
      at startTxTests (tx/tests/test-runner.js:20:5)
      at Object.<anonymous> (tests/tx/test-cases.test.js:10:5)

  ΓùÅ Tx Tests ΓÇ║ version ΓÇ║ coding-vnn-vsbb-force

    Validator service did not become ready within 60000ms

    [0m [90m 133 |[39m         timeout[33m:[39m [35m60000[39m
     [90m 134 |[39m     }
    [31m[1m>[22m[39m[90m 135 |[39m     [36mawait[39m validator[33m.[39mstart(validatorConfig)[33m;[39m
     [90m     |[39m     [31m[1m^[22m[39m
     [90m 136 |[39m }
     [90m 137 |[39m
     [90m 138 |[39m[0m

      at FhirValidator.waitForReady (node_modules/fhir-validator-wrapper/fhir-validator.js:152:11)
      at FhirValidator.start (node_modules/fhir-validator-wrapper/fhir-validator.js:129:5)
      at loadValidator (tx/tests/test-runner.js:135:5)
      at startTxTests (tx/tests/test-runner.js:20:5)
      at Object.<anonymous> (tests/tx/test-cases.test.js:10:5)

  ΓùÅ Tx Tests ΓÇ║ version ΓÇ║ codeableconcept-vnn-vsnn

    Validator service did not become ready within 60000ms

    [0m [90m 133 |[39m         timeout[33m:[39m [35m60000[39m
     [90m 134 |[39m     }
    [31m[1m>[22m[39m[90m 135 |[39m     [36mawait[39m validator[33m.[39mstart(validatorConfig)[33m;[39m
     [90m     |[39m     [31m[1m^[22m[39m
     [90m 136 |[39m }
     [90m 137 |[39m
     [90m 138 |[39m[0m

      at FhirValidator.waitForReady (node_modules/fhir-validator-wrapper/fhir-validator.js:152:11)
      at FhirValidator.start (node_modules/fhir-validator-wrapper/fhir-validator.js:129:5)
      at loadValidator (tx/tests/test-runner.js:135:5)
      at startTxTests (tx/tests/test-runner.js:20:5)
      at Object.<anonymous> (tests/tx/test-cases.test.js:10:5)

  ΓùÅ Tx Tests ΓÇ║ version ΓÇ║ codeableconcept-v10-vs1w

    Validator service did not become ready within 60000ms

    [0m [90m 133 |[39m         timeout[33m:[39m [35m60000[39m
     [90m 134 |[39m     }
    [31m[1m>[22m[39m[90m 135 |[39m     [36mawait[39m validator[33m.[39mstart(validatorConfig)[33m;[39m
     [90m     |[39m     [31m[1m^[22m[39m
     [90m 136 |[39m }
     [90m 137 |[39m
     [90m 138 |[39m[0m

      at FhirValidator.waitForReady (node_modules/fhir-validator-wrapper/fhir-validator.js:152:11)
      at FhirValidator.start (node_modules/fhir-validator-wrapper/fhir-validator.js:129:5)
      at loadValidator (tx/tests/test-runner.js:135:5)
      at startTxTests (tx/tests/test-runner.js:20:5)
      at Object.<anonymous> (tests/tx/test-cases.test.js:10:5)

  ΓùÅ Tx Tests ΓÇ║ version ΓÇ║ codeableconcept-v10-vs1wb

    Validator service did not become ready within 60000ms

    [0m [90m 133 |[39m         timeout[33m:[39m [35m60000[39m
     [90m 134 |[39m     }
    [31m[1m>[22m[39m[90m 135 |[39m     [36mawait[39m validator[33m.[39mstart(validatorConfig)[33m;[39m
     [90m     |[39m     [31m[1m^[22m[39m
     [90m 136 |[39m }
     [90m 137 |[39m
     [90m 138 |[39m[0m

      at FhirValidator.waitForReady (node_modules/fhir-validator-wrapper/fhir-validator.js:152:11)
      at FhirValidator.start (node_modules/fhir-validator-wrapper/fhir-validator.js:129:5)
      at loadValidator (tx/tests/test-runner.js:135:5)
      at startTxTests (tx/tests/test-runner.js:20:5)
      at Object.<anonymous> (tests/tx/test-cases.test.js:10:5)

  ΓùÅ Tx Tests ΓÇ║ version ΓÇ║ codeableconcept-v10-vs10

    Validator service did not become ready within 60000ms

    [0m [90m 133 |[39m         timeout[33m:[39m [35m60000[39m
     [90m 134 |[39m     }
    [31m[1m>[22m[39m[90m 135 |[39m     [36mawait[39m validator[33m.[39mstart(validatorConfig)[33m;[39m
     [90m     |[39m     [31m[1m^[22m[39m
     [90m 136 |[39m }
     [90m 137 |[39m
     [90m 138 |[39m[0m

      at FhirValidator.waitForReady (node_modules/fhir-validator-wrapper/fhir-validator.js:152:11)
      at FhirValidator.start (node_modules/fhir-validator-wrapper/fhir-validator.js:129:5)
      at loadValidator (tx/tests/test-runner.js:135:5)
      at startTxTests (tx/tests/test-runner.js:20:5)
      at Object.<anonymous> (tests/tx/test-cases.test.js:10:5)

  ΓùÅ Tx Tests ΓÇ║ version ΓÇ║ codeableconcept-v10-vs20

    Validator service did not become ready within 60000ms

    [0m [90m 133 |[39m         timeout[33m:[39m [35m60000[39m
     [90m 134 |[39m     }
    [31m[1m>[22m[39m[90m 135 |[39m     [36mawait[39m validator[33m.[39mstart(validatorConfig)[33m;[39m
     [90m     |[39m     [31m[1m^[22m[39m
     [90m 136 |[39m }
     [90m 137 |[39m
     [90m 138 |[39m[0m

      at FhirValidator.waitForReady (node_modules/fhir-validator-wrapper/fhir-validator.js:152:11)
      at FhirValidator.start (node_modules/fhir-validator-wrapper/fhir-validator.js:129:5)
      at loadValidator (tx/tests/test-runner.js:135:5)
      at startTxTests (tx/tests/test-runner.js:20:5)
      at Object.<anonymous> (tests/tx/test-cases.test.js:10:5)

  ΓùÅ Tx Tests ΓÇ║ version ΓÇ║ codeableconcept-v10-vsbb

    Validator service did not become ready within 60000ms

    [0m [90m 133 |[39m         timeout[33m:[39m [35m60000[39m
     [90m 134 |[39m     }
    [31m[1m>[22m[39m[90m 135 |[39m     [36mawait[39m validator[33m.[39mstart(validatorConfig)[33m;[39m
     [90m     |[39m     [31m[1m^[22m[39m
     [90m 136 |[39m }
     [90m 137 |[39m
     [90m 138 |[39m[0m

      at FhirValidator.waitForReady (node_modules/fhir-validator-wrapper/fhir-validator.js:152:11)
      at FhirValidator.start (node_modules/fhir-validator-wrapper/fhir-validator.js:129:5)
      at loadValidator (tx/tests/test-runner.js:135:5)
      at startTxTests (tx/tests/test-runner.js:20:5)
      at Object.<anonymous> (tests/tx/test-cases.test.js:10:5)

  ΓùÅ Tx Tests ΓÇ║ version ΓÇ║ codeableconcept-v10-vsbb

    Validator service did not become ready within 60000ms

    [0m [90m 133 |[39m         timeout[33m:[39m [35m60000[39m
     [90m 134 |[39m     }
    [31m[1m>[22m[39m[90m 135 |[39m     [36mawait[39m validator[33m.[39mstart(validatorConfig)[33m;[39m
     [90m     |[39m     [31m[1m^[22m[39m
     [90m 136 |[39m }
     [90m 137 |[39m
     [90m 138 |[39m[0m

      at FhirValidator.waitForReady (node_modules/fhir-validator-wrapper/fhir-validator.js:152:11)
      at FhirValidator.start (node_modules/fhir-validator-wrapper/fhir-validator.js:129:5)
      at loadValidator (tx/tests/test-runner.js:135:5)
      at startTxTests (tx/tests/test-runner.js:20:5)
      at Object.<anonymous> (tests/tx/test-cases.test.js:10:5)

  ΓùÅ Tx Tests ΓÇ║ version ΓÇ║ codeableconcept-v10-vsnn

    Validator service did not become ready within 60000ms

    [0m [90m 133 |[39m         timeout[33m:[39m [35m60000[39m
     [90m 134 |[39m     }
    [31m[1m>[22m[39m[90m 135 |[39m     [36mawait[39m validator[33m.[39mstart(validatorConfig)[33m;[39m
     [90m     |[39m     [31m[1m^[22m[39m
     [90m 136 |[39m }
     [90m 137 |[39m
     [90m 138 |[39m[0m

      at FhirValidator.waitForReady (node_modules/fhir-validator-wrapper/fhir-validator.js:152:11)
      at FhirValidator.start (node_modules/fhir-validator-wrapper/fhir-validator.js:129:5)
      at loadValidator (tx/tests/test-runner.js:135:5)
      at startTxTests (tx/tests/test-runner.js:20:5)
      at Object.<anonymous> (tests/tx/test-cases.test.js:10:5)

  ΓùÅ Tx Tests ΓÇ║ version ΓÇ║ codeableconcept-vbb-vs10

    Validator service did not become ready within 60000ms

    [0m [90m 133 |[39m         timeout[33m:[39m [35m60000[39m
     [90m 134 |[39m     }
    [31m[1m>[22m[39m[90m 135 |[39m     [36mawait[39m validator[33m.[39mstart(validatorConfig)[33m;[39m
     [90m     |[39m     [31m[1m^[22m[39m
     [90m 136 |[39m }
     [90m 137 |[39m
     [90m 138 |[39m[0m

      at FhirValidator.waitForReady (node_modules/fhir-validator-wrapper/fhir-validator.js:152:11)
      at FhirValidator.start (node_modules/fhir-validator-wrapper/fhir-validator.js:129:5)
      at loadValidator (tx/tests/test-runner.js:135:5)
      at startTxTests (tx/tests/test-runner.js:20:5)
      at Object.<anonymous> (tests/tx/test-cases.test.js:10:5)

  ΓùÅ Tx Tests ΓÇ║ version ΓÇ║ codeableconcept-vbb-vsnn

    Validator service did not become ready within 60000ms

    [0m [90m 133 |[39m         timeout[33m:[39m [35m60000[39m
     [90m 134 |[39m     }
    [31m[1m>[22m[39m[90m 135 |[39m     [36mawait[39m validator[33m.[39mstart(validatorConfig)[33m;[39m
     [90m     |[39m     [31m[1m^[22m[39m
     [90m 136 |[39m }
     [90m 137 |[39m
     [90m 138 |[39m[0m

      at FhirValidator.waitForReady (node_modules/fhir-validator-wrapper/fhir-validator.js:152:11)
      at FhirValidator.start (node_modules/fhir-validator-wrapper/fhir-validator.js:129:5)
      at loadValidator (tx/tests/test-runner.js:135:5)
      at startTxTests (tx/tests/test-runner.js:20:5)
      at Object.<anonymous> (tests/tx/test-cases.test.js:10:5)

  ΓùÅ Tx Tests ΓÇ║ version ΓÇ║ codeableconcept-vnn-vs1w

    Validator service did not become ready within 60000ms

    [0m [90m 133 |[39m         timeout[33m:[39m [35m60000[39m
     [90m 134 |[39m     }
    [31m[1m>[22m[39m[90m 135 |[39m     [36mawait[39m validator[33m.[39mstart(validatorConfig)[33m;[39m
     [90m     |[39m     [31m[1m^[22m[39m
     [90m 136 |[39m }
     [90m 137 |[39m
     [90m 138 |[39m[0m

      at FhirValidator.waitForReady (node_modules/fhir-validator-wrapper/fhir-validator.js:152:11)
      at FhirValidator.start (node_modules/fhir-validator-wrapper/fhir-validator.js:129:5)
      at loadValidator (tx/tests/test-runner.js:135:5)
      at startTxTests (tx/tests/test-runner.js:20:5)
      at Object.<anonymous> (tests/tx/test-cases.test.js:10:5)

  ΓùÅ Tx Tests ΓÇ║ version ΓÇ║ codeableconcept-vnn-vs1wb

    Validator service did not become ready within 60000ms

    [0m [90m 133 |[39m         timeout[33m:[39m [35m60000[39m
     [90m 134 |[39m     }
    [31m[1m>[22m[39m[90m 135 |[39m     [36mawait[39m validator[33m.[39mstart(validatorConfig)[33m;[39m
     [90m     |[39m     [31m[1m^[22m[39m
     [90m 136 |[39m }
     [90m 137 |[39m
     [90m 138 |[39m[0m

      at FhirValidator.waitForReady (node_modules/fhir-validator-wrapper/fhir-validator.js:152:11)
      at FhirValidator.start (node_modules/fhir-validator-wrapper/fhir-validator.js:129:5)
      at loadValidator (tx/tests/test-runner.js:135:5)
      at startTxTests (tx/tests/test-runner.js:20:5)
      at Object.<anonymous> (tests/tx/test-cases.test.js:10:5)

  ΓùÅ Tx Tests ΓÇ║ version ΓÇ║ codeableconcept-vnn-vs10

    Validator service did not become ready within 60000ms

    [0m [90m 133 |[39m         timeout[33m:[39m [35m60000[39m
     [90m 134 |[39m     }
    [31m[1m>[22m[39m[90m 135 |[39m     [36mawait[39m validator[33m.[39mstart(validatorConfig)[33m;[39m
     [90m     |[39m     [31m[1m^[22m[39m
     [90m 136 |[39m }
     [90m 137 |[39m
     [90m 138 |[39m[0m

      at FhirValidator.waitForReady (node_modules/fhir-validator-wrapper/fhir-validator.js:152:11)
      at FhirValidator.start (node_modules/fhir-validator-wrapper/fhir-validator.js:129:5)
      at loadValidator (tx/tests/test-runner.js:135:5)
      at startTxTests (tx/tests/test-runner.js:20:5)
      at Object.<anonymous> (tests/tx/test-cases.test.js:10:5)

  ΓùÅ Tx Tests ΓÇ║ version ΓÇ║ codeableconcept-vnn-vsbb

    Validator service did not become ready within 60000ms

    [0m [90m 133 |[39m         timeout[33m:[39m [35m60000[39m
     [90m 134 |[39m     }
    [31m[1m>[22m[39m[90m 135 |[39m     [36mawait[39m validator[33m.[39mstart(validatorConfig)[33m;[39m
     [90m     |[39m     [31m[1m^[22m[39m
     [90m 136 |[39m }
     [90m 137 |[39m
     [90m 138 |[39m[0m

      at FhirValidator.waitForReady (node_modules/fhir-validator-wrapper/fhir-validator.js:152:11)
      at FhirValidator.start (node_modules/fhir-validator-wrapper/fhir-validator.js:129:5)
      at loadValidator (tx/tests/test-runner.js:135:5)
      at startTxTests (tx/tests/test-runner.js:20:5)
      at Object.<anonymous> (tests/tx/test-cases.test.js:10:5)

  ΓùÅ Tx Tests ΓÇ║ version ΓÇ║ codeableconcept-vnn-vsnn-default

    Validator service did not become ready within 60000ms

    [0m [90m 133 |[39m         timeout[33m:[39m [35m60000[39m
     [90m 134 |[39m     }
    [31m[1m>[22m[39m[90m 135 |[39m     [36mawait[39m validator[33m.[39mstart(validatorConfig)[33m;[39m
     [90m     |[39m     [31m[1m^[22m[39m
     [90m 136 |[39m }
     [90m 137 |[39m
     [90m 138 |[39m[0m

      at FhirValidator.waitForReady (node_modules/fhir-validator-wrapper/fhir-validator.js:152:11)
      at FhirValidator.start (node_modules/fhir-validator-wrapper/fhir-validator.js:129:5)
      at loadValidator (tx/tests/test-runner.js:135:5)
      at startTxTests (tx/tests/test-runner.js:20:5)
      at Object.<anonymous> (tests/tx/test-cases.test.js:10:5)

  ΓùÅ Tx Tests ΓÇ║ version ΓÇ║ codeableconcept-v10-vs1w-default

    Validator service did not become ready within 60000ms

    [0m [90m 133 |[39m         timeout[33m:[39m [35m60000[39m
     [90m 134 |[39m     }
    [31m[1m>[22m[39m[90m 135 |[39m     [36mawait[39m validator[33m.[39mstart(validatorConfig)[33m;[39m
     [90m     |[39m     [31m[1m^[22m[39m
     [90m 136 |[39m }
     [90m 137 |[39m
     [90m 138 |[39m[0m

      at FhirValidator.waitForReady (node_modules/fhir-validator-wrapper/fhir-validator.js:152:11)
      at FhirValidator.start (node_modules/fhir-validator-wrapper/fhir-validator.js:129:5)
      at loadValidator (tx/tests/test-runner.js:135:5)
      at startTxTests (tx/tests/test-runner.js:20:5)
      at Object.<anonymous> (tests/tx/test-cases.test.js:10:5)

  ΓùÅ Tx Tests ΓÇ║ version ΓÇ║ codeableconcept-v10-vs1wb-default

    Validator service did not become ready within 60000ms

    [0m [90m 133 |[39m         timeout[33m:[39m [35m60000[39m
     [90m 134 |[39m     }
    [31m[1m>[22m[39m[90m 135 |[39m     [36mawait[39m validator[33m.[39mstart(validatorConfig)[33m;[39m
     [90m     |[39m     [31m[1m^[22m[39m
     [90m 136 |[39m }
     [90m 137 |[39m
     [90m 138 |[39m[0m

      at FhirValidator.waitForReady (node_modules/fhir-validator-wrapper/fhir-validator.js:152:11)
      at FhirValidator.start (node_modules/fhir-validator-wrapper/fhir-validator.js:129:5)
      at loadValidator (tx/tests/test-runner.js:135:5)
      at startTxTests (tx/tests/test-runner.js:20:5)
      at Object.<anonymous> (tests/tx/test-cases.test.js:10:5)

  ΓùÅ Tx Tests ΓÇ║ version ΓÇ║ codeableconcept-v10-vs10-default

    Validator service did not become ready within 60000ms

    [0m [90m 133 |[39m         timeout[33m:[39m [35m60000[39m
     [90m 134 |[39m     }
    [31m[1m>[22m[39m[90m 135 |[39m     [36mawait[39m validator[33m.[39mstart(validatorConfig)[33m;[39m
     [90m     |[39m     [31m[1m^[22m[39m
     [90m 136 |[39m }
     [90m 137 |[39m
     [90m 138 |[39m[0m

      at FhirValidator.waitForReady (node_modules/fhir-validator-wrapper/fhir-validator.js:152:11)
      at FhirValidator.start (node_modules/fhir-validator-wrapper/fhir-validator.js:129:5)
      at loadValidator (tx/tests/test-runner.js:135:5)
      at startTxTests (tx/tests/test-runner.js:20:5)
      at Object.<anonymous> (tests/tx/test-cases.test.js:10:5)

  ΓùÅ Tx Tests ΓÇ║ version ΓÇ║ codeableconcept-v10-vs20-default

    Validator service did not become ready within 60000ms

    [0m [90m 133 |[39m         timeout[33m:[39m [35m60000[39m
     [90m 134 |[39m     }
    [31m[1m>[22m[39m[90m 135 |[39m     [36mawait[39m validator[33m.[39mstart(validatorConfig)[33m;[39m
     [90m     |[39m     [31m[1m^[22m[39m
     [90m 136 |[39m }
     [90m 137 |[39m
     [90m 138 |[39m[0m

      at FhirValidator.waitForReady (node_modules/fhir-validator-wrapper/fhir-validator.js:152:11)
      at FhirValidator.start (node_modules/fhir-validator-wrapper/fhir-validator.js:129:5)
      at loadValidator (tx/tests/test-runner.js:135:5)
      at startTxTests (tx/tests/test-runner.js:20:5)
      at Object.<anonymous> (tests/tx/test-cases.test.js:10:5)

  ΓùÅ Tx Tests ΓÇ║ version ΓÇ║ codeableconcept-v10-vsbb-default

    Validator service did not become ready within 60000ms

    [0m [90m 133 |[39m         timeout[33m:[39m [35m60000[39m
     [90m 134 |[39m     }
    [31m[1m>[22m[39m[90m 135 |[39m     [36mawait[39m validator[33m.[39mstart(validatorConfig)[33m;[39m
     [90m     |[39m     [31m[1m^[22m[39m
     [90m 136 |[39m }
     [90m 137 |[39m
     [90m 138 |[39m[0m

      at FhirValidator.waitForReady (node_modules/fhir-validator-wrapper/fhir-validator.js:152:11)
      at FhirValidator.start (node_modules/fhir-validator-wrapper/fhir-validator.js:129:5)
      at loadValidator (tx/tests/test-runner.js:135:5)
      at startTxTests (tx/tests/test-runner.js:20:5)
      at Object.<anonymous> (tests/tx/test-cases.test.js:10:5)

  ΓùÅ Tx Tests ΓÇ║ version ΓÇ║ codeableconcept-v10-vsnn-default

    Validator service did not become ready within 60000ms

    [0m [90m 133 |[39m         timeout[33m:[39m [35m60000[39m
     [90m 134 |[39m     }
    [31m[1m>[22m[39m[90m 135 |[39m     [36mawait[39m validator[33m.[39mstart(validatorConfig)[33m;[39m
     [90m     |[39m     [31m[1m^[22m[39m
     [90m 136 |[39m }
     [90m 137 |[39m
     [90m 138 |[39m[0m

      at FhirValidator.waitForReady (node_modules/fhir-validator-wrapper/fhir-validator.js:152:11)
      at FhirValidator.start (node_modules/fhir-validator-wrapper/fhir-validator.js:129:5)
      at loadValidator (tx/tests/test-runner.js:135:5)
      at startTxTests (tx/tests/test-runner.js:20:5)
      at Object.<anonymous> (tests/tx/test-cases.test.js:10:5)

  ΓùÅ Tx Tests ΓÇ║ version ΓÇ║ codeableconcept-vbb-vs10-default

    Validator service did not become ready within 60000ms

    [0m [90m 133 |[39m         timeout[33m:[39m [35m60000[39m
     [90m 134 |[39m     }
    [31m[1m>[22m[39m[90m 135 |[39m     [36mawait[39m validator[33m.[39mstart(validatorConfig)[33m;[39m
     [90m     |[39m     [31m[1m^[22m[39m
     [90m 136 |[39m }
     [90m 137 |[39m
     [90m 138 |[39m[0m

      at FhirValidator.waitForReady (node_modules/fhir-validator-wrapper/fhir-validator.js:152:11)
      at FhirValidator.start (node_modules/fhir-validator-wrapper/fhir-validator.js:129:5)
      at loadValidator (tx/tests/test-runner.js:135:5)
      at startTxTests (tx/tests/test-runner.js:20:5)
      at Object.<anonymous> (tests/tx/test-cases.test.js:10:5)

  ΓùÅ Tx Tests ΓÇ║ version ΓÇ║ codeableconcept-vbb-vsnn-default

    Validator service did not become ready within 60000ms

    [0m [90m 133 |[39m         timeout[33m:[39m [35m60000[39m
     [90m 134 |[39m     }
    [31m[1m>[22m[39m[90m 135 |[39m     [36mawait[39m validator[33m.[39mstart(validatorConfig)[33m;[39m
     [90m     |[39m     [31m[1m^[22m[39m
     [90m 136 |[39m }
     [90m 137 |[39m
     [90m 138 |[39m[0m

      at FhirValidator.waitForReady (node_modules/fhir-validator-wrapper/fhir-validator.js:152:11)
      at FhirValidator.start (node_modules/fhir-validator-wrapper/fhir-validator.js:129:5)
      at loadValidator (tx/tests/test-runner.js:135:5)
      at startTxTests (tx/tests/test-runner.js:20:5)
      at Object.<anonymous> (tests/tx/test-cases.test.js:10:5)

  ΓùÅ Tx Tests ΓÇ║ version ΓÇ║ codeableconcept-vnn-vs1w-default

    Validator service did not become ready within 60000ms

    [0m [90m 133 |[39m         timeout[33m:[39m [35m60000[39m
     [90m 134 |[39m     }
    [31m[1m>[22m[39m[90m 135 |[39m     [36mawait[39m validator[33m.[39mstart(validatorConfig)[33m;[39m
     [90m     |[39m     [31m[1m^[22m[39m
     [90m 136 |[39m }
     [90m 137 |[39m
     [90m 138 |[39m[0m

      at FhirValidator.waitForReady (node_modules/fhir-validator-wrapper/fhir-validator.js:152:11)
      at FhirValidator.start (node_modules/fhir-validator-wrapper/fhir-validator.js:129:5)
      at loadValidator (tx/tests/test-runner.js:135:5)
      at startTxTests (tx/tests/test-runner.js:20:5)
      at Object.<anonymous> (tests/tx/test-cases.test.js:10:5)

  ΓùÅ Tx Tests ΓÇ║ version ΓÇ║ codeableconcept-vnn-vs1wb-default

    Validator service did not become ready within 60000ms

    [0m [90m 133 |[39m         timeout[33m:[39m [35m60000[39m
     [90m 134 |[39m     }
    [31m[1m>[22m[39m[90m 135 |[39m     [36mawait[39m validator[33m.[39mstart(validatorConfig)[33m;[39m
     [90m     |[39m     [31m[1m^[22m[39m
     [90m 136 |[39m }
     [90m 137 |[39m
     [90m 138 |[39m[0m

      at FhirValidator.waitForReady (node_modules/fhir-validator-wrapper/fhir-validator.js:152:11)
      at FhirValidator.start (node_modules/fhir-validator-wrapper/fhir-validator.js:129:5)
      at loadValidator (tx/tests/test-runner.js:135:5)
      at startTxTests (tx/tests/test-runner.js:20:5)
      at Object.<anonymous> (tests/tx/test-cases.test.js:10:5)

  ΓùÅ Tx Tests ΓÇ║ version ΓÇ║ codeableconcept-vnn-vs10-default

    Validator service did not become ready within 60000ms

    [0m [90m 133 |[39m         timeout[33m:[39m [35m60000[39m
     [90m 134 |[39m     }
    [31m[1m>[22m[39m[90m 135 |[39m     [36mawait[39m validator[33m.[39mstart(validatorConfig)[33m;[39m
     [90m     |[39m     [31m[1m^[22m[39m
     [90m 136 |[39m }
     [90m 137 |[39m
     [90m 138 |[39m[0m

      at FhirValidator.waitForReady (node_modules/fhir-validator-wrapper/fhir-validator.js:152:11)
      at FhirValidator.start (node_modules/fhir-validator-wrapper/fhir-validator.js:129:5)
      at loadValidator (tx/tests/test-runner.js:135:5)
      at startTxTests (tx/tests/test-runner.js:20:5)
      at Object.<anonymous> (tests/tx/test-cases.test.js:10:5)

  ΓùÅ Tx Tests ΓÇ║ version ΓÇ║ codeableconcept-vnn-vsbb-default

    Validator service did not become ready within 60000ms

    [0m [90m 133 |[39m         timeout[33m:[39m [35m60000[39m
     [90m 134 |[39m     }
    [31m[1m>[22m[39m[90m 135 |[39m     [36mawait[39m validator[33m.[39mstart(validatorConfig)[33m;[39m
     [90m     |[39m     [31m[1m^[22m[39m
     [90m 136 |[39m }
     [90m 137 |[39m
     [90m 138 |[39m[0m

      at FhirValidator.waitForReady (node_modules/fhir-validator-wrapper/fhir-validator.js:152:11)
      at FhirValidator.start (node_modules/fhir-validator-wrapper/fhir-validator.js:129:5)
      at loadValidator (tx/tests/test-runner.js:135:5)
      at startTxTests (tx/tests/test-runner.js:20:5)
      at Object.<anonymous> (tests/tx/test-cases.test.js:10:5)

  ΓùÅ Tx Tests ΓÇ║ version ΓÇ║ codeableconcept-vnn-vsnn-check

    Validator service did not become ready within 60000ms

    [0m [90m 133 |[39m         timeout[33m:[39m [35m60000[39m
     [90m 134 |[39m     }
    [31m[1m>[22m[39m[90m 135 |[39m     [36mawait[39m validator[33m.[39mstart(validatorConfig)[33m;[39m
     [90m     |[39m     [31m[1m^[22m[39m
     [90m 136 |[39m }
     [90m 137 |[39m
     [90m 138 |[39m[0m

      at FhirValidator.waitForReady (node_modules/fhir-validator-wrapper/fhir-validator.js:152:11)
      at FhirValidator.start (node_modules/fhir-validator-wrapper/fhir-validator.js:129:5)
      at loadValidator (tx/tests/test-runner.js:135:5)
      at startTxTests (tx/tests/test-runner.js:20:5)
      at Object.<anonymous> (tests/tx/test-cases.test.js:10:5)

  ΓùÅ Tx Tests ΓÇ║ version ΓÇ║ codeableconcept-v10-vs1w-check

    Validator service did not become ready within 60000ms

    [0m [90m 133 |[39m         timeout[33m:[39m [35m60000[39m
     [90m 134 |[39m     }
    [31m[1m>[22m[39m[90m 135 |[39m     [36mawait[39m validator[33m.[39mstart(validatorConfig)[33m;[39m
     [90m     |[39m     [31m[1m^[22m[39m
     [90m 136 |[39m }
     [90m 137 |[39m
     [90m 138 |[39m[0m

      at FhirValidator.waitForReady (node_modules/fhir-validator-wrapper/fhir-validator.js:152:11)
      at FhirValidator.start (node_modules/fhir-validator-wrapper/fhir-validator.js:129:5)
      at loadValidator (tx/tests/test-runner.js:135:5)
      at startTxTests (tx/tests/test-runner.js:20:5)
      at Object.<anonymous> (tests/tx/test-cases.test.js:10:5)

  ΓùÅ Tx Tests ΓÇ║ version ΓÇ║ codeableconcept-v10-vs1wb-check

    Validator service did not become ready within 60000ms

    [0m [90m 133 |[39m         timeout[33m:[39m [35m60000[39m
     [90m 134 |[39m     }
    [31m[1m>[22m[39m[90m 135 |[39m     [36mawait[39m validator[33m.[39mstart(validatorConfig)[33m;[39m
     [90m     |[39m     [31m[1m^[22m[39m
     [90m 136 |[39m }
     [90m 137 |[39m
     [90m 138 |[39m[0m

      at FhirValidator.waitForReady (node_modules/fhir-validator-wrapper/fhir-validator.js:152:11)
      at FhirValidator.start (node_modules/fhir-validator-wrapper/fhir-validator.js:129:5)
      at loadValidator (tx/tests/test-runner.js:135:5)
      at startTxTests (tx/tests/test-runner.js:20:5)
      at Object.<anonymous> (tests/tx/test-cases.test.js:10:5)

  ΓùÅ Tx Tests ΓÇ║ version ΓÇ║ codeableconcept-v10-vs10-check

    Validator service did not become ready within 60000ms

    [0m [90m 133 |[39m         timeout[33m:[39m [35m60000[39m
     [90m 134 |[39m     }
    [31m[1m>[22m[39m[90m 135 |[39m     [36mawait[39m validator[33m.[39mstart(validatorConfig)[33m;[39m
     [90m     |[39m     [31m[1m^[22m[39m
     [90m 136 |[39m }
     [90m 137 |[39m
     [90m 138 |[39m[0m

      at FhirValidator.waitForReady (node_modules/fhir-validator-wrapper/fhir-validator.js:152:11)
      at FhirValidator.start (node_modules/fhir-validator-wrapper/fhir-validator.js:129:5)
      at loadValidator (tx/tests/test-runner.js:135:5)
      at startTxTests (tx/tests/test-runner.js:20:5)
      at Object.<anonymous> (tests/tx/test-cases.test.js:10:5)

  ΓùÅ Tx Tests ΓÇ║ version ΓÇ║ codeableconcept-v10-vs20-check

    Validator service did not become ready within 60000ms

    [0m [90m 133 |[39m         timeout[33m:[39m [35m60000[39m
     [90m 134 |[39m     }
    [31m[1m>[22m[39m[90m 135 |[39m     [36mawait[39m validator[33m.[39mstart(validatorConfig)[33m;[39m
     [90m     |[39m     [31m[1m^[22m[39m
     [90m 136 |[39m }
     [90m 137 |[39m
     [90m 138 |[39m[0m

      at FhirValidator.waitForReady (node_modules/fhir-validator-wrapper/fhir-validator.js:152:11)
      at FhirValidator.start (node_modules/fhir-validator-wrapper/fhir-validator.js:129:5)
      at loadValidator (tx/tests/test-runner.js:135:5)
      at startTxTests (tx/tests/test-runner.js:20:5)
      at Object.<anonymous> (tests/tx/test-cases.test.js:10:5)

  ΓùÅ Tx Tests ΓÇ║ version ΓÇ║ codeableconcept-v10-vsbb-check

    Validator service did not become ready within 60000ms

    [0m [90m 133 |[39m         timeout[33m:[39m [35m60000[39m
     [90m 134 |[39m     }
    [31m[1m>[22m[39m[90m 135 |[39m     [36mawait[39m validator[33m.[39mstart(validatorConfig)[33m;[39m
     [90m     |[39m     [31m[1m^[22m[39m
     [90m 136 |[39m }
     [90m 137 |[39m
     [90m 138 |[39m[0m

      at FhirValidator.waitForReady (node_modules/fhir-validator-wrapper/fhir-validator.js:152:11)
      at FhirValidator.start (node_modules/fhir-validator-wrapper/fhir-validator.js:129:5)
      at loadValidator (tx/tests/test-runner.js:135:5)
      at startTxTests (tx/tests/test-runner.js:20:5)
      at Object.<anonymous> (tests/tx/test-cases.test.js:10:5)

  ΓùÅ Tx Tests ΓÇ║ version ΓÇ║ codeableconcept-v10-vsnn-check

    Validator service did not become ready within 60000ms

    [0m [90m 133 |[39m         timeout[33m:[39m [35m60000[39m
     [90m 134 |[39m     }
    [31m[1m>[22m[39m[90m 135 |[39m     [36mawait[39m validator[33m.[39mstart(validatorConfig)[33m;[39m
     [90m     |[39m     [31m[1m^[22m[39m
     [90m 136 |[39m }
     [90m 137 |[39m
     [90m 138 |[39m[0m

      at FhirValidator.waitForReady (node_modules/fhir-validator-wrapper/fhir-validator.js:152:11)
      at FhirValidator.start (node_modules/fhir-validator-wrapper/fhir-validator.js:129:5)
      at loadValidator (tx/tests/test-runner.js:135:5)
      at startTxTests (tx/tests/test-runner.js:20:5)
      at Object.<anonymous> (tests/tx/test-cases.test.js:10:5)

  ΓùÅ Tx Tests ΓÇ║ version ΓÇ║ codeableconcept-vbb-vs10-check

    Validator service did not become ready within 60000ms

    [0m [90m 133 |[39m         timeout[33m:[39m [35m60000[39m
     [90m 134 |[39m     }
    [31m[1m>[22m[39m[90m 135 |[39m     [36mawait[39m validator[33m.[39mstart(validatorConfig)[33m;[39m
     [90m     |[39m     [31m[1m^[22m[39m
     [90m 136 |[39m }
     [90m 137 |[39m
     [90m 138 |[39m[0m

      at FhirValidator.waitForReady (node_modules/fhir-validator-wrapper/fhir-validator.js:152:11)
      at FhirValidator.start (node_modules/fhir-validator-wrapper/fhir-validator.js:129:5)
      at loadValidator (tx/tests/test-runner.js:135:5)
      at startTxTests (tx/tests/test-runner.js:20:5)
      at Object.<anonymous> (tests/tx/test-cases.test.js:10:5)

  ΓùÅ Tx Tests ΓÇ║ version ΓÇ║ codeableconcept-vbb-vsnn-check

    Validator service did not become ready within 60000ms

    [0m [90m 133 |[39m         timeout[33m:[39m [35m60000[39m
     [90m 134 |[39m     }
    [31m[1m>[22m[39m[90m 135 |[39m     [36mawait[39m validator[33m.[39mstart(validatorConfig)[33m;[39m
     [90m     |[39m     [31m[1m^[22m[39m
     [90m 136 |[39m }
     [90m 137 |[39m
     [90m 138 |[39m[0m

      at FhirValidator.waitForReady (node_modules/fhir-validator-wrapper/fhir-validator.js:152:11)
      at FhirValidator.start (node_modules/fhir-validator-wrapper/fhir-validator.js:129:5)
      at loadValidator (tx/tests/test-runner.js:135:5)
      at startTxTests (tx/tests/test-runner.js:20:5)
      at Object.<anonymous> (tests/tx/test-cases.test.js:10:5)

  ΓùÅ Tx Tests ΓÇ║ version ΓÇ║ codeableconcept-vnn-vs1w-check

    Validator service did not become ready within 60000ms

    [0m [90m 133 |[39m         timeout[33m:[39m [35m60000[39m
     [90m 134 |[39m     }
    [31m[1m>[22m[39m[90m 135 |[39m     [36mawait[39m validator[33m.[39mstart(validatorConfig)[33m;[39m
     [90m     |[39m     [31m[1m^[22m[39m
     [90m 136 |[39m }
     [90m 137 |[39m
     [90m 138 |[39m[0m

      at FhirValidator.waitForReady (node_modules/fhir-validator-wrapper/fhir-validator.js:152:11)
      at FhirValidator.start (node_modules/fhir-validator-wrapper/fhir-validator.js:129:5)
      at loadValidator (tx/tests/test-runner.js:135:5)
      at startTxTests (tx/tests/test-runner.js:20:5)
      at Object.<anonymous> (tests/tx/test-cases.test.js:10:5)

  ΓùÅ Tx Tests ΓÇ║ version ΓÇ║ codeableconcept-vnn-vs1wb-check

    Validator service did not become ready within 60000ms

    [0m [90m 133 |[39m         timeout[33m:[39m [35m60000[39m
     [90m 134 |[39m     }
    [31m[1m>[22m[39m[90m 135 |[39m     [36mawait[39m validator[33m.[39mstart(validatorConfig)[33m;[39m
     [90m     |[39m     [31m[1m^[22m[39m
     [90m 136 |[39m }
     [90m 137 |[39m
     [90m 138 |[39m[0m

      at FhirValidator.waitForReady (node_modules/fhir-validator-wrapper/fhir-validator.js:152:11)
      at FhirValidator.start (node_modules/fhir-validator-wrapper/fhir-validator.js:129:5)
      at loadValidator (tx/tests/test-runner.js:135:5)
      at startTxTests (tx/tests/test-runner.js:20:5)
      at Object.<anonymous> (tests/tx/test-cases.test.js:10:5)

  ΓùÅ Tx Tests ΓÇ║ version ΓÇ║ codeableconcept-vnn-vs10-check

    Validator service did not become ready within 60000ms

    [0m [90m 133 |[39m         timeout[33m:[39m [35m60000[39m
     [90m 134 |[39m     }
    [31m[1m>[22m[39m[90m 135 |[39m     [36mawait[39m validator[33m.[39mstart(validatorConfig)[33m;[39m
     [90m     |[39m     [31m[1m^[22m[39m
     [90m 136 |[39m }
     [90m 137 |[39m
     [90m 138 |[39m[0m

      at FhirValidator.waitForReady (node_modules/fhir-validator-wrapper/fhir-validator.js:152:11)
      at FhirValidator.start (node_modules/fhir-validator-wrapper/fhir-validator.js:129:5)
      at loadValidator (tx/tests/test-runner.js:135:5)
      at startTxTests (tx/tests/test-runner.js:20:5)
      at Object.<anonymous> (tests/tx/test-cases.test.js:10:5)

  ΓùÅ Tx Tests ΓÇ║ version ΓÇ║ codeableconcept-vnn-vsbb-check

    Validator service did not become ready within 60000ms

    [0m [90m 133 |[39m         timeout[33m:[39m [35m60000[39m
     [90m 134 |[39m     }
    [31m[1m>[22m[39m[90m 135 |[39m     [36mawait[39m validator[33m.[39mstart(validatorConfig)[33m;[39m
     [90m     |[39m     [31m[1m^[22m[39m
     [90m 136 |[39m }
     [90m 137 |[39m
     [90m 138 |[39m[0m

      at FhirValidator.waitForReady (node_modules/fhir-validator-wrapper/fhir-validator.js:152:11)
      at FhirValidator.start (node_modules/fhir-validator-wrapper/fhir-validator.js:129:5)
      at loadValidator (tx/tests/test-runner.js:135:5)
      at startTxTests (tx/tests/test-runner.js:20:5)
      at Object.<anonymous> (tests/tx/test-cases.test.js:10:5)

  ΓùÅ Tx Tests ΓÇ║ version ΓÇ║ codeableconcept-vnn-vsnn-force

    Validator service did not become ready within 60000ms

    [0m [90m 133 |[39m         timeout[33m:[39m [35m60000[39m
     [90m 134 |[39m     }
    [31m[1m>[22m[39m[90m 135 |[39m     [36mawait[39m validator[33m.[39mstart(validatorConfig)[33m;[39m
     [90m     |[39m     [31m[1m^[22m[39m
     [90m 136 |[39m }
     [90m 137 |[39m
     [90m 138 |[39m[0m

      at FhirValidator.waitForReady (node_modules/fhir-validator-wrapper/fhir-validator.js:152:11)
      at FhirValidator.start (node_modules/fhir-validator-wrapper/fhir-validator.js:129:5)
      at loadValidator (tx/tests/test-runner.js:135:5)
      at startTxTests (tx/tests/test-runner.js:20:5)
      at Object.<anonymous> (tests/tx/test-cases.test.js:10:5)

  ΓùÅ Tx Tests ΓÇ║ version ΓÇ║ codeableconcept-v10-vs1w-force

    Validator service did not become ready within 60000ms

    [0m [90m 133 |[39m         timeout[33m:[39m [35m60000[39m
     [90m 134 |[39m     }
    [31m[1m>[22m[39m[90m 135 |[39m     [36mawait[39m validator[33m.[39mstart(validatorConfig)[33m;[39m
     [90m     |[39m     [31m[1m^[22m[39m
     [90m 136 |[39m }
     [90m 137 |[39m
     [90m 138 |[39m[0m

      at FhirValidator.waitForReady (node_modules/fhir-validator-wrapper/fhir-validator.js:152:11)
      at FhirValidator.start (node_modules/fhir-validator-wrapper/fhir-validator.js:129:5)
      at loadValidator (tx/tests/test-runner.js:135:5)
      at startTxTests (tx/tests/test-runner.js:20:5)
      at Object.<anonymous> (tests/tx/test-cases.test.js:10:5)

  ΓùÅ Tx Tests ΓÇ║ version ΓÇ║ codeableconcept-v10-vs1wb-force

    Validator service did not become ready within 60000ms

    [0m [90m 133 |[39m         timeout[33m:[39m [35m60000[39m
     [90m 134 |[39m     }
    [31m[1m>[22m[39m[90m 135 |[39m     [36mawait[39m validator[33m.[39mstart(validatorConfig)[33m;[39m
     [90m     |[39m     [31m[1m^[22m[39m
     [90m 136 |[39m }
     [90m 137 |[39m
     [90m 138 |[39m[0m

      at FhirValidator.waitForReady (node_modules/fhir-validator-wrapper/fhir-validator.js:152:11)
      at FhirValidator.start (node_modules/fhir-validator-wrapper/fhir-validator.js:129:5)
      at loadValidator (tx/tests/test-runner.js:135:5)
      at startTxTests (tx/tests/test-runner.js:20:5)
      at Object.<anonymous> (tests/tx/test-cases.test.js:10:5)

  ΓùÅ Tx Tests ΓÇ║ version ΓÇ║ codeableconcept-v10-vs10-force

    Validator service did not become ready within 60000ms

    [0m [90m 133 |[39m         timeout[33m:[39m [35m60000[39m
     [90m 134 |[39m     }
    [31m[1m>[22m[39m[90m 135 |[39m     [36mawait[39m validator[33m.[39mstart(validatorConfig)[33m;[39m
     [90m     |[39m     [31m[1m^[22m[39m
     [90m 136 |[39m }
     [90m 137 |[39m
     [90m 138 |[39m[0m

      at FhirValidator.waitForReady (node_modules/fhir-validator-wrapper/fhir-validator.js:152:11)
      at FhirValidator.start (node_modules/fhir-validator-wrapper/fhir-validator.js:129:5)
      at loadValidator (tx/tests/test-runner.js:135:5)
      at startTxTests (tx/tests/test-runner.js:20:5)
      at Object.<anonymous> (tests/tx/test-cases.test.js:10:5)

  ΓùÅ Tx Tests ΓÇ║ version ΓÇ║ codeableconcept-v10-vs20-force

    Validator service did not become ready within 60000ms

    [0m [90m 133 |[39m         timeout[33m:[39m [35m60000[39m
     [90m 134 |[39m     }
    [31m[1m>[22m[39m[90m 135 |[39m     [36mawait[39m validator[33m.[39mstart(validatorConfig)[33m;[39m
     [90m     |[39m     [31m[1m^[22m[39m
     [90m 136 |[39m }
     [90m 137 |[39m
     [90m 138 |[39m[0m

      at FhirValidator.waitForReady (node_modules/fhir-validator-wrapper/fhir-validator.js:152:11)
      at FhirValidator.start (node_modules/fhir-validator-wrapper/fhir-validator.js:129:5)
      at loadValidator (tx/tests/test-runner.js:135:5)
      at startTxTests (tx/tests/test-runner.js:20:5)
      at Object.<anonymous> (tests/tx/test-cases.test.js:10:5)

  ΓùÅ Tx Tests ΓÇ║ version ΓÇ║ codeableconcept-v10-vsbb-force

    Validator service did not become ready within 60000ms

    [0m [90m 133 |[39m         timeout[33m:[39m [35m60000[39m
     [90m 134 |[39m     }
    [31m[1m>[22m[39m[90m 135 |[39m     [36mawait[39m validator[33m.[39mstart(validatorConfig)[33m;[39m
     [90m     |[39m     [31m[1m^[22m[39m
     [90m 136 |[39m }
     [90m 137 |[39m
     [90m 138 |[39m[0m

      at FhirValidator.waitForReady (node_modules/fhir-validator-wrapper/fhir-validator.js:152:11)
      at FhirValidator.start (node_modules/fhir-validator-wrapper/fhir-validator.js:129:5)
      at loadValidator (tx/tests/test-runner.js:135:5)
      at startTxTests (tx/tests/test-runner.js:20:5)
      at Object.<anonymous> (tests/tx/test-cases.test.js:10:5)

  ΓùÅ Tx Tests ΓÇ║ version ΓÇ║ codeableconcept-v10-vsnn-force

    Validator service did not become ready within 60000ms

    [0m [90m 133 |[39m         timeout[33m:[39m [35m60000[39m
     [90m 134 |[39m     }
    [31m[1m>[22m[39m[90m 135 |[39m     [36mawait[39m validator[33m.[39mstart(validatorConfig)[33m;[39m
     [90m     |[39m     [31m[1m^[22m[39m
     [90m 136 |[39m }
     [90m 137 |[39m
     [90m 138 |[39m[0m

      at FhirValidator.waitForReady (node_modules/fhir-validator-wrapper/fhir-validator.js:152:11)
      at FhirValidator.start (node_modules/fhir-validator-wrapper/fhir-validator.js:129:5)
      at loadValidator (tx/tests/test-runner.js:135:5)
      at startTxTests (tx/tests/test-runner.js:20:5)
      at Object.<anonymous> (tests/tx/test-cases.test.js:10:5)

  ΓùÅ Tx Tests ΓÇ║ version ΓÇ║ codeableconcept-vbb-vs10-force

    Validator service did not become ready within 60000ms

    [0m [90m 133 |[39m         timeout[33m:[39m [35m60000[39m
     [90m 134 |[39m     }
    [31m[1m>[22m[39m[90m 135 |[39m     [36mawait[39m validator[33m.[39mstart(validatorConfig)[33m;[39m
     [90m     |[39m     [31m[1m^[22m[39m
     [90m 136 |[39m }
     [90m 137 |[39m
     [90m 138 |[39m[0m

      at FhirValidator.waitForReady (node_modules/fhir-validator-wrapper/fhir-validator.js:152:11)
      at FhirValidator.start (node_modules/fhir-validator-wrapper/fhir-validator.js:129:5)
      at loadValidator (tx/tests/test-runner.js:135:5)
      at startTxTests (tx/tests/test-runner.js:20:5)
      at Object.<anonymous> (tests/tx/test-cases.test.js:10:5)

  ΓùÅ Tx Tests ΓÇ║ version ΓÇ║ codeableconcept-vbb-vsnn-force

    Validator service did not become ready within 60000ms

    [0m [90m 133 |[39m         timeout[33m:[39m [35m60000[39m
     [90m 134 |[39m     }
    [31m[1m>[22m[39m[90m 135 |[39m     [36mawait[39m validator[33m.[39mstart(validatorConfig)[33m;[39m
     [90m     |[39m     [31m[1m^[22m[39m
     [90m 136 |[39m }
     [90m 137 |[39m
     [90m 138 |[39m[0m

      at FhirValidator.waitForReady (node_modules/fhir-validator-wrapper/fhir-validator.js:152:11)
      at FhirValidator.start (node_modules/fhir-validator-wrapper/fhir-validator.js:129:5)
      at loadValidator (tx/tests/test-runner.js:135:5)
      at startTxTests (tx/tests/test-runner.js:20:5)
      at Object.<anonymous> (tests/tx/test-cases.test.js:10:5)

  ΓùÅ Tx Tests ΓÇ║ version ΓÇ║ codeableconcept-vnn-vs1w-force

    Validator service did not become ready within 60000ms

    [0m [90m 133 |[39m         timeout[33m:[39m [35m60000[39m
     [90m 134 |[39m     }
    [31m[1m>[22m[39m[90m 135 |[39m     [36mawait[39m validator[33m.[39mstart(validatorConfig)[33m;[39m
     [90m     |[39m     [31m[1m^[22m[39m
     [90m 136 |[39m }
     [90m 137 |[39m
     [90m 138 |[39m[0m

      at FhirValidator.waitForReady (node_modules/fhir-validator-wrapper/fhir-validator.js:152:11)
      at FhirValidator.start (node_modules/fhir-validator-wrapper/fhir-validator.js:129:5)
      at loadValidator (tx/tests/test-runner.js:135:5)
      at startTxTests (tx/tests/test-runner.js:20:5)
      at Object.<anonymous> (tests/tx/test-cases.test.js:10:5)

  ΓùÅ Tx Tests ΓÇ║ version ΓÇ║ codeableconcept-vnn-vs1wb-force

    Validator service did not become ready within 60000ms

    [0m [90m 133 |[39m         timeout[33m:[39m [35m60000[39m
     [90m 134 |[39m     }
    [31m[1m>[22m[39m[90m 135 |[39m     [36mawait[39m validator[33m.[39mstart(validatorConfig)[33m;[39m
     [90m     |[39m     [31m[1m^[22m[39m
     [90m 136 |[39m }
     [90m 137 |[39m
     [90m 138 |[39m[0m

      at FhirValidator.waitForReady (node_modules/fhir-validator-wrapper/fhir-validator.js:152:11)
      at FhirValidator.start (node_modules/fhir-validator-wrapper/fhir-validator.js:129:5)
      at loadValidator (tx/tests/test-runner.js:135:5)
      at startTxTests (tx/tests/test-runner.js:20:5)
      at Object.<anonymous> (tests/tx/test-cases.test.js:10:5)

  ΓùÅ Tx Tests ΓÇ║ version ΓÇ║ codeableconcept-vnn-vs10-force

    Validator service did not become ready within 60000ms

    [0m [90m 133 |[39m         timeout[33m:[39m [35m60000[39m
     [90m 134 |[39m     }
    [31m[1m>[22m[39m[90m 135 |[39m     [36mawait[39m validator[33m.[39mstart(validatorConfig)[33m;[39m
     [90m     |[39m     [31m[1m^[22m[39m
     [90m 136 |[39m }
     [90m 137 |[39m
     [90m 138 |[39m[0m

      at FhirValidator.waitForReady (node_modules/fhir-validator-wrapper/fhir-validator.js:152:11)
      at FhirValidator.start (node_modules/fhir-validator-wrapper/fhir-validator.js:129:5)
      at loadValidator (tx/tests/test-runner.js:135:5)
      at startTxTests (tx/tests/test-runner.js:20:5)
      at Object.<anonymous> (tests/tx/test-cases.test.js:10:5)

  ΓùÅ Tx Tests ΓÇ║ version ΓÇ║ codeableconcept-vnn-vsbb-force

    Validator service did not become ready within 60000ms

    [0m [90m 133 |[39m         timeout[33m:[39m [35m60000[39m
     [90m 134 |[39m     }
    [31m[1m>[22m[39m[90m 135 |[39m     [36mawait[39m validator[33m.[39mstart(validatorConfig)[33m;[39m
     [90m     |[39m     [31m[1m^[22m[39m
     [90m 136 |[39m }
     [90m 137 |[39m
     [90m 138 |[39m[0m

      at FhirValidator.waitForReady (node_modules/fhir-validator-wrapper/fhir-validator.js:152:11)
      at FhirValidator.start (node_modules/fhir-validator-wrapper/fhir-validator.js:129:5)
      at loadValidator (tx/tests/test-runner.js:135:5)
      at startTxTests (tx/tests/test-runner.js:20:5)
      at Object.<anonymous> (tests/tx/test-cases.test.js:10:5)

  ΓùÅ Tx Tests ΓÇ║ version ΓÇ║ code-vnn-vsnn

    Validator service did not become ready within 60000ms

    [0m [90m 133 |[39m         timeout[33m:[39m [35m60000[39m
     [90m 134 |[39m     }
    [31m[1m>[22m[39m[90m 135 |[39m     [36mawait[39m validator[33m.[39mstart(validatorConfig)[33m;[39m
     [90m     |[39m     [31m[1m^[22m[39m
     [90m 136 |[39m }
     [90m 137 |[39m
     [90m 138 |[39m[0m

      at FhirValidator.waitForReady (node_modules/fhir-validator-wrapper/fhir-validator.js:152:11)
      at FhirValidator.start (node_modules/fhir-validator-wrapper/fhir-validator.js:129:5)
      at loadValidator (tx/tests/test-runner.js:135:5)
      at startTxTests (tx/tests/test-runner.js:20:5)
      at Object.<anonymous> (tests/tx/test-cases.test.js:10:5)

  ΓùÅ Tx Tests ΓÇ║ version ΓÇ║ code-v10-vs1w

    Validator service did not become ready within 60000ms

    [0m [90m 133 |[39m         timeout[33m:[39m [35m60000[39m
     [90m 134 |[39m     }
    [31m[1m>[22m[39m[90m 135 |[39m     [36mawait[39m validator[33m.[39mstart(validatorConfig)[33m;[39m
     [90m     |[39m     [31m[1m^[22m[39m
     [90m 136 |[39m }
     [90m 137 |[39m
     [90m 138 |[39m[0m

      at FhirValidator.waitForReady (node_modules/fhir-validator-wrapper/fhir-validator.js:152:11)
      at FhirValidator.start (node_modules/fhir-validator-wrapper/fhir-validator.js:129:5)
      at loadValidator (tx/tests/test-runner.js:135:5)
      at startTxTests (tx/tests/test-runner.js:20:5)
      at Object.<anonymous> (tests/tx/test-cases.test.js:10:5)

  ΓùÅ Tx Tests ΓÇ║ version ΓÇ║ code-v10-vs1wb

    Validator service did not become ready within 60000ms

    [0m [90m 133 |[39m         timeout[33m:[39m [35m60000[39m
     [90m 134 |[39m     }
    [31m[1m>[22m[39m[90m 135 |[39m     [36mawait[39m validator[33m.[39mstart(validatorConfig)[33m;[39m
     [90m     |[39m     [31m[1m^[22m[39m
     [90m 136 |[39m }
     [90m 137 |[39m
     [90m 138 |[39m[0m

      at FhirValidator.waitForReady (node_modules/fhir-validator-wrapper/fhir-validator.js:152:11)
      at FhirValidator.start (node_modules/fhir-validator-wrapper/fhir-validator.js:129:5)
      at loadValidator (tx/tests/test-runner.js:135:5)
      at startTxTests (tx/tests/test-runner.js:20:5)
      at Object.<anonymous> (tests/tx/test-cases.test.js:10:5)

  ΓùÅ Tx Tests ΓÇ║ version ΓÇ║ code-v10-vs10

    Validator service did not become ready within 60000ms

    [0m [90m 133 |[39m         timeout[33m:[39m [35m60000[39m
     [90m 134 |[39m     }
    [31m[1m>[22m[39m[90m 135 |[39m     [36mawait[39m validator[33m.[39mstart(validatorConfig)[33m;[39m
     [90m     |[39m     [31m[1m^[22m[39m
     [90m 136 |[39m }
     [90m 137 |[39m
     [90m 138 |[39m[0m

      at FhirValidator.waitForReady (node_modules/fhir-validator-wrapper/fhir-validator.js:152:11)
      at FhirValidator.start (node_modules/fhir-validator-wrapper/fhir-validator.js:129:5)
      at loadValidator (tx/tests/test-runner.js:135:5)
      at startTxTests (tx/tests/test-runner.js:20:5)
      at Object.<anonymous> (tests/tx/test-cases.test.js:10:5)

  ΓùÅ Tx Tests ΓÇ║ version ΓÇ║ code-v10-vs20

    Validator service did not become ready within 60000ms

    [0m [90m 133 |[39m         timeout[33m:[39m [35m60000[39m
     [90m 134 |[39m     }
    [31m[1m>[22m[39m[90m 135 |[39m     [36mawait[39m validator[33m.[39mstart(validatorConfig)[33m;[39m
     [90m     |[39m     [31m[1m^[22m[39m
     [90m 136 |[39m }
     [90m 137 |[39m
     [90m 138 |[39m[0m

      at FhirValidator.waitForReady (node_modules/fhir-validator-wrapper/fhir-validator.js:152:11)
      at FhirValidator.start (node_modules/fhir-validator-wrapper/fhir-validator.js:129:5)
      at loadValidator (tx/tests/test-runner.js:135:5)
      at startTxTests (tx/tests/test-runner.js:20:5)
      at Object.<anonymous> (tests/tx/test-cases.test.js:10:5)

  ΓùÅ Tx Tests ΓÇ║ version ΓÇ║ code-v10-vsbb

    Validator service did not become ready within 60000ms

    [0m [90m 133 |[39m         timeout[33m:[39m [35m60000[39m
     [90m 134 |[39m     }
    [31m[1m>[22m[39m[90m 135 |[39m     [36mawait[39m validator[33m.[39mstart(validatorConfig)[33m;[39m
     [90m     |[39m     [31m[1m^[22m[39m
     [90m 136 |[39m }
     [90m 137 |[39m
     [90m 138 |[39m[0m

      at FhirValidator.waitForReady (node_modules/fhir-validator-wrapper/fhir-validator.js:152:11)
      at FhirValidator.start (node_modules/fhir-validator-wrapper/fhir-validator.js:129:5)
      at loadValidator (tx/tests/test-runner.js:135:5)
      at startTxTests (tx/tests/test-runner.js:20:5)
      at Object.<anonymous> (tests/tx/test-cases.test.js:10:5)

  ΓùÅ Tx Tests ΓÇ║ version ΓÇ║ code-v10-vsnn

    Validator service did not become ready within 60000ms

    [0m [90m 133 |[39m         timeout[33m:[39m [35m60000[39m
     [90m 134 |[39m     }
    [31m[1m>[22m[39m[90m 135 |[39m     [36mawait[39m validator[33m.[39mstart(validatorConfig)[33m;[39m
     [90m     |[39m     [31m[1m^[22m[39m
     [90m 136 |[39m }
     [90m 137 |[39m
     [90m 138 |[39m[0m

      at FhirValidator.waitForReady (node_modules/fhir-validator-wrapper/fhir-validator.js:152:11)
      at FhirValidator.start (node_modules/fhir-validator-wrapper/fhir-validator.js:129:5)
      at loadValidator (tx/tests/test-runner.js:135:5)
      at startTxTests (tx/tests/test-runner.js:20:5)
      at Object.<anonymous> (tests/tx/test-cases.test.js:10:5)

  ΓùÅ Tx Tests ΓÇ║ version ΓÇ║ code-vbb-vs10

    Validator service did not become ready within 60000ms

    [0m [90m 133 |[39m         timeout[33m:[39m [35m60000[39m
     [90m 134 |[39m     }
    [31m[1m>[22m[39m[90m 135 |[39m     [36mawait[39m validator[33m.[39mstart(validatorConfig)[33m;[39m
     [90m     |[39m     [31m[1m^[22m[39m
     [90m 136 |[39m }
     [90m 137 |[39m
     [90m 138 |[39m[0m

      at FhirValidator.waitForReady (node_modules/fhir-validator-wrapper/fhir-validator.js:152:11)
      at FhirValidator.start (node_modules/fhir-validator-wrapper/fhir-validator.js:129:5)
      at loadValidator (tx/tests/test-runner.js:135:5)
      at startTxTests (tx/tests/test-runner.js:20:5)
      at Object.<anonymous> (tests/tx/test-cases.test.js:10:5)

  ΓùÅ Tx Tests ΓÇ║ version ΓÇ║ code-vbb-vsnn

    Validator service did not become ready within 60000ms

    [0m [90m 133 |[39m         timeout[33m:[39m [35m60000[39m
     [90m 134 |[39m     }
    [31m[1m>[22m[39m[90m 135 |[39m     [36mawait[39m validator[33m.[39mstart(validatorConfig)[33m;[39m
     [90m     |[39m     [31m[1m^[22m[39m
     [90m 136 |[39m }
     [90m 137 |[39m
     [90m 138 |[39m[0m

      at FhirValidator.waitForReady (node_modules/fhir-validator-wrapper/fhir-validator.js:152:11)
      at FhirValidator.start (node_modules/fhir-validator-wrapper/fhir-validator.js:129:5)
      at loadValidator (tx/tests/test-runner.js:135:5)
      at startTxTests (tx/tests/test-runner.js:20:5)
      at Object.<anonymous> (tests/tx/test-cases.test.js:10:5)

  ΓùÅ Tx Tests ΓÇ║ version ΓÇ║ code-vnn-vs1w

    Validator service did not become ready within 60000ms

    [0m [90m 133 |[39m         timeout[33m:[39m [35m60000[39m
     [90m 134 |[39m     }
    [31m[1m>[22m[39m[90m 135 |[39m     [36mawait[39m validator[33m.[39mstart(validatorConfig)[33m;[39m
     [90m     |[39m     [31m[1m^[22m[39m
     [90m 136 |[39m }
     [90m 137 |[39m
     [90m 138 |[39m[0m

      at FhirValidator.waitForReady (node_modules/fhir-validator-wrapper/fhir-validator.js:152:11)
      at FhirValidator.start (node_modules/fhir-validator-wrapper/fhir-validator.js:129:5)
      at loadValidator (tx/tests/test-runner.js:135:5)
      at startTxTests (tx/tests/test-runner.js:20:5)
      at Object.<anonymous> (tests/tx/test-cases.test.js:10:5)

  ΓùÅ Tx Tests ΓÇ║ version ΓÇ║ code-vnn-vs1wb

    Validator service did not become ready within 60000ms

    [0m [90m 133 |[39m         timeout[33m:[39m [35m60000[39m
     [90m 134 |[39m     }
    [31m[1m>[22m[39m[90m 135 |[39m     [36mawait[39m validator[33m.[39mstart(validatorConfig)[33m;[39m
     [90m     |[39m     [31m[1m^[22m[39m
     [90m 136 |[39m }
     [90m 137 |[39m
     [90m 138 |[39m[0m

      at FhirValidator.waitForReady (node_modules/fhir-validator-wrapper/fhir-validator.js:152:11)
      at FhirValidator.start (node_modules/fhir-validator-wrapper/fhir-validator.js:129:5)
      at loadValidator (tx/tests/test-runner.js:135:5)
      at startTxTests (tx/tests/test-runner.js:20:5)
      at Object.<anonymous> (tests/tx/test-cases.test.js:10:5)

  ΓùÅ Tx Tests ΓÇ║ version ΓÇ║ code-vnn-vs10

    Validator service did not become ready within 60000ms

    [0m [90m 133 |[39m         timeout[33m:[39m [35m60000[39m
     [90m 134 |[39m     }
    [31m[1m>[22m[39m[90m 135 |[39m     [36mawait[39m validator[33m.[39mstart(validatorConfig)[33m;[39m
     [90m     |[39m     [31m[1m^[22m[39m
     [90m 136 |[39m }
     [90m 137 |[39m
     [90m 138 |[39m[0m

      at FhirValidator.waitForReady (node_modules/fhir-validator-wrapper/fhir-validator.js:152:11)
      at FhirValidator.start (node_modules/fhir-validator-wrapper/fhir-validator.js:129:5)
      at loadValidator (tx/tests/test-runner.js:135:5)
      at startTxTests (tx/tests/test-runner.js:20:5)
      at Object.<anonymous> (tests/tx/test-cases.test.js:10:5)

  ΓùÅ Tx Tests ΓÇ║ version ΓÇ║ code-vnn-vsbb

    Validator service did not become ready within 60000ms

    [0m [90m 133 |[39m         timeout[33m:[39m [35m60000[39m
     [90m 134 |[39m     }
    [31m[1m>[22m[39m[90m 135 |[39m     [36mawait[39m validator[33m.[39mstart(validatorConfig)[33m;[39m
     [90m     |[39m     [31m[1m^[22m[39m
     [90m 136 |[39m }
     [90m 137 |[39m
     [90m 138 |[39m[0m

      at FhirValidator.waitForReady (node_modules/fhir-validator-wrapper/fhir-validator.js:152:11)
      at FhirValidator.start (node_modules/fhir-validator-wrapper/fhir-validator.js:129:5)
      at loadValidator (tx/tests/test-runner.js:135:5)
      at startTxTests (tx/tests/test-runner.js:20:5)
      at Object.<anonymous> (tests/tx/test-cases.test.js:10:5)

  ΓùÅ Tx Tests ΓÇ║ version ΓÇ║ code-vnn-vsnn-default

    Validator service did not become ready within 60000ms

    [0m [90m 133 |[39m         timeout[33m:[39m [35m60000[39m
     [90m 134 |[39m     }
    [31m[1m>[22m[39m[90m 135 |[39m     [36mawait[39m validator[33m.[39mstart(validatorConfig)[33m;[39m
     [90m     |[39m     [31m[1m^[22m[39m
     [90m 136 |[39m }
     [90m 137 |[39m
     [90m 138 |[39m[0m

      at FhirValidator.waitForReady (node_modules/fhir-validator-wrapper/fhir-validator.js:152:11)
      at FhirValidator.start (node_modules/fhir-validator-wrapper/fhir-validator.js:129:5)
      at loadValidator (tx/tests/test-runner.js:135:5)
      at startTxTests (tx/tests/test-runner.js:20:5)
      at Object.<anonymous> (tests/tx/test-cases.test.js:10:5)

  ΓùÅ Tx Tests ΓÇ║ version ΓÇ║ code-v10-vs1w-default

    Validator service did not become ready within 60000ms

    [0m [90m 133 |[39m         timeout[33m:[39m [35m60000[39m
     [90m 134 |[39m     }
    [31m[1m>[22m[39m[90m 135 |[39m     [36mawait[39m validator[33m.[39mstart(validatorConfig)[33m;[39m
     [90m     |[39m     [31m[1m^[22m[39m
     [90m 136 |[39m }
     [90m 137 |[39m
     [90m 138 |[39m[0m

      at FhirValidator.waitForReady (node_modules/fhir-validator-wrapper/fhir-validator.js:152:11)
      at FhirValidator.start (node_modules/fhir-validator-wrapper/fhir-validator.js:129:5)
      at loadValidator (tx/tests/test-runner.js:135:5)
      at startTxTests (tx/tests/test-runner.js:20:5)
      at Object.<anonymous> (tests/tx/test-cases.test.js:10:5)

  ΓùÅ Tx Tests ΓÇ║ version ΓÇ║ code-v10-vs1wb-default

    Validator service did not become ready within 60000ms

    [0m [90m 133 |[39m         timeout[33m:[39m [35m60000[39m
     [90m 134 |[39m     }
    [31m[1m>[22m[39m[90m 135 |[39m     [36mawait[39m validator[33m.[39mstart(validatorConfig)[33m;[39m
     [90m     |[39m     [31m[1m^[22m[39m
     [90m 136 |[39m }
     [90m 137 |[39m
     [90m 138 |[39m[0m

      at FhirValidator.waitForReady (node_modules/fhir-validator-wrapper/fhir-validator.js:152:11)
      at FhirValidator.start (node_modules/fhir-validator-wrapper/fhir-validator.js:129:5)
      at loadValidator (tx/tests/test-runner.js:135:5)
      at startTxTests (tx/tests/test-runner.js:20:5)
      at Object.<anonymous> (tests/tx/test-cases.test.js:10:5)

  ΓùÅ Tx Tests ΓÇ║ version ΓÇ║ code-v10-vs10-default

    Validator service did not become ready within 60000ms

    [0m [90m 133 |[39m         timeout[33m:[39m [35m60000[39m
     [90m 134 |[39m     }
    [31m[1m>[22m[39m[90m 135 |[39m     [36mawait[39m validator[33m.[39mstart(validatorConfig)[33m;[39m
     [90m     |[39m     [31m[1m^[22m[39m
     [90m 136 |[39m }
     [90m 137 |[39m
     [90m 138 |[39m[0m

      at FhirValidator.waitForReady (node_modules/fhir-validator-wrapper/fhir-validator.js:152:11)
      at FhirValidator.start (node_modules/fhir-validator-wrapper/fhir-validator.js:129:5)
      at loadValidator (tx/tests/test-runner.js:135:5)
      at startTxTests (tx/tests/test-runner.js:20:5)
      at Object.<anonymous> (tests/tx/test-cases.test.js:10:5)

  ΓùÅ Tx Tests ΓÇ║ version ΓÇ║ code-v10-vs20-default

    Validator service did not become ready within 60000ms

    [0m [90m 133 |[39m         timeout[33m:[39m [35m60000[39m
     [90m 134 |[39m     }
    [31m[1m>[22m[39m[90m 135 |[39m     [36mawait[39m validator[33m.[39mstart(validatorConfig)[33m;[39m
     [90m     |[39m     [31m[1m^[22m[39m
     [90m 136 |[39m }
     [90m 137 |[39m
     [90m 138 |[39m[0m

      at FhirValidator.waitForReady (node_modules/fhir-validator-wrapper/fhir-validator.js:152:11)
      at FhirValidator.start (node_modules/fhir-validator-wrapper/fhir-validator.js:129:5)
      at loadValidator (tx/tests/test-runner.js:135:5)
      at startTxTests (tx/tests/test-runner.js:20:5)
      at Object.<anonymous> (tests/tx/test-cases.test.js:10:5)

  ΓùÅ Tx Tests ΓÇ║ version ΓÇ║ code-v10-vsbb-default

    Validator service did not become ready within 60000ms

    [0m [90m 133 |[39m         timeout[33m:[39m [35m60000[39m
     [90m 134 |[39m     }
    [31m[1m>[22m[39m[90m 135 |[39m     [36mawait[39m validator[33m.[39mstart(validatorConfig)[33m;[39m
     [90m     |[39m     [31m[1m^[22m[39m
     [90m 136 |[39m }
     [90m 137 |[39m
     [90m 138 |[39m[0m

      at FhirValidator.waitForReady (node_modules/fhir-validator-wrapper/fhir-validator.js:152:11)
      at FhirValidator.start (node_modules/fhir-validator-wrapper/fhir-validator.js:129:5)
      at loadValidator (tx/tests/test-runner.js:135:5)
      at startTxTests (tx/tests/test-runner.js:20:5)
      at Object.<anonymous> (tests/tx/test-cases.test.js:10:5)

  ΓùÅ Tx Tests ΓÇ║ version ΓÇ║ code-v10-vsnn-default

    Validator service did not become ready within 60000ms

    [0m [90m 133 |[39m         timeout[33m:[39m [35m60000[39m
     [90m 134 |[39m     }
    [31m[1m>[22m[39m[90m 135 |[39m     [36mawait[39m validator[33m.[39mstart(validatorConfig)[33m;[39m
     [90m     |[39m     [31m[1m^[22m[39m
     [90m 136 |[39m }
     [90m 137 |[39m
     [90m 138 |[39m[0m

      at FhirValidator.waitForReady (node_modules/fhir-validator-wrapper/fhir-validator.js:152:11)
      at FhirValidator.start (node_modules/fhir-validator-wrapper/fhir-validator.js:129:5)
      at loadValidator (tx/tests/test-runner.js:135:5)
      at startTxTests (tx/tests/test-runner.js:20:5)
      at Object.<anonymous> (tests/tx/test-cases.test.js:10:5)

  ΓùÅ Tx Tests ΓÇ║ version ΓÇ║ code-vbb-vs10-default

    Validator service did not become ready within 60000ms

    [0m [90m 133 |[39m         timeout[33m:[39m [35m60000[39m
     [90m 134 |[39m     }
    [31m[1m>[22m[39m[90m 135 |[39m     [36mawait[39m validator[33m.[39mstart(validatorConfig)[33m;[39m
     [90m     |[39m     [31m[1m^[22m[39m
     [90m 136 |[39m }
     [90m 137 |[39m
     [90m 138 |[39m[0m

      at FhirValidator.waitForReady (node_modules/fhir-validator-wrapper/fhir-validator.js:152:11)
      at FhirValidator.start (node_modules/fhir-validator-wrapper/fhir-validator.js:129:5)
      at loadValidator (tx/tests/test-runner.js:135:5)
      at startTxTests (tx/tests/test-runner.js:20:5)
      at Object.<anonymous> (tests/tx/test-cases.test.js:10:5)

  ΓùÅ Tx Tests ΓÇ║ version ΓÇ║ code-vbb-vsnn-default

    Validator service did not become ready within 60000ms

    [0m [90m 133 |[39m         timeout[33m:[39m [35m60000[39m
     [90m 134 |[39m     }
    [31m[1m>[22m[39m[90m 135 |[39m     [36mawait[39m validator[33m.[39mstart(validatorConfig)[33m;[39m
     [90m     |[39m     [31m[1m^[22m[39m
     [90m 136 |[39m }
     [90m 137 |[39m
     [90m 138 |[39m[0m

      at FhirValidator.waitForReady (node_modules/fhir-validator-wrapper/fhir-validator.js:152:11)
      at FhirValidator.start (node_modules/fhir-validator-wrapper/fhir-validator.js:129:5)
      at loadValidator (tx/tests/test-runner.js:135:5)
      at startTxTests (tx/tests/test-runner.js:20:5)
      at Object.<anonymous> (tests/tx/test-cases.test.js:10:5)

  ΓùÅ Tx Tests ΓÇ║ version ΓÇ║ code-vnn-vs1wb-default

    Validator service did not become ready within 60000ms

    [0m [90m 133 |[39m         timeout[33m:[39m [35m60000[39m
     [90m 134 |[39m     }
    [31m[1m>[22m[39m[90m 135 |[39m     [36mawait[39m validator[33m.[39mstart(validatorConfig)[33m;[39m
     [90m     |[39m     [31m[1m^[22m[39m
     [90m 136 |[39m }
     [90m 137 |[39m
     [90m 138 |[39m[0m

      at FhirValidator.waitForReady (node_modules/fhir-validator-wrapper/fhir-validator.js:152:11)
      at FhirValidator.start (node_modules/fhir-validator-wrapper/fhir-validator.js:129:5)
      at loadValidator (tx/tests/test-runner.js:135:5)
      at startTxTests (tx/tests/test-runner.js:20:5)
      at Object.<anonymous> (tests/tx/test-cases.test.js:10:5)

  ΓùÅ Tx Tests ΓÇ║ version ΓÇ║ code-vnn-vs10-default

    Validator service did not become ready within 60000ms

    [0m [90m 133 |[39m         timeout[33m:[39m [35m60000[39m
     [90m 134 |[39m     }
    [31m[1m>[22m[39m[90m 135 |[39m     [36mawait[39m validator[33m.[39mstart(validatorConfig)[33m;[39m
     [90m     |[39m     [31m[1m^[22m[39m
     [90m 136 |[39m }
     [90m 137 |[39m
     [90m 138 |[39m[0m

      at FhirValidator.waitForReady (node_modules/fhir-validator-wrapper/fhir-validator.js:152:11)
      at FhirValidator.start (node_modules/fhir-validator-wrapper/fhir-validator.js:129:5)
      at loadValidator (tx/tests/test-runner.js:135:5)
      at startTxTests (tx/tests/test-runner.js:20:5)
      at Object.<anonymous> (tests/tx/test-cases.test.js:10:5)

  ΓùÅ Tx Tests ΓÇ║ version ΓÇ║ code-vnn-vsbb-default

    Validator service did not become ready within 60000ms

    [0m [90m 133 |[39m         timeout[33m:[39m [35m60000[39m
     [90m 134 |[39m     }
    [31m[1m>[22m[39m[90m 135 |[39m     [36mawait[39m validator[33m.[39mstart(validatorConfig)[33m;[39m
     [90m     |[39m     [31m[1m^[22m[39m
     [90m 136 |[39m }
     [90m 137 |[39m
     [90m 138 |[39m[0m

      at FhirValidator.waitForReady (node_modules/fhir-validator-wrapper/fhir-validator.js:152:11)
      at FhirValidator.start (node_modules/fhir-validator-wrapper/fhir-validator.js:129:5)
      at loadValidator (tx/tests/test-runner.js:135:5)
      at startTxTests (tx/tests/test-runner.js:20:5)
      at Object.<anonymous> (tests/tx/test-cases.test.js:10:5)

  ΓùÅ Tx Tests ΓÇ║ version ΓÇ║ code-vnn-vsnn-check

    Validator service did not become ready within 60000ms

    [0m [90m 133 |[39m         timeout[33m:[39m [35m60000[39m
     [90m 134 |[39m     }
    [31m[1m>[22m[39m[90m 135 |[39m     [36mawait[39m validator[33m.[39mstart(validatorConfig)[33m;[39m
     [90m     |[39m     [31m[1m^[22m[39m
     [90m 136 |[39m }
     [90m 137 |[39m
     [90m 138 |[39m[0m

      at FhirValidator.waitForReady (node_modules/fhir-validator-wrapper/fhir-validator.js:152:11)
      at FhirValidator.start (node_modules/fhir-validator-wrapper/fhir-validator.js:129:5)
      at loadValidator (tx/tests/test-runner.js:135:5)
      at startTxTests (tx/tests/test-runner.js:20:5)
      at Object.<anonymous> (tests/tx/test-cases.test.js:10:5)

  ΓùÅ Tx Tests ΓÇ║ version ΓÇ║ code-v10-vs1w-check

    Validator service did not become ready within 60000ms

    [0m [90m 133 |[39m         timeout[33m:[39m [35m60000[39m
     [90m 134 |[39m     }
    [31m[1m>[22m[39m[90m 135 |[39m     [36mawait[39m validator[33m.[39mstart(validatorConfig)[33m;[39m
     [90m     |[39m     [31m[1m^[22m[39m
     [90m 136 |[39m }
     [90m 137 |[39m
     [90m 138 |[39m[0m

      at FhirValidator.waitForReady (node_modules/fhir-validator-wrapper/fhir-validator.js:152:11)
      at FhirValidator.start (node_modules/fhir-validator-wrapper/fhir-validator.js:129:5)
      at loadValidator (tx/tests/test-runner.js:135:5)
      at startTxTests (tx/tests/test-runner.js:20:5)
      at Object.<anonymous> (tests/tx/test-cases.test.js:10:5)

  ΓùÅ Tx Tests ΓÇ║ version ΓÇ║ code-v10-vs1wb-check

    Validator service did not become ready within 60000ms

    [0m [90m 133 |[39m         timeout[33m:[39m [35m60000[39m
     [90m 134 |[39m     }
    [31m[1m>[22m[39m[90m 135 |[39m     [36mawait[39m validator[33m.[39mstart(validatorConfig)[33m;[39m
     [90m     |[39m     [31m[1m^[22m[39m
     [90m 136 |[39m }
     [90m 137 |[39m
     [90m 138 |[39m[0m

      at FhirValidator.waitForReady (node_modules/fhir-validator-wrapper/fhir-validator.js:152:11)
      at FhirValidator.start (node_modules/fhir-validator-wrapper/fhir-validator.js:129:5)
      at loadValidator (tx/tests/test-runner.js:135:5)
      at startTxTests (tx/tests/test-runner.js:20:5)
      at Object.<anonymous> (tests/tx/test-cases.test.js:10:5)

  ΓùÅ Tx Tests ΓÇ║ version ΓÇ║ code-v10-vs10-check

    Validator service did not become ready within 60000ms

    [0m [90m 133 |[39m         timeout[33m:[39m [35m60000[39m
     [90m 134 |[39m     }
    [31m[1m>[22m[39m[90m 135 |[39m     [36mawait[39m validator[33m.[39mstart(validatorConfig)[33m;[39m
     [90m     |[39m     [31m[1m^[22m[39m
     [90m 136 |[39m }
     [90m 137 |[39m
     [90m 138 |[39m[0m

      at FhirValidator.waitForReady (node_modules/fhir-validator-wrapper/fhir-validator.js:152:11)
      at FhirValidator.start (node_modules/fhir-validator-wrapper/fhir-validator.js:129:5)
      at loadValidator (tx/tests/test-runner.js:135:5)
      at startTxTests (tx/tests/test-runner.js:20:5)
      at Object.<anonymous> (tests/tx/test-cases.test.js:10:5)

  ΓùÅ Tx Tests ΓÇ║ version ΓÇ║ code-v10-vs20-check

    Validator service did not become ready within 60000ms

    [0m [90m 133 |[39m         timeout[33m:[39m [35m60000[39m
     [90m 134 |[39m     }
    [31m[1m>[22m[39m[90m 135 |[39m     [36mawait[39m validator[33m.[39mstart(validatorConfig)[33m;[39m
     [90m     |[39m     [31m[1m^[22m[39m
     [90m 136 |[39m }
     [90m 137 |[39m
     [90m 138 |[39m[0m

      at FhirValidator.waitForReady (node_modules/fhir-validator-wrapper/fhir-validator.js:152:11)
      at FhirValidator.start (node_modules/fhir-validator-wrapper/fhir-validator.js:129:5)
      at loadValidator (tx/tests/test-runner.js:135:5)
      at startTxTests (tx/tests/test-runner.js:20:5)
      at Object.<anonymous> (tests/tx/test-cases.test.js:10:5)

  ΓùÅ Tx Tests ΓÇ║ version ΓÇ║ code-v10-vsbb-check

    Validator service did not become ready within 60000ms

    [0m [90m 133 |[39m         timeout[33m:[39m [35m60000[39m
     [90m 134 |[39m     }
    [31m[1m>[22m[39m[90m 135 |[39m     [36mawait[39m validator[33m.[39mstart(validatorConfig)[33m;[39m
     [90m     |[39m     [31m[1m^[22m[39m
     [90m 136 |[39m }
     [90m 137 |[39m
     [90m 138 |[39m[0m

      at FhirValidator.waitForReady (node_modules/fhir-validator-wrapper/fhir-validator.js:152:11)
      at FhirValidator.start (node_modules/fhir-validator-wrapper/fhir-validator.js:129:5)
      at loadValidator (tx/tests/test-runner.js:135:5)
      at startTxTests (tx/tests/test-runner.js:20:5)
      at Object.<anonymous> (tests/tx/test-cases.test.js:10:5)

  ΓùÅ Tx Tests ΓÇ║ version ΓÇ║ code-v10-vsnn-check

    Validator service did not become ready within 60000ms

    [0m [90m 133 |[39m         timeout[33m:[39m [35m60000[39m
     [90m 134 |[39m     }
    [31m[1m>[22m[39m[90m 135 |[39m     [36mawait[39m validator[33m.[39mstart(validatorConfig)[33m;[39m
     [90m     |[39m     [31m[1m^[22m[39m
     [90m 136 |[39m }
     [90m 137 |[39m
     [90m 138 |[39m[0m

      at FhirValidator.waitForReady (node_modules/fhir-validator-wrapper/fhir-validator.js:152:11)
      at FhirValidator.start (node_modules/fhir-validator-wrapper/fhir-validator.js:129:5)
      at loadValidator (tx/tests/test-runner.js:135:5)
      at startTxTests (tx/tests/test-runner.js:20:5)
      at Object.<anonymous> (tests/tx/test-cases.test.js:10:5)

  ΓùÅ Tx Tests ΓÇ║ version ΓÇ║ code-vbb-vs10-check

    Validator service did not become ready within 60000ms

    [0m [90m 133 |[39m         timeout[33m:[39m [35m60000[39m
     [90m 134 |[39m     }
    [31m[1m>[22m[39m[90m 135 |[39m     [36mawait[39m validator[33m.[39mstart(validatorConfig)[33m;[39m
     [90m     |[39m     [31m[1m^[22m[39m
     [90m 136 |[39m }
     [90m 137 |[39m
     [90m 138 |[39m[0m

      at FhirValidator.waitForReady (node_modules/fhir-validator-wrapper/fhir-validator.js:152:11)
      at FhirValidator.start (node_modules/fhir-validator-wrapper/fhir-validator.js:129:5)
      at loadValidator (tx/tests/test-runner.js:135:5)
      at startTxTests (tx/tests/test-runner.js:20:5)
      at Object.<anonymous> (tests/tx/test-cases.test.js:10:5)

  ΓùÅ Tx Tests ΓÇ║ version ΓÇ║ code-vbb-vsnn-check

    Validator service did not become ready within 60000ms

    [0m [90m 133 |[39m         timeout[33m:[39m [35m60000[39m
     [90m 134 |[39m     }
    [31m[1m>[22m[39m[90m 135 |[39m     [36mawait[39m validator[33m.[39mstart(validatorConfig)[33m;[39m
     [90m     |[39m     [31m[1m^[22m[39m
     [90m 136 |[39m }
     [90m 137 |[39m
     [90m 138 |[39m[0m

      at FhirValidator.waitForReady (node_modules/fhir-validator-wrapper/fhir-validator.js:152:11)
      at FhirValidator.start (node_modules/fhir-validator-wrapper/fhir-validator.js:129:5)
      at loadValidator (tx/tests/test-runner.js:135:5)
      at startTxTests (tx/tests/test-runner.js:20:5)
      at Object.<anonymous> (tests/tx/test-cases.test.js:10:5)

  ΓùÅ Tx Tests ΓÇ║ version ΓÇ║ code-vnn-vs1w-check

    Validator service did not become ready within 60000ms

    [0m [90m 133 |[39m         timeout[33m:[39m [35m60000[39m
     [90m 134 |[39m     }
    [31m[1m>[22m[39m[90m 135 |[39m     [36mawait[39m validator[33m.[39mstart(validatorConfig)[33m;[39m
     [90m     |[39m     [31m[1m^[22m[39m
     [90m 136 |[39m }
     [90m 137 |[39m
     [90m 138 |[39m[0m

      at FhirValidator.waitForReady (node_modules/fhir-validator-wrapper/fhir-validator.js:152:11)
      at FhirValidator.start (node_modules/fhir-validator-wrapper/fhir-validator.js:129:5)
      at loadValidator (tx/tests/test-runner.js:135:5)
      at startTxTests (tx/tests/test-runner.js:20:5)
      at Object.<anonymous> (tests/tx/test-cases.test.js:10:5)

  ΓùÅ Tx Tests ΓÇ║ version ΓÇ║ code-vnn-vs1wb-check

    Validator service did not become ready within 60000ms

    [0m [90m 133 |[39m         timeout[33m:[39m [35m60000[39m
     [90m 134 |[39m     }
    [31m[1m>[22m[39m[90m 135 |[39m     [36mawait[39m validator[33m.[39mstart(validatorConfig)[33m;[39m
     [90m     |[39m     [31m[1m^[22m[39m
     [90m 136 |[39m }
     [90m 137 |[39m
     [90m 138 |[39m[0m

      at FhirValidator.waitForReady (node_modules/fhir-validator-wrapper/fhir-validator.js:152:11)
      at FhirValidator.start (node_modules/fhir-validator-wrapper/fhir-validator.js:129:5)
      at loadValidator (tx/tests/test-runner.js:135:5)
      at startTxTests (tx/tests/test-runner.js:20:5)
      at Object.<anonymous> (tests/tx/test-cases.test.js:10:5)

  ΓùÅ Tx Tests ΓÇ║ version ΓÇ║ code-vnn-vs10-check

    Validator service did not become ready within 60000ms

    [0m [90m 133 |[39m         timeout[33m:[39m [35m60000[39m
     [90m 134 |[39m     }
    [31m[1m>[22m[39m[90m 135 |[39m     [36mawait[39m validator[33m.[39mstart(validatorConfig)[33m;[39m
     [90m     |[39m     [31m[1m^[22m[39m
     [90m 136 |[39m }
     [90m 137 |[39m
     [90m 138 |[39m[0m

      at FhirValidator.waitForReady (node_modules/fhir-validator-wrapper/fhir-validator.js:152:11)
      at FhirValidator.start (node_modules/fhir-validator-wrapper/fhir-validator.js:129:5)
      at loadValidator (tx/tests/test-runner.js:135:5)
      at startTxTests (tx/tests/test-runner.js:20:5)
      at Object.<anonymous> (tests/tx/test-cases.test.js:10:5)

  ΓùÅ Tx Tests ΓÇ║ version ΓÇ║ code-vnn-vsbb-check

    Validator service did not become ready within 60000ms

    [0m [90m 133 |[39m         timeout[33m:[39m [35m60000[39m
     [90m 134 |[39m     }
    [31m[1m>[22m[39m[90m 135 |[39m     [36mawait[39m validator[33m.[39mstart(validatorConfig)[33m;[39m
     [90m     |[39m     [31m[1m^[22m[39m
     [90m 136 |[39m }
     [90m 137 |[39m
     [90m 138 |[39m[0m

      at FhirValidator.waitForReady (node_modules/fhir-validator-wrapper/fhir-validator.js:152:11)
      at FhirValidator.start (node_modules/fhir-validator-wrapper/fhir-validator.js:129:5)
      at loadValidator (tx/tests/test-runner.js:135:5)
      at startTxTests (tx/tests/test-runner.js:20:5)
      at Object.<anonymous> (tests/tx/test-cases.test.js:10:5)

  ΓùÅ Tx Tests ΓÇ║ version ΓÇ║ code-vnn-vsnn-force

    Validator service did not become ready within 60000ms

    [0m [90m 133 |[39m         timeout[33m:[39m [35m60000[39m
     [90m 134 |[39m     }
    [31m[1m>[22m[39m[90m 135 |[39m     [36mawait[39m validator[33m.[39mstart(validatorConfig)[33m;[39m
     [90m     |[39m     [31m[1m^[22m[39m
     [90m 136 |[39m }
     [90m 137 |[39m
     [90m 138 |[39m[0m

      at FhirValidator.waitForReady (node_modules/fhir-validator-wrapper/fhir-validator.js:152:11)
      at FhirValidator.start (node_modules/fhir-validator-wrapper/fhir-validator.js:129:5)
      at loadValidator (tx/tests/test-runner.js:135:5)
      at startTxTests (tx/tests/test-runner.js:20:5)
      at Object.<anonymous> (tests/tx/test-cases.test.js:10:5)

  ΓùÅ Tx Tests ΓÇ║ version ΓÇ║ code-v10-vs1w-force

    Validator service did not become ready within 60000ms

    [0m [90m 133 |[39m         timeout[33m:[39m [35m60000[39m
     [90m 134 |[39m     }
    [31m[1m>[22m[39m[90m 135 |[39m     [36mawait[39m validator[33m.[39mstart(validatorConfig)[33m;[39m
     [90m     |[39m     [31m[1m^[22m[39m
     [90m 136 |[39m }
     [90m 137 |[39m
     [90m 138 |[39m[0m

      at FhirValidator.waitForReady (node_modules/fhir-validator-wrapper/fhir-validator.js:152:11)
      at FhirValidator.start (node_modules/fhir-validator-wrapper/fhir-validator.js:129:5)
      at loadValidator (tx/tests/test-runner.js:135:5)
      at startTxTests (tx/tests/test-runner.js:20:5)
      at Object.<anonymous> (tests/tx/test-cases.test.js:10:5)

  ΓùÅ Tx Tests ΓÇ║ version ΓÇ║ code-v10-vs1wb-force

    Validator service did not become ready within 60000ms

    [0m [90m 133 |[39m         timeout[33m:[39m [35m60000[39m
     [90m 134 |[39m     }
    [31m[1m>[22m[39m[90m 135 |[39m     [36mawait[39m validator[33m.[39mstart(validatorConfig)[33m;[39m
     [90m     |[39m     [31m[1m^[22m[39m
     [90m 136 |[39m }
     [90m 137 |[39m
     [90m 138 |[39m[0m

      at FhirValidator.waitForReady (node_modules/fhir-validator-wrapper/fhir-validator.js:152:11)
      at FhirValidator.start (node_modules/fhir-validator-wrapper/fhir-validator.js:129:5)
      at loadValidator (tx/tests/test-runner.js:135:5)
      at startTxTests (tx/tests/test-runner.js:20:5)
      at Object.<anonymous> (tests/tx/test-cases.test.js:10:5)

  ΓùÅ Tx Tests ΓÇ║ version ΓÇ║ code-v10-vs10-force

    Validator service did not become ready within 60000ms

    [0m [90m 133 |[39m         timeout[33m:[39m [35m60000[39m
     [90m 134 |[39m     }
    [31m[1m>[22m[39m[90m 135 |[39m     [36mawait[39m validator[33m.[39mstart(validatorConfig)[33m;[39m
     [90m     |[39m     [31m[1m^[22m[39m
     [90m 136 |[39m }
     [90m 137 |[39m
     [90m 138 |[39m[0m

      at FhirValidator.waitForReady (node_modules/fhir-validator-wrapper/fhir-validator.js:152:11)
      at FhirValidator.start (node_modules/fhir-validator-wrapper/fhir-validator.js:129:5)
      at loadValidator (tx/tests/test-runner.js:135:5)
      at startTxTests (tx/tests/test-runner.js:20:5)
      at Object.<anonymous> (tests/tx/test-cases.test.js:10:5)

  ΓùÅ Tx Tests ΓÇ║ version ΓÇ║ code-v10-vs20-force

    Validator service did not become ready within 60000ms

    [0m [90m 133 |[39m         timeout[33m:[39m [35m60000[39m
     [90m 134 |[39m     }
    [31m[1m>[22m[39m[90m 135 |[39m     [36mawait[39m validator[33m.[39mstart(validatorConfig)[33m;[39m
     [90m     |[39m     [31m[1m^[22m[39m
     [90m 136 |[39m }
     [90m 137 |[39m
     [90m 138 |[39m[0m

      at FhirValidator.waitForReady (node_modules/fhir-validator-wrapper/fhir-validator.js:152:11)
      at FhirValidator.start (node_modules/fhir-validator-wrapper/fhir-validator.js:129:5)
      at loadValidator (tx/tests/test-runner.js:135:5)
      at startTxTests (tx/tests/test-runner.js:20:5)
      at Object.<anonymous> (tests/tx/test-cases.test.js:10:5)

  ΓùÅ Tx Tests ΓÇ║ version ΓÇ║ code-v10-vsbb-force

    Validator service did not become ready within 60000ms

    [0m [90m 133 |[39m         timeout[33m:[39m [35m60000[39m
     [90m 134 |[39m     }
    [31m[1m>[22m[39m[90m 135 |[39m     [36mawait[39m validator[33m.[39mstart(validatorConfig)[33m;[39m
     [90m     |[39m     [31m[1m^[22m[39m
     [90m 136 |[39m }
     [90m 137 |[39m
     [90m 138 |[39m[0m

      at FhirValidator.waitForReady (node_modules/fhir-validator-wrapper/fhir-validator.js:152:11)
      at FhirValidator.start (node_modules/fhir-validator-wrapper/fhir-validator.js:129:5)
      at loadValidator (tx/tests/test-runner.js:135:5)
      at startTxTests (tx/tests/test-runner.js:20:5)
      at Object.<anonymous> (tests/tx/test-cases.test.js:10:5)

  ΓùÅ Tx Tests ΓÇ║ version ΓÇ║ code-v10-vsnn-force

    Validator service did not become ready within 60000ms

    [0m [90m 133 |[39m         timeout[33m:[39m [35m60000[39m
     [90m 134 |[39m     }
    [31m[1m>[22m[39m[90m 135 |[39m     [36mawait[39m validator[33m.[39mstart(validatorConfig)[33m;[39m
     [90m     |[39m     [31m[1m^[22m[39m
     [90m 136 |[39m }
     [90m 137 |[39m
     [90m 138 |[39m[0m

      at FhirValidator.waitForReady (node_modules/fhir-validator-wrapper/fhir-validator.js:152:11)
      at FhirValidator.start (node_modules/fhir-validator-wrapper/fhir-validator.js:129:5)
      at loadValidator (tx/tests/test-runner.js:135:5)
      at startTxTests (tx/tests/test-runner.js:20:5)
      at Object.<anonymous> (tests/tx/test-cases.test.js:10:5)

  ΓùÅ Tx Tests ΓÇ║ version ΓÇ║ code-vbb-vs10-force

    Validator service did not become ready within 60000ms

    [0m [90m 133 |[39m         timeout[33m:[39m [35m60000[39m
     [90m 134 |[39m     }
    [31m[1m>[22m[39m[90m 135 |[39m     [36mawait[39m validator[33m.[39mstart(validatorConfig)[33m;[39m
     [90m     |[39m     [31m[1m^[22m[39m
     [90m 136 |[39m }
     [90m 137 |[39m
     [90m 138 |[39m[0m

      at FhirValidator.waitForReady (node_modules/fhir-validator-wrapper/fhir-validator.js:152:11)
      at FhirValidator.start (node_modules/fhir-validator-wrapper/fhir-validator.js:129:5)
      at loadValidator (tx/tests/test-runner.js:135:5)
      at startTxTests (tx/tests/test-runner.js:20:5)
      at Object.<anonymous> (tests/tx/test-cases.test.js:10:5)

  ΓùÅ Tx Tests ΓÇ║ version ΓÇ║ code-vbb-vsnn-force

    Validator service did not become ready within 60000ms

    [0m [90m 133 |[39m         timeout[33m:[39m [35m60000[39m
     [90m 134 |[39m     }
    [31m[1m>[22m[39m[90m 135 |[39m     [36mawait[39m validator[33m.[39mstart(validatorConfig)[33m;[39m
     [90m     |[39m     [31m[1m^[22m[39m
     [90m 136 |[39m }
     [90m 137 |[39m
     [90m 138 |[39m[0m

      at FhirValidator.waitForReady (node_modules/fhir-validator-wrapper/fhir-validator.js:152:11)
      at FhirValidator.start (node_modules/fhir-validator-wrapper/fhir-validator.js:129:5)
      at loadValidator (tx/tests/test-runner.js:135:5)
      at startTxTests (tx/tests/test-runner.js:20:5)
      at Object.<anonymous> (tests/tx/test-cases.test.js:10:5)

  ΓùÅ Tx Tests ΓÇ║ version ΓÇ║ code-vnn-vs1w-force

    Validator service did not become ready within 60000ms

    [0m [90m 133 |[39m         timeout[33m:[39m [35m60000[39m
     [90m 134 |[39m     }
    [31m[1m>[22m[39m[90m 135 |[39m     [36mawait[39m validator[33m.[39mstart(validatorConfig)[33m;[39m
     [90m     |[39m     [31m[1m^[22m[39m
     [90m 136 |[39m }
     [90m 137 |[39m
     [90m 138 |[39m[0m

      at FhirValidator.waitForReady (node_modules/fhir-validator-wrapper/fhir-validator.js:152:11)
      at FhirValidator.start (node_modules/fhir-validator-wrapper/fhir-validator.js:129:5)
      at loadValidator (tx/tests/test-runner.js:135:5)
      at startTxTests (tx/tests/test-runner.js:20:5)
      at Object.<anonymous> (tests/tx/test-cases.test.js:10:5)

  ΓùÅ Tx Tests ΓÇ║ version ΓÇ║ code-vnn-vs1wb-force

    Validator service did not become ready within 60000ms

    [0m [90m 133 |[39m         timeout[33m:[39m [35m60000[39m
     [90m 134 |[39m     }
    [31m[1m>[22m[39m[90m 135 |[39m     [36mawait[39m validator[33m.[39mstart(validatorConfig)[33m;[39m
     [90m     |[39m     [31m[1m^[22m[39m
     [90m 136 |[39m }
     [90m 137 |[39m
     [90m 138 |[39m[0m

      at FhirValidator.waitForReady (node_modules/fhir-validator-wrapper/fhir-validator.js:152:11)
      at FhirValidator.start (node_modules/fhir-validator-wrapper/fhir-validator.js:129:5)
      at loadValidator (tx/tests/test-runner.js:135:5)
      at startTxTests (tx/tests/test-runner.js:20:5)
      at Object.<anonymous> (tests/tx/test-cases.test.js:10:5)

  ΓùÅ Tx Tests ΓÇ║ version ΓÇ║ code-vnn-vs10-force

    Validator service did not become ready within 60000ms

    [0m [90m 133 |[39m         timeout[33m:[39m [35m60000[39m
     [90m 134 |[39m     }
    [31m[1m>[22m[39m[90m 135 |[39m     [36mawait[39m validator[33m.[39mstart(validatorConfig)[33m;[39m
     [90m     |[39m     [31m[1m^[22m[39m
     [90m 136 |[39m }
     [90m 137 |[39m
     [90m 138 |[39m[0m

      at FhirValidator.waitForReady (node_modules/fhir-validator-wrapper/fhir-validator.js:152:11)
      at FhirValidator.start (node_modules/fhir-validator-wrapper/fhir-validator.js:129:5)
      at loadValidator (tx/tests/test-runner.js:135:5)
      at startTxTests (tx/tests/test-runner.js:20:5)
      at Object.<anonymous> (tests/tx/test-cases.test.js:10:5)

  ΓùÅ Tx Tests ΓÇ║ version ΓÇ║ code-vnn-vsbb-force

    Validator service did not become ready within 60000ms

    [0m [90m 133 |[39m         timeout[33m:[39m [35m60000[39m
     [90m 134 |[39m     }
    [31m[1m>[22m[39m[90m 135 |[39m     [36mawait[39m validator[33m.[39mstart(validatorConfig)[33m;[39m
     [90m     |[39m     [31m[1m^[22m[39m
     [90m 136 |[39m }
     [90m 137 |[39m
     [90m 138 |[39m[0m

      at FhirValidator.waitForReady (node_modules/fhir-validator-wrapper/fhir-validator.js:152:11)
      at FhirValidator.start (node_modules/fhir-validator-wrapper/fhir-validator.js:129:5)
      at loadValidator (tx/tests/test-runner.js:135:5)
      at startTxTests (tx/tests/test-runner.js:20:5)
      at Object.<anonymous> (tests/tx/test-cases.test.js:10:5)

  ΓùÅ Tx Tests ΓÇ║ version ΓÇ║ code-vnn-vsmix-1

    Validator service did not become ready within 60000ms

    [0m [90m 133 |[39m         timeout[33m:[39m [35m60000[39m
     [90m 134 |[39m     }
    [31m[1m>[22m[39m[90m 135 |[39m     [36mawait[39m validator[33m.[39mstart(validatorConfig)[33m;[39m
     [90m     |[39m     [31m[1m^[22m[39m
     [90m 136 |[39m }
     [90m 137 |[39m
     [90m 138 |[39m[0m

      at FhirValidator.waitForReady (node_modules/fhir-validator-wrapper/fhir-validator.js:152:11)
      at FhirValidator.start (node_modules/fhir-validator-wrapper/fhir-validator.js:129:5)
      at loadValidator (tx/tests/test-runner.js:135:5)
      at startTxTests (tx/tests/test-runner.js:20:5)
      at Object.<anonymous> (tests/tx/test-cases.test.js:10:5)

  ΓùÅ Tx Tests ΓÇ║ version ΓÇ║ code-vnn-vsmix-2

    Validator service did not become ready within 60000ms

    [0m [90m 133 |[39m         timeout[33m:[39m [35m60000[39m
     [90m 134 |[39m     }
    [31m[1m>[22m[39m[90m 135 |[39m     [36mawait[39m validator[33m.[39mstart(validatorConfig)[33m;[39m
     [90m     |[39m     [31m[1m^[22m[39m
     [90m 136 |[39m }
     [90m 137 |[39m
     [90m 138 |[39m[0m

      at FhirValidator.waitForReady (node_modules/fhir-validator-wrapper/fhir-validator.js:152:11)
      at FhirValidator.start (node_modules/fhir-validator-wrapper/fhir-validator.js:129:5)
      at loadValidator (tx/tests/test-runner.js:135:5)
      at startTxTests (tx/tests/test-runner.js:20:5)
      at Object.<anonymous> (tests/tx/test-cases.test.js:10:5)

  ΓùÅ Tx Tests ΓÇ║ version ΓÇ║ vs-expand-all-v

    Validator service did not become ready within 60000ms

    [0m [90m 133 |[39m         timeout[33m:[39m [35m60000[39m
     [90m 134 |[39m     }
    [31m[1m>[22m[39m[90m 135 |[39m     [36mawait[39m validator[33m.[39mstart(validatorConfig)[33m;[39m
     [90m     |[39m     [31m[1m^[22m[39m
     [90m 136 |[39m }
     [90m 137 |[39m
     [90m 138 |[39m[0m

      at FhirValidator.waitForReady (node_modules/fhir-validator-wrapper/fhir-validator.js:152:11)
      at FhirValidator.start (node_modules/fhir-validator-wrapper/fhir-validator.js:129:5)
      at loadValidator (tx/tests/test-runner.js:135:5)
      at startTxTests (tx/tests/test-runner.js:20:5)
      at Object.<anonymous> (tests/tx/test-cases.test.js:10:5)

  ΓùÅ Tx Tests ΓÇ║ version ΓÇ║ vs-expand-all-v1

    Validator service did not become ready within 60000ms

    [0m [90m 133 |[39m         timeout[33m:[39m [35m60000[39m
     [90m 134 |[39m     }
    [31m[1m>[22m[39m[90m 135 |[39m     [36mawait[39m validator[33m.[39mstart(validatorConfig)[33m;[39m
     [90m     |[39m     [31m[1m^[22m[39m
     [90m 136 |[39m }
     [90m 137 |[39m
     [90m 138 |[39m[0m

      at FhirValidator.waitForReady (node_modules/fhir-validator-wrapper/fhir-validator.js:152:11)
      at FhirValidator.start (node_modules/fhir-validator-wrapper/fhir-validator.js:129:5)
      at loadValidator (tx/tests/test-runner.js:135:5)
      at startTxTests (tx/tests/test-runner.js:20:5)
      at Object.<anonymous> (tests/tx/test-cases.test.js:10:5)

  ΓùÅ Tx Tests ΓÇ║ version ΓÇ║ vs-expand-all-v2

    Validator service did not become ready within 60000ms

    [0m [90m 133 |[39m         timeout[33m:[39m [35m60000[39m
     [90m 134 |[39m     }
    [31m[1m>[22m[39m[90m 135 |[39m     [36mawait[39m validator[33m.[39mstart(validatorConfig)[33m;[39m
     [90m     |[39m     [31m[1m^[22m[39m
     [90m 136 |[39m }
     [90m 137 |[39m
     [90m 138 |[39m[0m

      at FhirValidator.waitForReady (node_modules/fhir-validator-wrapper/fhir-validator.js:152:11)
      at FhirValidator.start (node_modules/fhir-validator-wrapper/fhir-validator.js:129:5)
      at loadValidator (tx/tests/test-runner.js:135:5)
      at startTxTests (tx/tests/test-runner.js:20:5)
      at Object.<anonymous> (tests/tx/test-cases.test.js:10:5)

  ΓùÅ Tx Tests ΓÇ║ version ΓÇ║ vs-expand-v-mixed

    Validator service did not become ready within 60000ms

    [0m [90m 133 |[39m         timeout[33m:[39m [35m60000[39m
     [90m 134 |[39m     }
    [31m[1m>[22m[39m[90m 135 |[39m     [36mawait[39m validator[33m.[39mstart(validatorConfig)[33m;[39m
     [90m     |[39m     [31m[1m^[22m[39m
     [90m 136 |[39m }
     [90m 137 |[39m
     [90m 138 |[39m[0m

      at FhirValidator.waitForReady (node_modules/fhir-validator-wrapper/fhir-validator.js:152:11)
      at FhirValidator.start (node_modules/fhir-validator-wrapper/fhir-validator.js:129:5)
      at loadValidator (tx/tests/test-runner.js:135:5)
      at startTxTests (tx/tests/test-runner.js:20:5)
      at Object.<anonymous> (tests/tx/test-cases.test.js:10:5)

  ΓùÅ Tx Tests ΓÇ║ version ΓÇ║ vs-expand-v-n-request

    Validator service did not become ready within 60000ms

    [0m [90m 133 |[39m         timeout[33m:[39m [35m60000[39m
     [90m 134 |[39m     }
    [31m[1m>[22m[39m[90m 135 |[39m     [36mawait[39m validator[33m.[39mstart(validatorConfig)[33m;[39m
     [90m     |[39m     [31m[1m^[22m[39m
     [90m 136 |[39m }
     [90m 137 |[39m
     [90m 138 |[39m[0m

      at FhirValidator.waitForReady (node_modules/fhir-validator-wrapper/fhir-validator.js:152:11)
      at FhirValidator.start (node_modules/fhir-validator-wrapper/fhir-validator.js:129:5)
      at loadValidator (tx/tests/test-runner.js:135:5)
      at startTxTests (tx/tests/test-runner.js:20:5)
      at Object.<anonymous> (tests/tx/test-cases.test.js:10:5)

  ΓùÅ Tx Tests ΓÇ║ version ΓÇ║ vs-expand-v-w

    Validator service did not become ready within 60000ms

    [0m [90m 133 |[39m         timeout[33m:[39m [35m60000[39m
     [90m 134 |[39m     }
    [31m[1m>[22m[39m[90m 135 |[39m     [36mawait[39m validator[33m.[39mstart(validatorConfig)[33m;[39m
     [90m     |[39m     [31m[1m^[22m[39m
     [90m 136 |[39m }
     [90m 137 |[39m
     [90m 138 |[39m[0m

      at FhirValidator.waitForReady (node_modules/fhir-validator-wrapper/fhir-validator.js:152:11)
      at FhirValidator.start (node_modules/fhir-validator-wrapper/fhir-validator.js:129:5)
      at loadValidator (tx/tests/test-runner.js:135:5)
      at startTxTests (tx/tests/test-runner.js:20:5)
      at Object.<anonymous> (tests/tx/test-cases.test.js:10:5)

  ΓùÅ Tx Tests ΓÇ║ version ΓÇ║ vs-expand-v-wb

    Validator service did not become ready within 60000ms

    [0m [90m 133 |[39m         timeout[33m:[39m [35m60000[39m
     [90m 134 |[39m     }
    [31m[1m>[22m[39m[90m 135 |[39m     [36mawait[39m validator[33m.[39mstart(validatorConfig)[33m;[39m
     [90m     |[39m     [31m[1m^[22m[39m
     [90m 136 |[39m }
     [90m 137 |[39m
     [90m 138 |[39m[0m

      at FhirValidator.waitForReady (node_modules/fhir-validator-wrapper/fhir-validator.js:152:11)
      at FhirValidator.start (node_modules/fhir-validator-wrapper/fhir-validator.js:129:5)
      at loadValidator (tx/tests/test-runner.js:135:5)
      at startTxTests (tx/tests/test-runner.js:20:5)
      at Object.<anonymous> (tests/tx/test-cases.test.js:10:5)

  ΓùÅ Tx Tests ΓÇ║ version ΓÇ║ vs-expand-v1

    Validator service did not become ready within 60000ms

    [0m [90m 133 |[39m         timeout[33m:[39m [35m60000[39m
     [90m 134 |[39m     }
    [31m[1m>[22m[39m[90m 135 |[39m     [36mawait[39m validator[33m.[39mstart(validatorConfig)[33m;[39m
     [90m     |[39m     [31m[1m^[22m[39m
     [90m 136 |[39m }
     [90m 137 |[39m
     [90m 138 |[39m[0m

      at FhirValidator.waitForReady (node_modules/fhir-validator-wrapper/fhir-validator.js:152:11)
      at FhirValidator.start (node_modules/fhir-validator-wrapper/fhir-validator.js:129:5)
      at loadValidator (tx/tests/test-runner.js:135:5)
      at startTxTests (tx/tests/test-runner.js:20:5)
      at Object.<anonymous> (tests/tx/test-cases.test.js:10:5)

  ΓùÅ Tx Tests ΓÇ║ version ΓÇ║ vs-expand-v2

    Validator service did not become ready within 60000ms

    [0m [90m 133 |[39m         timeout[33m:[39m [35m60000[39m
     [90m 134 |[39m     }
    [31m[1m>[22m[39m[90m 135 |[39m     [36mawait[39m validator[33m.[39mstart(validatorConfig)[33m;[39m
     [90m     |[39m     [31m[1m^[22m[39m
     [90m 136 |[39m }
     [90m 137 |[39m
     [90m 138 |[39m[0m

      at FhirValidator.waitForReady (node_modules/fhir-validator-wrapper/fhir-validator.js:152:11)
      at FhirValidator.start (node_modules/fhir-validator-wrapper/fhir-validator.js:129:5)
      at loadValidator (tx/tests/test-runner.js:135:5)
      at startTxTests (tx/tests/test-runner.js:20:5)
      at Object.<anonymous> (tests/tx/test-cases.test.js:10:5)

  ΓùÅ Tx Tests ΓÇ║ version ΓÇ║ vs-expand-all-v-force

    Validator service did not become ready within 60000ms

    [0m [90m 133 |[39m         timeout[33m:[39m [35m60000[39m
     [90m 134 |[39m     }
    [31m[1m>[22m[39m[90m 135 |[39m     [36mawait[39m validator[33m.[39mstart(validatorConfig)[33m;[39m
     [90m     |[39m     [31m[1m^[22m[39m
     [90m 136 |[39m }
     [90m 137 |[39m
     [90m 138 |[39m[0m

      at FhirValidator.waitForReady (node_modules/fhir-validator-wrapper/fhir-validator.js:152:11)
      at FhirValidator.start (node_modules/fhir-validator-wrapper/fhir-validator.js:129:5)
      at loadValidator (tx/tests/test-runner.js:135:5)
      at startTxTests (tx/tests/test-runner.js:20:5)
      at Object.<anonymous> (tests/tx/test-cases.test.js:10:5)

  ΓùÅ Tx Tests ΓÇ║ version ΓÇ║ vs-expand-all-v1-force

    Validator service did not become ready within 60000ms

    [0m [90m 133 |[39m         timeout[33m:[39m [35m60000[39m
     [90m 134 |[39m     }
    [31m[1m>[22m[39m[90m 135 |[39m     [36mawait[39m validator[33m.[39mstart(validatorConfig)[33m;[39m
     [90m     |[39m     [31m[1m^[22m[39m
     [90m 136 |[39m }
     [90m 137 |[39m
     [90m 138 |[39m[0m

      at FhirValidator.waitForReady (node_modules/fhir-validator-wrapper/fhir-validator.js:152:11)
      at FhirValidator.start (node_modules/fhir-validator-wrapper/fhir-validator.js:129:5)
      at loadValidator (tx/tests/test-runner.js:135:5)
      at startTxTests (tx/tests/test-runner.js:20:5)
      at Object.<anonymous> (tests/tx/test-cases.test.js:10:5)

  ΓùÅ Tx Tests ΓÇ║ version ΓÇ║ vs-expand-all-v2-force

    Validator service did not become ready within 60000ms

    [0m [90m 133 |[39m         timeout[33m:[39m [35m60000[39m
     [90m 134 |[39m     }
    [31m[1m>[22m[39m[90m 135 |[39m     [36mawait[39m validator[33m.[39mstart(validatorConfig)[33m;[39m
     [90m     |[39m     [31m[1m^[22m[39m
     [90m 136 |[39m }
     [90m 137 |[39m
     [90m 138 |[39m[0m

      at FhirValidator.waitForReady (node_modules/fhir-validator-wrapper/fhir-validator.js:152:11)
      at FhirValidator.start (node_modules/fhir-validator-wrapper/fhir-validator.js:129:5)
      at loadValidator (tx/tests/test-runner.js:135:5)
      at startTxTests (tx/tests/test-runner.js:20:5)
      at Object.<anonymous> (tests/tx/test-cases.test.js:10:5)

  ΓùÅ Tx Tests ΓÇ║ version ΓÇ║ vs-expand-v-mixed-force

    Validator service did not become ready within 60000ms

    [0m [90m 133 |[39m         timeout[33m:[39m [35m60000[39m
     [90m 134 |[39m     }
    [31m[1m>[22m[39m[90m 135 |[39m     [36mawait[39m validator[33m.[39mstart(validatorConfig)[33m;[39m
     [90m     |[39m     [31m[1m^[22m[39m
     [90m 136 |[39m }
     [90m 137 |[39m
     [90m 138 |[39m[0m

      at FhirValidator.waitForReady (node_modules/fhir-validator-wrapper/fhir-validator.js:152:11)
      at FhirValidator.start (node_modules/fhir-validator-wrapper/fhir-validator.js:129:5)
      at loadValidator (tx/tests/test-runner.js:135:5)
      at startTxTests (tx/tests/test-runner.js:20:5)
      at Object.<anonymous> (tests/tx/test-cases.test.js:10:5)

  ΓùÅ Tx Tests ΓÇ║ version ΓÇ║ vs-expand-v-n-force-request

    Validator service did not become ready within 60000ms

    [0m [90m 133 |[39m         timeout[33m:[39m [35m60000[39m
     [90m 134 |[39m     }
    [31m[1m>[22m[39m[90m 135 |[39m     [36mawait[39m validator[33m.[39mstart(validatorConfig)[33m;[39m
     [90m     |[39m     [31m[1m^[22m[39m
     [90m 136 |[39m }
     [90m 137 |[39m
     [90m 138 |[39m[0m

      at FhirValidator.waitForReady (node_modules/fhir-validator-wrapper/fhir-validator.js:152:11)
      at FhirValidator.start (node_modules/fhir-validator-wrapper/fhir-validator.js:129:5)
      at loadValidator (tx/tests/test-runner.js:135:5)
      at startTxTests (tx/tests/test-runner.js:20:5)
      at Object.<anonymous> (tests/tx/test-cases.test.js:10:5)

  ΓùÅ Tx Tests ΓÇ║ version ΓÇ║ vs-expand-v-w-force

    Validator service did not become ready within 60000ms

    [0m [90m 133 |[39m         timeout[33m:[39m [35m60000[39m
     [90m 134 |[39m     }
    [31m[1m>[22m[39m[90m 135 |[39m     [36mawait[39m validator[33m.[39mstart(validatorConfig)[33m;[39m
     [90m     |[39m     [31m[1m^[22m[39m
     [90m 136 |[39m }
     [90m 137 |[39m
     [90m 138 |[39m[0m

      at FhirValidator.waitForReady (node_modules/fhir-validator-wrapper/fhir-validator.js:152:11)
      at FhirValidator.start (node_modules/fhir-validator-wrapper/fhir-validator.js:129:5)
      at loadValidator (tx/tests/test-runner.js:135:5)
      at startTxTests (tx/tests/test-runner.js:20:5)
      at Object.<anonymous> (tests/tx/test-cases.test.js:10:5)

  ΓùÅ Tx Tests ΓÇ║ version ΓÇ║ vs-expand-v-wb-force

    Validator service did not become ready within 60000ms

    [0m [90m 133 |[39m         timeout[33m:[39m [35m60000[39m
     [90m 134 |[39m     }
    [31m[1m>[22m[39m[90m 135 |[39m     [36mawait[39m validator[33m.[39mstart(validatorConfig)[33m;[39m
     [90m     |[39m     [31m[1m^[22m[39m
     [90m 136 |[39m }
     [90m 137 |[39m
     [90m 138 |[39m[0m

      at FhirValidator.waitForReady (node_modules/fhir-validator-wrapper/fhir-validator.js:152:11)
      at FhirValidator.start (node_modules/fhir-validator-wrapper/fhir-validator.js:129:5)
      at loadValidator (tx/tests/test-runner.js:135:5)
      at startTxTests (tx/tests/test-runner.js:20:5)
      at Object.<anonymous> (tests/tx/test-cases.test.js:10:5)

  ΓùÅ Tx Tests ΓÇ║ version ΓÇ║ vs-expand-v1-force

    Validator service did not become ready within 60000ms

    [0m [90m 133 |[39m         timeout[33m:[39m [35m60000[39m
     [90m 134 |[39m     }
    [31m[1m>[22m[39m[90m 135 |[39m     [36mawait[39m validator[33m.[39mstart(validatorConfig)[33m;[39m
     [90m     |[39m     [31m[1m^[22m[39m
     [90m 136 |[39m }
     [90m 137 |[39m
     [90m 138 |[39m[0m

      at FhirValidator.waitForReady (node_modules/fhir-validator-wrapper/fhir-validator.js:152:11)
      at FhirValidator.start (node_modules/fhir-validator-wrapper/fhir-validator.js:129:5)
      at loadValidator (tx/tests/test-runner.js:135:5)
      at startTxTests (tx/tests/test-runner.js:20:5)
      at Object.<anonymous> (tests/tx/test-cases.test.js:10:5)

  ΓùÅ Tx Tests ΓÇ║ version ΓÇ║ vs-expand-v2-force

    Validator service did not become ready within 60000ms

    [0m [90m 133 |[39m         timeout[33m:[39m [35m60000[39m
     [90m 134 |[39m     }
    [31m[1m>[22m[39m[90m 135 |[39m     [36mawait[39m validator[33m.[39mstart(validatorConfig)[33m;[39m
     [90m     |[39m     [31m[1m^[22m[39m
     [90m 136 |[39m }
     [90m 137 |[39m
     [90m 138 |[39m[0m

      at FhirValidator.waitForReady (node_modules/fhir-validator-wrapper/fhir-validator.js:152:11)
      at FhirValidator.start (node_modules/fhir-validator-wrapper/fhir-validator.js:129:5)
      at loadValidator (tx/tests/test-runner.js:135:5)
      at startTxTests (tx/tests/test-runner.js:20:5)
      at Object.<anonymous> (tests/tx/test-cases.test.js:10:5)

  ΓùÅ Tx Tests ΓÇ║ version ΓÇ║ vs-expand-all-v-default

    Validator service did not become ready within 60000ms

    [0m [90m 133 |[39m         timeout[33m:[39m [35m60000[39m
     [90m 134 |[39m     }
    [31m[1m>[22m[39m[90m 135 |[39m     [36mawait[39m validator[33m.[39mstart(validatorConfig)[33m;[39m
     [90m     |[39m     [31m[1m^[22m[39m
     [90m 136 |[39m }
     [90m 137 |[39m
     [90m 138 |[39m[0m

      at FhirValidator.waitForReady (node_modules/fhir-validator-wrapper/fhir-validator.js:152:11)
      at FhirValidator.start (node_modules/fhir-validator-wrapper/fhir-validator.js:129:5)
      at loadValidator (tx/tests/test-runner.js:135:5)
      at startTxTests (tx/tests/test-runner.js:20:5)
      at Object.<anonymous> (tests/tx/test-cases.test.js:10:5)

  ΓùÅ Tx Tests ΓÇ║ version ΓÇ║ vs-expand-all-v1-default

    Validator service did not become ready within 60000ms

    [0m [90m 133 |[39m         timeout[33m:[39m [35m60000[39m
     [90m 134 |[39m     }
    [31m[1m>[22m[39m[90m 135 |[39m     [36mawait[39m validator[33m.[39mstart(validatorConfig)[33m;[39m
     [90m     |[39m     [31m[1m^[22m[39m
     [90m 136 |[39m }
     [90m 137 |[39m
     [90m 138 |[39m[0m

      at FhirValidator.waitForReady (node_modules/fhir-validator-wrapper/fhir-validator.js:152:11)
      at FhirValidator.start (node_modules/fhir-validator-wrapper/fhir-validator.js:129:5)
      at loadValidator (tx/tests/test-runner.js:135:5)
      at startTxTests (tx/tests/test-runner.js:20:5)
      at Object.<anonymous> (tests/tx/test-cases.test.js:10:5)

  ΓùÅ Tx Tests ΓÇ║ version ΓÇ║ vs-expand-all-v2-default

    Validator service did not become ready within 60000ms

    [0m [90m 133 |[39m         timeout[33m:[39m [35m60000[39m
     [90m 134 |[39m     }
    [31m[1m>[22m[39m[90m 135 |[39m     [36mawait[39m validator[33m.[39mstart(validatorConfig)[33m;[39m
     [90m     |[39m     [31m[1m^[22m[39m
     [90m 136 |[39m }
     [90m 137 |[39m
     [90m 138 |[39m[0m

      at FhirValidator.waitForReady (node_modules/fhir-validator-wrapper/fhir-validator.js:152:11)
      at FhirValidator.start (node_modules/fhir-validator-wrapper/fhir-validator.js:129:5)
      at loadValidator (tx/tests/test-runner.js:135:5)
      at startTxTests (tx/tests/test-runner.js:20:5)
      at Object.<anonymous> (tests/tx/test-cases.test.js:10:5)

  ΓùÅ Tx Tests ΓÇ║ version ΓÇ║ vs-expand-v-mixed-default

    Validator service did not become ready within 60000ms

    [0m [90m 133 |[39m         timeout[33m:[39m [35m60000[39m
     [90m 134 |[39m     }
    [31m[1m>[22m[39m[90m 135 |[39m     [36mawait[39m validator[33m.[39mstart(validatorConfig)[33m;[39m
     [90m     |[39m     [31m[1m^[22m[39m
     [90m 136 |[39m }
     [90m 137 |[39m
     [90m 138 |[39m[0m

      at FhirValidator.waitForReady (node_modules/fhir-validator-wrapper/fhir-validator.js:152:11)
      at FhirValidator.start (node_modules/fhir-validator-wrapper/fhir-validator.js:129:5)
      at loadValidator (tx/tests/test-runner.js:135:5)
      at startTxTests (tx/tests/test-runner.js:20:5)
      at Object.<anonymous> (tests/tx/test-cases.test.js:10:5)

  ΓùÅ Tx Tests ΓÇ║ version ΓÇ║ vs-expand-v-n-default-request

    Validator service did not become ready within 60000ms

    [0m [90m 133 |[39m         timeout[33m:[39m [35m60000[39m
     [90m 134 |[39m     }
    [31m[1m>[22m[39m[90m 135 |[39m     [36mawait[39m validator[33m.[39mstart(validatorConfig)[33m;[39m
     [90m     |[39m     [31m[1m^[22m[39m
     [90m 136 |[39m }
     [90m 137 |[39m
     [90m 138 |[39m[0m

      at FhirValidator.waitForReady (node_modules/fhir-validator-wrapper/fhir-validator.js:152:11)
      at FhirValidator.start (node_modules/fhir-validator-wrapper/fhir-validator.js:129:5)
      at loadValidator (tx/tests/test-runner.js:135:5)
      at startTxTests (tx/tests/test-runner.js:20:5)
      at Object.<anonymous> (tests/tx/test-cases.test.js:10:5)

  ΓùÅ Tx Tests ΓÇ║ version ΓÇ║ vs-expand-v-w-default

    Validator service did not become ready within 60000ms

    [0m [90m 133 |[39m         timeout[33m:[39m [35m60000[39m
     [90m 134 |[39m     }
    [31m[1m>[22m[39m[90m 135 |[39m     [36mawait[39m validator[33m.[39mstart(validatorConfig)[33m;[39m
     [90m     |[39m     [31m[1m^[22m[39m
     [90m 136 |[39m }
     [90m 137 |[39m
     [90m 138 |[39m[0m

      at FhirValidator.waitForReady (node_modules/fhir-validator-wrapper/fhir-validator.js:152:11)
      at FhirValidator.start (node_modules/fhir-validator-wrapper/fhir-validator.js:129:5)
      at loadValidator (tx/tests/test-runner.js:135:5)
      at startTxTests (tx/tests/test-runner.js:20:5)
      at Object.<anonymous> (tests/tx/test-cases.test.js:10:5)

  ΓùÅ Tx Tests ΓÇ║ version ΓÇ║ vs-expand-v-wb-default

    Validator service did not become ready within 60000ms

    [0m [90m 133 |[39m         timeout[33m:[39m [35m60000[39m
     [90m 134 |[39m     }
    [31m[1m>[22m[39m[90m 135 |[39m     [36mawait[39m validator[33m.[39mstart(validatorConfig)[33m;[39m
     [90m     |[39m     [31m[1m^[22m[39m
     [90m 136 |[39m }
     [90m 137 |[39m
     [90m 138 |[39m[0m

      at FhirValidator.waitForReady (node_modules/fhir-validator-wrapper/fhir-validator.js:152:11)
      at FhirValidator.start (node_modules/fhir-validator-wrapper/fhir-validator.js:129:5)
      at loadValidator (tx/tests/test-runner.js:135:5)
      at startTxTests (tx/tests/test-runner.js:20:5)
      at Object.<anonymous> (tests/tx/test-cases.test.js:10:5)

  ΓùÅ Tx Tests ΓÇ║ version ΓÇ║ vs-expand-v1-default

    Validator service did not become ready within 60000ms

    [0m [90m 133 |[39m         timeout[33m:[39m [35m60000[39m
     [90m 134 |[39m     }
    [31m[1m>[22m[39m[90m 135 |[39m     [36mawait[39m validator[33m.[39mstart(validatorConfig)[33m;[39m
     [90m     |[39m     [31m[1m^[22m[39m
     [90m 136 |[39m }
     [90m 137 |[39m
     [90m 138 |[39m[0m

      at FhirValidator.waitForReady (node_modules/fhir-validator-wrapper/fhir-validator.js:152:11)
      at FhirValidator.start (node_modules/fhir-validator-wrapper/fhir-validator.js:129:5)
      at loadValidator (tx/tests/test-runner.js:135:5)
      at startTxTests (tx/tests/test-runner.js:20:5)
      at Object.<anonymous> (tests/tx/test-cases.test.js:10:5)

  ΓùÅ Tx Tests ΓÇ║ version ΓÇ║ vs-expand-v2-default

    Validator service did not become ready within 60000ms

    [0m [90m 133 |[39m         timeout[33m:[39m [35m60000[39m
     [90m 134 |[39m     }
    [31m[1m>[22m[39m[90m 135 |[39m     [36mawait[39m validator[33m.[39mstart(validatorConfig)[33m;[39m
     [90m     |[39m     [31m[1m^[22m[39m
     [90m 136 |[39m }
     [90m 137 |[39m
     [90m 138 |[39m[0m

      at FhirValidator.waitForReady (node_modules/fhir-validator-wrapper/fhir-validator.js:152:11)
      at FhirValidator.start (node_modules/fhir-validator-wrapper/fhir-validator.js:129:5)
      at loadValidator (tx/tests/test-runner.js:135:5)
      at startTxTests (tx/tests/test-runner.js:20:5)
      at Object.<anonymous> (tests/tx/test-cases.test.js:10:5)

  ΓùÅ Tx Tests ΓÇ║ version ΓÇ║ vs-expand-all-v-check

    Validator service did not become ready within 60000ms

    [0m [90m 133 |[39m         timeout[33m:[39m [35m60000[39m
     [90m 134 |[39m     }
    [31m[1m>[22m[39m[90m 135 |[39m     [36mawait[39m validator[33m.[39mstart(validatorConfig)[33m;[39m
     [90m     |[39m     [31m[1m^[22m[39m
     [90m 136 |[39m }
     [90m 137 |[39m
     [90m 138 |[39m[0m

      at FhirValidator.waitForReady (node_modules/fhir-validator-wrapper/fhir-validator.js:152:11)
      at FhirValidator.start (node_modules/fhir-validator-wrapper/fhir-validator.js:129:5)
      at loadValidator (tx/tests/test-runner.js:135:5)
      at startTxTests (tx/tests/test-runner.js:20:5)
      at Object.<anonymous> (tests/tx/test-cases.test.js:10:5)

  ΓùÅ Tx Tests ΓÇ║ version ΓÇ║ vs-expand-all-v1-check

    Validator service did not become ready within 60000ms

    [0m [90m 133 |[39m         timeout[33m:[39m [35m60000[39m
     [90m 134 |[39m     }
    [31m[1m>[22m[39m[90m 135 |[39m     [36mawait[39m validator[33m.[39mstart(validatorConfig)[33m;[39m
     [90m     |[39m     [31m[1m^[22m[39m
     [90m 136 |[39m }
     [90m 137 |[39m
     [90m 138 |[39m[0m

      at FhirValidator.waitForReady (node_modules/fhir-validator-wrapper/fhir-validator.js:152:11)
      at FhirValidator.start (node_modules/fhir-validator-wrapper/fhir-validator.js:129:5)
      at loadValidator (tx/tests/test-runner.js:135:5)
      at startTxTests (tx/tests/test-runner.js:20:5)
      at Object.<anonymous> (tests/tx/test-cases.test.js:10:5)

  ΓùÅ Tx Tests ΓÇ║ version ΓÇ║ vs-expand-all-v2-check

    Validator service did not become ready within 60000ms

    [0m [90m 133 |[39m         timeout[33m:[39m [35m60000[39m
     [90m 134 |[39m     }
    [31m[1m>[22m[39m[90m 135 |[39m     [36mawait[39m validator[33m.[39mstart(validatorConfig)[33m;[39m
     [90m     |[39m     [31m[1m^[22m[39m
     [90m 136 |[39m }
     [90m 137 |[39m
     [90m 138 |[39m[0m

      at FhirValidator.waitForReady (node_modules/fhir-validator-wrapper/fhir-validator.js:152:11)
      at FhirValidator.start (node_modules/fhir-validator-wrapper/fhir-validator.js:129:5)
      at loadValidator (tx/tests/test-runner.js:135:5)
      at startTxTests (tx/tests/test-runner.js:20:5)
      at Object.<anonymous> (tests/tx/test-cases.test.js:10:5)

  ΓùÅ Tx Tests ΓÇ║ version ΓÇ║ vs-expand-v-mixed-check

    Validator service did not become ready within 60000ms

    [0m [90m 133 |[39m         timeout[33m:[39m [35m60000[39m
     [90m 134 |[39m     }
    [31m[1m>[22m[39m[90m 135 |[39m     [36mawait[39m validator[33m.[39mstart(validatorConfig)[33m;[39m
     [90m     |[39m     [31m[1m^[22m[39m
     [90m 136 |[39m }
     [90m 137 |[39m
     [90m 138 |[39m[0m

      at FhirValidator.waitForReady (node_modules/fhir-validator-wrapper/fhir-validator.js:152:11)
      at FhirValidator.start (node_modules/fhir-validator-wrapper/fhir-validator.js:129:5)
      at loadValidator (tx/tests/test-runner.js:135:5)
      at startTxTests (tx/tests/test-runner.js:20:5)
      at Object.<anonymous> (tests/tx/test-cases.test.js:10:5)

  ΓùÅ Tx Tests ΓÇ║ version ΓÇ║ vs-expand-v-n-check-request

    Validator service did not become ready within 60000ms

    [0m [90m 133 |[39m         timeout[33m:[39m [35m60000[39m
     [90m 134 |[39m     }
    [31m[1m>[22m[39m[90m 135 |[39m     [36mawait[39m validator[33m.[39mstart(validatorConfig)[33m;[39m
     [90m     |[39m     [31m[1m^[22m[39m
     [90m 136 |[39m }
     [90m 137 |[39m
     [90m 138 |[39m[0m

      at FhirValidator.waitForReady (node_modules/fhir-validator-wrapper/fhir-validator.js:152:11)
      at FhirValidator.start (node_modules/fhir-validator-wrapper/fhir-validator.js:129:5)
      at loadValidator (tx/tests/test-runner.js:135:5)
      at startTxTests (tx/tests/test-runner.js:20:5)
      at Object.<anonymous> (tests/tx/test-cases.test.js:10:5)

  ΓùÅ Tx Tests ΓÇ║ version ΓÇ║ vs-expand-v-w-check

    Validator service did not become ready within 60000ms

    [0m [90m 133 |[39m         timeout[33m:[39m [35m60000[39m
     [90m 134 |[39m     }
    [31m[1m>[22m[39m[90m 135 |[39m     [36mawait[39m validator[33m.[39mstart(validatorConfig)[33m;[39m
     [90m     |[39m     [31m[1m^[22m[39m
     [90m 136 |[39m }
     [90m 137 |[39m
     [90m 138 |[39m[0m

      at FhirValidator.waitForReady (node_modules/fhir-validator-wrapper/fhir-validator.js:152:11)
      at FhirValidator.start (node_modules/fhir-validator-wrapper/fhir-validator.js:129:5)
      at loadValidator (tx/tests/test-runner.js:135:5)
      at startTxTests (tx/tests/test-runner.js:20:5)
      at Object.<anonymous> (tests/tx/test-cases.test.js:10:5)

  ΓùÅ Tx Tests ΓÇ║ version ΓÇ║ vs-expand-v-wb-check

    Validator service did not become ready within 60000ms

    [0m [90m 133 |[39m         timeout[33m:[39m [35m60000[39m
     [90m 134 |[39m     }
    [31m[1m>[22m[39m[90m 135 |[39m     [36mawait[39m validator[33m.[39mstart(validatorConfig)[33m;[39m
     [90m     |[39m     [31m[1m^[22m[39m
     [90m 136 |[39m }
     [90m 137 |[39m
     [90m 138 |[39m[0m

      at FhirValidator.waitForReady (node_modules/fhir-validator-wrapper/fhir-validator.js:152:11)
      at FhirValidator.start (node_modules/fhir-validator-wrapper/fhir-validator.js:129:5)
      at loadValidator (tx/tests/test-runner.js:135:5)
      at startTxTests (tx/tests/test-runner.js:20:5)
      at Object.<anonymous> (tests/tx/test-cases.test.js:10:5)

  ΓùÅ Tx Tests ΓÇ║ version ΓÇ║ vs-expand-v1-check

    Validator service did not become ready within 60000ms

    [0m [90m 133 |[39m         timeout[33m:[39m [35m60000[39m
     [90m 134 |[39m     }
    [31m[1m>[22m[39m[90m 135 |[39m     [36mawait[39m validator[33m.[39mstart(validatorConfig)[33m;[39m
     [90m     |[39m     [31m[1m^[22m[39m
     [90m 136 |[39m }
     [90m 137 |[39m
     [90m 138 |[39m[0m

      at FhirValidator.waitForReady (node_modules/fhir-validator-wrapper/fhir-validator.js:152:11)
      at FhirValidator.start (node_modules/fhir-validator-wrapper/fhir-validator.js:129:5)
      at loadValidator (tx/tests/test-runner.js:135:5)
      at startTxTests (tx/tests/test-runner.js:20:5)
      at Object.<anonymous> (tests/tx/test-cases.test.js:10:5)

  ΓùÅ Tx Tests ΓÇ║ version ΓÇ║ vs-expand-v2-check

    Validator service did not become ready within 60000ms

    [0m [90m 133 |[39m         timeout[33m:[39m [35m60000[39m
     [90m 134 |[39m     }
    [31m[1m>[22m[39m[90m 135 |[39m     [36mawait[39m validator[33m.[39mstart(validatorConfig)[33m;[39m
     [90m     |[39m     [31m[1m^[22m[39m
     [90m 136 |[39m }
     [90m 137 |[39m
     [90m 138 |[39m[0m

      at FhirValidator.waitForReady (node_modules/fhir-validator-wrapper/fhir-validator.js:152:11)
      at FhirValidator.start (node_modules/fhir-validator-wrapper/fhir-validator.js:129:5)
      at loadValidator (tx/tests/test-runner.js:135:5)
      at startTxTests (tx/tests/test-runner.js:20:5)
      at Object.<anonymous> (tests/tx/test-cases.test.js:10:5)

  ΓùÅ Tx Tests ΓÇ║ fragment ΓÇ║ validation-fragment-code-good

    Validator service did not become ready within 60000ms

    [0m [90m 133 |[39m         timeout[33m:[39m [35m60000[39m
     [90m 134 |[39m     }
    [31m[1m>[22m[39m[90m 135 |[39m     [36mawait[39m validator[33m.[39mstart(validatorConfig)[33m;[39m
     [90m     |[39m     [31m[1m^[22m[39m
     [90m 136 |[39m }
     [90m 137 |[39m
     [90m 138 |[39m[0m

      at FhirValidator.waitForReady (node_modules/fhir-validator-wrapper/fhir-validator.js:152:11)
      at FhirValidator.start (node_modules/fhir-validator-wrapper/fhir-validator.js:129:5)
      at loadValidator (tx/tests/test-runner.js:135:5)
      at startTxTests (tx/tests/test-runner.js:20:5)
      at Object.<anonymous> (tests/tx/test-cases.test.js:10:5)

  ΓùÅ Tx Tests ΓÇ║ fragment ΓÇ║ validation-fragment-coding-good

    Validator service did not become ready within 60000ms

    [0m [90m 133 |[39m         timeout[33m:[39m [35m60000[39m
     [90m 134 |[39m     }
    [31m[1m>[22m[39m[90m 135 |[39m     [36mawait[39m validator[33m.[39mstart(validatorConfig)[33m;[39m
     [90m     |[39m     [31m[1m^[22m[39m
     [90m 136 |[39m }
     [90m 137 |[39m
     [90m 138 |[39m[0m

      at FhirValidator.waitForReady (node_modules/fhir-validator-wrapper/fhir-validator.js:152:11)
      at FhirValidator.start (node_modules/fhir-validator-wrapper/fhir-validator.js:129:5)
      at loadValidator (tx/tests/test-runner.js:135:5)
      at startTxTests (tx/tests/test-runner.js:20:5)
      at Object.<anonymous> (tests/tx/test-cases.test.js:10:5)

  ΓùÅ Tx Tests ΓÇ║ fragment ΓÇ║ validation-fragment-codeableconcept-good

    Validator service did not become ready within 60000ms

    [0m [90m 133 |[39m         timeout[33m:[39m [35m60000[39m
     [90m 134 |[39m     }
    [31m[1m>[22m[39m[90m 135 |[39m     [36mawait[39m validator[33m.[39mstart(validatorConfig)[33m;[39m
     [90m     |[39m     [31m[1m^[22m[39m
     [90m 136 |[39m }
     [90m 137 |[39m
     [90m 138 |[39m[0m

      at FhirValidator.waitForReady (node_modules/fhir-validator-wrapper/fhir-validator.js:152:11)
      at FhirValidator.start (node_modules/fhir-validator-wrapper/fhir-validator.js:129:5)
      at loadValidator (tx/tests/test-runner.js:135:5)
      at startTxTests (tx/tests/test-runner.js:20:5)
      at Object.<anonymous> (tests/tx/test-cases.test.js:10:5)

  ΓùÅ Tx Tests ΓÇ║ fragment ΓÇ║ validation-fragment-code-bad-code

    Validator service did not become ready within 60000ms

    [0m [90m 133 |[39m         timeout[33m:[39m [35m60000[39m
     [90m 134 |[39m     }
    [31m[1m>[22m[39m[90m 135 |[39m     [36mawait[39m validator[33m.[39mstart(validatorConfig)[33m;[39m
     [90m     |[39m     [31m[1m^[22m[39m
     [90m 136 |[39m }
     [90m 137 |[39m
     [90m 138 |[39m[0m

      at FhirValidator.waitForReady (node_modules/fhir-validator-wrapper/fhir-validator.js:152:11)
      at FhirValidator.start (node_modules/fhir-validator-wrapper/fhir-validator.js:129:5)
      at loadValidator (tx/tests/test-runner.js:135:5)
      at startTxTests (tx/tests/test-runner.js:20:5)
      at Object.<anonymous> (tests/tx/test-cases.test.js:10:5)

  ΓùÅ Tx Tests ΓÇ║ fragment ΓÇ║ validation-fragment-coding-bad-code

    Validator service did not become ready within 60000ms

    [0m [90m 133 |[39m         timeout[33m:[39m [35m60000[39m
     [90m 134 |[39m     }
    [31m[1m>[22m[39m[90m 135 |[39m     [36mawait[39m validator[33m.[39mstart(validatorConfig)[33m;[39m
     [90m     |[39m     [31m[1m^[22m[39m
     [90m 136 |[39m }
     [90m 137 |[39m
     [90m 138 |[39m[0m

      at FhirValidator.waitForReady (node_modules/fhir-validator-wrapper/fhir-validator.js:152:11)
      at FhirValidator.start (node_modules/fhir-validator-wrapper/fhir-validator.js:129:5)
      at loadValidator (tx/tests/test-runner.js:135:5)
      at startTxTests (tx/tests/test-runner.js:20:5)
      at Object.<anonymous> (tests/tx/test-cases.test.js:10:5)

  ΓùÅ Tx Tests ΓÇ║ fragment ΓÇ║ validation-fragment-codeableconcept-bad-code

    Validator service did not become ready within 60000ms

    [0m [90m 133 |[39m         timeout[33m:[39m [35m60000[39m
     [90m 134 |[39m     }
    [31m[1m>[22m[39m[90m 135 |[39m     [36mawait[39m validator[33m.[39mstart(validatorConfig)[33m;[39m
     [90m     |[39m     [31m[1m^[22m[39m
     [90m 136 |[39m }
     [90m 137 |[39m
     [90m 138 |[39m[0m

      at FhirValidator.waitForReady (node_modules/fhir-validator-wrapper/fhir-validator.js:152:11)
      at FhirValidator.start (node_modules/fhir-validator-wrapper/fhir-validator.js:129:5)
      at loadValidator (tx/tests/test-runner.js:135:5)
      at startTxTests (tx/tests/test-runner.js:20:5)
      at Object.<anonymous> (tests/tx/test-cases.test.js:10:5)

  ΓùÅ Tx Tests ΓÇ║ big ΓÇ║ big-echo-no-limit

    Validator service did not become ready within 60000ms

    [0m [90m 133 |[39m         timeout[33m:[39m [35m60000[39m
     [90m 134 |[39m     }
    [31m[1m>[22m[39m[90m 135 |[39m     [36mawait[39m validator[33m.[39mstart(validatorConfig)[33m;[39m
     [90m     |[39m     [31m[1m^[22m[39m
     [90m 136 |[39m }
     [90m 137 |[39m
     [90m 138 |[39m[0m

      at FhirValidator.waitForReady (node_modules/fhir-validator-wrapper/fhir-validator.js:152:11)
      at FhirValidator.start (node_modules/fhir-validator-wrapper/fhir-validator.js:129:5)
      at loadValidator (tx/tests/test-runner.js:135:5)
      at startTxTests (tx/tests/test-runner.js:20:5)
      at Object.<anonymous> (tests/tx/test-cases.test.js:10:5)

  ΓùÅ Tx Tests ΓÇ║ big ΓÇ║ big-echo-zero-fifty-limit

    Validator service did not become ready within 60000ms

    [0m [90m 133 |[39m         timeout[33m:[39m [35m60000[39m
     [90m 134 |[39m     }
    [31m[1m>[22m[39m[90m 135 |[39m     [36mawait[39m validator[33m.[39mstart(validatorConfig)[33m;[39m
     [90m     |[39m     [31m[1m^[22m[39m
     [90m 136 |[39m }
     [90m 137 |[39m
     [90m 138 |[39m[0m

      at FhirValidator.waitForReady (node_modules/fhir-validator-wrapper/fhir-validator.js:152:11)
      at FhirValidator.start (node_modules/fhir-validator-wrapper/fhir-validator.js:129:5)
      at loadValidator (tx/tests/test-runner.js:135:5)
      at startTxTests (tx/tests/test-runner.js:20:5)
      at Object.<anonymous> (tests/tx/test-cases.test.js:10:5)

  ΓùÅ Tx Tests ΓÇ║ big ΓÇ║ big-echo-fifty-fifty-limit

    Validator service did not become ready within 60000ms

    [0m [90m 133 |[39m         timeout[33m:[39m [35m60000[39m
     [90m 134 |[39m     }
    [31m[1m>[22m[39m[90m 135 |[39m     [36mawait[39m validator[33m.[39mstart(validatorConfig)[33m;[39m
     [90m     |[39m     [31m[1m^[22m[39m
     [90m 136 |[39m }
     [90m 137 |[39m
     [90m 138 |[39m[0m

      at FhirValidator.waitForReady (node_modules/fhir-validator-wrapper/fhir-validator.js:152:11)
      at FhirValidator.start (node_modules/fhir-validator-wrapper/fhir-validator.js:129:5)
      at loadValidator (tx/tests/test-runner.js:135:5)
      at startTxTests (tx/tests/test-runner.js:20:5)
      at Object.<anonymous> (tests/tx/test-cases.test.js:10:5)

  ΓùÅ Tx Tests ΓÇ║ big ΓÇ║ big-circle-bang

    Validator service did not become ready within 60000ms

    [0m [90m 133 |[39m         timeout[33m:[39m [35m60000[39m
     [90m 134 |[39m     }
    [31m[1m>[22m[39m[90m 135 |[39m     [36mawait[39m validator[33m.[39mstart(validatorConfig)[33m;[39m
     [90m     |[39m     [31m[1m^[22m[39m
     [90m 136 |[39m }
     [90m 137 |[39m
     [90m 138 |[39m[0m

      at FhirValidator.waitForReady (node_modules/fhir-validator-wrapper/fhir-validator.js:152:11)
      at FhirValidator.start (node_modules/fhir-validator-wrapper/fhir-validator.js:129:5)
      at loadValidator (tx/tests/test-runner.js:135:5)
      at startTxTests (tx/tests/test-runner.js:20:5)
      at Object.<anonymous> (tests/tx/test-cases.test.js:10:5)

  ΓùÅ Tx Tests ΓÇ║ big ΓÇ║ big-circle-validate

    Validator service did not become ready within 60000ms

    [0m [90m 133 |[39m         timeout[33m:[39m [35m60000[39m
     [90m 134 |[39m     }
    [31m[1m>[22m[39m[90m 135 |[39m     [36mawait[39m validator[33m.[39mstart(validatorConfig)[33m;[39m
     [90m     |[39m     [31m[1m^[22m[39m
     [90m 136 |[39m }
     [90m 137 |[39m
     [90m 138 |[39m[0m

      at FhirValidator.waitForReady (node_modules/fhir-validator-wrapper/fhir-validator.js:152:11)
      at FhirValidator.start (node_modules/fhir-validator-wrapper/fhir-validator.js:129:5)
      at loadValidator (tx/tests/test-runner.js:135:5)
      at startTxTests (tx/tests/test-runner.js:20:5)
      at Object.<anonymous> (tests/tx/test-cases.test.js:10:5)

  ΓùÅ Tx Tests ΓÇ║ other ΓÇ║ dual-filter

    Validator service did not become ready within 60000ms

    [0m [90m 133 |[39m         timeout[33m:[39m [35m60000[39m
     [90m 134 |[39m     }
    [31m[1m>[22m[39m[90m 135 |[39m     [36mawait[39m validator[33m.[39mstart(validatorConfig)[33m;[39m
     [90m     |[39m     [31m[1m^[22m[39m
     [90m 136 |[39m }
     [90m 137 |[39m
     [90m 138 |[39m[0m

      at FhirValidator.waitForReady (node_modules/fhir-validator-wrapper/fhir-validator.js:152:11)
      at FhirValidator.start (node_modules/fhir-validator-wrapper/fhir-validator.js:129:5)
      at loadValidator (tx/tests/test-runner.js:135:5)
      at startTxTests (tx/tests/test-runner.js:20:5)
      at Object.<anonymous> (tests/tx/test-cases.test.js:10:5)

  ΓùÅ Tx Tests ΓÇ║ other ΓÇ║ validation-dual-filter-in

    Validator service did not become ready within 60000ms

    [0m [90m 133 |[39m         timeout[33m:[39m [35m60000[39m
     [90m 134 |[39m     }
    [31m[1m>[22m[39m[90m 135 |[39m     [36mawait[39m validator[33m.[39mstart(validatorConfig)[33m;[39m
     [90m     |[39m     [31m[1m^[22m[39m
     [90m 136 |[39m }
     [90m 137 |[39m
     [90m 138 |[39m[0m

      at FhirValidator.waitForReady (node_modules/fhir-validator-wrapper/fhir-validator.js:152:11)
      at FhirValidator.start (node_modules/fhir-validator-wrapper/fhir-validator.js:129:5)
      at loadValidator (tx/tests/test-runner.js:135:5)
      at startTxTests (tx/tests/test-runner.js:20:5)
      at Object.<anonymous> (tests/tx/test-cases.test.js:10:5)

  ΓùÅ Tx Tests ΓÇ║ other ΓÇ║ validation-dual-filter-out

    Validator service did not become ready within 60000ms

    [0m [90m 133 |[39m         timeout[33m:[39m [35m60000[39m
     [90m 134 |[39m     }
    [31m[1m>[22m[39m[90m 135 |[39m     [36mawait[39m validator[33m.[39mstart(validatorConfig)[33m;[39m
     [90m     |[39m     [31m[1m^[22m[39m
     [90m 136 |[39m }
     [90m 137 |[39m
     [90m 138 |[39m[0m

      at FhirValidator.waitForReady (node_modules/fhir-validator-wrapper/fhir-validator.js:152:11)
      at FhirValidator.start (node_modules/fhir-validator-wrapper/fhir-validator.js:129:5)
      at loadValidator (tx/tests/test-runner.js:135:5)
      at startTxTests (tx/tests/test-runner.js:20:5)
      at Object.<anonymous> (tests/tx/test-cases.test.js:10:5)

  ΓùÅ Tx Tests ΓÇ║ errors ΓÇ║ unknown-system1

    Validator service did not become ready within 60000ms

    [0m [90m 133 |[39m         timeout[33m:[39m [35m60000[39m
     [90m 134 |[39m     }
    [31m[1m>[22m[39m[90m 135 |[39m     [36mawait[39m validator[33m.[39mstart(validatorConfig)[33m;[39m
     [90m     |[39m     [31m[1m^[22m[39m
     [90m 136 |[39m }
     [90m 137 |[39m
     [90m 138 |[39m[0m

      at FhirValidator.waitForReady (node_modules/fhir-validator-wrapper/fhir-validator.js:152:11)
      at FhirValidator.start (node_modules/fhir-validator-wrapper/fhir-validator.js:129:5)
      at loadValidator (tx/tests/test-runner.js:135:5)
      at startTxTests (tx/tests/test-runner.js:20:5)
      at Object.<anonymous> (tests/tx/test-cases.test.js:10:5)

  ΓùÅ Tx Tests ΓÇ║ errors ΓÇ║ unknown-system2

    Validator service did not become ready within 60000ms

    [0m [90m 133 |[39m         timeout[33m:[39m [35m60000[39m
     [90m 134 |[39m     }
    [31m[1m>[22m[39m[90m 135 |[39m     [36mawait[39m validator[33m.[39mstart(validatorConfig)[33m;[39m
     [90m     |[39m     [31m[1m^[22m[39m
     [90m 136 |[39m }
     [90m 137 |[39m
     [90m 138 |[39m[0m

      at FhirValidator.waitForReady (node_modules/fhir-validator-wrapper/fhir-validator.js:152:11)
      at FhirValidator.start (node_modules/fhir-validator-wrapper/fhir-validator.js:129:5)
      at loadValidator (tx/tests/test-runner.js:135:5)
      at startTxTests (tx/tests/test-runner.js:20:5)
      at Object.<anonymous> (tests/tx/test-cases.test.js:10:5)

  ΓùÅ Tx Tests ΓÇ║ errors ΓÇ║ broken-filter-validate

    Validator service did not become ready within 60000ms

    [0m [90m 133 |[39m         timeout[33m:[39m [35m60000[39m
     [90m 134 |[39m     }
    [31m[1m>[22m[39m[90m 135 |[39m     [36mawait[39m validator[33m.[39mstart(validatorConfig)[33m;[39m
     [90m     |[39m     [31m[1m^[22m[39m
     [90m 136 |[39m }
     [90m 137 |[39m
     [90m 138 |[39m[0m

      at FhirValidator.waitForReady (node_modules/fhir-validator-wrapper/fhir-validator.js:152:11)
      at FhirValidator.start (node_modules/fhir-validator-wrapper/fhir-validator.js:129:5)
      at loadValidator (tx/tests/test-runner.js:135:5)
      at startTxTests (tx/tests/test-runner.js:20:5)
      at Object.<anonymous> (tests/tx/test-cases.test.js:10:5)

  ΓùÅ Tx Tests ΓÇ║ errors ΓÇ║ broken-filter2-validate

    Validator service did not become ready within 60000ms

    [0m [90m 133 |[39m         timeout[33m:[39m [35m60000[39m
     [90m 134 |[39m     }
    [31m[1m>[22m[39m[90m 135 |[39m     [36mawait[39m validator[33m.[39mstart(validatorConfig)[33m;[39m
     [90m     |[39m     [31m[1m^[22m[39m
     [90m 136 |[39m }
     [90m 137 |[39m
     [90m 138 |[39m[0m

      at FhirValidator.waitForReady (node_modules/fhir-validator-wrapper/fhir-validator.js:152:11)
      at FhirValidator.start (node_modules/fhir-validator-wrapper/fhir-validator.js:129:5)
      at loadValidator (tx/tests/test-runner.js:135:5)
      at startTxTests (tx/tests/test-runner.js:20:5)
      at Object.<anonymous> (tests/tx/test-cases.test.js:10:5)

  ΓùÅ Tx Tests ΓÇ║ errors ΓÇ║ broken-filter-expand

    Validator service did not become ready within 60000ms

    [0m [90m 133 |[39m         timeout[33m:[39m [35m60000[39m
     [90m 134 |[39m     }
    [31m[1m>[22m[39m[90m 135 |[39m     [36mawait[39m validator[33m.[39mstart(validatorConfig)[33m;[39m
     [90m     |[39m     [31m[1m^[22m[39m
     [90m 136 |[39m }
     [90m 137 |[39m
     [90m 138 |[39m[0m

      at FhirValidator.waitForReady (node_modules/fhir-validator-wrapper/fhir-validator.js:152:11)
      at FhirValidator.start (node_modules/fhir-validator-wrapper/fhir-validator.js:129:5)
      at loadValidator (tx/tests/test-runner.js:135:5)
      at startTxTests (tx/tests/test-runner.js:20:5)
      at Object.<anonymous> (tests/tx/test-cases.test.js:10:5)

  ΓùÅ Tx Tests ΓÇ║ errors ΓÇ║ combination-ok

    Validator service did not become ready within 60000ms

    [0m [90m 133 |[39m         timeout[33m:[39m [35m60000[39m
     [90m 134 |[39m     }
    [31m[1m>[22m[39m[90m 135 |[39m     [36mawait[39m validator[33m.[39mstart(validatorConfig)[33m;[39m
     [90m     |[39m     [31m[1m^[22m[39m
     [90m 136 |[39m }
     [90m 137 |[39m
     [90m 138 |[39m[0m

      at FhirValidator.waitForReady (node_modules/fhir-validator-wrapper/fhir-validator.js:152:11)
      at FhirValidator.start (node_modules/fhir-validator-wrapper/fhir-validator.js:129:5)
      at loadValidator (tx/tests/test-runner.js:135:5)
      at startTxTests (tx/tests/test-runner.js:20:5)
      at Object.<anonymous> (tests/tx/test-cases.test.js:10:5)

  ΓùÅ Tx Tests ΓÇ║ errors ΓÇ║ combination-bad

    Validator service did not become ready within 60000ms

    [0m [90m 133 |[39m         timeout[33m:[39m [35m60000[39m
     [90m 134 |[39m     }
    [31m[1m>[22m[39m[90m 135 |[39m     [36mawait[39m validator[33m.[39mstart(validatorConfig)[33m;[39m
     [90m     |[39m     [31m[1m^[22m[39m
     [90m 136 |[39m }
     [90m 137 |[39m
     [90m 138 |[39m[0m

      at FhirValidator.waitForReady (node_modules/fhir-validator-wrapper/fhir-validator.js:152:11)
      at FhirValidator.start (node_modules/fhir-validator-wrapper/fhir-validator.js:129:5)
      at loadValidator (tx/tests/test-runner.js:135:5)
      at startTxTests (tx/tests/test-runner.js:20:5)
      at Object.<anonymous> (tests/tx/test-cases.test.js:10:5)

  ΓùÅ Tx Tests ΓÇ║ deprecated ΓÇ║ withdrawn

    Validator service did not become ready within 60000ms

    [0m [90m 133 |[39m         timeout[33m:[39m [35m60000[39m
     [90m 134 |[39m     }
    [31m[1m>[22m[39m[90m 135 |[39m     [36mawait[39m validator[33m.[39mstart(validatorConfig)[33m;[39m
     [90m     |[39m     [31m[1m^[22m[39m
     [90m 136 |[39m }
     [90m 137 |[39m
     [90m 138 |[39m[0m

      at FhirValidator.waitForReady (node_modules/fhir-validator-wrapper/fhir-validator.js:152:11)
      at FhirValidator.start (node_modules/fhir-validator-wrapper/fhir-validator.js:129:5)
      at loadValidator (tx/tests/test-runner.js:135:5)
      at startTxTests (tx/tests/test-runner.js:20:5)
      at Object.<anonymous> (tests/tx/test-cases.test.js:10:5)

  ΓùÅ Tx Tests ΓÇ║ deprecated ΓÇ║ not-withdrawn

    Validator service did not become ready within 60000ms

    [0m [90m 133 |[39m         timeout[33m:[39m [35m60000[39m
     [90m 134 |[39m     }
    [31m[1m>[22m[39m[90m 135 |[39m     [36mawait[39m validator[33m.[39mstart(validatorConfig)[33m;[39m
     [90m     |[39m     [31m[1m^[22m[39m
     [90m 136 |[39m }
     [90m 137 |[39m
     [90m 138 |[39m[0m

      at FhirValidator.waitForReady (node_modules/fhir-validator-wrapper/fhir-validator.js:152:11)
      at FhirValidator.start (node_modules/fhir-validator-wrapper/fhir-validator.js:129:5)
      at loadValidator (tx/tests/test-runner.js:135:5)
      at startTxTests (tx/tests/test-runner.js:20:5)
      at Object.<anonymous> (tests/tx/test-cases.test.js:10:5)

  ΓùÅ Tx Tests ΓÇ║ deprecated ΓÇ║ withdrawn-validate

    Validator service did not become ready within 60000ms

    [0m [90m 133 |[39m         timeout[33m:[39m [35m60000[39m
     [90m 134 |[39m     }
    [31m[1m>[22m[39m[90m 135 |[39m     [36mawait[39m validator[33m.[39mstart(validatorConfig)[33m;[39m
     [90m     |[39m     [31m[1m^[22m[39m
     [90m 136 |[39m }
     [90m 137 |[39m
     [90m 138 |[39m[0m

      at FhirValidator.waitForReady (node_modules/fhir-validator-wrapper/fhir-validator.js:152:11)
      at FhirValidator.start (node_modules/fhir-validator-wrapper/fhir-validator.js:129:5)
      at loadValidator (tx/tests/test-runner.js:135:5)
      at startTxTests (tx/tests/test-runner.js:20:5)
      at Object.<anonymous> (tests/tx/test-cases.test.js:10:5)

  ΓùÅ Tx Tests ΓÇ║ deprecated ΓÇ║ not-withdrawn-validate

    Validator service did not become ready within 60000ms

    [0m [90m 133 |[39m         timeout[33m:[39m [35m60000[39m
     [90m 134 |[39m     }
    [31m[1m>[22m[39m[90m 135 |[39m     [36mawait[39m validator[33m.[39mstart(validatorConfig)[33m;[39m
     [90m     |[39m     [31m[1m^[22m[39m
     [90m 136 |[39m }
     [90m 137 |[39m
     [90m 138 |[39m[0m

      at FhirValidator.waitForReady (node_modules/fhir-validator-wrapper/fhir-validator.js:152:11)
      at FhirValidator.start (node_modules/fhir-validator-wrapper/fhir-validator.js:129:5)
      at loadValidator (tx/tests/test-runner.js:135:5)
      at startTxTests (tx/tests/test-runner.js:20:5)
      at Object.<anonymous> (tests/tx/test-cases.test.js:10:5)

  ΓùÅ Tx Tests ΓÇ║ deprecated ΓÇ║ experimental

    Validator service did not become ready within 60000ms

    [0m [90m 133 |[39m         timeout[33m:[39m [35m60000[39m
     [90m 134 |[39m     }
    [31m[1m>[22m[39m[90m 135 |[39m     [36mawait[39m validator[33m.[39mstart(validatorConfig)[33m;[39m
     [90m     |[39m     [31m[1m^[22m[39m
     [90m 136 |[39m }
     [90m 137 |[39m
     [90m 138 |[39m[0m

      at FhirValidator.waitForReady (node_modules/fhir-validator-wrapper/fhir-validator.js:152:11)
      at FhirValidator.start (node_modules/fhir-validator-wrapper/fhir-validator.js:129:5)
      at loadValidator (tx/tests/test-runner.js:135:5)
      at startTxTests (tx/tests/test-runner.js:20:5)
      at Object.<anonymous> (tests/tx/test-cases.test.js:10:5)

  ΓùÅ Tx Tests ΓÇ║ deprecated ΓÇ║ experimental-validate

    Validator service did not become ready within 60000ms

    [0m [90m 133 |[39m         timeout[33m:[39m [35m60000[39m
     [90m 134 |[39m     }
    [31m[1m>[22m[39m[90m 135 |[39m     [36mawait[39m validator[33m.[39mstart(validatorConfig)[33m;[39m
     [90m     |[39m     [31m[1m^[22m[39m
     [90m 136 |[39m }
     [90m 137 |[39m
     [90m 138 |[39m[0m

      at FhirValidator.waitForReady (node_modules/fhir-validator-wrapper/fhir-validator.js:152:11)
      at FhirValidator.start (node_modules/fhir-validator-wrapper/fhir-validator.js:129:5)
      at loadValidator (tx/tests/test-runner.js:135:5)
      at startTxTests (tx/tests/test-runner.js:20:5)
      at Object.<anonymous> (tests/tx/test-cases.test.js:10:5)

  ΓùÅ Tx Tests ΓÇ║ deprecated ΓÇ║ draft

    Validator service did not become ready within 60000ms

    [0m [90m 133 |[39m         timeout[33m:[39m [35m60000[39m
     [90m 134 |[39m     }
    [31m[1m>[22m[39m[90m 135 |[39m     [36mawait[39m validator[33m.[39mstart(validatorConfig)[33m;[39m
     [90m     |[39m     [31m[1m^[22m[39m
     [90m 136 |[39m }
     [90m 137 |[39m
     [90m 138 |[39m[0m

      at FhirValidator.waitForReady (node_modules/fhir-validator-wrapper/fhir-validator.js:152:11)
      at FhirValidator.start (node_modules/fhir-validator-wrapper/fhir-validator.js:129:5)
      at loadValidator (tx/tests/test-runner.js:135:5)
      at startTxTests (tx/tests/test-runner.js:20:5)
      at Object.<anonymous> (tests/tx/test-cases.test.js:10:5)

  ΓùÅ Tx Tests ΓÇ║ deprecated ΓÇ║ draft-validate

    Validator service did not become ready within 60000ms

    [0m [90m 133 |[39m         timeout[33m:[39m [35m60000[39m
     [90m 134 |[39m     }
    [31m[1m>[22m[39m[90m 135 |[39m     [36mawait[39m validator[33m.[39mstart(validatorConfig)[33m;[39m
     [90m     |[39m     [31m[1m^[22m[39m
     [90m 136 |[39m }
     [90m 137 |[39m
     [90m 138 |[39m[0m

      at FhirValidator.waitForReady (node_modules/fhir-validator-wrapper/fhir-validator.js:152:11)
      at FhirValidator.start (node_modules/fhir-validator-wrapper/fhir-validator.js:129:5)
      at loadValidator (tx/tests/test-runner.js:135:5)
      at startTxTests (tx/tests/test-runner.js:20:5)
      at Object.<anonymous> (tests/tx/test-cases.test.js:10:5)

  ΓùÅ Tx Tests ΓÇ║ deprecated ΓÇ║ vs-deprecation

    Validator service did not become ready within 60000ms

    [0m [90m 133 |[39m         timeout[33m:[39m [35m60000[39m
     [90m 134 |[39m     }
    [31m[1m>[22m[39m[90m 135 |[39m     [36mawait[39m validator[33m.[39mstart(validatorConfig)[33m;[39m
     [90m     |[39m     [31m[1m^[22m[39m
     [90m 136 |[39m }
     [90m 137 |[39m
     [90m 138 |[39m[0m

      at FhirValidator.waitForReady (node_modules/fhir-validator-wrapper/fhir-validator.js:152:11)
      at FhirValidator.start (node_modules/fhir-validator-wrapper/fhir-validator.js:129:5)
      at loadValidator (tx/tests/test-runner.js:135:5)
      at startTxTests (tx/tests/test-runner.js:20:5)
      at Object.<anonymous> (tests/tx/test-cases.test.js:10:5)

  ΓùÅ Tx Tests ΓÇ║ deprecated ΓÇ║ deprecating-validate

    Validator service did not become ready within 60000ms

    [0m [90m 133 |[39m         timeout[33m:[39m [35m60000[39m
     [90m 134 |[39m     }
    [31m[1m>[22m[39m[90m 135 |[39m     [36mawait[39m validator[33m.[39mstart(validatorConfig)[33m;[39m
     [90m     |[39m     [31m[1m^[22m[39m
     [90m 136 |[39m }
     [90m 137 |[39m
     [90m 138 |[39m[0m

      at FhirValidator.waitForReady (node_modules/fhir-validator-wrapper/fhir-validator.js:152:11)
      at FhirValidator.start (node_modules/fhir-validator-wrapper/fhir-validator.js:129:5)
      at loadValidator (tx/tests/test-runner.js:135:5)
      at startTxTests (tx/tests/test-runner.js:20:5)
      at Object.<anonymous> (tests/tx/test-cases.test.js:10:5)

  ΓùÅ Tx Tests ΓÇ║ deprecated ΓÇ║ deprecating-validate-2

    Validator service did not become ready within 60000ms

    [0m [90m 133 |[39m         timeout[33m:[39m [35m60000[39m
     [90m 134 |[39m     }
    [31m[1m>[22m[39m[90m 135 |[39m     [36mawait[39m validator[33m.[39mstart(validatorConfig)[33m;[39m
     [90m     |[39m     [31m[1m^[22m[39m
     [90m 136 |[39m }
     [90m 137 |[39m
     [90m 138 |[39m[0m

      at FhirValidator.waitForReady (node_modules/fhir-validator-wrapper/fhir-validator.js:152:11)
      at FhirValidator.start (node_modules/fhir-validator-wrapper/fhir-validator.js:129:5)
      at loadValidator (tx/tests/test-runner.js:135:5)
      at startTxTests (tx/tests/test-runner.js:20:5)
      at Object.<anonymous> (tests/tx/test-cases.test.js:10:5)

  ΓùÅ Tx Tests ΓÇ║ notSelectable ΓÇ║ notSelectable-prop-all

    Validator service did not become ready within 60000ms

    [0m [90m 133 |[39m         timeout[33m:[39m [35m60000[39m
     [90m 134 |[39m     }
    [31m[1m>[22m[39m[90m 135 |[39m     [36mawait[39m validator[33m.[39mstart(validatorConfig)[33m;[39m
     [90m     |[39m     [31m[1m^[22m[39m
     [90m 136 |[39m }
     [90m 137 |[39m
     [90m 138 |[39m[0m

      at FhirValidator.waitForReady (node_modules/fhir-validator-wrapper/fhir-validator.js:152:11)
      at FhirValidator.start (node_modules/fhir-validator-wrapper/fhir-validator.js:129:5)
      at loadValidator (tx/tests/test-runner.js:135:5)
      at startTxTests (tx/tests/test-runner.js:20:5)
      at Object.<anonymous> (tests/tx/test-cases.test.js:10:5)

  ΓùÅ Tx Tests ΓÇ║ notSelectable ΓÇ║ notSelectable-noprop-all

    Validator service did not become ready within 60000ms

    [0m [90m 133 |[39m         timeout[33m:[39m [35m60000[39m
     [90m 134 |[39m     }
    [31m[1m>[22m[39m[90m 135 |[39m     [36mawait[39m validator[33m.[39mstart(validatorConfig)[33m;[39m
     [90m     |[39m     [31m[1m^[22m[39m
     [90m 136 |[39m }
     [90m 137 |[39m
     [90m 138 |[39m[0m

      at FhirValidator.waitForReady (node_modules/fhir-validator-wrapper/fhir-validator.js:152:11)
      at FhirValidator.start (node_modules/fhir-validator-wrapper/fhir-validator.js:129:5)
      at loadValidator (tx/tests/test-runner.js:135:5)
      at startTxTests (tx/tests/test-runner.js:20:5)
      at Object.<anonymous> (tests/tx/test-cases.test.js:10:5)

  ΓùÅ Tx Tests ΓÇ║ notSelectable ΓÇ║ notSelectable-reprop-all

    Validator service did not become ready within 60000ms

    [0m [90m 133 |[39m         timeout[33m:[39m [35m60000[39m
     [90m 134 |[39m     }
    [31m[1m>[22m[39m[90m 135 |[39m     [36mawait[39m validator[33m.[39mstart(validatorConfig)[33m;[39m
     [90m     |[39m     [31m[1m^[22m[39m
     [90m 136 |[39m }
     [90m 137 |[39m
     [90m 138 |[39m[0m

      at FhirValidator.waitForReady (node_modules/fhir-validator-wrapper/fhir-validator.js:152:11)
      at FhirValidator.start (node_modules/fhir-validator-wrapper/fhir-validator.js:129:5)
      at loadValidator (tx/tests/test-runner.js:135:5)
      at startTxTests (tx/tests/test-runner.js:20:5)
      at Object.<anonymous> (tests/tx/test-cases.test.js:10:5)

  ΓùÅ Tx Tests ΓÇ║ notSelectable ΓÇ║ notSelectable-unprop-all

    Validator service did not become ready within 60000ms

    [0m [90m 133 |[39m         timeout[33m:[39m [35m60000[39m
     [90m 134 |[39m     }
    [31m[1m>[22m[39m[90m 135 |[39m     [36mawait[39m validator[33m.[39mstart(validatorConfig)[33m;[39m
     [90m     |[39m     [31m[1m^[22m[39m
     [90m 136 |[39m }
     [90m 137 |[39m
     [90m 138 |[39m[0m

      at FhirValidator.waitForReady (node_modules/fhir-validator-wrapper/fhir-validator.js:152:11)
      at FhirValidator.start (node_modules/fhir-validator-wrapper/fhir-validator.js:129:5)
      at loadValidator (tx/tests/test-runner.js:135:5)
      at startTxTests (tx/tests/test-runner.js:20:5)
      at Object.<anonymous> (tests/tx/test-cases.test.js:10:5)

  ΓùÅ Tx Tests ΓÇ║ notSelectable ΓÇ║ notSelectable-prop-true

    Validator service did not become ready within 60000ms

    [0m [90m 133 |[39m         timeout[33m:[39m [35m60000[39m
     [90m 134 |[39m     }
    [31m[1m>[22m[39m[90m 135 |[39m     [36mawait[39m validator[33m.[39mstart(validatorConfig)[33m;[39m
     [90m     |[39m     [31m[1m^[22m[39m
     [90m 136 |[39m }
     [90m 137 |[39m
     [90m 138 |[39m[0m

      at FhirValidator.waitForReady (node_modules/fhir-validator-wrapper/fhir-validator.js:152:11)
      at FhirValidator.start (node_modules/fhir-validator-wrapper/fhir-validator.js:129:5)
      at loadValidator (tx/tests/test-runner.js:135:5)
      at startTxTests (tx/tests/test-runner.js:20:5)
      at Object.<anonymous> (tests/tx/test-cases.test.js:10:5)

  ΓùÅ Tx Tests ΓÇ║ notSelectable ΓÇ║ notSelectable-prop-trueUC

    Validator service did not become ready within 60000ms

    [0m [90m 133 |[39m         timeout[33m:[39m [35m60000[39m
     [90m 134 |[39m     }
    [31m[1m>[22m[39m[90m 135 |[39m     [36mawait[39m validator[33m.[39mstart(validatorConfig)[33m;[39m
     [90m     |[39m     [31m[1m^[22m[39m
     [90m 136 |[39m }
     [90m 137 |[39m
     [90m 138 |[39m[0m

      at FhirValidator.waitForReady (node_modules/fhir-validator-wrapper/fhir-validator.js:152:11)
      at FhirValidator.start (node_modules/fhir-validator-wrapper/fhir-validator.js:129:5)
      at loadValidator (tx/tests/test-runner.js:135:5)
      at startTxTests (tx/tests/test-runner.js:20:5)
      at Object.<anonymous> (tests/tx/test-cases.test.js:10:5)

  ΓùÅ Tx Tests ΓÇ║ notSelectable ΓÇ║ notSelectable-noprop-true

    Validator service did not become ready within 60000ms

    [0m [90m 133 |[39m         timeout[33m:[39m [35m60000[39m
     [90m 134 |[39m     }
    [31m[1m>[22m[39m[90m 135 |[39m     [36mawait[39m validator[33m.[39mstart(validatorConfig)[33m;[39m
     [90m     |[39m     [31m[1m^[22m[39m
     [90m 136 |[39m }
     [90m 137 |[39m
     [90m 138 |[39m[0m

      at FhirValidator.waitForReady (node_modules/fhir-validator-wrapper/fhir-validator.js:152:11)
      at FhirValidator.start (node_modules/fhir-validator-wrapper/fhir-validator.js:129:5)
      at loadValidator (tx/tests/test-runner.js:135:5)
      at startTxTests (tx/tests/test-runner.js:20:5)
      at Object.<anonymous> (tests/tx/test-cases.test.js:10:5)

  ΓùÅ Tx Tests ΓÇ║ notSelectable ΓÇ║ notSelectable-reprop-true

    Validator service did not become ready within 60000ms

    [0m [90m 133 |[39m         timeout[33m:[39m [35m60000[39m
     [90m 134 |[39m     }
    [31m[1m>[22m[39m[90m 135 |[39m     [36mawait[39m validator[33m.[39mstart(validatorConfig)[33m;[39m
     [90m     |[39m     [31m[1m^[22m[39m
     [90m 136 |[39m }
     [90m 137 |[39m
     [90m 138 |[39m[0m

      at FhirValidator.waitForReady (node_modules/fhir-validator-wrapper/fhir-validator.js:152:11)
      at FhirValidator.start (node_modules/fhir-validator-wrapper/fhir-validator.js:129:5)
      at loadValidator (tx/tests/test-runner.js:135:5)
      at startTxTests (tx/tests/test-runner.js:20:5)
      at Object.<anonymous> (tests/tx/test-cases.test.js:10:5)

  ΓùÅ Tx Tests ΓÇ║ notSelectable ΓÇ║ notSelectable-unprop-true

    Validator service did not become ready within 60000ms

    [0m [90m 133 |[39m         timeout[33m:[39m [35m60000[39m
     [90m 134 |[39m     }
    [31m[1m>[22m[39m[90m 135 |[39m     [36mawait[39m validator[33m.[39mstart(validatorConfig)[33m;[39m
     [90m     |[39m     [31m[1m^[22m[39m
     [90m 136 |[39m }
     [90m 137 |[39m
     [90m 138 |[39m[0m

      at FhirValidator.waitForReady (node_modules/fhir-validator-wrapper/fhir-validator.js:152:11)
      at FhirValidator.start (node_modules/fhir-validator-wrapper/fhir-validator.js:129:5)
      at loadValidator (tx/tests/test-runner.js:135:5)
      at startTxTests (tx/tests/test-runner.js:20:5)
      at Object.<anonymous> (tests/tx/test-cases.test.js:10:5)

  ΓùÅ Tx Tests ΓÇ║ notSelectable ΓÇ║ notSelectable-prop-false

    Validator service did not become ready within 60000ms

    [0m [90m 133 |[39m         timeout[33m:[39m [35m60000[39m
     [90m 134 |[39m     }
    [31m[1m>[22m[39m[90m 135 |[39m     [36mawait[39m validator[33m.[39mstart(validatorConfig)[33m;[39m
     [90m     |[39m     [31m[1m^[22m[39m
     [90m 136 |[39m }
     [90m 137 |[39m
     [90m 138 |[39m[0m

      at FhirValidator.waitForReady (node_modules/fhir-validator-wrapper/fhir-validator.js:152:11)
      at FhirValidator.start (node_modules/fhir-validator-wrapper/fhir-validator.js:129:5)
      at loadValidator (tx/tests/test-runner.js:135:5)
      at startTxTests (tx/tests/test-runner.js:20:5)
      at Object.<anonymous> (tests/tx/test-cases.test.js:10:5)

  ΓùÅ Tx Tests ΓÇ║ notSelectable ΓÇ║ notSelectable-noprop-false

    Validator service did not become ready within 60000ms

    [0m [90m 133 |[39m         timeout[33m:[39m [35m60000[39m
     [90m 134 |[39m     }
    [31m[1m>[22m[39m[90m 135 |[39m     [36mawait[39m validator[33m.[39mstart(validatorConfig)[33m;[39m
     [90m     |[39m     [31m[1m^[22m[39m
     [90m 136 |[39m }
     [90m 137 |[39m
     [90m 138 |[39m[0m

      at FhirValidator.waitForReady (node_modules/fhir-validator-wrapper/fhir-validator.js:152:11)
      at FhirValidator.start (node_modules/fhir-validator-wrapper/fhir-validator.js:129:5)
      at loadValidator (tx/tests/test-runner.js:135:5)
      at startTxTests (tx/tests/test-runner.js:20:5)
      at Object.<anonymous> (tests/tx/test-cases.test.js:10:5)

  ΓùÅ Tx Tests ΓÇ║ notSelectable ΓÇ║ notSelectable-reprop-false

    Validator service did not become ready within 60000ms

    [0m [90m 133 |[39m         timeout[33m:[39m [35m60000[39m
     [90m 134 |[39m     }
    [31m[1m>[22m[39m[90m 135 |[39m     [36mawait[39m validator[33m.[39mstart(validatorConfig)[33m;[39m
     [90m     |[39m     [31m[1m^[22m[39m
     [90m 136 |[39m }
     [90m 137 |[39m
     [90m 138 |[39m[0m

      at FhirValidator.waitForReady (node_modules/fhir-validator-wrapper/fhir-validator.js:152:11)
      at FhirValidator.start (node_modules/fhir-validator-wrapper/fhir-validator.js:129:5)
      at loadValidator (tx/tests/test-runner.js:135:5)
      at startTxTests (tx/tests/test-runner.js:20:5)
      at Object.<anonymous> (tests/tx/test-cases.test.js:10:5)

  ΓùÅ Tx Tests ΓÇ║ notSelectable ΓÇ║ notSelectable-unprop-false

    Validator service did not become ready within 60000ms

    [0m [90m 133 |[39m         timeout[33m:[39m [35m60000[39m
     [90m 134 |[39m     }
    [31m[1m>[22m[39m[90m 135 |[39m     [36mawait[39m validator[33m.[39mstart(validatorConfig)[33m;[39m
     [90m     |[39m     [31m[1m^[22m[39m
     [90m 136 |[39m }
     [90m 137 |[39m
     [90m 138 |[39m[0m

      at FhirValidator.waitForReady (node_modules/fhir-validator-wrapper/fhir-validator.js:152:11)
      at FhirValidator.start (node_modules/fhir-validator-wrapper/fhir-validator.js:129:5)
      at loadValidator (tx/tests/test-runner.js:135:5)
      at startTxTests (tx/tests/test-runner.js:20:5)
      at Object.<anonymous> (tests/tx/test-cases.test.js:10:5)

  ΓùÅ Tx Tests ΓÇ║ notSelectable ΓÇ║ notSelectable-prop-in

    Validator service did not become ready within 60000ms

    [0m [90m 133 |[39m         timeout[33m:[39m [35m60000[39m
     [90m 134 |[39m     }
    [31m[1m>[22m[39m[90m 135 |[39m     [36mawait[39m validator[33m.[39mstart(validatorConfig)[33m;[39m
     [90m     |[39m     [31m[1m^[22m[39m
     [90m 136 |[39m }
     [90m 137 |[39m
     [90m 138 |[39m[0m

      at FhirValidator.waitForReady (node_modules/fhir-validator-wrapper/fhir-validator.js:152:11)
      at FhirValidator.start (node_modules/fhir-validator-wrapper/fhir-validator.js:129:5)
      at loadValidator (tx/tests/test-runner.js:135:5)
      at startTxTests (tx/tests/test-runner.js:20:5)
      at Object.<anonymous> (tests/tx/test-cases.test.js:10:5)

  ΓùÅ Tx Tests ΓÇ║ notSelectable ΓÇ║ notSelectable-prop-out

    Validator service did not become ready within 60000ms

    [0m [90m 133 |[39m         timeout[33m:[39m [35m60000[39m
     [90m 134 |[39m     }
    [31m[1m>[22m[39m[90m 135 |[39m     [36mawait[39m validator[33m.[39mstart(validatorConfig)[33m;[39m
     [90m     |[39m     [31m[1m^[22m[39m
     [90m 136 |[39m }
     [90m 137 |[39m
     [90m 138 |[39m[0m

      at FhirValidator.waitForReady (node_modules/fhir-validator-wrapper/fhir-validator.js:152:11)
      at FhirValidator.start (node_modules/fhir-validator-wrapper/fhir-validator.js:129:5)
      at loadValidator (tx/tests/test-runner.js:135:5)
      at startTxTests (tx/tests/test-runner.js:20:5)
      at Object.<anonymous> (tests/tx/test-cases.test.js:10:5)

  ΓùÅ Tx Tests ΓÇ║ notSelectable ΓÇ║ notSelectable-prop-true-true

    Validator service did not become ready within 60000ms

    [0m [90m 133 |[39m         timeout[33m:[39m [35m60000[39m
     [90m 134 |[39m     }
    [31m[1m>[22m[39m[90m 135 |[39m     [36mawait[39m validator[33m.[39mstart(validatorConfig)[33m;[39m
     [90m     |[39m     [31m[1m^[22m[39m
     [90m 136 |[39m }
     [90m 137 |[39m
     [90m 138 |[39m[0m

      at FhirValidator.waitForReady (node_modules/fhir-validator-wrapper/fhir-validator.js:152:11)
      at FhirValidator.start (node_modules/fhir-validator-wrapper/fhir-validator.js:129:5)
      at loadValidator (tx/tests/test-runner.js:135:5)
      at startTxTests (tx/tests/test-runner.js:20:5)
      at Object.<anonymous> (tests/tx/test-cases.test.js:10:5)

  ΓùÅ Tx Tests ΓÇ║ notSelectable ΓÇ║ notSelectable-prop-trueUC-true

    Validator service did not become ready within 60000ms

    [0m [90m 133 |[39m         timeout[33m:[39m [35m60000[39m
     [90m 134 |[39m     }
    [31m[1m>[22m[39m[90m 135 |[39m     [36mawait[39m validator[33m.[39mstart(validatorConfig)[33m;[39m
     [90m     |[39m     [31m[1m^[22m[39m
     [90m 136 |[39m }
     [90m 137 |[39m
     [90m 138 |[39m[0m

      at FhirValidator.waitForReady (node_modules/fhir-validator-wrapper/fhir-validator.js:152:11)
      at FhirValidator.start (node_modules/fhir-validator-wrapper/fhir-validator.js:129:5)
      at loadValidator (tx/tests/test-runner.js:135:5)
      at startTxTests (tx/tests/test-runner.js:20:5)
      at Object.<anonymous> (tests/tx/test-cases.test.js:10:5)

  ΓùÅ Tx Tests ΓÇ║ notSelectable ΓÇ║ notSelectable-prop-in-true

    Validator service did not become ready within 60000ms

    [0m [90m 133 |[39m         timeout[33m:[39m [35m60000[39m
     [90m 134 |[39m     }
    [31m[1m>[22m[39m[90m 135 |[39m     [36mawait[39m validator[33m.[39mstart(validatorConfig)[33m;[39m
     [90m     |[39m     [31m[1m^[22m[39m
     [90m 136 |[39m }
     [90m 137 |[39m
     [90m 138 |[39m[0m

      at FhirValidator.waitForReady (node_modules/fhir-validator-wrapper/fhir-validator.js:152:11)
      at FhirValidator.start (node_modules/fhir-validator-wrapper/fhir-validator.js:129:5)
      at loadValidator (tx/tests/test-runner.js:135:5)
      at startTxTests (tx/tests/test-runner.js:20:5)
      at Object.<anonymous> (tests/tx/test-cases.test.js:10:5)

  ΓùÅ Tx Tests ΓÇ║ notSelectable ΓÇ║ notSelectable-prop-out-true

    Validator service did not become ready within 60000ms

    [0m [90m 133 |[39m         timeout[33m:[39m [35m60000[39m
     [90m 134 |[39m     }
    [31m[1m>[22m[39m[90m 135 |[39m     [36mawait[39m validator[33m.[39mstart(validatorConfig)[33m;[39m
     [90m     |[39m     [31m[1m^[22m[39m
     [90m 136 |[39m }
     [90m 137 |[39m
     [90m 138 |[39m[0m

      at FhirValidator.waitForReady (node_modules/fhir-validator-wrapper/fhir-validator.js:152:11)
      at FhirValidator.start (node_modules/fhir-validator-wrapper/fhir-validator.js:129:5)
      at loadValidator (tx/tests/test-runner.js:135:5)
      at startTxTests (tx/tests/test-runner.js:20:5)
      at Object.<anonymous> (tests/tx/test-cases.test.js:10:5)

  ΓùÅ Tx Tests ΓÇ║ notSelectable ΓÇ║ notSelectable-noprop-true-true

    Validator service did not become ready within 60000ms

    [0m [90m 133 |[39m         timeout[33m:[39m [35m60000[39m
     [90m 134 |[39m     }
    [31m[1m>[22m[39m[90m 135 |[39m     [36mawait[39m validator[33m.[39mstart(validatorConfig)[33m;[39m
     [90m     |[39m     [31m[1m^[22m[39m
     [90m 136 |[39m }
     [90m 137 |[39m
     [90m 138 |[39m[0m

      at FhirValidator.waitForReady (node_modules/fhir-validator-wrapper/fhir-validator.js:152:11)
      at FhirValidator.start (node_modules/fhir-validator-wrapper/fhir-validator.js:129:5)
      at loadValidator (tx/tests/test-runner.js:135:5)
      at startTxTests (tx/tests/test-runner.js:20:5)
      at Object.<anonymous> (tests/tx/test-cases.test.js:10:5)

  ΓùÅ Tx Tests ΓÇ║ notSelectable ΓÇ║ notSelectable-reprop-true-true

    Validator service did not become ready within 60000ms

    [0m [90m 133 |[39m         timeout[33m:[39m [35m60000[39m
     [90m 134 |[39m     }
    [31m[1m>[22m[39m[90m 135 |[39m     [36mawait[39m validator[33m.[39mstart(validatorConfig)[33m;[39m
     [90m     |[39m     [31m[1m^[22m[39m
     [90m 136 |[39m }
     [90m 137 |[39m
     [90m 138 |[39m[0m

      at FhirValidator.waitForReady (node_modules/fhir-validator-wrapper/fhir-validator.js:152:11)
      at FhirValidator.start (node_modules/fhir-validator-wrapper/fhir-validator.js:129:5)
      at loadValidator (tx/tests/test-runner.js:135:5)
      at startTxTests (tx/tests/test-runner.js:20:5)
      at Object.<anonymous> (tests/tx/test-cases.test.js:10:5)

  ΓùÅ Tx Tests ΓÇ║ notSelectable ΓÇ║ notSelectable-unprop-true-true

    Validator service did not become ready within 60000ms

    [0m [90m 133 |[39m         timeout[33m:[39m [35m60000[39m
     [90m 134 |[39m     }
    [31m[1m>[22m[39m[90m 135 |[39m     [36mawait[39m validator[33m.[39mstart(validatorConfig)[33m;[39m
     [90m     |[39m     [31m[1m^[22m[39m
     [90m 136 |[39m }
     [90m 137 |[39m
     [90m 138 |[39m[0m

      at FhirValidator.waitForReady (node_modules/fhir-validator-wrapper/fhir-validator.js:152:11)
      at FhirValidator.start (node_modules/fhir-validator-wrapper/fhir-validator.js:129:5)
      at loadValidator (tx/tests/test-runner.js:135:5)
      at startTxTests (tx/tests/test-runner.js:20:5)
      at Object.<anonymous> (tests/tx/test-cases.test.js:10:5)

  ΓùÅ Tx Tests ΓÇ║ notSelectable ΓÇ║ notSelectable-prop-true-false

    Validator service did not become ready within 60000ms

    [0m [90m 133 |[39m         timeout[33m:[39m [35m60000[39m
     [90m 134 |[39m     }
    [31m[1m>[22m[39m[90m 135 |[39m     [36mawait[39m validator[33m.[39mstart(validatorConfig)[33m;[39m
     [90m     |[39m     [31m[1m^[22m[39m
     [90m 136 |[39m }
     [90m 137 |[39m
     [90m 138 |[39m[0m

      at FhirValidator.waitForReady (node_modules/fhir-validator-wrapper/fhir-validator.js:152:11)
      at FhirValidator.start (node_modules/fhir-validator-wrapper/fhir-validator.js:129:5)
      at loadValidator (tx/tests/test-runner.js:135:5)
      at startTxTests (tx/tests/test-runner.js:20:5)
      at Object.<anonymous> (tests/tx/test-cases.test.js:10:5)

  ΓùÅ Tx Tests ΓÇ║ notSelectable ΓÇ║ notSelectable-prop-in-false

    Validator service did not become ready within 60000ms

    [0m [90m 133 |[39m         timeout[33m:[39m [35m60000[39m
     [90m 134 |[39m     }
    [31m[1m>[22m[39m[90m 135 |[39m     [36mawait[39m validator[33m.[39mstart(validatorConfig)[33m;[39m
     [90m     |[39m     [31m[1m^[22m[39m
     [90m 136 |[39m }
     [90m 137 |[39m
     [90m 138 |[39m[0m

      at FhirValidator.waitForReady (node_modules/fhir-validator-wrapper/fhir-validator.js:152:11)
      at FhirValidator.start (node_modules/fhir-validator-wrapper/fhir-validator.js:129:5)
      at loadValidator (tx/tests/test-runner.js:135:5)
      at startTxTests (tx/tests/test-runner.js:20:5)
      at Object.<anonymous> (tests/tx/test-cases.test.js:10:5)

  ΓùÅ Tx Tests ΓÇ║ notSelectable ΓÇ║ notSelectable-prop-in-unknown

    Validator service did not become ready within 60000ms

    [0m [90m 133 |[39m         timeout[33m:[39m [35m60000[39m
     [90m 134 |[39m     }
    [31m[1m>[22m[39m[90m 135 |[39m     [36mawait[39m validator[33m.[39mstart(validatorConfig)[33m;[39m
     [90m     |[39m     [31m[1m^[22m[39m
     [90m 136 |[39m }
     [90m 137 |[39m
     [90m 138 |[39m[0m

      at FhirValidator.waitForReady (node_modules/fhir-validator-wrapper/fhir-validator.js:152:11)
      at FhirValidator.start (node_modules/fhir-validator-wrapper/fhir-validator.js:129:5)
      at loadValidator (tx/tests/test-runner.js:135:5)
      at startTxTests (tx/tests/test-runner.js:20:5)
      at Object.<anonymous> (tests/tx/test-cases.test.js:10:5)

  ΓùÅ Tx Tests ΓÇ║ notSelectable ΓÇ║ notSelectable-prop-out-unknown

    Validator service did not become ready within 60000ms

    [0m [90m 133 |[39m         timeout[33m:[39m [35m60000[39m
     [90m 134 |[39m     }
    [31m[1m>[22m[39m[90m 135 |[39m     [36mawait[39m validator[33m.[39mstart(validatorConfig)[33m;[39m
     [90m     |[39m     [31m[1m^[22m[39m
     [90m 136 |[39m }
     [90m 137 |[39m
     [90m 138 |[39m[0m

      at FhirValidator.waitForReady (node_modules/fhir-validator-wrapper/fhir-validator.js:152:11)
      at FhirValidator.start (node_modules/fhir-validator-wrapper/fhir-validator.js:129:5)
      at loadValidator (tx/tests/test-runner.js:135:5)
      at startTxTests (tx/tests/test-runner.js:20:5)
      at Object.<anonymous> (tests/tx/test-cases.test.js:10:5)

  ΓùÅ Tx Tests ΓÇ║ notSelectable ΓÇ║ notSelectable-prop-out-false

    Validator service did not become ready within 60000ms

    [0m [90m 133 |[39m         timeout[33m:[39m [35m60000[39m
     [90m 134 |[39m     }
    [31m[1m>[22m[39m[90m 135 |[39m     [36mawait[39m validator[33m.[39mstart(validatorConfig)[33m;[39m
     [90m     |[39m     [31m[1m^[22m[39m
     [90m 136 |[39m }
     [90m 137 |[39m
     [90m 138 |[39m[0m

      at FhirValidator.waitForReady (node_modules/fhir-validator-wrapper/fhir-validator.js:152:11)
      at FhirValidator.start (node_modules/fhir-validator-wrapper/fhir-validator.js:129:5)
      at loadValidator (tx/tests/test-runner.js:135:5)
      at startTxTests (tx/tests/test-runner.js:20:5)
      at Object.<anonymous> (tests/tx/test-cases.test.js:10:5)

  ΓùÅ Tx Tests ΓÇ║ notSelectable ΓÇ║ notSelectable-noprop-true-false

    Validator service did not become ready within 60000ms

    [0m [90m 133 |[39m         timeout[33m:[39m [35m60000[39m
     [90m 134 |[39m     }
    [31m[1m>[22m[39m[90m 135 |[39m     [36mawait[39m validator[33m.[39mstart(validatorConfig)[33m;[39m
     [90m     |[39m     [31m[1m^[22m[39m
     [90m 136 |[39m }
     [90m 137 |[39m
     [90m 138 |[39m[0m

      at FhirValidator.waitForReady (node_modules/fhir-validator-wrapper/fhir-validator.js:152:11)
      at FhirValidator.start (node_modules/fhir-validator-wrapper/fhir-validator.js:129:5)
      at loadValidator (tx/tests/test-runner.js:135:5)
      at startTxTests (tx/tests/test-runner.js:20:5)
      at Object.<anonymous> (tests/tx/test-cases.test.js:10:5)

  ΓùÅ Tx Tests ΓÇ║ notSelectable ΓÇ║ notSelectable-reprop-true-false

    Validator service did not become ready within 60000ms

    [0m [90m 133 |[39m         timeout[33m:[39m [35m60000[39m
     [90m 134 |[39m     }
    [31m[1m>[22m[39m[90m 135 |[39m     [36mawait[39m validator[33m.[39mstart(validatorConfig)[33m;[39m
     [90m     |[39m     [31m[1m^[22m[39m
     [90m 136 |[39m }
     [90m 137 |[39m
     [90m 138 |[39m[0m

      at FhirValidator.waitForReady (node_modules/fhir-validator-wrapper/fhir-validator.js:152:11)
      at FhirValidator.start (node_modules/fhir-validator-wrapper/fhir-validator.js:129:5)
      at loadValidator (tx/tests/test-runner.js:135:5)
      at startTxTests (tx/tests/test-runner.js:20:5)
      at Object.<anonymous> (tests/tx/test-cases.test.js:10:5)

  ΓùÅ Tx Tests ΓÇ║ notSelectable ΓÇ║ notSelectable-unprop-true-false

    Validator service did not become ready within 60000ms

    [0m [90m 133 |[39m         timeout[33m:[39m [35m60000[39m
     [90m 134 |[39m     }
    [31m[1m>[22m[39m[90m 135 |[39m     [36mawait[39m validator[33m.[39mstart(validatorConfig)[33m;[39m
     [90m     |[39m     [31m[1m^[22m[39m
     [90m 136 |[39m }
     [90m 137 |[39m
     [90m 138 |[39m[0m

      at FhirValidator.waitForReady (node_modules/fhir-validator-wrapper/fhir-validator.js:152:11)
      at FhirValidator.start (node_modules/fhir-validator-wrapper/fhir-validator.js:129:5)
      at loadValidator (tx/tests/test-runner.js:135:5)
      at startTxTests (tx/tests/test-runner.js:20:5)
      at Object.<anonymous> (tests/tx/test-cases.test.js:10:5)

  ΓùÅ Tx Tests ΓÇ║ notSelectable ΓÇ║ notSelectable-prop-false-true

    Validator service did not become ready within 60000ms

    [0m [90m 133 |[39m         timeout[33m:[39m [35m60000[39m
     [90m 134 |[39m     }
    [31m[1m>[22m[39m[90m 135 |[39m     [36mawait[39m validator[33m.[39mstart(validatorConfig)[33m;[39m
     [90m     |[39m     [31m[1m^[22m[39m
     [90m 136 |[39m }
     [90m 137 |[39m
     [90m 138 |[39m[0m

      at FhirValidator.waitForReady (node_modules/fhir-validator-wrapper/fhir-validator.js:152:11)
      at FhirValidator.start (node_modules/fhir-validator-wrapper/fhir-validator.js:129:5)
      at loadValidator (tx/tests/test-runner.js:135:5)
      at startTxTests (tx/tests/test-runner.js:20:5)
      at Object.<anonymous> (tests/tx/test-cases.test.js:10:5)

  ΓùÅ Tx Tests ΓÇ║ notSelectable ΓÇ║ notSelectable-noprop-false-true

    Validator service did not become ready within 60000ms

    [0m [90m 133 |[39m         timeout[33m:[39m [35m60000[39m
     [90m 134 |[39m     }
    [31m[1m>[22m[39m[90m 135 |[39m     [36mawait[39m validator[33m.[39mstart(validatorConfig)[33m;[39m
     [90m     |[39m     [31m[1m^[22m[39m
     [90m 136 |[39m }
     [90m 137 |[39m
     [90m 138 |[39m[0m

      at FhirValidator.waitForReady (node_modules/fhir-validator-wrapper/fhir-validator.js:152:11)
      at FhirValidator.start (node_modules/fhir-validator-wrapper/fhir-validator.js:129:5)
      at loadValidator (tx/tests/test-runner.js:135:5)
      at startTxTests (tx/tests/test-runner.js:20:5)
      at Object.<anonymous> (tests/tx/test-cases.test.js:10:5)

  ΓùÅ Tx Tests ΓÇ║ notSelectable ΓÇ║ notSelectable-reprop-false-true

    Validator service did not become ready within 60000ms

    [0m [90m 133 |[39m         timeout[33m:[39m [35m60000[39m
     [90m 134 |[39m     }
    [31m[1m>[22m[39m[90m 135 |[39m     [36mawait[39m validator[33m.[39mstart(validatorConfig)[33m;[39m
     [90m     |[39m     [31m[1m^[22m[39m
     [90m 136 |[39m }
     [90m 137 |[39m
     [90m 138 |[39m[0m

      at FhirValidator.waitForReady (node_modules/fhir-validator-wrapper/fhir-validator.js:152:11)
      at FhirValidator.start (node_modules/fhir-validator-wrapper/fhir-validator.js:129:5)
      at loadValidator (tx/tests/test-runner.js:135:5)
      at startTxTests (tx/tests/test-runner.js:20:5)
      at Object.<anonymous> (tests/tx/test-cases.test.js:10:5)

  ΓùÅ Tx Tests ΓÇ║ notSelectable ΓÇ║ notSelectable-unprop-false-true

    Validator service did not become ready within 60000ms

    [0m [90m 133 |[39m         timeout[33m:[39m [35m60000[39m
     [90m 134 |[39m     }
    [31m[1m>[22m[39m[90m 135 |[39m     [36mawait[39m validator[33m.[39mstart(validatorConfig)[33m;[39m
     [90m     |[39m     [31m[1m^[22m[39m
     [90m 136 |[39m }
     [90m 137 |[39m
     [90m 138 |[39m[0m

      at FhirValidator.waitForReady (node_modules/fhir-validator-wrapper/fhir-validator.js:152:11)
      at FhirValidator.start (node_modules/fhir-validator-wrapper/fhir-validator.js:129:5)
      at loadValidator (tx/tests/test-runner.js:135:5)
      at startTxTests (tx/tests/test-runner.js:20:5)
      at Object.<anonymous> (tests/tx/test-cases.test.js:10:5)

  ΓùÅ Tx Tests ΓÇ║ notSelectable ΓÇ║ notSelectable-prop-false-false

    Validator service did not become ready within 60000ms

    [0m [90m 133 |[39m         timeout[33m:[39m [35m60000[39m
     [90m 134 |[39m     }
    [31m[1m>[22m[39m[90m 135 |[39m     [36mawait[39m validator[33m.[39mstart(validatorConfig)[33m;[39m
     [90m     |[39m     [31m[1m^[22m[39m
     [90m 136 |[39m }
     [90m 137 |[39m
     [90m 138 |[39m[0m

      at FhirValidator.waitForReady (node_modules/fhir-validator-wrapper/fhir-validator.js:152:11)
      at FhirValidator.start (node_modules/fhir-validator-wrapper/fhir-validator.js:129:5)
      at loadValidator (tx/tests/test-runner.js:135:5)
      at startTxTests (tx/tests/test-runner.js:20:5)
      at Object.<anonymous> (tests/tx/test-cases.test.js:10:5)

  ΓùÅ Tx Tests ΓÇ║ notSelectable ΓÇ║ notSelectable-noprop-false-false

    Validator service did not become ready within 60000ms

    [0m [90m 133 |[39m         timeout[33m:[39m [35m60000[39m
     [90m 134 |[39m     }
    [31m[1m>[22m[39m[90m 135 |[39m     [36mawait[39m validator[33m.[39mstart(validatorConfig)[33m;[39m
     [90m     |[39m     [31m[1m^[22m[39m
     [90m 136 |[39m }
     [90m 137 |[39m
     [90m 138 |[39m[0m

      at FhirValidator.waitForReady (node_modules/fhir-validator-wrapper/fhir-validator.js:152:11)
      at FhirValidator.start (node_modules/fhir-validator-wrapper/fhir-validator.js:129:5)
      at loadValidator (tx/tests/test-runner.js:135:5)
      at startTxTests (tx/tests/test-runner.js:20:5)
      at Object.<anonymous> (tests/tx/test-cases.test.js:10:5)

  ΓùÅ Tx Tests ΓÇ║ notSelectable ΓÇ║ notSelectable-reprop-false-false

    Validator service did not become ready within 60000ms

    [0m [90m 133 |[39m         timeout[33m:[39m [35m60000[39m
     [90m 134 |[39m     }
    [31m[1m>[22m[39m[90m 135 |[39m     [36mawait[39m validator[33m.[39mstart(validatorConfig)[33m;[39m
     [90m     |[39m     [31m[1m^[22m[39m
     [90m 136 |[39m }
     [90m 137 |[39m
     [90m 138 |[39m[0m

      at FhirValidator.waitForReady (node_modules/fhir-validator-wrapper/fhir-validator.js:152:11)
      at FhirValidator.start (node_modules/fhir-validator-wrapper/fhir-validator.js:129:5)
      at loadValidator (tx/tests/test-runner.js:135:5)
      at startTxTests (tx/tests/test-runner.js:20:5)
      at Object.<anonymous> (tests/tx/test-cases.test.js:10:5)

  ΓùÅ Tx Tests ΓÇ║ notSelectable ΓÇ║ notSelectable-unprop-false-false

    Validator service did not become ready within 60000ms

    [0m [90m 133 |[39m         timeout[33m:[39m [35m60000[39m
     [90m 134 |[39m     }
    [31m[1m>[22m[39m[90m 135 |[39m     [36mawait[39m validator[33m.[39mstart(validatorConfig)[33m;[39m
     [90m     |[39m     [31m[1m^[22m[39m
     [90m 136 |[39m }
     [90m 137 |[39m
     [90m 138 |[39m[0m

      at FhirValidator.waitForReady (node_modules/fhir-validator-wrapper/fhir-validator.js:152:11)
      at FhirValidator.start (node_modules/fhir-validator-wrapper/fhir-validator.js:129:5)
      at loadValidator (tx/tests/test-runner.js:135:5)
      at startTxTests (tx/tests/test-runner.js:20:5)
      at Object.<anonymous> (tests/tx/test-cases.test.js:10:5)

  ΓùÅ Tx Tests ΓÇ║ notSelectable ΓÇ║ notSelectable-noprop-true-unknown

    Validator service did not become ready within 60000ms

    [0m [90m 133 |[39m         timeout[33m:[39m [35m60000[39m
     [90m 134 |[39m     }
    [31m[1m>[22m[39m[90m 135 |[39m     [36mawait[39m validator[33m.[39mstart(validatorConfig)[33m;[39m
     [90m     |[39m     [31m[1m^[22m[39m
     [90m 136 |[39m }
     [90m 137 |[39m
     [90m 138 |[39m[0m

      at FhirValidator.waitForReady (node_modules/fhir-validator-wrapper/fhir-validator.js:152:11)
      at FhirValidator.start (node_modules/fhir-validator-wrapper/fhir-validator.js:129:5)
      at loadValidator (tx/tests/test-runner.js:135:5)
      at startTxTests (tx/tests/test-runner.js:20:5)
      at Object.<anonymous> (tests/tx/test-cases.test.js:10:5)

  ΓùÅ Tx Tests ΓÇ║ notSelectable ΓÇ║ notSelectable-reprop-true-unknown

    Validator service did not become ready within 60000ms

    [0m [90m 133 |[39m         timeout[33m:[39m [35m60000[39m
     [90m 134 |[39m     }
    [31m[1m>[22m[39m[90m 135 |[39m     [36mawait[39m validator[33m.[39mstart(validatorConfig)[33m;[39m
     [90m     |[39m     [31m[1m^[22m[39m
     [90m 136 |[39m }
     [90m 137 |[39m
     [90m 138 |[39m[0m

      at FhirValidator.waitForReady (node_modules/fhir-validator-wrapper/fhir-validator.js:152:11)
      at FhirValidator.start (node_modules/fhir-validator-wrapper/fhir-validator.js:129:5)
      at loadValidator (tx/tests/test-runner.js:135:5)
      at startTxTests (tx/tests/test-runner.js:20:5)
      at Object.<anonymous> (tests/tx/test-cases.test.js:10:5)

  ΓùÅ Tx Tests ΓÇ║ notSelectable ΓÇ║ notSelectable-unprop-true-unknown

    Validator service did not become ready within 60000ms

    [0m [90m 133 |[39m         timeout[33m:[39m [35m60000[39m
     [90m 134 |[39m     }
    [31m[1m>[22m[39m[90m 135 |[39m     [36mawait[39m validator[33m.[39mstart(validatorConfig)[33m;[39m
     [90m     |[39m     [31m[1m^[22m[39m
     [90m 136 |[39m }
     [90m 137 |[39m
     [90m 138 |[39m[0m

      at FhirValidator.waitForReady (node_modules/fhir-validator-wrapper/fhir-validator.js:152:11)
      at FhirValidator.start (node_modules/fhir-validator-wrapper/fhir-validator.js:129:5)
      at loadValidator (tx/tests/test-runner.js:135:5)
      at startTxTests (tx/tests/test-runner.js:20:5)
      at Object.<anonymous> (tests/tx/test-cases.test.js:10:5)

  ΓùÅ Tx Tests ΓÇ║ notSelectable ΓÇ║ notSelectable-prop-true-unknown

    Validator service did not become ready within 60000ms

    [0m [90m 133 |[39m         timeout[33m:[39m [35m60000[39m
     [90m 134 |[39m     }
    [31m[1m>[22m[39m[90m 135 |[39m     [36mawait[39m validator[33m.[39mstart(validatorConfig)[33m;[39m
     [90m     |[39m     [31m[1m^[22m[39m
     [90m 136 |[39m }
     [90m 137 |[39m
     [90m 138 |[39m[0m

      at FhirValidator.waitForReady (node_modules/fhir-validator-wrapper/fhir-validator.js:152:11)
      at FhirValidator.start (node_modules/fhir-validator-wrapper/fhir-validator.js:129:5)
      at loadValidator (tx/tests/test-runner.js:135:5)
      at startTxTests (tx/tests/test-runner.js:20:5)
      at Object.<anonymous> (tests/tx/test-cases.test.js:10:5)

  ΓùÅ Tx Tests ΓÇ║ notSelectable ΓÇ║ notSelectable-prop-false-unknown

    Validator service did not become ready within 60000ms

    [0m [90m 133 |[39m         timeout[33m:[39m [35m60000[39m
     [90m 134 |[39m     }
    [31m[1m>[22m[39m[90m 135 |[39m     [36mawait[39m validator[33m.[39mstart(validatorConfig)[33m;[39m
     [90m     |[39m     [31m[1m^[22m[39m
     [90m 136 |[39m }
     [90m 137 |[39m
     [90m 138 |[39m[0m

      at FhirValidator.waitForReady (node_modules/fhir-validator-wrapper/fhir-validator.js:152:11)
      at FhirValidator.start (node_modules/fhir-validator-wrapper/fhir-validator.js:129:5)
      at loadValidator (tx/tests/test-runner.js:135:5)
      at startTxTests (tx/tests/test-runner.js:20:5)
      at Object.<anonymous> (tests/tx/test-cases.test.js:10:5)

  ΓùÅ Tx Tests ΓÇ║ notSelectable ΓÇ║ notSelectable-noprop-false-unknown

    Validator service did not become ready within 60000ms

    [0m [90m 133 |[39m         timeout[33m:[39m [35m60000[39m
     [90m 134 |[39m     }
    [31m[1m>[22m[39m[90m 135 |[39m     [36mawait[39m validator[33m.[39mstart(validatorConfig)[33m;[39m
     [90m     |[39m     [31m[1m^[22m[39m
     [90m 136 |[39m }
     [90m 137 |[39m
     [90m 138 |[39m[0m

      at FhirValidator.waitForReady (node_modules/fhir-validator-wrapper/fhir-validator.js:152:11)
      at FhirValidator.start (node_modules/fhir-validator-wrapper/fhir-validator.js:129:5)
      at loadValidator (tx/tests/test-runner.js:135:5)
      at startTxTests (tx/tests/test-runner.js:20:5)
      at Object.<anonymous> (tests/tx/test-cases.test.js:10:5)

  ΓùÅ Tx Tests ΓÇ║ notSelectable ΓÇ║ notSelectable-reprop-false-unknown

    Validator service did not become ready within 60000ms

    [0m [90m 133 |[39m         timeout[33m:[39m [35m60000[39m
     [90m 134 |[39m     }
    [31m[1m>[22m[39m[90m 135 |[39m     [36mawait[39m validator[33m.[39mstart(validatorConfig)[33m;[39m
     [90m     |[39m     [31m[1m^[22m[39m
     [90m 136 |[39m }
     [90m 137 |[39m
     [90m 138 |[39m[0m

      at FhirValidator.waitForReady (node_modules/fhir-validator-wrapper/fhir-validator.js:152:11)
      at FhirValidator.start (node_modules/fhir-validator-wrapper/fhir-validator.js:129:5)
      at loadValidator (tx/tests/test-runner.js:135:5)
      at startTxTests (tx/tests/test-runner.js:20:5)
      at Object.<anonymous> (tests/tx/test-cases.test.js:10:5)

  ΓùÅ Tx Tests ΓÇ║ notSelectable ΓÇ║ notSelectable-unprop-false-unknown

    Validator service did not become ready within 60000ms

    [0m [90m 133 |[39m         timeout[33m:[39m [35m60000[39m
     [90m 134 |[39m     }
    [31m[1m>[22m[39m[90m 135 |[39m     [36mawait[39m validator[33m.[39mstart(validatorConfig)[33m;[39m
     [90m     |[39m     [31m[1m^[22m[39m
     [90m 136 |[39m }
     [90m 137 |[39m
     [90m 138 |[39m[0m

      at FhirValidator.waitForReady (node_modules/fhir-validator-wrapper/fhir-validator.js:152:11)
      at FhirValidator.start (node_modules/fhir-validator-wrapper/fhir-validator.js:129:5)
      at loadValidator (tx/tests/test-runner.js:135:5)
      at startTxTests (tx/tests/test-runner.js:20:5)
      at Object.<anonymous> (tests/tx/test-cases.test.js:10:5)

  ΓùÅ Tx Tests ΓÇ║ inactive ΓÇ║ inactive-expand

    Validator service did not become ready within 60000ms

    [0m [90m 133 |[39m         timeout[33m:[39m [35m60000[39m
     [90m 134 |[39m     }
    [31m[1m>[22m[39m[90m 135 |[39m     [36mawait[39m validator[33m.[39mstart(validatorConfig)[33m;[39m
     [90m     |[39m     [31m[1m^[22m[39m
     [90m 136 |[39m }
     [90m 137 |[39m
     [90m 138 |[39m[0m

      at FhirValidator.waitForReady (node_modules/fhir-validator-wrapper/fhir-validator.js:152:11)
      at FhirValidator.start (node_modules/fhir-validator-wrapper/fhir-validator.js:129:5)
      at loadValidator (tx/tests/test-runner.js:135:5)
      at startTxTests (tx/tests/test-runner.js:20:5)
      at Object.<anonymous> (tests/tx/test-cases.test.js:10:5)

  ΓùÅ Tx Tests ΓÇ║ inactive ΓÇ║ inactive-inactive-expand

    Validator service did not become ready within 60000ms

    [0m [90m 133 |[39m         timeout[33m:[39m [35m60000[39m
     [90m 134 |[39m     }
    [31m[1m>[22m[39m[90m 135 |[39m     [36mawait[39m validator[33m.[39mstart(validatorConfig)[33m;[39m
     [90m     |[39m     [31m[1m^[22m[39m
     [90m 136 |[39m }
     [90m 137 |[39m
     [90m 138 |[39m[0m

      at FhirValidator.waitForReady (node_modules/fhir-validator-wrapper/fhir-validator.js:152:11)
      at FhirValidator.start (node_modules/fhir-validator-wrapper/fhir-validator.js:129:5)
      at loadValidator (tx/tests/test-runner.js:135:5)
      at startTxTests (tx/tests/test-runner.js:20:5)
      at Object.<anonymous> (tests/tx/test-cases.test.js:10:5)

  ΓùÅ Tx Tests ΓÇ║ inactive ΓÇ║ inactive-active-expand

    Validator service did not become ready within 60000ms

    [0m [90m 133 |[39m         timeout[33m:[39m [35m60000[39m
     [90m 134 |[39m     }
    [31m[1m>[22m[39m[90m 135 |[39m     [36mawait[39m validator[33m.[39mstart(validatorConfig)[33m;[39m
     [90m     |[39m     [31m[1m^[22m[39m
     [90m 136 |[39m }
     [90m 137 |[39m
     [90m 138 |[39m[0m

      at FhirValidator.waitForReady (node_modules/fhir-validator-wrapper/fhir-validator.js:152:11)
      at FhirValidator.start (node_modules/fhir-validator-wrapper/fhir-validator.js:129:5)
      at loadValidator (tx/tests/test-runner.js:135:5)
      at startTxTests (tx/tests/test-runner.js:20:5)
      at Object.<anonymous> (tests/tx/test-cases.test.js:10:5)

  ΓùÅ Tx Tests ΓÇ║ inactive ΓÇ║ inactive-1-validate

    Validator service did not become ready within 60000ms

    [0m [90m 133 |[39m         timeout[33m:[39m [35m60000[39m
     [90m 134 |[39m     }
    [31m[1m>[22m[39m[90m 135 |[39m     [36mawait[39m validator[33m.[39mstart(validatorConfig)[33m;[39m
     [90m     |[39m     [31m[1m^[22m[39m
     [90m 136 |[39m }
     [90m 137 |[39m
     [90m 138 |[39m[0m

      at FhirValidator.waitForReady (node_modules/fhir-validator-wrapper/fhir-validator.js:152:11)
      at FhirValidator.start (node_modules/fhir-validator-wrapper/fhir-validator.js:129:5)
      at loadValidator (tx/tests/test-runner.js:135:5)
      at startTxTests (tx/tests/test-runner.js:20:5)
      at Object.<anonymous> (tests/tx/test-cases.test.js:10:5)

  ΓùÅ Tx Tests ΓÇ║ inactive ΓÇ║ inactive-2-validate

    Validator service did not become ready within 60000ms

    [0m [90m 133 |[39m         timeout[33m:[39m [35m60000[39m
     [90m 134 |[39m     }
    [31m[1m>[22m[39m[90m 135 |[39m     [36mawait[39m validator[33m.[39mstart(validatorConfig)[33m;[39m
     [90m     |[39m     [31m[1m^[22m[39m
     [90m 136 |[39m }
     [90m 137 |[39m
     [90m 138 |[39m[0m

      at FhirValidator.waitForReady (node_modules/fhir-validator-wrapper/fhir-validator.js:152:11)
      at FhirValidator.start (node_modules/fhir-validator-wrapper/fhir-validator.js:129:5)
      at loadValidator (tx/tests/test-runner.js:135:5)
      at startTxTests (tx/tests/test-runner.js:20:5)
      at Object.<anonymous> (tests/tx/test-cases.test.js:10:5)

  ΓùÅ Tx Tests ΓÇ║ inactive ΓÇ║ inactive-3-validate

    Validator service did not become ready within 60000ms

    [0m [90m 133 |[39m         timeout[33m:[39m [35m60000[39m
     [90m 134 |[39m     }
    [31m[1m>[22m[39m[90m 135 |[39m     [36mawait[39m validator[33m.[39mstart(validatorConfig)[33m;[39m
     [90m     |[39m     [31m[1m^[22m[39m
     [90m 136 |[39m }
     [90m 137 |[39m
     [90m 138 |[39m[0m

      at FhirValidator.waitForReady (node_modules/fhir-validator-wrapper/fhir-validator.js:152:11)
      at FhirValidator.start (node_modules/fhir-validator-wrapper/fhir-validator.js:129:5)
      at loadValidator (tx/tests/test-runner.js:135:5)
      at startTxTests (tx/tests/test-runner.js:20:5)
      at Object.<anonymous> (tests/tx/test-cases.test.js:10:5)

  ΓùÅ Tx Tests ΓÇ║ inactive ΓÇ║ inactive-1a-validate

    Validator service did not become ready within 60000ms

    [0m [90m 133 |[39m         timeout[33m:[39m [35m60000[39m
     [90m 134 |[39m     }
    [31m[1m>[22m[39m[90m 135 |[39m     [36mawait[39m validator[33m.[39mstart(validatorConfig)[33m;[39m
     [90m     |[39m     [31m[1m^[22m[39m
     [90m 136 |[39m }
     [90m 137 |[39m
     [90m 138 |[39m[0m

      at FhirValidator.waitForReady (node_modules/fhir-validator-wrapper/fhir-validator.js:152:11)
      at FhirValidator.start (node_modules/fhir-validator-wrapper/fhir-validator.js:129:5)
      at loadValidator (tx/tests/test-runner.js:135:5)
      at startTxTests (tx/tests/test-runner.js:20:5)
      at Object.<anonymous> (tests/tx/test-cases.test.js:10:5)

  ΓùÅ Tx Tests ΓÇ║ inactive ΓÇ║ inactive-2a-validate

    Validator service did not become ready within 60000ms

    [0m [90m 133 |[39m         timeout[33m:[39m [35m60000[39m
     [90m 134 |[39m     }
    [31m[1m>[22m[39m[90m 135 |[39m     [36mawait[39m validator[33m.[39mstart(validatorConfig)[33m;[39m
     [90m     |[39m     [31m[1m^[22m[39m
     [90m 136 |[39m }
     [90m 137 |[39m
     [90m 138 |[39m[0m

      at FhirValidator.waitForReady (node_modules/fhir-validator-wrapper/fhir-validator.js:152:11)
      at FhirValidator.start (node_modules/fhir-validator-wrapper/fhir-validator.js:129:5)
      at loadValidator (tx/tests/test-runner.js:135:5)
      at startTxTests (tx/tests/test-runner.js:20:5)
      at Object.<anonymous> (tests/tx/test-cases.test.js:10:5)

  ΓùÅ Tx Tests ΓÇ║ inactive ΓÇ║ inactive-3a-validate

    Validator service did not become ready within 60000ms

    [0m [90m 133 |[39m         timeout[33m:[39m [35m60000[39m
     [90m 134 |[39m     }
    [31m[1m>[22m[39m[90m 135 |[39m     [36mawait[39m validator[33m.[39mstart(validatorConfig)[33m;[39m
     [90m     |[39m     [31m[1m^[22m[39m
     [90m 136 |[39m }
     [90m 137 |[39m
     [90m 138 |[39m[0m

      at FhirValidator.waitForReady (node_modules/fhir-validator-wrapper/fhir-validator.js:152:11)
      at FhirValidator.start (node_modules/fhir-validator-wrapper/fhir-validator.js:129:5)
      at loadValidator (tx/tests/test-runner.js:135:5)
      at startTxTests (tx/tests/test-runner.js:20:5)
      at Object.<anonymous> (tests/tx/test-cases.test.js:10:5)

  ΓùÅ Tx Tests ΓÇ║ inactive ΓÇ║ inactive-1b-validate

    Validator service did not become ready within 60000ms

    [0m [90m 133 |[39m         timeout[33m:[39m [35m60000[39m
     [90m 134 |[39m     }
    [31m[1m>[22m[39m[90m 135 |[39m     [36mawait[39m validator[33m.[39mstart(validatorConfig)[33m;[39m
     [90m     |[39m     [31m[1m^[22m[39m
     [90m 136 |[39m }
     [90m 137 |[39m
     [90m 138 |[39m[0m

      at FhirValidator.waitForReady (node_modules/fhir-validator-wrapper/fhir-validator.js:152:11)
      at FhirValidator.start (node_modules/fhir-validator-wrapper/fhir-validator.js:129:5)
      at loadValidator (tx/tests/test-runner.js:135:5)
      at startTxTests (tx/tests/test-runner.js:20:5)
      at Object.<anonymous> (tests/tx/test-cases.test.js:10:5)

  ΓùÅ Tx Tests ΓÇ║ inactive ΓÇ║ inactive-2b-validate

    Validator service did not become ready within 60000ms

    [0m [90m 133 |[39m         timeout[33m:[39m [35m60000[39m
     [90m 134 |[39m     }
    [31m[1m>[22m[39m[90m 135 |[39m     [36mawait[39m validator[33m.[39mstart(validatorConfig)[33m;[39m
     [90m     |[39m     [31m[1m^[22m[39m
     [90m 136 |[39m }
     [90m 137 |[39m
     [90m 138 |[39m[0m

      at FhirValidator.waitForReady (node_modules/fhir-validator-wrapper/fhir-validator.js:152:11)
      at FhirValidator.start (node_modules/fhir-validator-wrapper/fhir-validator.js:129:5)
      at loadValidator (tx/tests/test-runner.js:135:5)
      at startTxTests (tx/tests/test-runner.js:20:5)
      at Object.<anonymous> (tests/tx/test-cases.test.js:10:5)

  ΓùÅ Tx Tests ΓÇ║ inactive ΓÇ║ inactive-3b-validate

    Validator service did not become ready within 60000ms

    [0m [90m 133 |[39m         timeout[33m:[39m [35m60000[39m
     [90m 134 |[39m     }
    [31m[1m>[22m[39m[90m 135 |[39m     [36mawait[39m validator[33m.[39mstart(validatorConfig)[33m;[39m
     [90m     |[39m     [31m[1m^[22m[39m
     [90m 136 |[39m }
     [90m 137 |[39m
     [90m 138 |[39m[0m

      at FhirValidator.waitForReady (node_modules/fhir-validator-wrapper/fhir-validator.js:152:11)
      at FhirValidator.start (node_modules/fhir-validator-wrapper/fhir-validator.js:129:5)
      at loadValidator (tx/tests/test-runner.js:135:5)
      at startTxTests (tx/tests/test-runner.js:20:5)
      at Object.<anonymous> (tests/tx/test-cases.test.js:10:5)

  ΓùÅ Tx Tests ΓÇ║ case ΓÇ║ case-insensitive-code1-1

    Validator service did not become ready within 60000ms

    [0m [90m 133 |[39m         timeout[33m:[39m [35m60000[39m
     [90m 134 |[39m     }
    [31m[1m>[22m[39m[90m 135 |[39m     [36mawait[39m validator[33m.[39mstart(validatorConfig)[33m;[39m
     [90m     |[39m     [31m[1m^[22m[39m
     [90m 136 |[39m }
     [90m 137 |[39m
     [90m 138 |[39m[0m

      at FhirValidator.waitForReady (node_modules/fhir-validator-wrapper/fhir-validator.js:152:11)
      at FhirValidator.start (node_modules/fhir-validator-wrapper/fhir-validator.js:129:5)
      at loadValidator (tx/tests/test-runner.js:135:5)
      at startTxTests (tx/tests/test-runner.js:20:5)
      at Object.<anonymous> (tests/tx/test-cases.test.js:10:5)

  ΓùÅ Tx Tests ΓÇ║ case ΓÇ║ case-insensitive-code1-2

    Validator service did not become ready within 60000ms

    [0m [90m 133 |[39m         timeout[33m:[39m [35m60000[39m
     [90m 134 |[39m     }
    [31m[1m>[22m[39m[90m 135 |[39m     [36mawait[39m validator[33m.[39mstart(validatorConfig)[33m;[39m
     [90m     |[39m     [31m[1m^[22m[39m
     [90m 136 |[39m }
     [90m 137 |[39m
     [90m 138 |[39m[0m

      at FhirValidator.waitForReady (node_modules/fhir-validator-wrapper/fhir-validator.js:152:11)
      at FhirValidator.start (node_modules/fhir-validator-wrapper/fhir-validator.js:129:5)
      at loadValidator (tx/tests/test-runner.js:135:5)
      at startTxTests (tx/tests/test-runner.js:20:5)
      at Object.<anonymous> (tests/tx/test-cases.test.js:10:5)

  ΓùÅ Tx Tests ΓÇ║ case ΓÇ║ case-insensitive-code1-3

    Validator service did not become ready within 60000ms

    [0m [90m 133 |[39m         timeout[33m:[39m [35m60000[39m
     [90m 134 |[39m     }
    [31m[1m>[22m[39m[90m 135 |[39m     [36mawait[39m validator[33m.[39mstart(validatorConfig)[33m;[39m
     [90m     |[39m     [31m[1m^[22m[39m
     [90m 136 |[39m }
     [90m 137 |[39m
     [90m 138 |[39m[0m

      at FhirValidator.waitForReady (node_modules/fhir-validator-wrapper/fhir-validator.js:152:11)
      at FhirValidator.start (node_modules/fhir-validator-wrapper/fhir-validator.js:129:5)
      at loadValidator (tx/tests/test-runner.js:135:5)
      at startTxTests (tx/tests/test-runner.js:20:5)
      at Object.<anonymous> (tests/tx/test-cases.test.js:10:5)

  ΓùÅ Tx Tests ΓÇ║ case ΓÇ║ case-sensitive-code1-1

    Validator service did not become ready within 60000ms

    [0m [90m 133 |[39m         timeout[33m:[39m [35m60000[39m
     [90m 134 |[39m     }
    [31m[1m>[22m[39m[90m 135 |[39m     [36mawait[39m validator[33m.[39mstart(validatorConfig)[33m;[39m
     [90m     |[39m     [31m[1m^[22m[39m
     [90m 136 |[39m }
     [90m 137 |[39m
     [90m 138 |[39m[0m

      at FhirValidator.waitForReady (node_modules/fhir-validator-wrapper/fhir-validator.js:152:11)
      at FhirValidator.start (node_modules/fhir-validator-wrapper/fhir-validator.js:129:5)
      at loadValidator (tx/tests/test-runner.js:135:5)
      at startTxTests (tx/tests/test-runner.js:20:5)
      at Object.<anonymous> (tests/tx/test-cases.test.js:10:5)

  ΓùÅ Tx Tests ΓÇ║ case ΓÇ║ case-sensitive-code1-2

    Validator service did not become ready within 60000ms

    [0m [90m 133 |[39m         timeout[33m:[39m [35m60000[39m
     [90m 134 |[39m     }
    [31m[1m>[22m[39m[90m 135 |[39m     [36mawait[39m validator[33m.[39mstart(validatorConfig)[33m;[39m
     [90m     |[39m     [31m[1m^[22m[39m
     [90m 136 |[39m }
     [90m 137 |[39m
     [90m 138 |[39m[0m

      at FhirValidator.waitForReady (node_modules/fhir-validator-wrapper/fhir-validator.js:152:11)
      at FhirValidator.start (node_modules/fhir-validator-wrapper/fhir-validator.js:129:5)
      at loadValidator (tx/tests/test-runner.js:135:5)
      at startTxTests (tx/tests/test-runner.js:20:5)
      at Object.<anonymous> (tests/tx/test-cases.test.js:10:5)

  ΓùÅ Tx Tests ΓÇ║ case ΓÇ║ case-sensitive-code1-3

    Validator service did not become ready within 60000ms

    [0m [90m 133 |[39m         timeout[33m:[39m [35m60000[39m
     [90m 134 |[39m     }
    [31m[1m>[22m[39m[90m 135 |[39m     [36mawait[39m validator[33m.[39mstart(validatorConfig)[33m;[39m
     [90m     |[39m     [31m[1m^[22m[39m
     [90m 136 |[39m }
     [90m 137 |[39m
     [90m 138 |[39m[0m

      at FhirValidator.waitForReady (node_modules/fhir-validator-wrapper/fhir-validator.js:152:11)
      at FhirValidator.start (node_modules/fhir-validator-wrapper/fhir-validator.js:129:5)
      at loadValidator (tx/tests/test-runner.js:135:5)
      at startTxTests (tx/tests/test-runner.js:20:5)
      at Object.<anonymous> (tests/tx/test-cases.test.js:10:5)

  ΓùÅ Tx Tests ΓÇ║ translate ΓÇ║ translate-1

    Validator service did not become ready within 60000ms

    [0m [90m 133 |[39m         timeout[33m:[39m [35m60000[39m
     [90m 134 |[39m     }
    [31m[1m>[22m[39m[90m 135 |[39m     [36mawait[39m validator[33m.[39mstart(validatorConfig)[33m;[39m
     [90m     |[39m     [31m[1m^[22m[39m
     [90m 136 |[39m }
     [90m 137 |[39m
     [90m 138 |[39m[0m

      at FhirValidator.waitForReady (node_modules/fhir-validator-wrapper/fhir-validator.js:152:11)
      at FhirValidator.start (node_modules/fhir-validator-wrapper/fhir-validator.js:129:5)
      at loadValidator (tx/tests/test-runner.js:135:5)
      at startTxTests (tx/tests/test-runner.js:20:5)
      at Object.<anonymous> (tests/tx/test-cases.test.js:10:5)

  ΓùÅ Tx Tests ΓÇ║ tho ΓÇ║ act-class

    Validator service did not become ready within 60000ms

    [0m [90m 133 |[39m         timeout[33m:[39m [35m60000[39m
     [90m 134 |[39m     }
    [31m[1m>[22m[39m[90m 135 |[39m     [36mawait[39m validator[33m.[39mstart(validatorConfig)[33m;[39m
     [90m     |[39m     [31m[1m^[22m[39m
     [90m 136 |[39m }
     [90m 137 |[39m
     [90m 138 |[39m[0m

      at FhirValidator.waitForReady (node_modules/fhir-validator-wrapper/fhir-validator.js:152:11)
      at FhirValidator.start (node_modules/fhir-validator-wrapper/fhir-validator.js:129:5)
      at loadValidator (tx/tests/test-runner.js:135:5)
      at startTxTests (tx/tests/test-runner.js:20:5)
      at Object.<anonymous> (tests/tx/test-cases.test.js:10:5)

  ΓùÅ Tx Tests ΓÇ║ tho ΓÇ║ act-class-activeonly

    Validator service did not become ready within 60000ms

    [0m [90m 133 |[39m         timeout[33m:[39m [35m60000[39m
     [90m 134 |[39m     }
    [31m[1m>[22m[39m[90m 135 |[39m     [36mawait[39m validator[33m.[39mstart(validatorConfig)[33m;[39m
     [90m     |[39m     [31m[1m^[22m[39m
     [90m 136 |[39m }
     [90m 137 |[39m
     [90m 138 |[39m[0m

      at FhirValidator.waitForReady (node_modules/fhir-validator-wrapper/fhir-validator.js:152:11)
      at FhirValidator.start (node_modules/fhir-validator-wrapper/fhir-validator.js:129:5)
      at loadValidator (tx/tests/test-runner.js:135:5)
      at startTxTests (tx/tests/test-runner.js:20:5)
      at Object.<anonymous> (tests/tx/test-cases.test.js:10:5)

  ΓùÅ Tx Tests ΓÇ║ exclude ΓÇ║ exclude-1

    Validator service did not become ready within 60000ms

    [0m [90m 133 |[39m         timeout[33m:[39m [35m60000[39m
     [90m 134 |[39m     }
    [31m[1m>[22m[39m[90m 135 |[39m     [36mawait[39m validator[33m.[39mstart(validatorConfig)[33m;[39m
     [90m     |[39m     [31m[1m^[22m[39m
     [90m 136 |[39m }
     [90m 137 |[39m
     [90m 138 |[39m[0m

      at FhirValidator.waitForReady (node_modules/fhir-validator-wrapper/fhir-validator.js:152:11)
      at FhirValidator.start (node_modules/fhir-validator-wrapper/fhir-validator.js:129:5)
      at loadValidator (tx/tests/test-runner.js:135:5)
      at startTxTests (tx/tests/test-runner.js:20:5)
      at Object.<anonymous> (tests/tx/test-cases.test.js:10:5)

  ΓùÅ Tx Tests ΓÇ║ default-valueset-version ΓÇ║ direct-expand-one

    Validator service did not become ready within 60000ms

    [0m [90m 133 |[39m         timeout[33m:[39m [35m60000[39m
     [90m 134 |[39m     }
    [31m[1m>[22m[39m[90m 135 |[39m     [36mawait[39m validator[33m.[39mstart(validatorConfig)[33m;[39m
     [90m     |[39m     [31m[1m^[22m[39m
     [90m 136 |[39m }
     [90m 137 |[39m
     [90m 138 |[39m[0m

      at FhirValidator.waitForReady (node_modules/fhir-validator-wrapper/fhir-validator.js:152:11)
      at FhirValidator.start (node_modules/fhir-validator-wrapper/fhir-validator.js:129:5)
      at loadValidator (tx/tests/test-runner.js:135:5)
      at startTxTests (tx/tests/test-runner.js:20:5)
      at Object.<anonymous> (tests/tx/test-cases.test.js:10:5)

  ΓùÅ Tx Tests ΓÇ║ default-valueset-version ΓÇ║ direct-expand-two

    Validator service did not become ready within 60000ms

    [0m [90m 133 |[39m         timeout[33m:[39m [35m60000[39m
     [90m 134 |[39m     }
    [31m[1m>[22m[39m[90m 135 |[39m     [36mawait[39m validator[33m.[39mstart(validatorConfig)[33m;[39m
     [90m     |[39m     [31m[1m^[22m[39m
     [90m 136 |[39m }
     [90m 137 |[39m
     [90m 138 |[39m[0m

      at FhirValidator.waitForReady (node_modules/fhir-validator-wrapper/fhir-validator.js:152:11)
      at FhirValidator.start (node_modules/fhir-validator-wrapper/fhir-validator.js:129:5)
      at loadValidator (tx/tests/test-runner.js:135:5)
      at startTxTests (tx/tests/test-runner.js:20:5)
      at Object.<anonymous> (tests/tx/test-cases.test.js:10:5)

  ΓùÅ Tx Tests ΓÇ║ default-valueset-version ΓÇ║ indirect-expand-one

    Validator service did not become ready within 60000ms

    [0m [90m 133 |[39m         timeout[33m:[39m [35m60000[39m
     [90m 134 |[39m     }
    [31m[1m>[22m[39m[90m 135 |[39m     [36mawait[39m validator[33m.[39mstart(validatorConfig)[33m;[39m
     [90m     |[39m     [31m[1m^[22m[39m
     [90m 136 |[39m }
     [90m 137 |[39m
     [90m 138 |[39m[0m

      at FhirValidator.waitForReady (node_modules/fhir-validator-wrapper/fhir-validator.js:152:11)
      at FhirValidator.start (node_modules/fhir-validator-wrapper/fhir-validator.js:129:5)
      at loadValidator (tx/tests/test-runner.js:135:5)
      at startTxTests (tx/tests/test-runner.js:20:5)
      at Object.<anonymous> (tests/tx/test-cases.test.js:10:5)

  ΓùÅ Tx Tests ΓÇ║ default-valueset-version ΓÇ║ indirect-expand-two

    Validator service did not become ready within 60000ms

    [0m [90m 133 |[39m         timeout[33m:[39m [35m60000[39m
     [90m 134 |[39m     }
    [31m[1m>[22m[39m[90m 135 |[39m     [36mawait[39m validator[33m.[39mstart(validatorConfig)[33m;[39m
     [90m     |[39m     [31m[1m^[22m[39m
     [90m 136 |[39m }
     [90m 137 |[39m
     [90m 138 |[39m[0m

      at FhirValidator.waitForReady (node_modules/fhir-validator-wrapper/fhir-validator.js:152:11)
      at FhirValidator.start (node_modules/fhir-validator-wrapper/fhir-validator.js:129:5)
      at loadValidator (tx/tests/test-runner.js:135:5)
      at startTxTests (tx/tests/test-runner.js:20:5)
      at Object.<anonymous> (tests/tx/test-cases.test.js:10:5)

  ΓùÅ Tx Tests ΓÇ║ default-valueset-version ΓÇ║ indirect-expand-zero

    Validator service did not become ready within 60000ms

    [0m [90m 133 |[39m         timeout[33m:[39m [35m60000[39m
     [90m 134 |[39m     }
    [31m[1m>[22m[39m[90m 135 |[39m     [36mawait[39m validator[33m.[39mstart(validatorConfig)[33m;[39m
     [90m     |[39m     [31m[1m^[22m[39m
     [90m 136 |[39m }
     [90m 137 |[39m
     [90m 138 |[39m[0m

      at FhirValidator.waitForReady (node_modules/fhir-validator-wrapper/fhir-validator.js:152:11)
      at FhirValidator.start (node_modules/fhir-validator-wrapper/fhir-validator.js:129:5)
      at loadValidator (tx/tests/test-runner.js:135:5)
      at startTxTests (tx/tests/test-runner.js:20:5)
      at Object.<anonymous> (tests/tx/test-cases.test.js:10:5)

  ΓùÅ Tx Tests ΓÇ║ default-valueset-version ΓÇ║ indirect-expand-zero-pinned

    Validator service did not become ready within 60000ms

    [0m [90m 133 |[39m         timeout[33m:[39m [35m60000[39m
     [90m 134 |[39m     }
    [31m[1m>[22m[39m[90m 135 |[39m     [36mawait[39m validator[33m.[39mstart(validatorConfig)[33m;[39m
     [90m     |[39m     [31m[1m^[22m[39m
     [90m 136 |[39m }
     [90m 137 |[39m
     [90m 138 |[39m[0m

      at FhirValidator.waitForReady (node_modules/fhir-validator-wrapper/fhir-validator.js:152:11)
      at FhirValidator.start (node_modules/fhir-validator-wrapper/fhir-validator.js:129:5)
      at loadValidator (tx/tests/test-runner.js:135:5)
      at startTxTests (tx/tests/test-runner.js:20:5)
      at Object.<anonymous> (tests/tx/test-cases.test.js:10:5)

  ΓùÅ Tx Tests ΓÇ║ default-valueset-version ΓÇ║ indirect-expand-zero-pinned-wrong

    Validator service did not become ready within 60000ms

    [0m [90m 133 |[39m         timeout[33m:[39m [35m60000[39m
     [90m 134 |[39m     }
    [31m[1m>[22m[39m[90m 135 |[39m     [36mawait[39m validator[33m.[39mstart(validatorConfig)[33m;[39m
     [90m     |[39m     [31m[1m^[22m[39m
     [90m 136 |[39m }
     [90m 137 |[39m
     [90m 138 |[39m[0m

      at FhirValidator.waitForReady (node_modules/fhir-validator-wrapper/fhir-validator.js:152:11)
      at FhirValidator.start (node_modules/fhir-validator-wrapper/fhir-validator.js:129:5)
      at loadValidator (tx/tests/test-runner.js:135:5)
      at startTxTests (tx/tests/test-runner.js:20:5)
      at Object.<anonymous> (tests/tx/test-cases.test.js:10:5)

  ΓùÅ Tx Tests ΓÇ║ default-valueset-version ΓÇ║ indirect-validation-one

    Validator service did not become ready within 60000ms

    [0m [90m 133 |[39m         timeout[33m:[39m [35m60000[39m
     [90m 134 |[39m     }
    [31m[1m>[22m[39m[90m 135 |[39m     [36mawait[39m validator[33m.[39mstart(validatorConfig)[33m;[39m
     [90m     |[39m     [31m[1m^[22m[39m
     [90m 136 |[39m }
     [90m 137 |[39m
     [90m 138 |[39m[0m

      at FhirValidator.waitForReady (node_modules/fhir-validator-wrapper/fhir-validator.js:152:11)
      at FhirValidator.start (node_modules/fhir-validator-wrapper/fhir-validator.js:129:5)
      at loadValidator (tx/tests/test-runner.js:135:5)
      at startTxTests (tx/tests/test-runner.js:20:5)
      at Object.<anonymous> (tests/tx/test-cases.test.js:10:5)

  ΓùÅ Tx Tests ΓÇ║ default-valueset-version ΓÇ║ indirect-validation-two

    Validator service did not become ready within 60000ms

    [0m [90m 133 |[39m         timeout[33m:[39m [35m60000[39m
     [90m 134 |[39m     }
    [31m[1m>[22m[39m[90m 135 |[39m     [36mawait[39m validator[33m.[39mstart(validatorConfig)[33m;[39m
     [90m     |[39m     [31m[1m^[22m[39m
     [90m 136 |[39m }
     [90m 137 |[39m
     [90m 138 |[39m[0m

      at FhirValidator.waitForReady (node_modules/fhir-validator-wrapper/fhir-validator.js:152:11)
      at FhirValidator.start (node_modules/fhir-validator-wrapper/fhir-validator.js:129:5)
      at loadValidator (tx/tests/test-runner.js:135:5)
      at startTxTests (tx/tests/test-runner.js:20:5)
      at Object.<anonymous> (tests/tx/test-cases.test.js:10:5)

  ΓùÅ Tx Tests ΓÇ║ default-valueset-version ΓÇ║ indirect-validation-zero

    Validator service did not become ready within 60000ms

    [0m [90m 133 |[39m         timeout[33m:[39m [35m60000[39m
     [90m 134 |[39m     }
    [31m[1m>[22m[39m[90m 135 |[39m     [36mawait[39m validator[33m.[39mstart(validatorConfig)[33m;[39m
     [90m     |[39m     [31m[1m^[22m[39m
     [90m 136 |[39m }
     [90m 137 |[39m
     [90m 138 |[39m[0m

      at FhirValidator.waitForReady (node_modules/fhir-validator-wrapper/fhir-validator.js:152:11)
      at FhirValidator.start (node_modules/fhir-validator-wrapper/fhir-validator.js:129:5)
      at loadValidator (tx/tests/test-runner.js:135:5)
      at startTxTests (tx/tests/test-runner.js:20:5)
      at Object.<anonymous> (tests/tx/test-cases.test.js:10:5)

  ΓùÅ Tx Tests ΓÇ║ default-valueset-version ΓÇ║ indirect-validation-zero-pinned

    Validator service did not become ready within 60000ms

    [0m [90m 133 |[39m         timeout[33m:[39m [35m60000[39m
     [90m 134 |[39m     }
    [31m[1m>[22m[39m[90m 135 |[39m     [36mawait[39m validator[33m.[39mstart(validatorConfig)[33m;[39m
     [90m     |[39m     [31m[1m^[22m[39m
     [90m 136 |[39m }
     [90m 137 |[39m
     [90m 138 |[39m[0m

      at FhirValidator.waitForReady (node_modules/fhir-validator-wrapper/fhir-validator.js:152:11)
      at FhirValidator.start (node_modules/fhir-validator-wrapper/fhir-validator.js:129:5)
      at loadValidator (tx/tests/test-runner.js:135:5)
      at startTxTests (tx/tests/test-runner.js:20:5)
      at Object.<anonymous> (tests/tx/test-cases.test.js:10:5)

  ΓùÅ Tx Tests ΓÇ║ default-valueset-version ΓÇ║ indirect-validation-zero-pinned-wrong

    Validator service did not become ready within 60000ms

    [0m [90m 133 |[39m         timeout[33m:[39m [35m60000[39m
     [90m 134 |[39m     }
    [31m[1m>[22m[39m[90m 135 |[39m     [36mawait[39m validator[33m.[39mstart(validatorConfig)[33m;[39m
     [90m     |[39m     [31m[1m^[22m[39m
     [90m 136 |[39m }
     [90m 137 |[39m
     [90m 138 |[39m[0m

      at FhirValidator.waitForReady (node_modules/fhir-validator-wrapper/fhir-validator.js:152:11)
      at FhirValidator.start (node_modules/fhir-validator-wrapper/fhir-validator.js:129:5)
      at loadValidator (tx/tests/test-runner.js:135:5)
      at startTxTests (tx/tests/test-runner.js:20:5)
      at Object.<anonymous> (tests/tx/test-cases.test.js:10:5)

  ΓùÅ Tx Tests ΓÇ║ tx.fhir.org ΓÇ║ snomed-validation-1

    Validator service did not become ready within 60000ms

    [0m [90m 133 |[39m         timeout[33m:[39m [35m60000[39m
     [90m 134 |[39m     }
    [31m[1m>[22m[39m[90m 135 |[39m     [36mawait[39m validator[33m.[39mstart(validatorConfig)[33m;[39m
     [90m     |[39m     [31m[1m^[22m[39m
     [90m 136 |[39m }
     [90m 137 |[39m
     [90m 138 |[39m[0m

      at FhirValidator.waitForReady (node_modules/fhir-validator-wrapper/fhir-validator.js:152:11)
      at FhirValidator.start (node_modules/fhir-validator-wrapper/fhir-validator.js:129:5)
      at loadValidator (tx/tests/test-runner.js:135:5)
      at startTxTests (tx/tests/test-runner.js:20:5)
      at Object.<anonymous> (tests/tx/test-cases.test.js:10:5)

  ΓùÅ Tx Tests ΓÇ║ tx.fhir.org ΓÇ║ loinc-lookup-code

    Validator service did not become ready within 60000ms

    [0m [90m 133 |[39m         timeout[33m:[39m [35m60000[39m
     [90m 134 |[39m     }
    [31m[1m>[22m[39m[90m 135 |[39m     [36mawait[39m validator[33m.[39mstart(validatorConfig)[33m;[39m
     [90m     |[39m     [31m[1m^[22m[39m
     [90m 136 |[39m }
     [90m 137 |[39m
     [90m 138 |[39m[0m

      at FhirValidator.waitForReady (node_modules/fhir-validator-wrapper/fhir-validator.js:152:11)
      at FhirValidator.start (node_modules/fhir-validator-wrapper/fhir-validator.js:129:5)
      at loadValidator (tx/tests/test-runner.js:135:5)
      at startTxTests (tx/tests/test-runner.js:20:5)
      at Object.<anonymous> (tests/tx/test-cases.test.js:10:5)

  ΓùÅ Tx Tests ΓÇ║ tx.fhir.org ΓÇ║ loinc-lookup-part

    Validator service did not become ready within 60000ms

    [0m [90m 133 |[39m         timeout[33m:[39m [35m60000[39m
     [90m 134 |[39m     }
    [31m[1m>[22m[39m[90m 135 |[39m     [36mawait[39m validator[33m.[39mstart(validatorConfig)[33m;[39m
     [90m     |[39m     [31m[1m^[22m[39m
     [90m 136 |[39m }
     [90m 137 |[39m
     [90m 138 |[39m[0m

      at FhirValidator.waitForReady (node_modules/fhir-validator-wrapper/fhir-validator.js:152:11)
      at FhirValidator.start (node_modules/fhir-validator-wrapper/fhir-validator.js:129:5)
      at loadValidator (tx/tests/test-runner.js:135:5)
      at startTxTests (tx/tests/test-runner.js:20:5)
      at Object.<anonymous> (tests/tx/test-cases.test.js:10:5)

  ΓùÅ Tx Tests ΓÇ║ tx.fhir.org ΓÇ║ loinc-lookup-list

    Validator service did not become ready within 60000ms

    [0m [90m 133 |[39m         timeout[33m:[39m [35m60000[39m
     [90m 134 |[39m     }
    [31m[1m>[22m[39m[90m 135 |[39m     [36mawait[39m validator[33m.[39mstart(validatorConfig)[33m;[39m
     [90m     |[39m     [31m[1m^[22m[39m
     [90m 136 |[39m }
     [90m 137 |[39m
     [90m 138 |[39m[0m

      at FhirValidator.waitForReady (node_modules/fhir-validator-wrapper/fhir-validator.js:152:11)
      at FhirValidator.start (node_modules/fhir-validator-wrapper/fhir-validator.js:129:5)
      at loadValidator (tx/tests/test-runner.js:135:5)
      at startTxTests (tx/tests/test-runner.js:20:5)
      at Object.<anonymous> (tests/tx/test-cases.test.js:10:5)

  ΓùÅ Tx Tests ΓÇ║ tx.fhir.org ΓÇ║ loinc-lookup-answer

    Validator service did not become ready within 60000ms

    [0m [90m 133 |[39m         timeout[33m:[39m [35m60000[39m
     [90m 134 |[39m     }
    [31m[1m>[22m[39m[90m 135 |[39m     [36mawait[39m validator[33m.[39mstart(validatorConfig)[33m;[39m
     [90m     |[39m     [31m[1m^[22m[39m
     [90m 136 |[39m }
     [90m 137 |[39m
     [90m 138 |[39m[0m

      at FhirValidator.waitForReady (node_modules/fhir-validator-wrapper/fhir-validator.js:152:11)
      at FhirValidator.start (node_modules/fhir-validator-wrapper/fhir-validator.js:129:5)
      at loadValidator (tx/tests/test-runner.js:135:5)
      at startTxTests (tx/tests/test-runner.js:20:5)
      at Object.<anonymous> (tests/tx/test-cases.test.js:10:5)

  ΓùÅ Tx Tests ΓÇ║ tx.fhir.org ΓÇ║ loinc-validate-code

    Validator service did not become ready within 60000ms

    [0m [90m 133 |[39m         timeout[33m:[39m [35m60000[39m
     [90m 134 |[39m     }
    [31m[1m>[22m[39m[90m 135 |[39m     [36mawait[39m validator[33m.[39mstart(validatorConfig)[33m;[39m
     [90m     |[39m     [31m[1m^[22m[39m
     [90m 136 |[39m }
     [90m 137 |[39m
     [90m 138 |[39m[0m

      at FhirValidator.waitForReady (node_modules/fhir-validator-wrapper/fhir-validator.js:152:11)
      at FhirValidator.start (node_modules/fhir-validator-wrapper/fhir-validator.js:129:5)
      at loadValidator (tx/tests/test-runner.js:135:5)
      at startTxTests (tx/tests/test-runner.js:20:5)
      at Object.<anonymous> (tests/tx/test-cases.test.js:10:5)

  ΓùÅ Tx Tests ΓÇ║ tx.fhir.org ΓÇ║ loinc-validate-discouraged-code

    Validator service did not become ready within 60000ms

    [0m [90m 133 |[39m         timeout[33m:[39m [35m60000[39m
     [90m 134 |[39m     }
    [31m[1m>[22m[39m[90m 135 |[39m     [36mawait[39m validator[33m.[39mstart(validatorConfig)[33m;[39m
     [90m     |[39m     [31m[1m^[22m[39m
     [90m 136 |[39m }
     [90m 137 |[39m
     [90m 138 |[39m[0m

      at FhirValidator.waitForReady (node_modules/fhir-validator-wrapper/fhir-validator.js:152:11)
      at FhirValidator.start (node_modules/fhir-validator-wrapper/fhir-validator.js:129:5)
      at loadValidator (tx/tests/test-runner.js:135:5)
      at startTxTests (tx/tests/test-runner.js:20:5)
      at Object.<anonymous> (tests/tx/test-cases.test.js:10:5)

  ΓùÅ Tx Tests ΓÇ║ tx.fhir.org ΓÇ║ loinc-validate-code-supp1

    Validator service did not become ready within 60000ms

    [0m [90m 133 |[39m         timeout[33m:[39m [35m60000[39m
     [90m 134 |[39m     }
    [31m[1m>[22m[39m[90m 135 |[39m     [36mawait[39m validator[33m.[39mstart(validatorConfig)[33m;[39m
     [90m     |[39m     [31m[1m^[22m[39m
     [90m 136 |[39m }
     [90m 137 |[39m
     [90m 138 |[39m[0m

      at FhirValidator.waitForReady (node_modules/fhir-validator-wrapper/fhir-validator.js:152:11)
      at FhirValidator.start (node_modules/fhir-validator-wrapper/fhir-validator.js:129:5)
      at loadValidator (tx/tests/test-runner.js:135:5)
      at startTxTests (tx/tests/test-runner.js:20:5)
      at Object.<anonymous> (tests/tx/test-cases.test.js:10:5)

  ΓùÅ Tx Tests ΓÇ║ tx.fhir.org ΓÇ║ loinc-validate-code-supp2

    Validator service did not become ready within 60000ms

    [0m [90m 133 |[39m         timeout[33m:[39m [35m60000[39m
     [90m 134 |[39m     }
    [31m[1m>[22m[39m[90m 135 |[39m     [36mawait[39m validator[33m.[39mstart(validatorConfig)[33m;[39m
     [90m     |[39m     [31m[1m^[22m[39m
     [90m 136 |[39m }
     [90m 137 |[39m
     [90m 138 |[39m[0m

      at FhirValidator.waitForReady (node_modules/fhir-validator-wrapper/fhir-validator.js:152:11)
      at FhirValidator.start (node_modules/fhir-validator-wrapper/fhir-validator.js:129:5)
      at loadValidator (tx/tests/test-runner.js:135:5)
      at startTxTests (tx/tests/test-runner.js:20:5)
      at Object.<anonymous> (tests/tx/test-cases.test.js:10:5)

  ΓùÅ Tx Tests ΓÇ║ tx.fhir.org ΓÇ║ loinc-validate-part

    Validator service did not become ready within 60000ms

    [0m [90m 133 |[39m         timeout[33m:[39m [35m60000[39m
     [90m 134 |[39m     }
    [31m[1m>[22m[39m[90m 135 |[39m     [36mawait[39m validator[33m.[39mstart(validatorConfig)[33m;[39m
     [90m     |[39m     [31m[1m^[22m[39m
     [90m 136 |[39m }
     [90m 137 |[39m
     [90m 138 |[39m[0m

      at FhirValidator.waitForReady (node_modules/fhir-validator-wrapper/fhir-validator.js:152:11)
      at FhirValidator.start (node_modules/fhir-validator-wrapper/fhir-validator.js:129:5)
      at loadValidator (tx/tests/test-runner.js:135:5)
      at startTxTests (tx/tests/test-runner.js:20:5)
      at Object.<anonymous> (tests/tx/test-cases.test.js:10:5)

  ΓùÅ Tx Tests ΓÇ║ tx.fhir.org ΓÇ║ loinc-validate-list

    Validator service did not become ready within 60000ms

    [0m [90m 133 |[39m         timeout[33m:[39m [35m60000[39m
     [90m 134 |[39m     }
    [31m[1m>[22m[39m[90m 135 |[39m     [36mawait[39m validator[33m.[39mstart(validatorConfig)[33m;[39m
     [90m     |[39m     [31m[1m^[22m[39m
     [90m 136 |[39m }
     [90m 137 |[39m
     [90m 138 |[39m[0m

      at FhirValidator.waitForReady (node_modules/fhir-validator-wrapper/fhir-validator.js:152:11)
      at FhirValidator.start (node_modules/fhir-validator-wrapper/fhir-validator.js:129:5)
      at loadValidator (tx/tests/test-runner.js:135:5)
      at startTxTests (tx/tests/test-runner.js:20:5)
      at Object.<anonymous> (tests/tx/test-cases.test.js:10:5)

  ΓùÅ Tx Tests ΓÇ║ tx.fhir.org ΓÇ║ loinc-validate-answer

    Validator service did not become ready within 60000ms

    [0m [90m 133 |[39m         timeout[33m:[39m [35m60000[39m
     [90m 134 |[39m     }
    [31m[1m>[22m[39m[90m 135 |[39m     [36mawait[39m validator[33m.[39mstart(validatorConfig)[33m;[39m
     [90m     |[39m     [31m[1m^[22m[39m
     [90m 136 |[39m }
     [90m 137 |[39m
     [90m 138 |[39m[0m

      at FhirValidator.waitForReady (node_modules/fhir-validator-wrapper/fhir-validator.js:152:11)
      at FhirValidator.start (node_modules/fhir-validator-wrapper/fhir-validator.js:129:5)
      at loadValidator (tx/tests/test-runner.js:135:5)
      at startTxTests (tx/tests/test-runner.js:20:5)
      at Object.<anonymous> (tests/tx/test-cases.test.js:10:5)

  ΓùÅ Tx Tests ΓÇ║ tx.fhir.org ΓÇ║ loinc-validate-invalid

    Validator service did not become ready within 60000ms

    [0m [90m 133 |[39m         timeout[33m:[39m [35m60000[39m
     [90m 134 |[39m     }
    [31m[1m>[22m[39m[90m 135 |[39m     [36mawait[39m validator[33m.[39mstart(validatorConfig)[33m;[39m
     [90m     |[39m     [31m[1m^[22m[39m
     [90m 136 |[39m }
     [90m 137 |[39m
     [90m 138 |[39m[0m

      at FhirValidator.waitForReady (node_modules/fhir-validator-wrapper/fhir-validator.js:152:11)
      at FhirValidator.start (node_modules/fhir-validator-wrapper/fhir-validator.js:129:5)
      at loadValidator (tx/tests/test-runner.js:135:5)
      at startTxTests (tx/tests/test-runner.js:20:5)
      at Object.<anonymous> (tests/tx/test-cases.test.js:10:5)

  ΓùÅ Tx Tests ΓÇ║ tx.fhir.org ΓÇ║ loinc-expand-enum

    Validator service did not become ready within 60000ms

    [0m [90m 133 |[39m         timeout[33m:[39m [35m60000[39m
     [90m 134 |[39m     }
    [31m[1m>[22m[39m[90m 135 |[39m     [36mawait[39m validator[33m.[39mstart(validatorConfig)[33m;[39m
     [90m     |[39m     [31m[1m^[22m[39m
     [90m 136 |[39m }
     [90m 137 |[39m
     [90m 138 |[39m[0m

      at FhirValidator.waitForReady (node_modules/fhir-validator-wrapper/fhir-validator.js:152:11)
      at FhirValidator.start (node_modules/fhir-validator-wrapper/fhir-validator.js:129:5)
      at loadValidator (tx/tests/test-runner.js:135:5)
      at startTxTests (tx/tests/test-runner.js:20:5)
      at Object.<anonymous> (tests/tx/test-cases.test.js:10:5)

  ΓùÅ Tx Tests ΓÇ║ tx.fhir.org ΓÇ║ loinc-expand-all

    Validator service did not become ready within 60000ms

    [0m [90m 133 |[39m         timeout[33m:[39m [35m60000[39m
     [90m 134 |[39m     }
    [31m[1m>[22m[39m[90m 135 |[39m     [36mawait[39m validator[33m.[39mstart(validatorConfig)[33m;[39m
     [90m     |[39m     [31m[1m^[22m[39m
     [90m 136 |[39m }
     [90m 137 |[39m
     [90m 138 |[39m[0m

      at FhirValidator.waitForReady (node_modules/fhir-validator-wrapper/fhir-validator.js:152:11)
      at FhirValidator.start (node_modules/fhir-validator-wrapper/fhir-validator.js:129:5)
      at loadValidator (tx/tests/test-runner.js:135:5)
      at startTxTests (tx/tests/test-runner.js:20:5)
      at Object.<anonymous> (tests/tx/test-cases.test.js:10:5)

  ΓùÅ Tx Tests ΓÇ║ tx.fhir.org ΓÇ║ loinc-expand-all-limited

    Validator service did not become ready within 60000ms

    [0m [90m 133 |[39m         timeout[33m:[39m [35m60000[39m
     [90m 134 |[39m     }
    [31m[1m>[22m[39m[90m 135 |[39m     [36mawait[39m validator[33m.[39mstart(validatorConfig)[33m;[39m
     [90m     |[39m     [31m[1m^[22m[39m
     [90m 136 |[39m }
     [90m 137 |[39m
     [90m 138 |[39m[0m

      at FhirValidator.waitForReady (node_modules/fhir-validator-wrapper/fhir-validator.js:152:11)
      at FhirValidator.start (node_modules/fhir-validator-wrapper/fhir-validator.js:129:5)
      at loadValidator (tx/tests/test-runner.js:135:5)
      at startTxTests (tx/tests/test-runner.js:20:5)
      at Object.<anonymous> (tests/tx/test-cases.test.js:10:5)

  ΓùÅ Tx Tests ΓÇ║ tx.fhir.org ΓÇ║ loinc-expand-enum-bad

    Validator service did not become ready within 60000ms

    [0m [90m 133 |[39m         timeout[33m:[39m [35m60000[39m
     [90m 134 |[39m     }
    [31m[1m>[22m[39m[90m 135 |[39m     [36mawait[39m validator[33m.[39mstart(validatorConfig)[33m;[39m
     [90m     |[39m     [31m[1m^[22m[39m
     [90m 136 |[39m }
     [90m 137 |[39m
     [90m 138 |[39m[0m

      at FhirValidator.waitForReady (node_modules/fhir-validator-wrapper/fhir-validator.js:152:11)
      at FhirValidator.start (node_modules/fhir-validator-wrapper/fhir-validator.js:129:5)
      at loadValidator (tx/tests/test-runner.js:135:5)
      at startTxTests (tx/tests/test-runner.js:20:5)
      at Object.<anonymous> (tests/tx/test-cases.test.js:10:5)

  ΓùÅ Tx Tests ΓÇ║ tx.fhir.org ΓÇ║ loinc-expand-status

    Validator service did not become ready within 60000ms

    [0m [90m 133 |[39m         timeout[33m:[39m [35m60000[39m
     [90m 134 |[39m     }
    [31m[1m>[22m[39m[90m 135 |[39m     [36mawait[39m validator[33m.[39mstart(validatorConfig)[33m;[39m
     [90m     |[39m     [31m[1m^[22m[39m
     [90m 136 |[39m }
     [90m 137 |[39m
     [90m 138 |[39m[0m

      at FhirValidator.waitForReady (node_modules/fhir-validator-wrapper/fhir-validator.js:152:11)
      at FhirValidator.start (node_modules/fhir-validator-wrapper/fhir-validator.js:129:5)
      at loadValidator (tx/tests/test-runner.js:135:5)
      at startTxTests (tx/tests/test-runner.js:20:5)
      at Object.<anonymous> (tests/tx/test-cases.test.js:10:5)

  ΓùÅ Tx Tests ΓÇ║ tx.fhir.org ΓÇ║ loinc-expand-class-regex

    Validator service did not become ready within 60000ms

    [0m [90m 133 |[39m         timeout[33m:[39m [35m60000[39m
     [90m 134 |[39m     }
    [31m[1m>[22m[39m[90m 135 |[39m     [36mawait[39m validator[33m.[39mstart(validatorConfig)[33m;[39m
     [90m     |[39m     [31m[1m^[22m[39m
     [90m 136 |[39m }
     [90m 137 |[39m
     [90m 138 |[39m[0m

      at FhirValidator.waitForReady (node_modules/fhir-validator-wrapper/fhir-validator.js:152:11)
      at FhirValidator.start (node_modules/fhir-validator-wrapper/fhir-validator.js:129:5)
      at loadValidator (tx/tests/test-runner.js:135:5)
      at startTxTests (tx/tests/test-runner.js:20:5)
      at Object.<anonymous> (tests/tx/test-cases.test.js:10:5)

  ΓùÅ Tx Tests ΓÇ║ tx.fhir.org ΓÇ║ loinc-expand-prop-component

    Validator service did not become ready within 60000ms

    [0m [90m 133 |[39m         timeout[33m:[39m [35m60000[39m
     [90m 134 |[39m     }
    [31m[1m>[22m[39m[90m 135 |[39m     [36mawait[39m validator[33m.[39mstart(validatorConfig)[33m;[39m
     [90m     |[39m     [31m[1m^[22m[39m
     [90m 136 |[39m }
     [90m 137 |[39m
     [90m 138 |[39m[0m

      at FhirValidator.waitForReady (node_modules/fhir-validator-wrapper/fhir-validator.js:152:11)
      at FhirValidator.start (node_modules/fhir-validator-wrapper/fhir-validator.js:129:5)
      at loadValidator (tx/tests/test-runner.js:135:5)
      at startTxTests (tx/tests/test-runner.js:20:5)
      at Object.<anonymous> (tests/tx/test-cases.test.js:10:5)

  ΓùÅ Tx Tests ΓÇ║ tx.fhir.org ΓÇ║ loinc-expand-prop-method

    Validator service did not become ready within 60000ms

    [0m [90m 133 |[39m         timeout[33m:[39m [35m60000[39m
     [90m 134 |[39m     }
    [31m[1m>[22m[39m[90m 135 |[39m     [36mawait[39m validator[33m.[39mstart(validatorConfig)[33m;[39m
     [90m     |[39m     [31m[1m^[22m[39m
     [90m 136 |[39m }
     [90m 137 |[39m
     [90m 138 |[39m[0m

      at FhirValidator.waitForReady (node_modules/fhir-validator-wrapper/fhir-validator.js:152:11)
      at FhirValidator.start (node_modules/fhir-validator-wrapper/fhir-validator.js:129:5)
      at loadValidator (tx/tests/test-runner.js:135:5)
      at startTxTests (tx/tests/test-runner.js:20:5)
      at Object.<anonymous> (tests/tx/test-cases.test.js:10:5)

  ΓùÅ Tx Tests ΓÇ║ tx.fhir.org ΓÇ║ loinc-expand-prop-component-str

    Validator service did not become ready within 60000ms

    [0m [90m 133 |[39m         timeout[33m:[39m [35m60000[39m
     [90m 134 |[39m     }
    [31m[1m>[22m[39m[90m 135 |[39m     [36mawait[39m validator[33m.[39mstart(validatorConfig)[33m;[39m
     [90m     |[39m     [31m[1m^[22m[39m
     [90m 136 |[39m }
     [90m 137 |[39m
     [90m 138 |[39m[0m

      at FhirValidator.waitForReady (node_modules/fhir-validator-wrapper/fhir-validator.js:152:11)
      at FhirValidator.start (node_modules/fhir-validator-wrapper/fhir-validator.js:129:5)
      at loadValidator (tx/tests/test-runner.js:135:5)
      at startTxTests (tx/tests/test-runner.js:20:5)
      at Object.<anonymous> (tests/tx/test-cases.test.js:10:5)

  ΓùÅ Tx Tests ΓÇ║ tx.fhir.org ΓÇ║ loinc-expand-prop-order-obs

    Validator service did not become ready within 60000ms

    [0m [90m 133 |[39m         timeout[33m:[39m [35m60000[39m
     [90m 134 |[39m     }
    [31m[1m>[22m[39m[90m 135 |[39m     [36mawait[39m validator[33m.[39mstart(validatorConfig)[33m;[39m
     [90m     |[39m     [31m[1m^[22m[39m
     [90m 136 |[39m }
     [90m 137 |[39m
     [90m 138 |[39m[0m

      at FhirValidator.waitForReady (node_modules/fhir-validator-wrapper/fhir-validator.js:152:11)
      at FhirValidator.start (node_modules/fhir-validator-wrapper/fhir-validator.js:129:5)
      at loadValidator (tx/tests/test-runner.js:135:5)
      at startTxTests (tx/tests/test-runner.js:20:5)
      at Object.<anonymous> (tests/tx/test-cases.test.js:10:5)

  ΓùÅ Tx Tests ΓÇ║ tx.fhir.org ΓÇ║ loinc-expand-concept-is-a

    Validator service did not become ready within 60000ms

    [0m [90m 133 |[39m         timeout[33m:[39m [35m60000[39m
     [90m 134 |[39m     }
    [31m[1m>[22m[39m[90m 135 |[39m     [36mawait[39m validator[33m.[39mstart(validatorConfig)[33m;[39m
     [90m     |[39m     [31m[1m^[22m[39m
     [90m 136 |[39m }
     [90m 137 |[39m
     [90m 138 |[39m[0m

      at FhirValidator.waitForReady (node_modules/fhir-validator-wrapper/fhir-validator.js:152:11)
      at FhirValidator.start (node_modules/fhir-validator-wrapper/fhir-validator.js:129:5)
      at loadValidator (tx/tests/test-runner.js:135:5)
      at startTxTests (tx/tests/test-runner.js:20:5)
      at Object.<anonymous> (tests/tx/test-cases.test.js:10:5)

  ΓùÅ Tx Tests ΓÇ║ tx.fhir.org ΓÇ║ loinc-expand-copyright

    Validator service did not become ready within 60000ms

    [0m [90m 133 |[39m         timeout[33m:[39m [35m60000[39m
     [90m 134 |[39m     }
    [31m[1m>[22m[39m[90m 135 |[39m     [36mawait[39m validator[33m.[39mstart(validatorConfig)[33m;[39m
     [90m     |[39m     [31m[1m^[22m[39m
     [90m 136 |[39m }
     [90m 137 |[39m
     [90m 138 |[39m[0m

      at FhirValidator.waitForReady (node_modules/fhir-validator-wrapper/fhir-validator.js:152:11)
      at FhirValidator.start (node_modules/fhir-validator-wrapper/fhir-validator.js:129:5)
      at loadValidator (tx/tests/test-runner.js:135:5)
      at startTxTests (tx/tests/test-runner.js:20:5)
      at Object.<anonymous> (tests/tx/test-cases.test.js:10:5)

  ΓùÅ Tx Tests ΓÇ║ tx.fhir.org ΓÇ║ loinc-expand-scale-type

    Validator service did not become ready within 60000ms

    [0m [90m 133 |[39m         timeout[33m:[39m [35m60000[39m
     [90m 134 |[39m     }
    [31m[1m>[22m[39m[90m 135 |[39m     [36mawait[39m validator[33m.[39mstart(validatorConfig)[33m;[39m
     [90m     |[39m     [31m[1m^[22m[39m
     [90m 136 |[39m }
     [90m 137 |[39m
     [90m 138 |[39m[0m

      at FhirValidator.waitForReady (node_modules/fhir-validator-wrapper/fhir-validator.js:152:11)
      at FhirValidator.start (node_modules/fhir-validator-wrapper/fhir-validator.js:129:5)
      at loadValidator (tx/tests/test-runner.js:135:5)
      at startTxTests (tx/tests/test-runner.js:20:5)
      at Object.<anonymous> (tests/tx/test-cases.test.js:10:5)

  ΓùÅ Tx Tests ΓÇ║ tx.fhir.org ΓÇ║ loinc-validate-enum-good

    Validator service did not become ready within 60000ms

    [0m [90m 133 |[39m         timeout[33m:[39m [35m60000[39m
     [90m 134 |[39m     }
    [31m[1m>[22m[39m[90m 135 |[39m     [36mawait[39m validator[33m.[39mstart(validatorConfig)[33m;[39m
     [90m     |[39m     [31m[1m^[22m[39m
     [90m 136 |[39m }
     [90m 137 |[39m
     [90m 138 |[39m[0m

      at FhirValidator.waitForReady (node_modules/fhir-validator-wrapper/fhir-validator.js:152:11)
      at FhirValidator.start (node_modules/fhir-validator-wrapper/fhir-validator.js:129:5)
      at loadValidator (tx/tests/test-runner.js:135:5)
      at startTxTests (tx/tests/test-runner.js:20:5)
      at Object.<anonymous> (tests/tx/test-cases.test.js:10:5)

  ΓùÅ Tx Tests ΓÇ║ tx.fhir.org ΓÇ║ loinc-validate-enum-bad

    Validator service did not become ready within 60000ms

    [0m [90m 133 |[39m         timeout[33m:[39m [35m60000[39m
     [90m 134 |[39m     }
    [31m[1m>[22m[39m[90m 135 |[39m     [36mawait[39m validator[33m.[39mstart(validatorConfig)[33m;[39m
     [90m     |[39m     [31m[1m^[22m[39m
     [90m 136 |[39m }
     [90m 137 |[39m
     [90m 138 |[39m[0m

      at FhirValidator.waitForReady (node_modules/fhir-validator-wrapper/fhir-validator.js:152:11)
      at FhirValidator.start (node_modules/fhir-validator-wrapper/fhir-validator.js:129:5)
      at loadValidator (tx/tests/test-runner.js:135:5)
      at startTxTests (tx/tests/test-runner.js:20:5)
      at Object.<anonymous> (tests/tx/test-cases.test.js:10:5)

  ΓùÅ Tx Tests ΓÇ║ tx.fhir.org ΓÇ║ loinc-validate-filter-prop-component-good

    Validator service did not become ready within 60000ms

    [0m [90m 133 |[39m         timeout[33m:[39m [35m60000[39m
     [90m 134 |[39m     }
    [31m[1m>[22m[39m[90m 135 |[39m     [36mawait[39m validator[33m.[39mstart(validatorConfig)[33m;[39m
     [90m     |[39m     [31m[1m^[22m[39m
     [90m 136 |[39m }
     [90m 137 |[39m
     [90m 138 |[39m[0m

      at FhirValidator.waitForReady (node_modules/fhir-validator-wrapper/fhir-validator.js:152:11)
      at FhirValidator.start (node_modules/fhir-validator-wrapper/fhir-validator.js:129:5)
      at loadValidator (tx/tests/test-runner.js:135:5)
      at startTxTests (tx/tests/test-runner.js:20:5)
      at Object.<anonymous> (tests/tx/test-cases.test.js:10:5)

  ΓùÅ Tx Tests ΓÇ║ tx.fhir.org ΓÇ║ loinc-validate-filter-prop-component-bad

    Validator service did not become ready within 60000ms

    [0m [90m 133 |[39m         timeout[33m:[39m [35m60000[39m
     [90m 134 |[39m     }
    [31m[1m>[22m[39m[90m 135 |[39m     [36mawait[39m validator[33m.[39mstart(validatorConfig)[33m;[39m
     [90m     |[39m     [31m[1m^[22m[39m
     [90m 136 |[39m }
     [90m 137 |[39m
     [90m 138 |[39m[0m

      at FhirValidator.waitForReady (node_modules/fhir-validator-wrapper/fhir-validator.js:152:11)
      at FhirValidator.start (node_modules/fhir-validator-wrapper/fhir-validator.js:129:5)
      at loadValidator (tx/tests/test-runner.js:135:5)
      at startTxTests (tx/tests/test-runner.js:20:5)
      at Object.<anonymous> (tests/tx/test-cases.test.js:10:5)

  ΓùÅ Tx Tests ΓÇ║ tx.fhir.org ΓÇ║ loinc-validate-filter-status-good

    Validator service did not become ready within 60000ms

    [0m [90m 133 |[39m         timeout[33m:[39m [35m60000[39m
     [90m 134 |[39m     }
    [31m[1m>[22m[39m[90m 135 |[39m     [36mawait[39m validator[33m.[39mstart(validatorConfig)[33m;[39m
     [90m     |[39m     [31m[1m^[22m[39m
     [90m 136 |[39m }
     [90m 137 |[39m
     [90m 138 |[39m[0m

      at FhirValidator.waitForReady (node_modules/fhir-validator-wrapper/fhir-validator.js:152:11)
      at FhirValidator.start (node_modules/fhir-validator-wrapper/fhir-validator.js:129:5)
      at loadValidator (tx/tests/test-runner.js:135:5)
      at startTxTests (tx/tests/test-runner.js:20:5)
      at Object.<anonymous> (tests/tx/test-cases.test.js:10:5)

  ΓùÅ Tx Tests ΓÇ║ tx.fhir.org ΓÇ║ loinc-validate-filter-status-bad

    Validator service did not become ready within 60000ms

    [0m [90m 133 |[39m         timeout[33m:[39m [35m60000[39m
     [90m 134 |[39m     }
    [31m[1m>[22m[39m[90m 135 |[39m     [36mawait[39m validator[33m.[39mstart(validatorConfig)[33m;[39m
     [90m     |[39m     [31m[1m^[22m[39m
     [90m 136 |[39m }
     [90m 137 |[39m
     [90m 138 |[39m[0m

      at FhirValidator.waitForReady (node_modules/fhir-validator-wrapper/fhir-validator.js:152:11)
      at FhirValidator.start (node_modules/fhir-validator-wrapper/fhir-validator.js:129:5)
      at loadValidator (tx/tests/test-runner.js:135:5)
      at startTxTests (tx/tests/test-runner.js:20:5)
      at Object.<anonymous> (tests/tx/test-cases.test.js:10:5)

  ΓùÅ Tx Tests ΓÇ║ tx.fhir.org ΓÇ║ loinc-validate-filter-class-regex-good

    Validator service did not become ready within 60000ms

    [0m [90m 133 |[39m         timeout[33m:[39m [35m60000[39m
     [90m 134 |[39m     }
    [31m[1m>[22m[39m[90m 135 |[39m     [36mawait[39m validator[33m.[39mstart(validatorConfig)[33m;[39m
     [90m     |[39m     [31m[1m^[22m[39m
     [90m 136 |[39m }
     [90m 137 |[39m
     [90m 138 |[39m[0m

      at FhirValidator.waitForReady (node_modules/fhir-validator-wrapper/fhir-validator.js:152:11)
      at FhirValidator.start (node_modules/fhir-validator-wrapper/fhir-validator.js:129:5)
      at loadValidator (tx/tests/test-runner.js:135:5)
      at startTxTests (tx/tests/test-runner.js:20:5)
      at Object.<anonymous> (tests/tx/test-cases.test.js:10:5)

  ΓùÅ Tx Tests ΓÇ║ tx.fhir.org ΓÇ║ loinc-validate-filter-class-regex-bad

    Validator service did not become ready within 60000ms

    [0m [90m 133 |[39m         timeout[33m:[39m [35m60000[39m
     [90m 134 |[39m     }
    [31m[1m>[22m[39m[90m 135 |[39m     [36mawait[39m validator[33m.[39mstart(validatorConfig)[33m;[39m
     [90m     |[39m     [31m[1m^[22m[39m
     [90m 136 |[39m }
     [90m 137 |[39m
     [90m 138 |[39m[0m

      at FhirValidator.waitForReady (node_modules/fhir-validator-wrapper/fhir-validator.js:152:11)
      at FhirValidator.start (node_modules/fhir-validator-wrapper/fhir-validator.js:129:5)
      at loadValidator (tx/tests/test-runner.js:135:5)
      at startTxTests (tx/tests/test-runner.js:20:5)
      at Object.<anonymous> (tests/tx/test-cases.test.js:10:5)

  ΓùÅ Tx Tests ΓÇ║ tx.fhir.org ΓÇ║ loinc-validate-filter-scale-type-good

    Validator service did not become ready within 60000ms

    [0m [90m 133 |[39m         timeout[33m:[39m [35m60000[39m
     [90m 134 |[39m     }
    [31m[1m>[22m[39m[90m 135 |[39m     [36mawait[39m validator[33m.[39mstart(validatorConfig)[33m;[39m
     [90m     |[39m     [31m[1m^[22m[39m
     [90m 136 |[39m }
     [90m 137 |[39m
     [90m 138 |[39m[0m

      at FhirValidator.waitForReady (node_modules/fhir-validator-wrapper/fhir-validator.js:152:11)
      at FhirValidator.start (node_modules/fhir-validator-wrapper/fhir-validator.js:129:5)
      at loadValidator (tx/tests/test-runner.js:135:5)
      at startTxTests (tx/tests/test-runner.js:20:5)
      at Object.<anonymous> (tests/tx/test-cases.test.js:10:5)

  ΓùÅ Tx Tests ΓÇ║ tx.fhir.org ΓÇ║ loinc-validate-filter-scale-type-bad

    Validator service did not become ready within 60000ms

    [0m [90m 133 |[39m         timeout[33m:[39m [35m60000[39m
     [90m 134 |[39m     }
    [31m[1m>[22m[39m[90m 135 |[39m     [36mawait[39m validator[33m.[39mstart(validatorConfig)[33m;[39m
     [90m     |[39m     [31m[1m^[22m[39m
     [90m 136 |[39m }
     [90m 137 |[39m
     [90m 138 |[39m[0m

      at FhirValidator.waitForReady (node_modules/fhir-validator-wrapper/fhir-validator.js:152:11)
      at FhirValidator.start (node_modules/fhir-validator-wrapper/fhir-validator.js:129:5)
      at loadValidator (tx/tests/test-runner.js:135:5)
      at startTxTests (tx/tests/test-runner.js:20:5)
      at Object.<anonymous> (tests/tx/test-cases.test.js:10:5)

  ΓùÅ Tx Tests ΓÇ║ tx.fhir.org ΓÇ║ loinc-expand-list-request-parameters

    Validator service did not become ready within 60000ms

    [0m [90m 133 |[39m         timeout[33m:[39m [35m60000[39m
     [90m 134 |[39m     }
    [31m[1m>[22m[39m[90m 135 |[39m     [36mawait[39m validator[33m.[39mstart(validatorConfig)[33m;[39m
     [90m     |[39m     [31m[1m^[22m[39m
     [90m 136 |[39m }
     [90m 137 |[39m
     [90m 138 |[39m[0m

      at FhirValidator.waitForReady (node_modules/fhir-validator-wrapper/fhir-validator.js:152:11)
      at FhirValidator.start (node_modules/fhir-validator-wrapper/fhir-validator.js:129:5)
      at loadValidator (tx/tests/test-runner.js:135:5)
      at startTxTests (tx/tests/test-runner.js:20:5)
      at Object.<anonymous> (tests/tx/test-cases.test.js:10:5)

  ΓùÅ Tx Tests ΓÇ║ tx.fhir.org ΓÇ║ loinc-validate-list-good

    Validator service did not become ready within 60000ms

    [0m [90m 133 |[39m         timeout[33m:[39m [35m60000[39m
     [90m 134 |[39m     }
    [31m[1m>[22m[39m[90m 135 |[39m     [36mawait[39m validator[33m.[39mstart(validatorConfig)[33m;[39m
     [90m     |[39m     [31m[1m^[22m[39m
     [90m 136 |[39m }
     [90m 137 |[39m
     [90m 138 |[39m[0m

      at FhirValidator.waitForReady (node_modules/fhir-validator-wrapper/fhir-validator.js:152:11)
      at FhirValidator.start (node_modules/fhir-validator-wrapper/fhir-validator.js:129:5)
      at loadValidator (tx/tests/test-runner.js:135:5)
      at startTxTests (tx/tests/test-runner.js:20:5)
      at Object.<anonymous> (tests/tx/test-cases.test.js:10:5)

  ΓùÅ Tx Tests ΓÇ║ tx.fhir.org ΓÇ║ loinc-validate-list-bad

    Validator service did not become ready within 60000ms

    [0m [90m 133 |[39m         timeout[33m:[39m [35m60000[39m
     [90m 134 |[39m     }
    [31m[1m>[22m[39m[90m 135 |[39m     [36mawait[39m validator[33m.[39mstart(validatorConfig)[33m;[39m
     [90m     |[39m     [31m[1m^[22m[39m
     [90m 136 |[39m }
     [90m 137 |[39m
     [90m 138 |[39m[0m

      at FhirValidator.waitForReady (node_modules/fhir-validator-wrapper/fhir-validator.js:152:11)
      at FhirValidator.start (node_modules/fhir-validator-wrapper/fhir-validator.js:129:5)
      at loadValidator (tx/tests/test-runner.js:135:5)
      at startTxTests (tx/tests/test-runner.js:20:5)
      at Object.<anonymous> (tests/tx/test-cases.test.js:10:5)

  ΓùÅ Tx Tests ΓÇ║ tx.fhir.org ΓÇ║ loinc-expand-filter-list-request-parameters

    Validator service did not become ready within 60000ms

    [0m [90m 133 |[39m         timeout[33m:[39m [35m60000[39m
     [90m 134 |[39m     }
    [31m[1m>[22m[39m[90m 135 |[39m     [36mawait[39m validator[33m.[39mstart(validatorConfig)[33m;[39m
     [90m     |[39m     [31m[1m^[22m[39m
     [90m 136 |[39m }
     [90m 137 |[39m
     [90m 138 |[39m[0m

      at FhirValidator.waitForReady (node_modules/fhir-validator-wrapper/fhir-validator.js:152:11)
      at FhirValidator.start (node_modules/fhir-validator-wrapper/fhir-validator.js:129:5)
      at loadValidator (tx/tests/test-runner.js:135:5)
      at startTxTests (tx/tests/test-runner.js:20:5)
      at Object.<anonymous> (tests/tx/test-cases.test.js:10:5)

  ΓùÅ Tx Tests ΓÇ║ tx.fhir.org ΓÇ║ loinc-validate-filter-list-type-good

    Validator service did not become ready within 60000ms

    [0m [90m 133 |[39m         timeout[33m:[39m [35m60000[39m
     [90m 134 |[39m     }
    [31m[1m>[22m[39m[90m 135 |[39m     [36mawait[39m validator[33m.[39mstart(validatorConfig)[33m;[39m
     [90m     |[39m     [31m[1m^[22m[39m
     [90m 136 |[39m }
     [90m 137 |[39m
     [90m 138 |[39m[0m

      at FhirValidator.waitForReady (node_modules/fhir-validator-wrapper/fhir-validator.js:152:11)
      at FhirValidator.start (node_modules/fhir-validator-wrapper/fhir-validator.js:129:5)
      at loadValidator (tx/tests/test-runner.js:135:5)
      at startTxTests (tx/tests/test-runner.js:20:5)
      at Object.<anonymous> (tests/tx/test-cases.test.js:10:5)

  ΓùÅ Tx Tests ΓÇ║ tx.fhir.org ΓÇ║ loinc-validate-filter-list-bad

    Validator service did not become ready within 60000ms

    [0m [90m 133 |[39m         timeout[33m:[39m [35m60000[39m
     [90m 134 |[39m     }
    [31m[1m>[22m[39m[90m 135 |[39m     [36mawait[39m validator[33m.[39mstart(validatorConfig)[33m;[39m
     [90m     |[39m     [31m[1m^[22m[39m
     [90m 136 |[39m }
     [90m 137 |[39m
     [90m 138 |[39m[0m

      at FhirValidator.waitForReady (node_modules/fhir-validator-wrapper/fhir-validator.js:152:11)
      at FhirValidator.start (node_modules/fhir-validator-wrapper/fhir-validator.js:129:5)
      at loadValidator (tx/tests/test-runner.js:135:5)
      at startTxTests (tx/tests/test-runner.js:20:5)
      at Object.<anonymous> (tests/tx/test-cases.test.js:10:5)

  ΓùÅ Tx Tests ΓÇ║ tx.fhir.org ΓÇ║ loinc-expand-filter-dockind-request-parameters

    Validator service did not become ready within 60000ms

    [0m [90m 133 |[39m         timeout[33m:[39m [35m60000[39m
     [90m 134 |[39m     }
    [31m[1m>[22m[39m[90m 135 |[39m     [36mawait[39m validator[33m.[39mstart(validatorConfig)[33m;[39m
     [90m     |[39m     [31m[1m^[22m[39m
     [90m 136 |[39m }
     [90m 137 |[39m
     [90m 138 |[39m[0m

      at FhirValidator.waitForReady (node_modules/fhir-validator-wrapper/fhir-validator.js:152:11)
      at FhirValidator.start (node_modules/fhir-validator-wrapper/fhir-validator.js:129:5)
      at loadValidator (tx/tests/test-runner.js:135:5)
      at startTxTests (tx/tests/test-runner.js:20:5)
      at Object.<anonymous> (tests/tx/test-cases.test.js:10:5)

  ΓùÅ Tx Tests ΓÇ║ tx.fhir.org ΓÇ║ loinc-validate-filter-dockind-type-good

    Validator service did not become ready within 60000ms

    [0m [90m 133 |[39m         timeout[33m:[39m [35m60000[39m
     [90m 134 |[39m     }
    [31m[1m>[22m[39m[90m 135 |[39m     [36mawait[39m validator[33m.[39mstart(validatorConfig)[33m;[39m
     [90m     |[39m     [31m[1m^[22m[39m
     [90m 136 |[39m }
     [90m 137 |[39m
     [90m 138 |[39m[0m

      at FhirValidator.waitForReady (node_modules/fhir-validator-wrapper/fhir-validator.js:152:11)
      at FhirValidator.start (node_modules/fhir-validator-wrapper/fhir-validator.js:129:5)
      at loadValidator (tx/tests/test-runner.js:135:5)
      at startTxTests (tx/tests/test-runner.js:20:5)
      at Object.<anonymous> (tests/tx/test-cases.test.js:10:5)

  ΓùÅ Tx Tests ΓÇ║ tx.fhir.org ΓÇ║ loinc-validate-filter-dockind-bad

    Validator service did not become ready within 60000ms

    [0m [90m 133 |[39m         timeout[33m:[39m [35m60000[39m
     [90m 134 |[39m     }
    [31m[1m>[22m[39m[90m 135 |[39m     [36mawait[39m validator[33m.[39mstart(validatorConfig)[33m;[39m
     [90m     |[39m     [31m[1m^[22m[39m
     [90m 136 |[39m }
     [90m 137 |[39m
     [90m 138 |[39m[0m

      at FhirValidator.waitForReady (node_modules/fhir-validator-wrapper/fhir-validator.js:152:11)
      at FhirValidator.start (node_modules/fhir-validator-wrapper/fhir-validator.js:129:5)
      at loadValidator (tx/tests/test-runner.js:135:5)
      at startTxTests (tx/tests/test-runner.js:20:5)
      at Object.<anonymous> (tests/tx/test-cases.test.js:10:5)

  ΓùÅ Tx Tests ΓÇ║ tx.fhir.org ΓÇ║ loinc-validate-filter-classtype-good

    Validator service did not become ready within 60000ms

    [0m [90m 133 |[39m         timeout[33m:[39m [35m60000[39m
     [90m 134 |[39m     }
    [31m[1m>[22m[39m[90m 135 |[39m     [36mawait[39m validator[33m.[39mstart(validatorConfig)[33m;[39m
     [90m     |[39m     [31m[1m^[22m[39m
     [90m 136 |[39m }
     [90m 137 |[39m
     [90m 138 |[39m[0m

      at FhirValidator.waitForReady (node_modules/fhir-validator-wrapper/fhir-validator.js:152:11)
      at FhirValidator.start (node_modules/fhir-validator-wrapper/fhir-validator.js:129:5)
      at loadValidator (tx/tests/test-runner.js:135:5)
      at startTxTests (tx/tests/test-runner.js:20:5)
      at Object.<anonymous> (tests/tx/test-cases.test.js:10:5)

  ΓùÅ Tx Tests ΓÇ║ tx.fhir.org ΓÇ║ loinc-validate-filter-classtype-bad

    Validator service did not become ready within 60000ms

    [0m [90m 133 |[39m         timeout[33m:[39m [35m60000[39m
     [90m 134 |[39m     }
    [31m[1m>[22m[39m[90m 135 |[39m     [36mawait[39m validator[33m.[39mstart(validatorConfig)[33m;[39m
     [90m     |[39m     [31m[1m^[22m[39m
     [90m 136 |[39m }
     [90m 137 |[39m
     [90m 138 |[39m[0m

      at FhirValidator.waitForReady (node_modules/fhir-validator-wrapper/fhir-validator.js:152:11)
      at FhirValidator.start (node_modules/fhir-validator-wrapper/fhir-validator.js:129:5)
      at loadValidator (tx/tests/test-runner.js:135:5)
      at startTxTests (tx/tests/test-runner.js:20:5)
      at Object.<anonymous> (tests/tx/test-cases.test.js:10:5)

  ΓùÅ Tx Tests ΓÇ║ tx.fhir.org ΓÇ║ loinc-expand-filter-answers-for1

    Validator service did not become ready within 60000ms

    [0m [90m 133 |[39m         timeout[33m:[39m [35m60000[39m
     [90m 134 |[39m     }
    [31m[1m>[22m[39m[90m 135 |[39m     [36mawait[39m validator[33m.[39mstart(validatorConfig)[33m;[39m
     [90m     |[39m     [31m[1m^[22m[39m
     [90m 136 |[39m }
     [90m 137 |[39m
     [90m 138 |[39m[0m

      at FhirValidator.waitForReady (node_modules/fhir-validator-wrapper/fhir-validator.js:152:11)
      at FhirValidator.start (node_modules/fhir-validator-wrapper/fhir-validator.js:129:5)
      at loadValidator (tx/tests/test-runner.js:135:5)
      at startTxTests (tx/tests/test-runner.js:20:5)
      at Object.<anonymous> (tests/tx/test-cases.test.js:10:5)

  ΓùÅ Tx Tests ΓÇ║ tx.fhir.org ΓÇ║ loinc-expand-filter-answers-for2

    Validator service did not become ready within 60000ms

    [0m [90m 133 |[39m         timeout[33m:[39m [35m60000[39m
     [90m 134 |[39m     }
    [31m[1m>[22m[39m[90m 135 |[39m     [36mawait[39m validator[33m.[39mstart(validatorConfig)[33m;[39m
     [90m     |[39m     [31m[1m^[22m[39m
     [90m 136 |[39m }
     [90m 137 |[39m
     [90m 138 |[39m[0m

      at FhirValidator.waitForReady (node_modules/fhir-validator-wrapper/fhir-validator.js:152:11)
      at FhirValidator.start (node_modules/fhir-validator-wrapper/fhir-validator.js:129:5)
      at loadValidator (tx/tests/test-runner.js:135:5)
      at startTxTests (tx/tests/test-runner.js:20:5)
      at Object.<anonymous> (tests/tx/test-cases.test.js:10:5)

  ΓùÅ Tx Tests ΓÇ║ tx.fhir.org ΓÇ║ loinc-expand-filter-answer-list

    Validator service did not become ready within 60000ms

    [0m [90m 133 |[39m         timeout[33m:[39m [35m60000[39m
     [90m 134 |[39m     }
    [31m[1m>[22m[39m[90m 135 |[39m     [36mawait[39m validator[33m.[39mstart(validatorConfig)[33m;[39m
     [90m     |[39m     [31m[1m^[22m[39m
     [90m 136 |[39m }
     [90m 137 |[39m
     [90m 138 |[39m[0m

      at FhirValidator.waitForReady (node_modules/fhir-validator-wrapper/fhir-validator.js:152:11)
      at FhirValidator.start (node_modules/fhir-validator-wrapper/fhir-validator.js:129:5)
      at loadValidator (tx/tests/test-runner.js:135:5)
      at startTxTests (tx/tests/test-runner.js:20:5)
      at Object.<anonymous> (tests/tx/test-cases.test.js:10:5)

  ΓùÅ Tx Tests ΓÇ║ snomed ΓÇ║ snomed-inactive-display

    Validator service did not become ready within 60000ms

    [0m [90m 133 |[39m         timeout[33m:[39m [35m60000[39m
     [90m 134 |[39m     }
    [31m[1m>[22m[39m[90m 135 |[39m     [36mawait[39m validator[33m.[39mstart(validatorConfig)[33m;[39m
     [90m     |[39m     [31m[1m^[22m[39m
     [90m 136 |[39m }
     [90m 137 |[39m
     [90m 138 |[39m[0m

      at FhirValidator.waitForReady (node_modules/fhir-validator-wrapper/fhir-validator.js:152:11)
      at FhirValidator.start (node_modules/fhir-validator-wrapper/fhir-validator.js:129:5)
      at loadValidator (tx/tests/test-runner.js:135:5)
      at startTxTests (tx/tests/test-runner.js:20:5)
      at Object.<anonymous> (tests/tx/test-cases.test.js:10:5)

  ΓùÅ Tx Tests ΓÇ║ snomed ΓÇ║ snomed-expand-inactive

    Validator service did not become ready within 60000ms

    [0m [90m 133 |[39m         timeout[33m:[39m [35m60000[39m
     [90m 134 |[39m     }
    [31m[1m>[22m[39m[90m 135 |[39m     [36mawait[39m validator[33m.[39mstart(validatorConfig)[33m;[39m
     [90m     |[39m     [31m[1m^[22m[39m
     [90m 136 |[39m }
     [90m 137 |[39m
     [90m 138 |[39m[0m

      at FhirValidator.waitForReady (node_modules/fhir-validator-wrapper/fhir-validator.js:152:11)
      at FhirValidator.start (node_modules/fhir-validator-wrapper/fhir-validator.js:129:5)
      at loadValidator (tx/tests/test-runner.js:135:5)
      at startTxTests (tx/tests/test-runner.js:20:5)
      at Object.<anonymous> (tests/tx/test-cases.test.js:10:5)

  ΓùÅ Tx Tests ΓÇ║ batch ΓÇ║ batch-validate

    Validator service did not become ready within 60000ms

    [0m [90m 133 |[39m         timeout[33m:[39m [35m60000[39m
     [90m 134 |[39m     }
    [31m[1m>[22m[39m[90m 135 |[39m     [36mawait[39m validator[33m.[39mstart(validatorConfig)[33m;[39m
     [90m     |[39m     [31m[1m^[22m[39m
     [90m 136 |[39m }
     [90m 137 |[39m
     [90m 138 |[39m[0m

      at FhirValidator.waitForReady (node_modules/fhir-validator-wrapper/fhir-validator.js:152:11)
      at FhirValidator.start (node_modules/fhir-validator-wrapper/fhir-validator.js:129:5)
      at loadValidator (tx/tests/test-runner.js:135:5)
      at startTxTests (tx/tests/test-runner.js:20:5)
      at Object.<anonymous> (tests/tx/test-cases.test.js:10:5)

  ΓùÅ Tx Tests ΓÇ║ batch ΓÇ║ batch-validate-bad

    Validator service did not become ready within 60000ms

    [0m [90m 133 |[39m         timeout[33m:[39m [35m60000[39m
     [90m 134 |[39m     }
    [31m[1m>[22m[39m[90m 135 |[39m     [36mawait[39m validator[33m.[39mstart(validatorConfig)[33m;[39m
     [90m     |[39m     [31m[1m^[22m[39m
     [90m 136 |[39m }
     [90m 137 |[39m
     [90m 138 |[39m[0m

      at FhirValidator.waitForReady (node_modules/fhir-validator-wrapper/fhir-validator.js:152:11)
      at FhirValidator.start (node_modules/fhir-validator-wrapper/fhir-validator.js:129:5)
      at loadValidator (tx/tests/test-runner.js:135:5)
      at startTxTests (tx/tests/test-runner.js:20:5)
      at Object.<anonymous> (tests/tx/test-cases.test.js:10:5)

  ΓùÅ Tx Tests ΓÇ║ omop ΓÇ║ omop-basic-validation-code-good

    Validator service did not become ready within 60000ms

    [0m [90m 133 |[39m         timeout[33m:[39m [35m60000[39m
     [90m 134 |[39m     }
    [31m[1m>[22m[39m[90m 135 |[39m     [36mawait[39m validator[33m.[39mstart(validatorConfig)[33m;[39m
     [90m     |[39m     [31m[1m^[22m[39m
     [90m 136 |[39m }
     [90m 137 |[39m
     [90m 138 |[39m[0m

      at FhirValidator.waitForReady (node_modules/fhir-validator-wrapper/fhir-validator.js:152:11)
      at FhirValidator.start (node_modules/fhir-validator-wrapper/fhir-validator.js:129:5)
      at loadValidator (tx/tests/test-runner.js:135:5)
      at startTxTests (tx/tests/test-runner.js:20:5)
      at Object.<anonymous> (tests/tx/test-cases.test.js:10:5)

  ΓùÅ Tx Tests ΓÇ║ omop ΓÇ║ omop-basic-validation-coding-good

    Validator service did not become ready within 60000ms

    [0m [90m 133 |[39m         timeout[33m:[39m [35m60000[39m
     [90m 134 |[39m     }
    [31m[1m>[22m[39m[90m 135 |[39m     [36mawait[39m validator[33m.[39mstart(validatorConfig)[33m;[39m
     [90m     |[39m     [31m[1m^[22m[39m
     [90m 136 |[39m }
     [90m 137 |[39m
     [90m 138 |[39m[0m

      at FhirValidator.waitForReady (node_modules/fhir-validator-wrapper/fhir-validator.js:152:11)
      at FhirValidator.start (node_modules/fhir-validator-wrapper/fhir-validator.js:129:5)
      at loadValidator (tx/tests/test-runner.js:135:5)
      at startTxTests (tx/tests/test-runner.js:20:5)
      at Object.<anonymous> (tests/tx/test-cases.test.js:10:5)

  ΓùÅ Tx Tests ΓÇ║ omop ΓÇ║ omop-basic-validation-codeableconcept-good

    Validator service did not become ready within 60000ms

    [0m [90m 133 |[39m         timeout[33m:[39m [35m60000[39m
     [90m 134 |[39m     }
    [31m[1m>[22m[39m[90m 135 |[39m     [36mawait[39m validator[33m.[39mstart(validatorConfig)[33m;[39m
     [90m     |[39m     [31m[1m^[22m[39m
     [90m 136 |[39m }
     [90m 137 |[39m
     [90m 138 |[39m[0m

      at FhirValidator.waitForReady (node_modules/fhir-validator-wrapper/fhir-validator.js:152:11)
      at FhirValidator.start (node_modules/fhir-validator-wrapper/fhir-validator.js:129:5)
      at loadValidator (tx/tests/test-runner.js:135:5)
      at startTxTests (tx/tests/test-runner.js:20:5)
      at Object.<anonymous> (tests/tx/test-cases.test.js:10:5)

  ΓùÅ Tx Tests ΓÇ║ omop ΓÇ║ omop-basic-validation-code-bad

    Validator service did not become ready within 60000ms

    [0m [90m 133 |[39m         timeout[33m:[39m [35m60000[39m
     [90m 134 |[39m     }
    [31m[1m>[22m[39m[90m 135 |[39m     [36mawait[39m validator[33m.[39mstart(validatorConfig)[33m;[39m
     [90m     |[39m     [31m[1m^[22m[39m
     [90m 136 |[39m }
     [90m 137 |[39m
     [90m 138 |[39m[0m

      at FhirValidator.waitForReady (node_modules/fhir-validator-wrapper/fhir-validator.js:152:11)
      at FhirValidator.start (node_modules/fhir-validator-wrapper/fhir-validator.js:129:5)
      at loadValidator (tx/tests/test-runner.js:135:5)
      at startTxTests (tx/tests/test-runner.js:20:5)
      at Object.<anonymous> (tests/tx/test-cases.test.js:10:5)

  ΓùÅ Tx Tests ΓÇ║ omop ΓÇ║ omop-basic-validation-coding-bad

    Validator service did not become ready within 60000ms

    [0m [90m 133 |[39m         timeout[33m:[39m [35m60000[39m
     [90m 134 |[39m     }
    [31m[1m>[22m[39m[90m 135 |[39m     [36mawait[39m validator[33m.[39mstart(validatorConfig)[33m;[39m
     [90m     |[39m     [31m[1m^[22m[39m
     [90m 136 |[39m }
     [90m 137 |[39m
     [90m 138 |[39m[0m

      at FhirValidator.waitForReady (node_modules/fhir-validator-wrapper/fhir-validator.js:152:11)
      at FhirValidator.start (node_modules/fhir-validator-wrapper/fhir-validator.js:129:5)
      at loadValidator (tx/tests/test-runner.js:135:5)
      at startTxTests (tx/tests/test-runner.js:20:5)
      at Object.<anonymous> (tests/tx/test-cases.test.js:10:5)

  ΓùÅ Tx Tests ΓÇ║ omop ΓÇ║ omop-basic-validation-codeableconcept-bad

    Validator service did not become ready within 60000ms

    [0m [90m 133 |[39m         timeout[33m:[39m [35m60000[39m
     [90m 134 |[39m     }
    [31m[1m>[22m[39m[90m 135 |[39m     [36mawait[39m validator[33m.[39mstart(validatorConfig)[33m;[39m
     [90m     |[39m     [31m[1m^[22m[39m
     [90m 136 |[39m }
     [90m 137 |[39m
     [90m 138 |[39m[0m

      at FhirValidator.waitForReady (node_modules/fhir-validator-wrapper/fhir-validator.js:152:11)
      at FhirValidator.start (node_modules/fhir-validator-wrapper/fhir-validator.js:129:5)
      at loadValidator (tx/tests/test-runner.js:135:5)
      at startTxTests (tx/tests/test-runner.js:20:5)
      at Object.<anonymous> (tests/tx/test-cases.test.js:10:5)

  ΓùÅ Tx Tests ΓÇ║ omop ΓÇ║ omop-basic-validation-code-bad-display

    Validator service did not become ready within 60000ms

    [0m [90m 133 |[39m         timeout[33m:[39m [35m60000[39m
     [90m 134 |[39m     }
    [31m[1m>[22m[39m[90m 135 |[39m     [36mawait[39m validator[33m.[39mstart(validatorConfig)[33m;[39m
     [90m     |[39m     [31m[1m^[22m[39m
     [90m 136 |[39m }
     [90m 137 |[39m
     [90m 138 |[39m[0m

      at FhirValidator.waitForReady (node_modules/fhir-validator-wrapper/fhir-validator.js:152:11)
      at FhirValidator.start (node_modules/fhir-validator-wrapper/fhir-validator.js:129:5)
      at loadValidator (tx/tests/test-runner.js:135:5)
      at startTxTests (tx/tests/test-runner.js:20:5)
      at Object.<anonymous> (tests/tx/test-cases.test.js:10:5)

  ΓùÅ Tx Tests ΓÇ║ omop ΓÇ║ omop-basic-validation-coding-bad-display

    Validator service did not become ready within 60000ms

    [0m [90m 133 |[39m         timeout[33m:[39m [35m60000[39m
     [90m 134 |[39m     }
    [31m[1m>[22m[39m[90m 135 |[39m     [36mawait[39m validator[33m.[39mstart(validatorConfig)[33m;[39m
     [90m     |[39m     [31m[1m^[22m[39m
     [90m 136 |[39m }
     [90m 137 |[39m
     [90m 138 |[39m[0m

      at FhirValidator.waitForReady (node_modules/fhir-validator-wrapper/fhir-validator.js:152:11)
      at FhirValidator.start (node_modules/fhir-validator-wrapper/fhir-validator.js:129:5)
      at loadValidator (tx/tests/test-runner.js:135:5)
      at startTxTests (tx/tests/test-runner.js:20:5)
      at Object.<anonymous> (tests/tx/test-cases.test.js:10:5)

  ΓùÅ Tx Tests ΓÇ║ omop ΓÇ║ omop-basic-validation-codeableconcept-bad-display

    Validator service did not become ready within 60000ms

    [0m [90m 133 |[39m         timeout[33m:[39m [35m60000[39m
     [90m 134 |[39m     }
    [31m[1m>[22m[39m[90m 135 |[39m     [36mawait[39m validator[33m.[39mstart(validatorConfig)[33m;[39m
     [90m     |[39m     [31m[1m^[22m[39m
     [90m 136 |[39m }
     [90m 137 |[39m
     [90m 138 |[39m[0m

      at FhirValidator.waitForReady (node_modules/fhir-validator-wrapper/fhir-validator.js:152:11)
      at FhirValidator.start (node_modules/fhir-validator-wrapper/fhir-validator.js:129:5)
      at loadValidator (tx/tests/test-runner.js:135:5)
      at startTxTests (tx/tests/test-runner.js:20:5)
      at Object.<anonymous> (tests/tx/test-cases.test.js:10:5)

  ΓùÅ Tx Tests ΓÇ║ omop ΓÇ║ omop-basic-validation-code-bad-version

    Validator service did not become ready within 60000ms

    [0m [90m 133 |[39m         timeout[33m:[39m [35m60000[39m
     [90m 134 |[39m     }
    [31m[1m>[22m[39m[90m 135 |[39m     [36mawait[39m validator[33m.[39mstart(validatorConfig)[33m;[39m
     [90m     |[39m     [31m[1m^[22m[39m
     [90m 136 |[39m }
     [90m 137 |[39m
     [90m 138 |[39m[0m

      at FhirValidator.waitForReady (node_modules/fhir-validator-wrapper/fhir-validator.js:152:11)
      at FhirValidator.start (node_modules/fhir-validator-wrapper/fhir-validator.js:129:5)
      at loadValidator (tx/tests/test-runner.js:135:5)
      at startTxTests (tx/tests/test-runner.js:20:5)
      at Object.<anonymous> (tests/tx/test-cases.test.js:10:5)

  ΓùÅ Tx Tests ΓÇ║ omop ΓÇ║ omop-basic-validation-coding-bad-version

    Validator service did not become ready within 60000ms

    [0m [90m 133 |[39m         timeout[33m:[39m [35m60000[39m
     [90m 134 |[39m     }
    [31m[1m>[22m[39m[90m 135 |[39m     [36mawait[39m validator[33m.[39mstart(validatorConfig)[33m;[39m
     [90m     |[39m     [31m[1m^[22m[39m
     [90m 136 |[39m }
     [90m 137 |[39m
     [90m 138 |[39m[0m

      at FhirValidator.waitForReady (node_modules/fhir-validator-wrapper/fhir-validator.js:152:11)
      at FhirValidator.start (node_modules/fhir-validator-wrapper/fhir-validator.js:129:5)
      at loadValidator (tx/tests/test-runner.js:135:5)
      at startTxTests (tx/tests/test-runner.js:20:5)
      at Object.<anonymous> (tests/tx/test-cases.test.js:10:5)

  ΓùÅ Tx Tests ΓÇ║ omop ΓÇ║ omop-basic-validation-codeableconcept-bad-version

    Validator service did not become ready within 60000ms

    [0m [90m 133 |[39m         timeout[33m:[39m [35m60000[39m
     [90m 134 |[39m     }
    [31m[1m>[22m[39m[90m 135 |[39m     [36mawait[39m validator[33m.[39mstart(validatorConfig)[33m;[39m
     [90m     |[39m     [31m[1m^[22m[39m
     [90m 136 |[39m }
     [90m 137 |[39m
     [90m 138 |[39m[0m

      at FhirValidator.waitForReady (node_modules/fhir-validator-wrapper/fhir-validator.js:152:11)
      at FhirValidator.start (node_modules/fhir-validator-wrapper/fhir-validator.js:129:5)
      at loadValidator (tx/tests/test-runner.js:135:5)
      at startTxTests (tx/tests/test-runner.js:20:5)
      at Object.<anonymous> (tests/tx/test-cases.test.js:10:5)

  ΓùÅ Tx Tests ΓÇ║ omop ΓÇ║ omop-basic-validation-code-good-vs

    Validator service did not become ready within 60000ms

    [0m [90m 133 |[39m         timeout[33m:[39m [35m60000[39m
     [90m 134 |[39m     }
    [31m[1m>[22m[39m[90m 135 |[39m     [36mawait[39m validator[33m.[39mstart(validatorConfig)[33m;[39m
     [90m     |[39m     [31m[1m^[22m[39m
     [90m 136 |[39m }
     [90m 137 |[39m
     [90m 138 |[39m[0m

      at FhirValidator.waitForReady (node_modules/fhir-validator-wrapper/fhir-validator.js:152:11)
      at FhirValidator.start (node_modules/fhir-validator-wrapper/fhir-validator.js:129:5)
      at loadValidator (tx/tests/test-runner.js:135:5)
      at startTxTests (tx/tests/test-runner.js:20:5)
      at Object.<anonymous> (tests/tx/test-cases.test.js:10:5)

  ΓùÅ Tx Tests ΓÇ║ omop ΓÇ║ omop-basic-validation-coding-good-vs

    Validator service did not become ready within 60000ms

    [0m [90m 133 |[39m         timeout[33m:[39m [35m60000[39m
     [90m 134 |[39m     }
    [31m[1m>[22m[39m[90m 135 |[39m     [36mawait[39m validator[33m.[39mstart(validatorConfig)[33m;[39m
     [90m     |[39m     [31m[1m^[22m[39m
     [90m 136 |[39m }
     [90m 137 |[39m
     [90m 138 |[39m[0m

      at FhirValidator.waitForReady (node_modules/fhir-validator-wrapper/fhir-validator.js:152:11)
      at FhirValidator.start (node_modules/fhir-validator-wrapper/fhir-validator.js:129:5)
      at loadValidator (tx/tests/test-runner.js:135:5)
      at startTxTests (tx/tests/test-runner.js:20:5)
      at Object.<anonymous> (tests/tx/test-cases.test.js:10:5)

  ΓùÅ Tx Tests ΓÇ║ omop ΓÇ║ omop-basic-validation-codeableconcept-good-vs

    Validator service did not become ready within 60000ms

    [0m [90m 133 |[39m         timeout[33m:[39m [35m60000[39m
     [90m 134 |[39m     }
    [31m[1m>[22m[39m[90m 135 |[39m     [36mawait[39m validator[33m.[39mstart(validatorConfig)[33m;[39m
     [90m     |[39m     [31m[1m^[22m[39m
     [90m 136 |[39m }
     [90m 137 |[39m
     [90m 138 |[39m[0m

      at FhirValidator.waitForReady (node_modules/fhir-validator-wrapper/fhir-validator.js:152:11)
      at FhirValidator.start (node_modules/fhir-validator-wrapper/fhir-validator.js:129:5)
      at loadValidator (tx/tests/test-runner.js:135:5)
      at startTxTests (tx/tests/test-runner.js:20:5)
      at Object.<anonymous> (tests/tx/test-cases.test.js:10:5)

  ΓùÅ Tx Tests ΓÇ║ omop ΓÇ║ omop-basic-validation-code-bad-vs

    Validator service did not become ready within 60000ms

    [0m [90m 133 |[39m         timeout[33m:[39m [35m60000[39m
     [90m 134 |[39m     }
    [31m[1m>[22m[39m[90m 135 |[39m     [36mawait[39m validator[33m.[39mstart(validatorConfig)[33m;[39m
     [90m     |[39m     [31m[1m^[22m[39m
     [90m 136 |[39m }
     [90m 137 |[39m
     [90m 138 |[39m[0m

      at FhirValidator.waitForReady (node_modules/fhir-validator-wrapper/fhir-validator.js:152:11)
      at FhirValidator.start (node_modules/fhir-validator-wrapper/fhir-validator.js:129:5)
      at loadValidator (tx/tests/test-runner.js:135:5)
      at startTxTests (tx/tests/test-runner.js:20:5)
      at Object.<anonymous> (tests/tx/test-cases.test.js:10:5)

  ΓùÅ Tx Tests ΓÇ║ omop ΓÇ║ omop-basic-validation-coding-bad-vs

    Validator service did not become ready within 60000ms

    [0m [90m 133 |[39m         timeout[33m:[39m [35m60000[39m
     [90m 134 |[39m     }
    [31m[1m>[22m[39m[90m 135 |[39m     [36mawait[39m validator[33m.[39mstart(validatorConfig)[33m;[39m
     [90m     |[39m     [31m[1m^[22m[39m
     [90m 136 |[39m }
     [90m 137 |[39m
     [90m 138 |[39m[0m

      at FhirValidator.waitForReady (node_modules/fhir-validator-wrapper/fhir-validator.js:152:11)
      at FhirValidator.start (node_modules/fhir-validator-wrapper/fhir-validator.js:129:5)
      at loadValidator (tx/tests/test-runner.js:135:5)
      at startTxTests (tx/tests/test-runner.js:20:5)
      at Object.<anonymous> (tests/tx/test-cases.test.js:10:5)

  ΓùÅ Tx Tests ΓÇ║ omop ΓÇ║ omop-basic-validation-codeableconcept-bad-vs

    Validator service did not become ready within 60000ms

    [0m [90m 133 |[39m         timeout[33m:[39m [35m60000[39m
     [90m 134 |[39m     }
    [31m[1m>[22m[39m[90m 135 |[39m     [36mawait[39m validator[33m.[39mstart(validatorConfig)[33m;[39m
     [90m     |[39m     [31m[1m^[22m[39m
     [90m 136 |[39m }
     [90m 137 |[39m
     [90m 138 |[39m[0m

      at FhirValidator.waitForReady (node_modules/fhir-validator-wrapper/fhir-validator.js:152:11)
      at FhirValidator.start (node_modules/fhir-validator-wrapper/fhir-validator.js:129:5)
      at loadValidator (tx/tests/test-runner.js:135:5)
      at startTxTests (tx/tests/test-runner.js:20:5)
      at Object.<anonymous> (tests/tx/test-cases.test.js:10:5)

  ΓùÅ Tx Tests ΓÇ║ omop ΓÇ║ omop-lookup-code

    Validator service did not become ready within 60000ms

    [0m [90m 133 |[39m         timeout[33m:[39m [35m60000[39m
     [90m 134 |[39m     }
    [31m[1m>[22m[39m[90m 135 |[39m     [36mawait[39m validator[33m.[39mstart(validatorConfig)[33m;[39m
     [90m     |[39m     [31m[1m^[22m[39m
     [90m 136 |[39m }
     [90m 137 |[39m
     [90m 138 |[39m[0m

      at FhirValidator.waitForReady (node_modules/fhir-validator-wrapper/fhir-validator.js:152:11)
      at FhirValidator.start (node_modules/fhir-validator-wrapper/fhir-validator.js:129:5)
      at loadValidator (tx/tests/test-runner.js:135:5)
      at startTxTests (tx/tests/test-runner.js:20:5)
      at Object.<anonymous> (tests/tx/test-cases.test.js:10:5)

  ΓùÅ Tx Tests ΓÇ║ omop ΓÇ║ omop-lookup-code2

    Validator service did not become ready within 60000ms

    [0m [90m 133 |[39m         timeout[33m:[39m [35m60000[39m
     [90m 134 |[39m     }
    [31m[1m>[22m[39m[90m 135 |[39m     [36mawait[39m validator[33m.[39mstart(validatorConfig)[33m;[39m
     [90m     |[39m     [31m[1m^[22m[39m
     [90m 136 |[39m }
     [90m 137 |[39m
     [90m 138 |[39m[0m

      at FhirValidator.waitForReady (node_modules/fhir-validator-wrapper/fhir-validator.js:152:11)
      at FhirValidator.start (node_modules/fhir-validator-wrapper/fhir-validator.js:129:5)
      at loadValidator (tx/tests/test-runner.js:135:5)
      at startTxTests (tx/tests/test-runner.js:20:5)
      at Object.<anonymous> (tests/tx/test-cases.test.js:10:5)

  ΓùÅ Tx Tests ΓÇ║ omop ΓÇ║ omop-lookup-code3

    Validator service did not become ready within 60000ms

    [0m [90m 133 |[39m         timeout[33m:[39m [35m60000[39m
     [90m 134 |[39m     }
    [31m[1m>[22m[39m[90m 135 |[39m     [36mawait[39m validator[33m.[39mstart(validatorConfig)[33m;[39m
     [90m     |[39m     [31m[1m^[22m[39m
     [90m 136 |[39m }
     [90m 137 |[39m
     [90m 138 |[39m[0m

      at FhirValidator.waitForReady (node_modules/fhir-validator-wrapper/fhir-validator.js:152:11)
      at FhirValidator.start (node_modules/fhir-validator-wrapper/fhir-validator.js:129:5)
      at loadValidator (tx/tests/test-runner.js:135:5)
      at startTxTests (tx/tests/test-runner.js:20:5)
      at Object.<anonymous> (tests/tx/test-cases.test.js:10:5)

  ΓùÅ Tx Tests ΓÇ║ omop ΓÇ║ omop-basic-validation-code-good-vs-url

    Validator service did not become ready within 60000ms

    [0m [90m 133 |[39m         timeout[33m:[39m [35m60000[39m
     [90m 134 |[39m     }
    [31m[1m>[22m[39m[90m 135 |[39m     [36mawait[39m validator[33m.[39mstart(validatorConfig)[33m;[39m
     [90m     |[39m     [31m[1m^[22m[39m
     [90m 136 |[39m }
     [90m 137 |[39m
     [90m 138 |[39m[0m

      at FhirValidator.waitForReady (node_modules/fhir-validator-wrapper/fhir-validator.js:152:11)
      at FhirValidator.start (node_modules/fhir-validator-wrapper/fhir-validator.js:129:5)
      at loadValidator (tx/tests/test-runner.js:135:5)
      at startTxTests (tx/tests/test-runner.js:20:5)
      at Object.<anonymous> (tests/tx/test-cases.test.js:10:5)

  ΓùÅ Tx Tests ΓÇ║ omop ΓÇ║ omop-basic-validation-code-bad-vs-url

    Validator service did not become ready within 60000ms

    [0m [90m 133 |[39m         timeout[33m:[39m [35m60000[39m
     [90m 134 |[39m     }
    [31m[1m>[22m[39m[90m 135 |[39m     [36mawait[39m validator[33m.[39mstart(validatorConfig)[33m;[39m
     [90m     |[39m     [31m[1m^[22m[39m
     [90m 136 |[39m }
     [90m 137 |[39m
     [90m 138 |[39m[0m

      at FhirValidator.waitForReady (node_modules/fhir-validator-wrapper/fhir-validator.js:152:11)
      at FhirValidator.start (node_modules/fhir-validator-wrapper/fhir-validator.js:129:5)
      at loadValidator (tx/tests/test-runner.js:135:5)
      at startTxTests (tx/tests/test-runner.js:20:5)
      at Object.<anonymous> (tests/tx/test-cases.test.js:10:5)

  ΓùÅ Tx Tests ΓÇ║ omop ΓÇ║ omop-expand-explicit

    Validator service did not become ready within 60000ms

    [0m [90m 133 |[39m         timeout[33m:[39m [35m60000[39m
     [90m 134 |[39m     }
    [31m[1m>[22m[39m[90m 135 |[39m     [36mawait[39m validator[33m.[39mstart(validatorConfig)[33m;[39m
     [90m     |[39m     [31m[1m^[22m[39m
     [90m 136 |[39m }
     [90m 137 |[39m
     [90m 138 |[39m[0m

      at FhirValidator.waitForReady (node_modules/fhir-validator-wrapper/fhir-validator.js:152:11)
      at FhirValidator.start (node_modules/fhir-validator-wrapper/fhir-validator.js:129:5)
      at loadValidator (tx/tests/test-runner.js:135:5)
      at startTxTests (tx/tests/test-runner.js:20:5)
      at Object.<anonymous> (tests/tx/test-cases.test.js:10:5)

  ΓùÅ Tx Tests ΓÇ║ omop ΓÇ║ translate-loinc-implicit

    Validator service did not become ready within 60000ms

    [0m [90m 133 |[39m         timeout[33m:[39m [35m60000[39m
     [90m 134 |[39m     }
    [31m[1m>[22m[39m[90m 135 |[39m     [36mawait[39m validator[33m.[39mstart(validatorConfig)[33m;[39m
     [90m     |[39m     [31m[1m^[22m[39m
     [90m 136 |[39m }
     [90m 137 |[39m
     [90m 138 |[39m[0m

      at FhirValidator.waitForReady (node_modules/fhir-validator-wrapper/fhir-validator.js:152:11)
      at FhirValidator.start (node_modules/fhir-validator-wrapper/fhir-validator.js:129:5)
      at loadValidator (tx/tests/test-runner.js:135:5)
      at startTxTests (tx/tests/test-runner.js:20:5)
      at Object.<anonymous> (tests/tx/test-cases.test.js:10:5)

  ΓùÅ Tx Tests ΓÇ║ omop ΓÇ║ translate-loinc-implicit-bad

    Validator service did not become ready within 60000ms

    [0m [90m 133 |[39m         timeout[33m:[39m [35m60000[39m
     [90m 134 |[39m     }
    [31m[1m>[22m[39m[90m 135 |[39m     [36mawait[39m validator[33m.[39mstart(validatorConfig)[33m;[39m
     [90m     |[39m     [31m[1m^[22m[39m
     [90m 136 |[39m }
     [90m 137 |[39m
     [90m 138 |[39m[0m

      at FhirValidator.waitForReady (node_modules/fhir-validator-wrapper/fhir-validator.js:152:11)
      at FhirValidator.start (node_modules/fhir-validator-wrapper/fhir-validator.js:129:5)
      at loadValidator (tx/tests/test-runner.js:135:5)
      at startTxTests (tx/tests/test-runner.js:20:5)
      at Object.<anonymous> (tests/tx/test-cases.test.js:10:5)


  ΓùÅ Test suite failed to run

    TypeError: validator.jarVersion is not a function

    [0m [90m 33 |[39m     [36mlet[39m [36mset[39m [33m=[39m [33mArray[39m[33m.[39m[36mfrom[39m(txTestModeSet())[33m.[39mjoin([32m','[39m)[33m;[39m
     [90m 34 |[39m     [36mif[39m (error [33m==[39m [35m0[39m) {
    [31m[1m>[22m[39m[90m 35 |[39m       [36mreturn[39m [32m`FHIRsmith passed all ${count} HL7 terminology service tests (modes ${set}, tests v${txTestVersion()}, runner v${validator.jarVersion()})`[39m[33m;[39m
     [90m    |[39m                                                                                                                                         [31m[1m^[22m[39m
     [90m 36 |[39m     } [36melse[39m {
     [90m 37 |[39m       [36mreturn[39m [32m`FHIRsmith failed all ${error} of ${count} HL7 terminology service tests (modes ${set}, tests v${txTestVersion()}, runner v${validator.jarVersion()})`[39m[33m;[39m
     [90m 38 |[39m     }[0m

      at txTestSummary (tx/tests/test-runner.js:35:137)
      at finishTxTests (tx/tests/test-runner.js:24:17)
      at Object.<anonymous> (tests/tx/test-cases.test.js:13:11)

2026-02-04 13:26:41.822 [32minfo[39m [32m{tx}: Initializing TX module[39m
2026-02-04 13:26:41.823 [32minfo[39m [32m{tx}: Loading language definitions from: C:\work\ImplementationGuides\nodeserver\tx\data\lang.dat[39m
2026-02-04 13:26:41.868 [32minfo[39m [32m{tx}: Language definitions loaded[39m
2026-02-04 13:26:41.868 [32minfo[39m [32m{tx}: Loading translations from: C:\work\ImplementationGuides\nodeserver\translations[39m
2026-02-04 13:26:41.939 [32minfo[39m [32m{tx}: I18n support initialized[39m
2026-02-04 13:26:41.939 [32minfo[39m [32m{tx}: Loading library from: C:\work\ImplementationGuides\nodeserver\tests\tx\fixtures\test-library.yaml[39m
2026-02-04 13:26:41.940 [32minfo[39m [32m{tx}: Load...[39m
2026-02-04 13:26:41.940 [32minfo[39m [32m{tx}: Load 1[39m
2026-02-04 13:26:41.952 [32minfo[39m [32m{tx}: Load 2[39m
2026-02-04 13:26:41.952 [32minfo[39m [32m{tx}: Load 3[39m
2026-02-04 13:26:41.987 [32minfo[39m [32m{tx}: Load 4[39m
2026-02-04 13:26:41.987 [32minfo[39m [32m{tx}: Load 5[39m
2026-02-04 13:26:41.988 [32minfo[39m [32m{tx}: Load 6[39m
2026-02-04 13:26:41.992 [32minfo[39m [32m{tx}: Load 7[39m
2026-02-04 13:26:41.992 [32minfo[39m [32m{tx}: Fetching Data[39m
2026-02-04 13:26:41.992 [32minfo[39m [32m{tx}: Downloaded 0 kB[39m
2026-02-04 13:26:41.992 [32minfo[39m [32m{tx}: Loading Code Systems[39m
2026-02-04 13:26:41.992 [32minfo[39m [32m{tx}: Time  System                                            Version                                                       Source[39m
2026-02-04 13:26:41.992 [32minfo[39m [32m{tx}: Loading Packages[39m
2026-02-04 13:26:41.993 [32minfo[39m [32m{tx}: Time  ID                  Version             CS    VS    [39m
2026-02-04 13:26:41.993 [32minfo[39m [32m{tx}: Loading Time: 0,053s[39m
2026-02-04 13:26:41.993 [32minfo[39m [32m{tx}: Memory Used: 9.09 MB[39m
2026-02-04 13:26:41.993 [32minfo[39m [32m{tx}: Library loaded successfully[39m
2026-02-04 13:26:41.993 [32minfo[39m [32m{tx}: Setting up endpoint: /tx/r5 (FHIR v5.0, context: none)[39m
2026-02-04 13:26:41.993 [32minfo[39m [32m{tx}: Loading FHIR 5.0 packages[39m
2026-02-04 13:26:41.993 [32minfo[39m [32m{tx}: Time  ID                  Version             CS    VS    [39m
2026-02-04 13:26:42.645 [32minfo[39m [32m{tx}: Resource cache pruning enabled for /tx/r5: timeout 30 minutes, check interval 5 minutes[39m
2026-02-04 13:26:42.645 [32minfo[39m [32m{tx}: Expansion cache for /tx/r5: max 1000 entries, no memory threshold[39m
2026-02-04 13:26:42.646 [32minfo[39m [32m{tx}: Endpoint /tx/r5 registered[39m
2026-02-04 13:26:42.646 [32minfo[39m [32m{tx}: TX module initialized with 1 endpoint(s)[39m
2026-02-04 13:26:42.658 [32minfo[39m [32m{tx}: [tx-1] GET json 200 5ms 149872: /tx/r5/CodeSystem (20 matches))[39m
2026-02-04 13:26:42.669 [32minfo[39m [32m{tx}: [tx-2] GET json 200 1ms 5989: /tx/r5/CodeSystem?url=http%3A%2F%2Fhl7.org%2Ffhir%2Fadministrative-gender (1 matches))[39m
2026-02-04 13:26:42.673 [32minfo[39m [32m{tx}: [tx-3] GET json 200 2ms 5857: /tx/r5/CodeSystem?name=gender (1 matches))[39m
2026-02-04 13:26:42.681 [32minfo[39m [32m{tx}: [tx-4] GET json 200 3ms 20481: /tx/r5/CodeSystem?_count=5&_offset=0 (5 matches))[39m
2026-02-04 13:26:42.687 [32minfo[39m [32m{tx}: [tx-5] GET json 200 2ms 7217: /tx/r5/CodeSystem?_count=2&_offset=0 (2 matches))[39m
2026-02-04 13:26:42.693 [32minfo[39m [32m{tx}: [tx-6] GET json 200 2ms 1850: /tx/r5/CodeSystem?_elements=url%2Cversion%2Cname&_count=5 (5 matches))[39m
2026-02-04 13:26:42.701 [32minfo[39m [32m{tx}: [tx-7] GET json 200 3ms 42246: /tx/r5/CodeSystem?_sort=name&_count=10 (10 matches))[39m
2026-02-04 13:26:42.715 [32minfo[39m [32m{tx}: [tx-8] GET json 200 4ms 17862: /tx/r5/ValueSet?_count=10 (10 matches))[39m
2026-02-04 13:26:42.720 [32minfo[39m [32m{tx}: [tx-9] GET json 200 2ms 2332: /tx/r5/ValueSet?url=http%3A%2F%2Fhl7.org%2Ffhir%2FValueSet%2Fadministrative-gender (1 matches))[39m
2026-02-04 13:26:42.728 [32minfo[39m [32m{tx}: [tx-10] GET json 200 3ms 103537: /tx/r5/ValueSet?status=active&_count=10 (10 matches))[39m
2026-02-04 13:26:42.740 [32minfo[39m [32m{tx}: [tx-11] POST json 200 1ms 5908: /tx/r5/CodeSystem/_search (1 matches))[39m
2026-02-04 13:26:42.745 [32minfo[39m [32m{tx}: [tx-12] GET json 200 2ms 5989: /tx/r5/CodeSystem?url=http%3A%2F%2Fhl7.org%2Ffhir%2Fadministrative-gender (1 matches))[39m
2026-02-04 13:26:42.750 [32minfo[39m [32m{tx}: [tx-13] GET json 200 2ms 20537: /tx/r5/CodeSystem?_summary=true&_count=5 (5 matches))[39m
2026-02-04 13:26:42.756 [32minfo[39m [32m{tx}: [tx-14] GET json 200 2ms 149932: /tx/r5/CodeSystem?_summary=count (20 matches))[39m
2026-02-04 13:26:42.765 [32minfo[39m [32m{tx}: [tx-15] GET json 200 0ms 6034: /tx/r5/CodeSystem?_summary=false&url=http%3A%2F%2Fhl7.org%2Ffhir%2Fadministrative-gender (1 matches))[39m
2026-02-04 13:26:42.770 [32minfo[39m [32m{tx}: [tx-16] GET json 200 3ms 20481: /tx/r5/CodeSystem?_count=5 (5 matches))[39m
2026-02-04 13:26:42.774 [32minfo[39m [32m{tx}: [tx-17] GET json 200 2ms 20529: /tx/r5/CodeSystem?_total=none&_count=5 (5 matches))[39m
2026-02-04 13:26:42.780 [32minfo[39m [32m{tx}: [tx-18] GET json 200 2ms 7269: /tx/r5/CodeSystem?_format=json&_count=2 (2 matches))[39m
2026-02-04 13:26:42.785 [32minfo[39m [32m{tx}: [tx-19] GET json 200 2ms 7265: /tx/r5/CodeSystem?_format=xml&_count=2 (2 matches))[39m
2026-02-04 13:26:42.789 [32minfo[39m [32m{tx}: [tx-20] GET json 200 2ms 7353: /tx/r5/CodeSystem?_format=application%2Ffhir%2Bjson&_count=2 (2 matches))[39m
2026-02-04 13:26:42.795 [32minfo[39m [32m{tx}: [tx-21] GET json 200 2ms 7265: /tx/r5/CodeSystem?_format=xml&_count=2 (2 matches))[39m
2026-02-04 13:26:42.798 [32minfo[39m [32m{tx}: Shutting down TX module[39m
2026-02-04 13:26:42.798 [32minfo[39m [32m{tx}: TX module shut down[39m
FAIL tests/tx/search.test.js
  ΓùÅ Console

    console.log
      2026-02-04 13:26:41.799 [32minfo[39m [32mLogger initialized @ C:\work\ImplementationGuides\nodeserver\data\logs[39m

      at Console.log (node_modules/winston/lib/winston/transports/console.js:87:23)

  ΓùÅ Search Worker ΓÇ║ _summary parameter ΓÇ║ should return only summary elements with _summary=true

    expect(received).toBeUndefined()

    Received: [{"code": "patient", "definition": "This (aggregated) balance is expected to be paid by the Patient", "display": "Patient"}, {"code": "insurance", "definition": "This (aggregated) balance is expected to be paid by 
Insurance coverage(s)", "display": "Insurance"}, {"code": "total", "definition": "There is no aggregation on this balance", "display": "Total"}]

    [0m [90m 218 |[39m         expect(resource[33m.[39mid)[33m.[39mtoBeDefined()[33m;[39m
     [90m 219 |[39m         [90m// Non-summary elements should be absent[39m
    [31m[1m>[22m[39m[90m 220 |[39m         expect(resource[33m.[39mconcept)[33m.[39mtoBeUndefined()[33m;[39m
     [90m     |[39m                                  [31m[1m^[22m[39m
     [90m 221 |[39m         expect(resource[33m.[39mproperty)[33m.[39mtoBeUndefined()[33m;[39m
     [90m 222 |[39m       }
     [90m 223 |[39m     })[33m;[39m[0m

      at Object.<anonymous> (tests/tx/search.test.js:220:34)

  ΓùÅ Search Worker ΓÇ║ _summary parameter ΓÇ║ should return only count with _summary=count

    expect(received).toBeUndefined()

    Received: [{"fullUrl": "http://127.0.0.1:53073/tx/r5/CodeSystem/account-aggregate", "resource": [Object], "search": [Object]}, {"fullUrl": "http://127.0.0.1:53073/tx/r5/CodeSystem/account-balance-term", "resource": [Object], 
"search": [Object]}, {"fullUrl": "http://127.0.0.1:53073/tx/r5/CodeSystem/account-billing-status", "resource": [Object], "search": [Object]}, {"fullUrl": "http://127.0.0.1:53073/tx/r5/CodeSystem/account-relationship", "resource": 
[Object], "search": [Object]}, {"fullUrl": "http://127.0.0.1:53073/tx/r5/CodeSystem/account-status", "resource": [Object], "search": [Object]}, {"fullUrl": "http://127.0.0.1:53073/tx/r5/CodeSystem/action-cardinality-behavior", 
"resource": [Object], "search": [Object]}, {"fullUrl": "http://127.0.0.1:53073/tx/r5/CodeSystem/action-code", "resource": [Object], "search": [Object]}, {"fullUrl": "http://127.0.0.1:53073/tx/r5/CodeSystem/action-condition-kind", 
"resource": [Object], "search": [Object]}, {"fullUrl": "http://127.0.0.1:53073/tx/r5/CodeSystem/action-grouping-behavior", "resource": [Object], "search": [Object]}, {"fullUrl": 
"http://127.0.0.1:53073/tx/r5/CodeSystem/action-participant-function", "resource": [Object], "search": [Object]}, ΓÇª]

    [0m [90m 234 |[39m       expect(response[33m.[39mbody[33m.[39mtotal)[33m.[39mtoBeGreaterThan([35m0[39m)[33m;[39m
     [90m 235 |[39m       [90m// No entries when _summary=count[39m
    [31m[1m>[22m[39m[90m 236 |[39m       expect(response[33m.[39mbody[33m.[39mentry)[33m.[39mtoBeUndefined()[33m;[39m
     [90m     |[39m                                   [31m[1m^[22m[39m
     [90m 237 |[39m       expect(response[33m.[39mbody[33m.[39mlink)[33m.[39mtoBeUndefined()[33m;[39m
     [90m 238 |[39m     })[33m;[39m
     [90m 239 |[39m[0m

      at Object.<anonymous> (tests/tx/search.test.js:236:35)

  ΓùÅ Search Worker ΓÇ║ _total parameter ΓÇ║ should not include total with _total=none

    expect(received).toBeUndefined()

    Received: 448

    [0m [90m 275 |[39m       expect(response[33m.[39mstatus)[33m.[39mtoBe([35m200[39m)[33m;[39m
     [90m 276 |[39m       expect(response[33m.[39mbody[33m.[39mresourceType)[33m.[39mtoBe([32m'Bundle'[39m)[33m;[39m
    [31m[1m>[22m[39m[90m 277 |[39m       expect(response[33m.[39mbody[33m.[39mtotal)[33m.[39mtoBeUndefined()[33m;[39m
     [90m     |[39m                                   [31m[1m^[22m[39m
     [90m 278 |[39m     })[33m;[39m
     [90m 279 |[39m   })[33m;[39m
     [90m 280 |[39m[0m

      at Object.<anonymous> (tests/tx/search.test.js:277:35)

  ΓùÅ Search Worker ΓÇ║ _format parameter ΓÇ║ should return JSON with _format=json

    expect(received).toContain(expected) // indexOf

    Expected substring: "application/fhir+json"
    Received string:    "application/json; charset=utf-8"

    [0m [90m 286 |[39m
     [90m 287 |[39m       expect(response[33m.[39mstatus)[33m.[39mtoBe([35m200[39m)[33m;[39m
    [31m[1m>[22m[39m[90m 288 |[39m       expect(response[33m.[39mheaders[[32m'content-type'[39m])[33m.[39mtoContain([32m'application/fhir+json'[39m)[33m;[39m
     [90m     |[39m                                                [31m[1m^[22m[39m
     [90m 289 |[39m       expect(response[33m.[39mbody[33m.[39mresourceType)[33m.[39mtoBe([32m'Bundle'[39m)[33m;[39m
     [90m 290 |[39m     })[33m;[39m
     [90m 291 |[39m[0m

      at Object.<anonymous> (tests/tx/search.test.js:288:48)

  ΓùÅ Search Worker ΓÇ║ _format parameter ΓÇ║ should return XML with _format=xml

    expect(received).toContain(expected) // indexOf

    Expected substring: "application/fhir+xml"
    Received string:    "application/json; charset=utf-8"

    [0m [90m 296 |[39m
     [90m 297 |[39m       expect(response[33m.[39mstatus)[33m.[39mtoBe([35m200[39m)[33m;[39m
    [31m[1m>[22m[39m[90m 298 |[39m       expect(response[33m.[39mheaders[[32m'content-type'[39m])[33m.[39mtoContain([32m'application/fhir+xml'[39m)[33m;[39m
     [90m     |[39m                                                [31m[1m^[22m[39m
     [90m 299 |[39m       expect(response[33m.[39mtext)[33m.[39mtoContain([32m'<Bundle'[39m)[33m;[39m
     [90m 300 |[39m       expect(response[33m.[39mtext)[33m.[39mtoContain([32m'xmlns="http://hl7.org/fhir"'[39m)[33m;[39m
     [90m 301 |[39m     })[33m;[39m[0m

      at Object.<anonymous> (tests/tx/search.test.js:298:48)

  ΓùÅ Search Worker ΓÇ║ _format parameter ΓÇ║ should return JSON with _format=application/fhir+json

    expect(received).toContain(expected) // indexOf

    Expected substring: "application/fhir+json"
    Received string:    "application/json; charset=utf-8"

    [0m [90m 307 |[39m
     [90m 308 |[39m       expect(response[33m.[39mstatus)[33m.[39mtoBe([35m200[39m)[33m;[39m
    [31m[1m>[22m[39m[90m 309 |[39m       expect(response[33m.[39mheaders[[32m'content-type'[39m])[33m.[39mtoContain([32m'application/fhir+json'[39m)[33m;[39m
     [90m     |[39m                                                [31m[1m^[22m[39m
     [90m 310 |[39m     })[33m;[39m
     [90m 311 |[39m
     [90m 312 |[39m     test([32m'_format should override Accept header'[39m[33m,[39m [36masync[39m () [33m=>[39m {[0m

      at Object.<anonymous> (tests/tx/search.test.js:309:48)

  ΓùÅ Search Worker ΓÇ║ _format parameter ΓÇ║ _format should override Accept header

    expect(received).toContain(expected) // indexOf

    Expected substring: "application/fhir+xml"
    Received string:    "application/json; charset=utf-8"

    [0m [90m 318 |[39m       expect(response[33m.[39mstatus)[33m.[39mtoBe([35m200[39m)[33m;[39m
     [90m 319 |[39m       [90m// _format=xml should override Accept: application/fhir+json[39m
    [31m[1m>[22m[39m[90m 320 |[39m       expect(response[33m.[39mheaders[[32m'content-type'[39m])[33m.[39mtoContain([32m'application/fhir+xml'[39m)[33m;[39m
     [90m     |[39m                                                [31m[1m^[22m[39m
     [90m 321 |[39m     })[33m;[39m
     [90m 322 |[39m   })[33m;[39m
     [90m 323 |[39m })[33m;[39m[0m

      at Object.<anonymous> (tests/tx/search.test.js:320:48)

FAIL tests/tx/test-cases.generator.test.js
  ΓùÅ Generate Test Cases ΓÇ║ Do Generation

    ENOENT: no such file or directory, open 'C:\work\tests\test-cases.json'

    [0m [90m  9 |[39m     [36mconst[39m modes [33m=[39m [36mnew[39m [33mSet[39m([[32m'tx.fhir.org'[39m[33m,[39m [32m'omop'[39m[33m,[39m [32m'general'[39m[33m,[39m [32m'snomed'[39m])[33m;[39m
     [90m 10 |[39m
    [31m[1m>[22m[39m[90m 11 |[39m     [36mconst[39m testCases [33m=[39m [33mJSON[39m[33m.[39mparse(fs[33m.[39mreadFileSync([33mTEST_CASES_FILE[39m[33m,[39m [32m'utf8'[39m))[33m;[39m
     [90m    |[39m                                     [31m[1m^[22m[39m
     [90m 12 |[39m     [36mlet[39m output [33m=[39m [32m`// AUTO-GENERATED FILE - DO NOT EDIT[39m
     [90m 13 |[39m [32m// Generated from test-cases.json[39m
     [90m 14 |[39m [32m// Regenerate with: node generate-tests.js[39m[0m

      at generate (tests/tx/test-cases.generator.test.js:11:37)
      at Object.<anonymous> (tests/tx/test-cases.generator.test.js:59:9)

Γ£ô Iterated 10 concepts from filter
  Property: STATUS = ACTIVE
PASS tests/cs/cs-loinc.test.js (31.388 s)
PASS tests/cs/cs-unii.test.js
Module concept not found: 449080006
Module concept not found: 449080006
Component not found: 449080006
Γ£à Found: 900000000000526001 - REPLACED BY association reference set (foundation metadata concept)
Γ£à Found: 1539003 - Acquired trigger finger
Γ£à Found: 1204474000 - Barium sulfate 600 mg/mL oral suspension
Γ£à Found: 86299006 - Tetralogy of Fallot
Γ£à Found: 430983003 - Brucella abortus, vaccinal strain RB51 (organism)
Γ£à Found: 608785007 - Open reduction of fracture of radius and ulna with internal fixation
Γ£à Found: 370049004 - No tumor invasion
Γ£à Found: 370050004 - No tumor invasion of adjacent tissue
Γ£à Found: 174826008 - Arterial switch operation
Γ£à Found: 11687002 - Gestational diabetes mellitus
Γ£à Found: 897148007 - Alcoholic beverage intake (observable entity)
Γ£à Found: 816080008 - International Patient Summary
Γ£à Found: 303248007 - Blood film sample
Γ£à Found: 162980001 - CVS not examined
Γ£à Found: 297250002 - No family history of stroke
Γ£à Found: 162001003 - No cardiovascular symptom
Γ£à Found: 281302008 - Above reference range
Γ£à Found: 281300000 - Below reference range
Γ£à Found: 281301001 - Within reference range
Γ£à Found: 268677005 - [X]Other delirium
Γ£à Found: 155728006 - Appendicitis
Γ£à Found: 74400008 - Appendicitis
Γ£à Found: 155729003 - Appendicitis
Γ£à Found: 307530000 - Appendicitis NOS
Γ£à Found: 116676008 - Associated morphology
Γ£à Found: 128045006 - Cellulitis (disorder)
Γ£à Found: 20946005 - Fracture, closed
Γ£à Found: 28012007 - Closed fracture of shaft of tibia
Γ£à Found: 363698007 - Finding site
Γ£à Found: 447139008 - Closed fracture of tibia (disorder)
Γ£à Found: 52687003 - Shaft of tibia
Γ£à Found: 56459004 - Foot
Γ£à Found: 64572001 - Disease
Γ£à Found: 6990005 - Fracture of shaft of tibia

Summary: Found 34/34 concepts
Γ£à 64572001 (disorder): active, non-abstract
Γ£à 116676008 (attribute): active, non-abstract
Γ£à 303248007 (specimen): active, non-abstract
Γ£à 608785007 (procedure): active, non-abstract
Γ£à 64572001: undefined designations, primary: "Disease"
Γ£à 86299006: undefined designations, primary: "Tetralogy of Fallot"
Γ£à 128045006: undefined designations, primary: "Cellulitis (disorder)"
Γ£à Tetralogy of Fallot should be a disease: 86299006 is-a 64572001 (subsumes)
Γ£à Cellulitis should be a disease: 128045006 is-a 64572001 (subsumes)
Γ£à Gestational diabetes should be a disease: 11687002 is-a 64572001 (subsumes)
Γ£à 64572001 has 1 parent(s)
Γ£à 64572001 has 25 child(ren)
Γ£à 128045006 has 1 parent(s)
Γ£à 128045006 has 0 child(ren)
Γ£à 86299006 has 1 parent(s)
Γ£à 86299006 has 0 child(ren)
! Expression failed: 64572001:116676008=128045006 - this.sct.expressionServices.displayExpression is not a function
! Expression failed: 28012007:{363698007=52687003,116676008=20946005} - this.sct.expressionServices.displayExpression is not a function
! Expression failed: 128045006:{363698007=56459004} - this.sct.expressionServices.displayExpression is not a function
! Filter test failed for Exact match for Disease: expect(received).toBe(expected) // Object.is equality

Expected: true
Received: false
! Filter test failed for Disease and all descendants: expect(received).toBeGreaterThan(expected)

Expected: > 0
Received:   0
Γ£à Search "disease": 127 results
Γ£à Search "diabetes": 7 results
Γ£à Search "fracture": 6 results
Γ£à Search "appendicitis": 1 results
  ! Expected code 155728006 not found in search results
  ! Expected code 155729003 not found in search results
  ! Expected code 307530000 not found in search results
Γ£à Search "cellulitis": 2 results
Γ£à Search "liver": 693 results
Γ£à Found 4 root concepts
  Root 1:  - 
  Root 2:  - 
  Root 3:  - 
Γ£à Disease has 25 direct children
  Child 1:  - Disorder of trunk (disorder)
  Child 2:  - Transplant rejection
  Child 3:  - Failed attempted abortion
  Child 4:  - Coagulation factor deficiency syndrome
  Child 5:  - Primary lymphedema
Γ£à Hierarchy consistency verified for 86299006
Γ£à Reference integrity verified for 64572001 (ref: 25312)
Γ£à Reference integrity verified for 128045006 (ref: 44072)
Γ£à Reference integrity verified for 86299006 (ref: 34384)
PASS tests/cs/cs-snomed.test.js
  ΓùÅ Console

    console.log
      ≡ƒöì SNOMED CT Test Prerequisites Check

      at Object.<anonymous> (tests/cs/cs-snomed.test.js:1012:9)

    console.log
      ≡ƒôü Checking source directory: C:\work\ImplementationGuides\nodeserver\tx\data\snomed

      at Object.<anonymous> (tests/cs/cs-snomed.test.js:1016:9)

    console.log
      Γ£à Source directory exists

      at Object.<anonymous> (tests/cs/cs-snomed.test.js:1023:11)

    console.log
      
      ≡ƒôï Checking for required SNOMED CT files:

      at Object.<anonymous> (tests/cs/cs-snomed.test.js:1033:9)

    console.log
      Γ£à Terminology/sct2_Concept_Snapshot_INT_20250814.txt ΓåÆ found similar: sct2_Concept_Snapshot_INT_20250909.txt

      at Object.<anonymous> (tests/cs/cs-snomed.test.js:1062:17)

    console.log
      Γ£à Terminology/sct2_Description_Snapshot-en_INT_20250814.txt ΓåÆ found similar: sct2_Description_Snapshot-en_INT_20250909.txt

      at Object.<anonymous> (tests/cs/cs-snomed.test.js:1062:17)

    console.log
      Γ£à Terminology/sct2_Relationship_Snapshot_INT_20250814.txt ΓåÆ found similar: sct2_Relationship_Snapshot_INT_20250909.txt

      at Object.<anonymous> (tests/cs/cs-snomed.test.js:1062:17)

    console.log
      
      ≡ƒôè Found 3/3 required files

      at Object.<anonymous> (tests/cs/cs-snomed.test.js:1074:9)

    console.log
      
      Γ£à All required SNOMED CT files found

      at Object.<anonymous> (tests/cs/cs-snomed.test.js:1087:11)

    console.log
      
      ≡ƒùé∩╕Å Checking for cache files:

      at Object.<anonymous> (tests/cs/cs-snomed.test.js:1091:9)

    console.log
      Γ£à Test cache: C:\work\ImplementationGuides\nodeserver\data\snomed-testing.cache

      at Object.<anonymous> (tests/cs/cs-snomed.test.js:1097:11)

    console.log
         Size: 2.19 MB

      at Object.<anonymous> (tests/cs/cs-snomed.test.js:1098:11)

    console.log
         Modified: 2026-02-04T12:23:23.958Z

      at Object.<anonymous> (tests/cs/cs-snomed.test.js:1099:11)

    console.log
      Γ¥î Fallback cache: C:\work\ImplementationGuides\nodeserver\data\sct_intl_20250201.cache

      at Object.<anonymous> (tests/cs/cs-snomed.test.js:1112:11)

    console.log
      
      ≡ƒôä Checking test expectations file:

      at Object.<anonymous> (tests/cs/cs-snomed.test.js:1123:9)

    console.log
      Γ¥î Test expectations: C:\work\ImplementationGuides\nodeserver\tests\data\snomed-test-expectations.json

      at Object.<anonymous> (tests/cs/cs-snomed.test.js:1137:11)

    console.log
         Tests will use minimal fallback expectations

      at Object.<anonymous> (tests/cs/cs-snomed.test.js:1138:11)

    console.log
      
      ≡ƒÄ» Test Readiness Summary:

      at Object.<anonymous> (tests/cs/cs-snomed.test.js:1142:9)

    console.log
      Γ£à Import tests: Ready (source files available)

      at Object.<anonymous> (tests/cs/cs-snomed.test.js:1145:11)

    console.log
      Γ£à Expression parser tests: Ready (no dependencies)

      at Object.<anonymous> (tests/cs/cs-snomed.test.js:1150:9)

    console.log
      Γ£à Provider tests: Ready (cache files available)

      at Object.<anonymous> (tests/cs/cs-snomed.test.js:1153:11)

    console.log
      
      ≡ƒÜÇ Next Steps:

      at Object.<anonymous> (tests/cs/cs-snomed.test.js:1158:9)

    console.log
      All prerequisites met - ready to run full test suite!

      at Object.<anonymous> (tests/cs/cs-snomed.test.js:1168:11)

    console.log
      Run: npm test -- tx/cs/tests/cs-snomed.test.js

      at Object.<anonymous> (tests/cs/cs-snomed.test.js:1169:11)

    console.log
      
      ≡ƒôÜ For more information, see the test runner instructions.

      at Object.<anonymous> (tests/cs/cs-snomed.test.js:1172:9)

    console.log
      
      Γ£à All prerequisites met

      at Object.<anonymous> (tests/cs/cs-snomed.test.js:1179:11)

Γ£ô External service rejected: NM_000518.5:c.1521_1523del - Error while processing 'NM_000518.5:c.1521_1523del': The input HGVS is invalid because the position is off the end of the sequence (the length of NM_000518.5 is 628bp).
Γ£ô External service rejected invalid code: not.a.real:code
Γ£ô Service responded for: NC_000023.11:g.32867861G>A
Γ£ô Designations for NM_000518.5:c.1521_1523del: undefined found
Γ£ô Factory use count: 1
Γ£ô Code rejected by service: NM_000518.5:c.1521_1523del - Error while processing 'NM_000518.5:c.1521_1523del': The input HGVS is invalid because the position is off the end of the sequence (the length of NM_000518.5 is 628bp).
PASS tests/cs/cs-hgvs.test.js
Performance test elapsed: 317ms
PASS tests/library/ucum.test.js
  ΓùÅ Console

    console.log
      Loaded 573 functional test cases from XML

      at Object.<anonymous> (tests/library/ucum.test.js:481:11)

2026-02-04 13:27:20.626 [32minfo[39m [32m{tx}: Initializing TX module[39m
2026-02-04 13:27:20.626 [32minfo[39m [32m{tx}: Loading language definitions from: C:\work\ImplementationGuides\nodeserver\tx\data\lang.dat[39m
2026-02-04 13:27:20.649 [32minfo[39m [32m{tx}: Language definitions loaded[39m
2026-02-04 13:27:20.649 [32minfo[39m [32m{tx}: Loading translations from: C:\work\ImplementationGuides\nodeserver\translations[39m
2026-02-04 13:27:20.699 [32minfo[39m [32m{tx}: I18n support initialized[39m
2026-02-04 13:27:20.699 [32minfo[39m [32m{tx}: Loading library from: C:\work\ImplementationGuides\nodeserver\tests\tx\fixtures\test-library.yaml[39m
2026-02-04 13:27:20.699 [32minfo[39m [32m{tx}: Load...[39m
2026-02-04 13:27:20.699 [32minfo[39m [32m{tx}: Load 1[39m
2026-02-04 13:27:20.721 [32minfo[39m [32m{tx}: Load 2[39m
2026-02-04 13:27:20.721 [32minfo[39m [32m{tx}: Load 3[39m
2026-02-04 13:27:20.758 [32minfo[39m [32m{tx}: Load 4[39m
2026-02-04 13:27:20.758 [32minfo[39m [32m{tx}: Load 5[39m
2026-02-04 13:27:20.759 [32minfo[39m [32m{tx}: Load 6[39m
2026-02-04 13:27:20.760 [32minfo[39m [32m{tx}: Load 7[39m
2026-02-04 13:27:20.760 [32minfo[39m [32m{tx}: Fetching Data[39m
2026-02-04 13:27:20.760 [32minfo[39m [32m{tx}: Downloaded 0 kB[39m
2026-02-04 13:27:20.760 [32minfo[39m [32m{tx}: Loading Code Systems[39m
2026-02-04 13:27:20.760 [32minfo[39m [32m{tx}: Time  System                                            Version                                                       Source[39m
2026-02-04 13:27:20.760 [32minfo[39m [32m{tx}: Loading Packages[39m
2026-02-04 13:27:20.760 [32minfo[39m [32m{tx}: Time  ID                  Version             CS    VS    [39m
2026-02-04 13:27:20.760 [32minfo[39m [32m{tx}: Loading Time: 0,061s[39m
2026-02-04 13:27:20.760 [32minfo[39m [32m{tx}: Memory Used: 10.87 MB[39m
2026-02-04 13:27:20.760 [32minfo[39m [32m{tx}: Library loaded successfully[39m
2026-02-04 13:27:20.760 [32minfo[39m [32m{tx}: Setting up endpoint: /tx/r5 (FHIR v5.0, context: none)[39m
2026-02-04 13:27:20.760 [32minfo[39m [32m{tx}: Loading FHIR 5.0 packages[39m
2026-02-04 13:27:20.760 [32minfo[39m [32m{tx}: Time  ID                  Version             CS    VS    [39m
2026-02-04 13:27:21.352 [32minfo[39m [32m{tx}: Resource cache pruning enabled for /tx/r5: timeout 30 minutes, check interval 5 minutes[39m
2026-02-04 13:27:21.352 [32minfo[39m [32m{tx}: Expansion cache for /tx/r5: max 1000 entries, no memory threshold[39m
2026-02-04 13:27:21.353 [32minfo[39m [32m{tx}: Endpoint /tx/r5 registered[39m
2026-02-04 13:27:21.353 [32minfo[39m [32m{tx}: TX module initialized with 1 endpoint(s)[39m
2026-02-04 13:27:21.361 [32minfo[39m [32m{tx}: [tx-1] GET json 200 4ms 1320: /tx/r5/ValueSet/administrative-gender/$expand (AdministrativeGender))[39m
2026-02-04 13:27:21.367 [32minfo[39m [32m{tx}: [tx-2] GET json 404 0ms 135: /tx/r5/ValueSet/nonexistent-id/$expand )[39m
2026-02-04 13:27:21.371 [32minfo[39m [32m{tx}: [tx-3] GET json 200 1ms 1320: /tx/r5/ValueSet/$expand?url=http%3A%2F%2Fhl7.org%2Ffhir%2FValueSet%2Fadministrative-gender (AdministrativeGender))[39m
2026-02-04 13:27:21.373 [32minfo[39m [32m{tx}: [tx-4] GET json 400 0ms 158: /tx/r5/ValueSet/$expand )[39m
2026-02-04 13:27:21.375 [32minfo[39m [32m{tx}: [tx-5] GET json 404 0ms 153: /tx/r5/ValueSet/$expand?url=http%3A%2F%2Fnonexistent.org%2Fvalueset )[39m
2026-02-04 13:27:21.377 [32minfo[39m [32m{tx}: [tx-6] GET json 400 0ms 148: /tx/r5/ValueSet/$expand?url=http%3A%2F%2Fhl7.org%2Ffhir%2FValueSet%2Fadministrative-gender&context=some-context )[39m
2026-02-04 13:27:21.383 [32minfo[39m [32m{tx}: [tx-7] POST json 200 1ms 1320: /tx/r5/ValueSet/$expand (AdministrativeGender))[39m
2026-02-04 13:27:21.390 [32minfo[39m [32m{tx}: [tx-8] POST json 200 0ms 1320: /tx/r5/ValueSet/$expand (AdministrativeGender))[39m
2026-02-04 13:27:21.393 [32minfo[39m [32m{tx}: [tx-9] POST json 200 0ms 700: /tx/r5/ValueSet/$expand (http://hl7.org/fhir/ValueSet/test/something|AdministrativeGender))[39m
2026-02-04 13:27:21.396 [32minfo[39m [32m{tx}: [tx-10] POST json 200 1ms 700: /tx/r5/ValueSet/$expand (http://hl7.org/fhir/ValueSet/test/something|AdministrativeGender))[39m
2026-02-04 13:27:21.400 [32minfo[39m [32m{tx}: [tx-11] POST json 200 1ms 1320: /tx/r5/ValueSet/administrative-gender/$expand (AdministrativeGender))[39m
2026-02-04 13:27:21.403 [32minfo[39m [32m{tx}: [tx-12] GET json 200 1ms 1320: /tx/r5/ValueSet/administrative-gender/$expand (AdministrativeGender))[39m
2026-02-04 13:27:21.407 [32minfo[39m [32m{tx}: [tx-13] GET json 200 0ms 1320: /tx/r5/ValueSet/administrative-gender/$expand (AdministrativeGender))[39m
2026-02-04 13:27:21.409 [32minfo[39m [32m{tx}: [tx-14] POST json 200 1ms 548: /tx/r5/ValueSet/$expand (http://example.org/test-colors-vs|http://example.org/test-colors))[39m
2026-02-04 13:27:21.412 [32minfo[39m [32m{tx}: [tx-15] POST json 200 0ms 548: /tx/r5/ValueSet/$expand (http://example.org/test-colors-vs|http://example.org/test-colors))[39m
2026-02-04 13:27:21.414 [32minfo[39m [32m{tx}: [tx-16] POST json 200 0ms 479: /tx/r5/ValueSet/$expand (http://example.org/test-primary-colors-vs|http://example.org/test-colors))[39m
2026-02-04 13:27:21.418 [32minfo[39m [32m{tx}: [tx-17] POST json 404 1ms 493: /tx/r5/ValueSet/$expand (|http://example.org/nonexistent-system - error UNKNOWN_CODESYSTEM_EXP))[39m
2026-02-04 13:27:21.420 [32minfo[39m [32m{tx}: [tx-18] GET json 200 1ms 1320: /tx/r5/ValueSet/administrative-gender/$expand (AdministrativeGender))[39m
2026-02-04 13:27:21.422 [32minfo[39m [32m{tx}: [tx-19] GET json 200 1ms 1320: /tx/r5/ValueSet/administrative-gender/$expand (AdministrativeGender))[39m
2026-02-04 13:27:21.423 [32minfo[39m [32m{tx}: Shutting down TX module[39m
2026-02-04 13:27:21.423 [32minfo[39m [32m{tx}: TX module shut down[39m
PASS tests/tx/expand.test.js
  ΓùÅ Console

    console.log
      2026-02-04 13:27:20.611 [32minfo[39m [32mLogger initialized @ C:\work\ImplementationGuides\nodeserver\data\logs[39m

      at Console.log (node_modules/winston/lib/winston/transports/console.js:87:23)

2026-02-04 13:27:21.703 [32minfo[39m [32m{tx}: Initializing TX module[39m
2026-02-04 13:27:21.704 [32minfo[39m [32m{tx}: Loading language definitions from: C:\work\ImplementationGuides\nodeserver\tx\data\lang.dat[39m
2026-02-04 13:27:21.736 [32minfo[39m [32m{tx}: Language definitions loaded[39m
2026-02-04 13:27:21.736 [32minfo[39m [32m{tx}: Loading translations from: C:\work\ImplementationGuides\nodeserver\translations[39m
2026-02-04 13:27:21.793 [32minfo[39m [32m{tx}: I18n support initialized[39m
2026-02-04 13:27:21.793 [32minfo[39m [32m{tx}: Loading library from: C:\work\ImplementationGuides\nodeserver\tests\tx\fixtures\test-library.yaml[39m
2026-02-04 13:27:21.794 [32minfo[39m [32m{tx}: Load...[39m
2026-02-04 13:27:21.794 [32minfo[39m [32m{tx}: Load 1[39m
2026-02-04 13:27:21.815 [32minfo[39m [32m{tx}: Load 2[39m
2026-02-04 13:27:21.815 [32minfo[39m [32m{tx}: Load 3[39m
2026-02-04 13:27:21.847 [32minfo[39m [32m{tx}: Load 4[39m
2026-02-04 13:27:21.847 [32minfo[39m [32m{tx}: Load 5[39m
2026-02-04 13:27:21.848 [32minfo[39m [32m{tx}: Load 6[39m
2026-02-04 13:27:21.848 [32minfo[39m [32m{tx}: Load 7[39m
2026-02-04 13:27:21.849 [32minfo[39m [32m{tx}: Fetching Data[39m
2026-02-04 13:27:21.849 [32minfo[39m [32m{tx}: Downloaded 0 kB[39m
2026-02-04 13:27:21.849 [32minfo[39m [32m{tx}: Loading Code Systems[39m
2026-02-04 13:27:21.849 [32minfo[39m [32m{tx}: Time  System                                            Version                                                       Source[39m
2026-02-04 13:27:21.849 [32minfo[39m [32m{tx}: Loading Packages[39m
2026-02-04 13:27:21.849 [32minfo[39m [32m{tx}: Time  ID                  Version             CS    VS    [39m
2026-02-04 13:27:21.849 [32minfo[39m [32m{tx}: Loading Time: 0,055s[39m
2026-02-04 13:27:21.849 [32minfo[39m [32m{tx}: Memory Used: 6.00 MB[39m
2026-02-04 13:27:21.849 [32minfo[39m [32m{tx}: Library loaded successfully[39m
2026-02-04 13:27:21.849 [32minfo[39m [32m{tx}: Setting up endpoint: /tx/r5 (FHIR v5.0, context: none)[39m
2026-02-04 13:27:21.849 [32minfo[39m [32m{tx}: Loading FHIR 5.0 packages[39m
2026-02-04 13:27:21.849 [32minfo[39m [32m{tx}: Time  ID                  Version             CS    VS    [39m
2026-02-04 13:27:22.094 [32minfo[39m [32m{tx}: Resource cache pruning enabled for /tx/r5: timeout 30 minutes, check interval 5 minutes[39m
2026-02-04 13:27:22.094 [32minfo[39m [32m{tx}: Expansion cache for /tx/r5: max 1000 entries, no memory threshold[39m
2026-02-04 13:27:22.095 [32minfo[39m [32m{tx}: Endpoint /tx/r5 registered[39m
2026-02-04 13:27:22.095 [32minfo[39m [32m{tx}: TX module initialized with 1 endpoint(s)[39m
2026-02-04 13:27:22.098 [32minfo[39m [32m{tx}: [tx-1] GET json 200 1ms 674: /tx/r5/CodeSystem/$lookup?system=http%3A%2F%2Fhl7.org%2Ffhir%2Fadministrative-gender&code=male )[39m
2026-02-04 13:27:22.101 [32minfo[39m [32m{tx}: [tx-2] GET json 200 0ms 682: /tx/r5/CodeSystem/$lookup?system=http%3A%2F%2Fhl7.org%2Ffhir%2Fadministrative-gender&code=female )[39m
2026-02-04 13:27:22.103 [32minfo[39m [32m{tx}: [tx-3] GET json 400 0ms 167: /tx/r5/CodeSystem/$lookup?code=male )[39m
2026-02-04 13:27:22.105 [32minfo[39m [32m{tx}: [tx-4] GET json 400 1ms 167: /tx/r5/CodeSystem/$lookup?system=http%3A%2F%2Fhl7.org%2Ffhir%2Fadministrative-gender )[39m
2026-02-04 13:27:22.107 [32minfo[39m [32m{tx}: [tx-5] GET json 404 1ms 242: /tx/r5/CodeSystem/$lookup?system=http%3A%2F%2Fhl7.org%2Ffhir%2Fadministrative-gender&code=nonexistent-code (AdministrativeGender - error))[39m
2026-02-04 13:27:22.109 [32minfo[39m [32m{tx}: [tx-6] GET json 404 0ms 489: /tx/r5/CodeSystem/$lookup?system=http%3A%2F%2Fnonexistent.org%2Fcodesystem&code=test ( - error UNKNOWN_CODESYSTEM_EXP))[39m
2026-02-04 13:27:22.111 [32minfo[39m [32m{tx}: [tx-7] GET json 200 0ms 391: /tx/r5/CodeSystem/$lookup?system=http%3A%2F%2Fhl7.org%2Ffhir%2Fadministrative-gender&code=male&property=inactive )[39m
2026-02-04 13:27:22.115 [32minfo[39m [32m{tx}: [tx-8] POST json 200 0ms 682: /tx/r5/CodeSystem/$lookup )[39m
2026-02-04 13:27:22.118 [32minfo[39m [32m{tx}: [tx-9] POST json 200 0ms 678: /tx/r5/CodeSystem/$lookup )[39m
2026-02-04 13:27:22.120 [32minfo[39m [32m{tx}: [tx-10] POST json 200 1ms 686: /tx/r5/CodeSystem/$lookup )[39m
2026-02-04 13:27:22.122 [32minfo[39m [32m{tx}: [tx-11] POST json 200 1ms 432: /tx/r5/CodeSystem/$lookup )[39m
2026-02-04 13:27:22.124 [32minfo[39m [32m{tx}: [tx-12] GET json 200 1ms 674: /tx/r5/CodeSystem/administrative-gender/$lookup?code=male )[39m
2026-02-04 13:27:22.126 [32minfo[39m [32m{tx}: [tx-13] GET json 404 0ms 137: /tx/r5/CodeSystem/nonexistent-id/$lookup?code=test )[39m
2026-02-04 13:27:22.128 [32minfo[39m [32m{tx}: [tx-14] GET json 400 0ms 157: /tx/r5/CodeSystem/administrative-gender/$lookup )[39m
2026-02-04 13:27:22.130 [32minfo[39m [32m{tx}: [tx-15] POST json 200 1ms 682: /tx/r5/CodeSystem/administrative-gender/$lookup )[39m
2026-02-04 13:27:22.135 [32minfo[39m [32m{tx}: [tx-16] GET json 200 1ms 674: /tx/r5/CodeSystem/$lookup?system=http%3A%2F%2Fhl7.org%2Ffhir%2Fadministrative-gender&code=male )[39m
2026-02-04 13:27:22.137 [32minfo[39m [32m{tx}: [tx-17] GET json 200 0ms 674: /tx/r5/CodeSystem/$lookup?system=http%3A%2F%2Fhl7.org%2Ffhir%2Fadministrative-gender&code=male&property=%2A )[39m
2026-02-04 13:27:22.137 [32minfo[39m [32m{tx}: Shutting down TX module[39m
2026-02-04 13:27:22.137 [32minfo[39m [32m{tx}: TX module shut down[39m
PASS tests/tx/lookup.test.js
  ΓùÅ Console

    console.log
      2026-02-04 13:27:21.692 [32minfo[39m [32mLogger initialized @ C:\work\ImplementationGuides\nodeserver\data\logs[39m

      at Console.log (node_modules/winston/lib/winston/transports/console.js:87:23)

2026-02-04 13:27:22.366 [32minfo[39m [32m{tx}: Initializing TX module[39m
2026-02-04 13:27:22.366 [32minfo[39m [32m{tx}: Loading language definitions from: C:\work\ImplementationGuides\nodeserver\tx\data\lang.dat[39m
2026-02-04 13:27:22.380 [32minfo[39m [32m{tx}: Language definitions loaded[39m
2026-02-04 13:27:22.380 [32minfo[39m [32m{tx}: Loading translations from: C:\work\ImplementationGuides\nodeserver\translations[39m
2026-02-04 13:27:22.417 [32minfo[39m [32m{tx}: I18n support initialized[39m
2026-02-04 13:27:22.418 [32minfo[39m [32m{tx}: Loading library from: C:\work\ImplementationGuides\nodeserver\tests\tx\fixtures\test-library.yaml[39m
2026-02-04 13:27:22.418 [32minfo[39m [32m{tx}: Load...[39m
2026-02-04 13:27:22.418 [32minfo[39m [32m{tx}: Load 1[39m
2026-02-04 13:27:22.433 [32minfo[39m [32m{tx}: Load 2[39m
2026-02-04 13:27:22.433 [32minfo[39m [32m{tx}: Load 3[39m
2026-02-04 13:27:22.462 [32minfo[39m [32m{tx}: Load 4[39m
2026-02-04 13:27:22.462 [32minfo[39m [32m{tx}: Load 5[39m
2026-02-04 13:27:22.463 [32minfo[39m [32m{tx}: Load 6[39m
2026-02-04 13:27:22.463 [32minfo[39m [32m{tx}: Load 7[39m
2026-02-04 13:27:22.463 [32minfo[39m [32m{tx}: Fetching Data[39m
2026-02-04 13:27:22.463 [32minfo[39m [32m{tx}: Downloaded 0 kB[39m
2026-02-04 13:27:22.463 [32minfo[39m [32m{tx}: Loading Code Systems[39m
2026-02-04 13:27:22.464 [32minfo[39m [32m{tx}: Time  System                                            Version                                                       Source[39m
2026-02-04 13:27:22.464 [32minfo[39m [32m{tx}: Loading Packages[39m
2026-02-04 13:27:22.464 [32minfo[39m [32m{tx}: Time  ID                  Version             CS    VS    [39m
2026-02-04 13:27:22.464 [32minfo[39m [32m{tx}: Loading Time: 0,046s[39m
2026-02-04 13:27:22.464 [32minfo[39m [32m{tx}: Memory Used: 10.88 MB[39m
2026-02-04 13:27:22.464 [32minfo[39m [32m{tx}: Library loaded successfully[39m
2026-02-04 13:27:22.464 [32minfo[39m [32m{tx}: Setting up endpoint: /tx/r5 (FHIR v5.0, context: none)[39m
2026-02-04 13:27:22.465 [32minfo[39m [32m{tx}: Loading FHIR 5.0 packages[39m
2026-02-04 13:27:22.465 [32minfo[39m [32m{tx}: Time  ID                  Version             CS    VS    [39m
2026-02-04 13:27:22.693 [32minfo[39m [32m{tx}: Resource cache pruning enabled for /tx/r5: timeout 30 minutes, check interval 5 minutes[39m
2026-02-04 13:27:22.693 [32minfo[39m [32m{tx}: Expansion cache for /tx/r5: max 1000 entries, no memory threshold[39m
2026-02-04 13:27:22.693 [32minfo[39m [32m{tx}: Endpoint /tx/r5 registered[39m
2026-02-04 13:27:22.693 [32minfo[39m [32m{tx}: TX module initialized with 1 endpoint(s)[39m
2026-02-04 13:27:22.697 [32minfo[39m [32m{tx}: [tx-1] GET json 200 1ms 139: /tx/r5/ConceptMap/$translate?url=example2&sourceSystem=http%3A%2F%2Fexample.org%2Ffhir%2Fexample1&sourceCode=code )[39m
2026-02-04 13:27:22.706 [32minfo[39m [32m{tx}: [tx-2] GET json 400 2ms 199: /tx/r5/ConceptMap/$translate?url=http%3A%2F%2Fhl7.org%2Ffhir%2FConceptMap%2Fexample&sourceCode=source-code )[39m
2026-02-04 13:27:22.709 [32minfo[39m [32m{tx}: [tx-3] GET json 400 1ms 220: /tx/r5/ConceptMap/$translate?url=http%3A%2F%2Fhl7.org%2Ffhir%2FConceptMap%2Fexample )[39m
2026-02-04 13:27:22.713 [32minfo[39m [32m{tx}: [tx-4] GET json 404 0ms 205: /tx/r5/ConceptMap/$translate?url=http%3A%2F%2Fnonexistent.org%2FConceptMap%2Ftest&sourceSystem=http%3A%2F%2Fexample.org%2Fsource&sourceCode=test )[39m
2026-02-04 13:27:22.716 [32minfo[39m [32m{tx}: [tx-5] GET json 404 1ms 210: /tx/r5/ConceptMap/$translate?sourceSystem=http%3A%2F%2Fnonexistent.org%2Fsource&sourceCode=test&targetSystem=http%3A%2F%2Fnonexistent.org%2Ftarget )[39m
2026-02-04 13:27:22.718 [32minfo[39m [32m{tx}: [tx-6] GET json 404 0ms 219: /tx/r5/ConceptMap/$translate?url=http%3A%2F%2Fhl7.org%2Ffhir%2FConceptMap%2Fexample&conceptMapVersion=1.0.0&sourceSystem=http%3A%2F%2Fexample.org%2Fsource&sourceCode=source-code )[39m
2026-02-04 13:27:22.723 [32minfo[39m [32m{tx}: [tx-7] GET json 404 0ms 205: /tx/r5/ConceptMap/$translate?url=http%3A%2F%2Fhl7.org%2Ffhir%2FConceptMap%2Fexample&sourceSystem=http%3A%2F%2Fexample.org%2Fsource&sourceCode=source-code&targetSystem=http%3A%2F%2Fexample.org%2Ftarget )[39m
2026-02-04 13:27:22.726 [32minfo[39m [32m{tx}: [tx-8] GET json 404 1ms 210: /tx/r5/ConceptMap/$translate?sourceSystem=http%3A%2F%2Fexample.org%2Fsource&sourceCode=source-code&sourceScope=http%3A%2F%2Fexample.org%2FValueSet%2Fsource-vs )[39m
2026-02-04 13:27:22.728 [32minfo[39m [32m{tx}: [tx-9] GET json 404 1ms 210: /tx/r5/ConceptMap/$translate?sourceSystem=http%3A%2F%2Fexample.org%2Fsource&sourceCode=source-code&targetScope=http%3A%2F%2Fexample.org%2FValueSet%2Ftarget-vs )[39m
2026-02-04 13:27:22.734 [32minfo[39m [32m{tx}: [tx-10] POST json 404 0ms 205: /tx/r5/ConceptMap/$translate )[39m
2026-02-04 13:27:22.736 [32minfo[39m [32m{tx}: [tx-11] POST json 404 0ms 205: /tx/r5/ConceptMap/$translate )[39m
2026-02-04 13:27:22.739 [32minfo[39m [32m{tx}: [tx-12] POST json 400 1ms 197: /tx/r5/ConceptMap/$translate )[39m
2026-02-04 13:27:22.741 [32minfo[39m [32m{tx}: [tx-13] POST json 404 1ms 205: /tx/r5/ConceptMap/$translate )[39m
2026-02-04 13:27:22.743 [32minfo[39m [32m{tx}: [tx-14] POST json 404 1ms 205: /tx/r5/ConceptMap/$translate )[39m
2026-02-04 13:27:22.745 [32minfo[39m [32m{tx}: [tx-15] POST json 404 0ms 205: /tx/r5/ConceptMap/$translate )[39m
2026-02-04 13:27:22.746 [32minfo[39m [32m{tx}: [tx-16] GET json 200 0ms 139: /tx/r5/ConceptMap/example2/$translate?system=http%3A%2F%2Fexample.org%2Fsource&sourceCode=source-code )[39m
2026-02-04 13:27:22.748 [32minfo[39m [32m{tx}: [tx-17] GET json 404 0ms 180: /tx/r5/ConceptMap/nonexistent-id/$translate?system=http%3A%2F%2Fexample.org%2Fsource&sourceCode=test )[39m
2026-02-04 13:27:22.752 [32minfo[39m [32m{tx}: [tx-18] GET json 400 0ms 220: /tx/r5/ConceptMap/example2/$translate )[39m
2026-02-04 13:27:22.754 [32minfo[39m [32m{tx}: [tx-19] POST json 404 0ms 173: /tx/r5/ConceptMap/example/$translate )[39m
2026-02-04 13:27:22.756 [32minfo[39m [32m{tx}: [tx-20] POST json 404 0ms 173: /tx/r5/ConceptMap/example/$translate )[39m
2026-02-04 13:27:22.758 [32minfo[39m [32m{tx}: [tx-21] GET json 400 1ms 199: /tx/r5/ConceptMap/$translate?url=http%3A%2F%2Fhl7.org%2Ffhir%2FConceptMap%2Fexample&system=http%3A%2F%2Fexample.org%2Fsource&sourceCode=source-code )[39m
2026-02-04 13:27:22.761 [32minfo[39m [32m{tx}: [tx-22] GET json 400 0ms 199: /tx/r5/ConceptMap/$translate?url=http%3A%2F%2Fhl7.org%2Ffhir%2FConceptMap%2Fexample&system=http%3A%2F%2Fexample.org%2Fsource&sourceCode=unmapped-code )[39m
2026-02-04 13:27:22.763 [32minfo[39m [32m{tx}: [tx-23] GET json 400 0ms 199: /tx/r5/ConceptMap/$translate?url=http%3A%2F%2Fhl7.org%2Ffhir%2FConceptMap%2Fexample&system=http%3A%2F%2Fexample.org%2Fsource&sourceCode=source-code )[39m
2026-02-04 13:27:22.765 [32minfo[39m [32m{tx}: [tx-24] GET json 400 1ms 199: /tx/r5/ConceptMap/$translate?url=http%3A%2F%2Fhl7.org%2Ffhir%2FConceptMap%2Fexample&system=http%3A%2F%2Fexample.org%2Fsource&sourceCode=source-code )[39m
2026-02-04 13:27:22.767 [32minfo[39m [32m{tx}: [tx-25] POST json 400 0ms 197: /tx/r5/ConceptMap/$translate )[39m
2026-02-04 13:27:22.769 [32minfo[39m [32m{tx}: [tx-26] POST json 404 0ms 205: /tx/r5/ConceptMap/$translate )[39m
2026-02-04 13:27:22.771 [32minfo[39m [32m{tx}: [tx-27] POST json 404 0ms 205: /tx/r5/ConceptMap/$translate )[39m
2026-02-04 13:27:22.773 [32minfo[39m [32m{tx}: [tx-28] POST json 404 0ms 205: /tx/r5/ConceptMap/$translate )[39m
2026-02-04 13:27:22.773 [32minfo[39m [32m{tx}: Shutting down TX module[39m
2026-02-04 13:27:22.774 [32minfo[39m [32m{tx}: TX module shut down[39m
PASS tests/tx/translate.test.js
  ΓùÅ Console

    console.log
      2026-02-04 13:27:22.355 [32minfo[39m [32mLogger initialized @ C:\work\ImplementationGuides\nodeserver\data\logs[39m

      at Console.log (node_modules/winston/lib/winston/transports/console.js:87:23)

2026-02-04 13:27:23.005 [32minfo[39m [32m{tx}: Initializing TX module[39m
2026-02-04 13:27:23.006 [32minfo[39m [32m{tx}: Loading language definitions from: C:\work\ImplementationGuides\nodeserver\tx\data\lang.dat[39m
2026-02-04 13:27:23.023 [32minfo[39m [32m{tx}: Language definitions loaded[39m
2026-02-04 13:27:23.024 [32minfo[39m [32m{tx}: Loading translations from: C:\work\ImplementationGuides\nodeserver\translations[39m
2026-02-04 13:27:23.059 [32minfo[39m [32m{tx}: I18n support initialized[39m
2026-02-04 13:27:23.059 [32minfo[39m [32m{tx}: Loading library from: C:\work\ImplementationGuides\nodeserver\tests\tx\fixtures\test-library.yaml[39m
2026-02-04 13:27:23.059 [32minfo[39m [32m{tx}: Load...[39m
2026-02-04 13:27:23.059 [32minfo[39m [32m{tx}: Load 1[39m
2026-02-04 13:27:23.075 [32minfo[39m [32m{tx}: Load 2[39m
2026-02-04 13:27:23.075 [32minfo[39m [32m{tx}: Load 3[39m
2026-02-04 13:27:23.107 [32minfo[39m [32m{tx}: Load 4[39m
2026-02-04 13:27:23.107 [32minfo[39m [32m{tx}: Load 5[39m
2026-02-04 13:27:23.108 [32minfo[39m [32m{tx}: Load 6[39m
2026-02-04 13:27:23.109 [32minfo[39m [32m{tx}: Load 7[39m
2026-02-04 13:27:23.109 [32minfo[39m [32m{tx}: Fetching Data[39m
2026-02-04 13:27:23.109 [32minfo[39m [32m{tx}: Downloaded 0 kB[39m
2026-02-04 13:27:23.109 [32minfo[39m [32m{tx}: Loading Code Systems[39m
2026-02-04 13:27:23.109 [32minfo[39m [32m{tx}: Time  System                                            Version                                                       Source[39m
2026-02-04 13:27:23.109 [32minfo[39m [32m{tx}: Loading Packages[39m
2026-02-04 13:27:23.109 [32minfo[39m [32m{tx}: Time  ID                  Version             CS    VS    [39m
2026-02-04 13:27:23.109 [32minfo[39m [32m{tx}: Loading Time: 0,05s[39m
2026-02-04 13:27:23.109 [32minfo[39m [32m{tx}: Memory Used: 9.27 MB[39m
2026-02-04 13:27:23.109 [32minfo[39m [32m{tx}: Library loaded successfully[39m
2026-02-04 13:27:23.109 [32minfo[39m [32m{tx}: Setting up endpoint: /tx/r5 (FHIR v5.0, context: none)[39m
2026-02-04 13:27:23.109 [32minfo[39m [32m{tx}: Loading FHIR 5.0 packages[39m
2026-02-04 13:27:23.109 [32minfo[39m [32m{tx}: Time  ID                  Version             CS    VS    [39m
2026-02-04 13:27:23.336 [32minfo[39m [32m{tx}: Resource cache pruning enabled for /tx/r5: timeout 30 minutes, check interval 5 minutes[39m
2026-02-04 13:27:23.336 [32minfo[39m [32m{tx}: Expansion cache for /tx/r5: max 1000 entries, no memory threshold[39m
2026-02-04 13:27:23.336 [32minfo[39m [32m{tx}: Endpoint /tx/r5 registered[39m
2026-02-04 13:27:23.336 [32minfo[39m [32m{tx}: TX module initialized with 1 endpoint(s)[39m
2026-02-04 13:27:23.339 [32minfo[39m [32m{tx}: [tx-1] GET json 200 0ms 87: /tx/r5/CodeSystem/$subsumes?system=http%3A%2F%2Fhl7.org%2Ffhir%2Fadministrative-gender&codeA=male&codeB=male (AdministrativeGender))[39m
2026-02-04 13:27:23.344 [32minfo[39m [32m{tx}: [tx-2] GET json 404 2ms 200: /tx/r5/CodeSystem/$subsumes?codeA=male&codeB=female (error undefined))[39m
2026-02-04 13:27:23.346 [32minfo[39m [32m{tx}: [tx-3] GET json 400 0ms 214: /tx/r5/CodeSystem/$subsumes?system=http%3A%2F%2Fhl7.org%2Ffhir%2Fadministrative-gender&codeB=male (error undefined))[39m
2026-02-04 13:27:23.349 [32minfo[39m [32m{tx}: [tx-4] GET json 400 1ms 214: /tx/r5/CodeSystem/$subsumes?system=http%3A%2F%2Fhl7.org%2Ffhir%2Fadministrative-gender&codeA=male (error undefined))[39m
2026-02-04 13:27:23.351 [32minfo[39m [32m{tx}: [tx-5] GET json 404 1ms 489: /tx/r5/CodeSystem/$subsumes?system=http%3A%2F%2Fnonexistent.org%2Fcodesystem&codeA=a&codeB=b (error UNKNOWN_CODESYSTEM_EXP))[39m
2026-02-04 13:27:23.353 [32minfo[39m [32m{tx}: [tx-6] GET json 404 0ms 202: /tx/r5/CodeSystem/$subsumes?system=http%3A%2F%2Fhl7.org%2Ffhir%2Fadministrative-gender&codeA=nonexistent-code&codeB=male (error undefined))[39m
2026-02-04 13:27:23.358 [32minfo[39m [32m{tx}: [tx-7] GET json 404 0ms 202: /tx/r5/CodeSystem/$subsumes?system=http%3A%2F%2Fhl7.org%2Ffhir%2Fadministrative-gender&codeA=male&codeB=nonexistent-code (error undefined))[39m
2026-02-04 13:27:23.363 [32minfo[39m [32m{tx}: [tx-8] POST json 200 0ms 89: /tx/r5/CodeSystem/$subsumes (AdministrativeGender))[39m
2026-02-04 13:27:23.365 [32minfo[39m [32m{tx}: [tx-9] POST json 200 0ms 89: /tx/r5/CodeSystem/$subsumes (AdministrativeGender))[39m
2026-02-04 13:27:23.368 [32minfo[39m [32m{tx}: [tx-10] POST json 400 1ms 190: /tx/r5/CodeSystem/$subsumes (error undefined))[39m
2026-02-04 13:27:23.371 [32minfo[39m [32m{tx}: [tx-11] GET json 200 1ms 89: /tx/r5/CodeSystem/administrative-gender/$subsumes?codeA=male&codeB=female )[39m
2026-02-04 13:27:23.373 [32minfo[39m [32m{tx}: [tx-12] GET json 404 0ms 180: /tx/r5/CodeSystem/nonexistent-id/$subsumes?codeA=a&codeB=b )[39m
2026-02-04 13:27:23.376 [32minfo[39m [32m{tx}: [tx-13] GET json 400 0ms 214: /tx/r5/CodeSystem/administrative-gender/$subsumes )[39m
2026-02-04 13:27:23.378 [32minfo[39m [32m{tx}: [tx-14] POST json 200 0ms 89: /tx/r5/CodeSystem/administrative-gender/$subsumes )[39m
2026-02-04 13:27:23.379 [32minfo[39m [32m{tx}: [tx-15] GET json 200 0ms 89: /tx/r5/CodeSystem/$subsumes?system=http%3A%2F%2Fhl7.org%2Ffhir%2Fadministrative-gender&codeA=male&codeB=female (AdministrativeGender))[39m
2026-02-04 13:27:23.381 [32minfo[39m [32m{tx}: [tx-16] GET json 200 0ms 89: /tx/r5/CodeSystem/$subsumes?system=http%3A%2F%2Fhl7.org%2Ffhir%2Fadministrative-gender&codeA=male&codeB=female (AdministrativeGender))[39m
2026-02-04 13:27:23.382 [32minfo[39m [32m{tx}: Shutting down TX module[39m
2026-02-04 13:27:23.382 [32minfo[39m [32m{tx}: TX module shut down[39m
PASS tests/tx/subsumes.test.js
  ΓùÅ Console

    console.log
      2026-02-04 13:27:22.998 [32minfo[39m [32mLogger initialized @ C:\work\ImplementationGuides\nodeserver\data\logs[39m

      at Console.log (node_modules/winston/lib/winston/transports/console.js:87:23)

2026-02-04 13:27:23.635 [32minfo[39m [32m{tx}: Initializing TX module[39m
2026-02-04 13:27:23.635 [32minfo[39m [32m{tx}: Loading language definitions from: C:\work\ImplementationGuides\nodeserver\tx\data\lang.dat[39m
2026-02-04 13:27:23.655 [32minfo[39m [32m{tx}: Language definitions loaded[39m
2026-02-04 13:27:23.655 [32minfo[39m [32m{tx}: Loading translations from: C:\work\ImplementationGuides\nodeserver\translations[39m
2026-02-04 13:27:23.690 [32minfo[39m [32m{tx}: I18n support initialized[39m
2026-02-04 13:27:23.690 [32minfo[39m [32m{tx}: Loading library from: C:\work\ImplementationGuides\nodeserver\tests\tx\fixtures\test-library.yaml[39m
2026-02-04 13:27:23.690 [32minfo[39m [32m{tx}: Load...[39m
2026-02-04 13:27:23.690 [32minfo[39m [32m{tx}: Load 1[39m
2026-02-04 13:27:23.703 [32minfo[39m [32m{tx}: Load 2[39m
2026-02-04 13:27:23.703 [32minfo[39m [32m{tx}: Load 3[39m
2026-02-04 13:27:23.734 [32minfo[39m [32m{tx}: Load 4[39m
2026-02-04 13:27:23.734 [32minfo[39m [32m{tx}: Load 5[39m
2026-02-04 13:27:23.735 [32minfo[39m [32m{tx}: Load 6[39m
2026-02-04 13:27:23.736 [32minfo[39m [32m{tx}: Load 7[39m
2026-02-04 13:27:23.736 [32minfo[39m [32m{tx}: Fetching Data[39m
2026-02-04 13:27:23.736 [32minfo[39m [32m{tx}: Downloaded 0 kB[39m
2026-02-04 13:27:23.736 [32minfo[39m [32m{tx}: Loading Code Systems[39m
2026-02-04 13:27:23.736 [32minfo[39m [32m{tx}: Time  System                                            Version                                                       Source[39m
2026-02-04 13:27:23.736 [32minfo[39m [32m{tx}: Loading Packages[39m
2026-02-04 13:27:23.736 [32minfo[39m [32m{tx}: Time  ID                  Version             CS    VS    [39m
2026-02-04 13:27:23.737 [32minfo[39m [32m{tx}: Loading Time: 0,046s[39m
2026-02-04 13:27:23.737 [32minfo[39m [32m{tx}: Memory Used: 6.01 MB[39m
2026-02-04 13:27:23.737 [32minfo[39m [32m{tx}: Library loaded successfully[39m
2026-02-04 13:27:23.737 [32minfo[39m [32m{tx}: Setting up endpoint: /tx/r5 (FHIR v5.0, context: none)[39m
2026-02-04 13:27:23.737 [32minfo[39m [32m{tx}: Loading FHIR 5.0 packages[39m
2026-02-04 13:27:23.737 [32minfo[39m [32m{tx}: Time  ID                  Version             CS    VS    [39m
2026-02-04 13:27:24.032 [32minfo[39m [32m{tx}: Resource cache pruning enabled for /tx/r5: timeout 30 minutes, check interval 5 minutes[39m
2026-02-04 13:27:24.032 [32minfo[39m [32m{tx}: Expansion cache for /tx/r5: max 1000 entries, no memory threshold[39m
2026-02-04 13:27:24.033 [32minfo[39m [32m{tx}: Endpoint /tx/r5 registered[39m
2026-02-04 13:27:24.033 [32minfo[39m [32m{tx}: TX module initialized with 1 endpoint(s)[39m
2026-02-04 13:27:24.036 [32minfo[39m [32m{tx}: [tx-1] GET json 200 1ms 5399: /tx/r5/CodeSystem/administrative-gender )[39m
2026-02-04 13:27:24.039 [32minfo[39m [32m{tx}: [tx-2] GET json 404 0ms 138: /tx/r5/CodeSystem/non-existent-id )[39m
2026-02-04 13:27:24.041 [32minfo[39m [32m{tx}: [tx-3] GET json 200 0ms 5399: /tx/r5/CodeSystem/administrative-gender )[39m
2026-02-04 13:27:24.043 [32minfo[39m [32m{tx}: [tx-4] GET json 200 0ms 1717: /tx/r5/ValueSet/administrative-gender )[39m
2026-02-04 13:27:24.045 [32minfo[39m [32m{tx}: [tx-5] GET json 404 0ms 136: /tx/r5/ValueSet/non-existent-id )[39m
2026-02-04 13:27:24.049 [32minfo[39m [32m{tx}: [tx-6] PUT json 405 0ms 133: /tx/r5/CodeSystem/administrative-gender )[39m
2026-02-04 13:27:24.055 [32minfo[39m [32m{tx}: [tx-7] DELETE json 405 0ms 136: /tx/r5/CodeSystem/administrative-gender )[39m
2026-02-04 13:27:24.056 [32minfo[39m [32m{tx}: Shutting down TX module[39m
2026-02-04 13:27:24.056 [32minfo[39m [32m{tx}: TX module shut down[39m
PASS tests/tx/read.test.js
  ΓùÅ Console

    console.log
      2026-02-04 13:27:23.628 [32minfo[39m [32mLogger initialized @ C:\work\ImplementationGuides\nodeserver\data\logs[39m

      at Console.log (node_modules/winston/lib/winston/transports/console.js:87:23)

2026-02-04 13:27:24.274 [32minfo[39m [32m{tx}: Initializing TX module[39m
2026-02-04 13:27:24.275 [32minfo[39m [32m{tx}: Loading language definitions from: C:\work\ImplementationGuides\nodeserver\tx\data\lang.dat[39m
2026-02-04 13:27:24.292 [32minfo[39m [32m{tx}: Language definitions loaded[39m
2026-02-04 13:27:24.293 [32minfo[39m [32m{tx}: Loading translations from: C:\work\ImplementationGuides\nodeserver\translations[39m
2026-02-04 13:27:24.329 [32minfo[39m [32m{tx}: I18n support initialized[39m
2026-02-04 13:27:24.329 [32minfo[39m [32m{tx}: Loading library from: C:\work\ImplementationGuides\nodeserver\tests\tx\fixtures\test-library.yaml[39m
2026-02-04 13:27:24.330 [32minfo[39m [32m{tx}: Load...[39m
2026-02-04 13:27:24.330 [32minfo[39m [32m{tx}: Load 1[39m
2026-02-04 13:27:24.346 [32minfo[39m [32m{tx}: Load 2[39m
2026-02-04 13:27:24.346 [32minfo[39m [32m{tx}: Load 3[39m
2026-02-04 13:27:24.377 [32minfo[39m [32m{tx}: Load 4[39m
2026-02-04 13:27:24.377 [32minfo[39m [32m{tx}: Load 5[39m
2026-02-04 13:27:24.378 [32minfo[39m [32m{tx}: Load 6[39m
2026-02-04 13:27:24.379 [32minfo[39m [32m{tx}: Load 7[39m
2026-02-04 13:27:24.379 [32minfo[39m [32m{tx}: Fetching Data[39m
2026-02-04 13:27:24.379 [32minfo[39m [32m{tx}: Downloaded 0 kB[39m
2026-02-04 13:27:24.379 [32minfo[39m [32m{tx}: Loading Code Systems[39m
2026-02-04 13:27:24.379 [32minfo[39m [32m{tx}: Time  System                                            Version                                                       Source[39m
2026-02-04 13:27:24.379 [32minfo[39m [32m{tx}: Loading Packages[39m
2026-02-04 13:27:24.379 [32minfo[39m [32m{tx}: Time  ID                  Version             CS    VS    [39m
2026-02-04 13:27:24.379 [32minfo[39m [32m{tx}: Loading Time: 0,049s[39m
2026-02-04 13:27:24.379 [32minfo[39m [32m{tx}: Memory Used: 3.78 MB[39m
2026-02-04 13:27:24.380 [32minfo[39m [32m{tx}: Library loaded successfully[39m
2026-02-04 13:27:24.380 [32minfo[39m [32m{tx}: Setting up endpoint: /tx/r5 (FHIR v5.0, context: none)[39m
2026-02-04 13:27:24.380 [32minfo[39m [32m{tx}: Loading FHIR 5.0 packages[39m
2026-02-04 13:27:24.380 [32minfo[39m [32m{tx}: Time  ID                  Version             CS    VS    [39m
2026-02-04 13:27:24.607 [32minfo[39m [32m{tx}: Resource cache pruning enabled for /tx/r5: timeout 30 minutes, check interval 5 minutes[39m
2026-02-04 13:27:24.608 [32minfo[39m [32m{tx}: Expansion cache for /tx/r5: max 1000 entries, no memory threshold[39m
2026-02-04 13:27:24.608 [32minfo[39m [32m{tx}: Endpoint /tx/r5 registered[39m
2026-02-04 13:27:24.608 [32minfo[39m [32m{tx}: TX module initialized with 1 endpoint(s)[39m
2026-02-04 13:27:24.612 [32minfo[39m [32m{tx}: [tx-1] GET json 200 0ms 3939: /tx/r5/metadata )[39m
2026-02-04 13:27:24.614 [32minfo[39m [32m{tx}: [tx-2] GET json 200 0ms 3939: /tx/r5/metadata )[39m
2026-02-04 13:27:24.616 [32minfo[39m [32m{tx}: [tx-3] GET json 200 0ms 3939: /tx/r5/metadata )[39m
2026-02-04 13:27:24.618 [32minfo[39m [32m{tx}: [tx-4] GET json 200 0ms 147: /tx/r5/ )[39m
2026-02-04 13:27:24.620 [32minfo[39m [32m{tx}: [tx-5] GET json 200 0ms 3939: /tx/r5/metadata )[39m
2026-02-04 13:27:24.626 [32minfo[39m [32m{tx}: [tx-7] GET json 200 0ms 3939: /tx/r5/metadata )[39m
2026-02-04 13:27:24.629 [32minfo[39m [32m{tx}: [tx-8] GET json 200 0ms 3939: /tx/r5/metadata )[39m
2026-02-04 13:27:24.630 [32minfo[39m [32m{tx}: [tx-9] GET json 200 0ms 3939: /tx/r5/metadata )[39m
2026-02-04 13:27:24.635 [32minfo[39m [32m{tx}: [tx-11] GET json 404 1ms 139: /tx/r5/CodeSystem/$unknown-operation )[39m
2026-02-04 13:27:24.636 [32minfo[39m [32m{tx}: Shutting down TX module[39m
2026-02-04 13:27:24.636 [32minfo[39m [32m{tx}: TX module shut down[39m
PASS tests/tx/tx-module.test.js
  ΓùÅ Console

    console.log
      2026-02-04 13:27:24.268 [32minfo[39m [32mLogger initialized @ C:\work\ImplementationGuides\nodeserver\data\logs[39m

      at Console.log (node_modules/winston/lib/winston/transports/console.js:87:23)

Creating database tables...
Database tables created
Creating lookup tables...
Lookup tables created
PASS tests/cs/cs-ndc.test.js
PASS tests/cs/cs-cs.test.js
Parse "404684003 |Clinical finding|": true ()
Parse "*": true ()
Parse "< 404684003 |Clinical finding|": true ()
Parse "<< 11687002 |Gestational diabetes mellitus|": true ()
Parse "<! 404684003 |Clinical finding|": true ()
Parse "<<!11687002 |Gestational diabetes mellitus|": true ()
Parse "> 371067004 |Hepatopulmonary syndrome|": true ()
Parse ">> 371067004 |Hepatopulmonary syndrome|": true ()
Parse ">! 371067004 |Hepatopulmonary syndrome|": true ()
Parse ">>! 371067004 |Hepatopulmonary syndrome|": true ()
Parse "^ 192008 |Congenital syphilitic hepatomegaly|": true ()
Parse "<< 362965005 |Disorder of body system| AND << 302292003 |Finding of trunk structure|": true ()
Parse "<< 362965005 |Disorder of body system| OR << 302292003 |Finding of trunk structure|": true ()
Parse "<< 362965005 |Disorder of body system| MINUS << 302292003 |Finding of trunk structure|": true ()
Parse "<< 404684003 |Clinical finding| AND ^ 192008 |Congenital syphilitic hepatomegaly|": true ()
Parse "<< 404684003 |Clinical finding|: 363698007 |Finding site| = << 39057004 |Pulmonary valve structure|": true ()
Parse "<< 404684003 |Clinical finding|: 116676008 |Associated morphology| = << 415582006 |Stenosis|": true ()
Parse "<< 404684003 |Clinical finding|: 363698007 |Finding site| = << 39057004 |Pulmonary valve structure|, 116676008 |Associated morphology| = << 415582006 |Stenosis|": true ()
Parse "<< 404684003 |Clinical finding|: 116676008 |Associated morphology| = (<< 19921004 |Crushing injury| OR << 50960005 |Hemorrhage|)": true ()
Parse "<< 404684003 |Clinical finding|: 47429007 |Associated with| = (<< 404684003 |Clinical finding|: 116676008 |Associated morphology| = << 55641003 |Infarct|)": true ()
Parse "<< 404684003 |Clinical finding|: {363698007 |Finding site| = << 39057004 |Pulmonary valve structure|, 116676008 |Associated morphology| = << 415582006 |Stenosis|}": true ()
Parse "<< 404684003 |Clinical finding|: {363698007 |Finding site| = << 39057004 |Pulmonary valve structure|, 116676008 |Associated morphology| = << 415582006 |Stenosis|}, {363698007 |Finding site| = << 73829009 |Right atrial structure|, 116676008 |Associated morphology| = << 56246009 |Hypertrophy|}": true ()
Parse "<< 72704001 |Fracture|.363698007 |Finding site|": true ()
Parse "<< 404684003 |Clinical finding|.363698007 |Finding site|.272741003 |Laterality|": true ()
Parse "<< 406459008 |Halibut liver oil product|: 411116001 |Has manufactured dose form| = << 420692007 |Conventional release oral capsule|, {732943007 |Has basis of strength substance| = (776168003 |Product containing only halibut liver oil (medicinal product)|: 732943007 |Has basis of strength substance| >= #500, 767525000 |Unit| = 258684004 |mg|)}": true ()
Parse "<< 404684003 |Clinical finding|": true ()
Parse "<< 243796009 |Situation with explicit context|": true ()
Parse "<< 272379006 |Event|": true ()
Parse "<< 11687002 |Gestational diabetes mellitus|": true ()
Parse "<< 72704001 |Fracture|": true ()
Parse "<< 362965005 |Disorder of body system|": true ()
Parse "<< 404684003 |Clinical finding|: 116676008 |Associated morphology| = << 72704001 |Fracture|": true ()
Parse "<< 404684003 |Clinical finding|: 363698007 |Finding site| = << 23416004 |Bone structure of ulna|": true ()
Parse "<< 373873005 |Pharmaceutical / biologic product|": true ()
Parse "<< 373873005 |Pharmaceutical / biologic product|: 127489000 |Has active ingredient| = << 406459008 |Halibut liver oil product|": true ()
Parse "<< 373873005 |Pharmaceutical / biologic product|: [1..3] 127489000 |Has active ingredient| = << 105590001 |Substance|": true ()
Parse "<< 362965005 |Disorder of body system| AND << 302292003 |Finding of trunk structure|": true ()
Parse "<< 404684003 |Clinical finding|: 116676008 |Associated morphology| = (<< 4532008 |Acute inflammation| OR << 50960005 |Hemorrhage|)": true ()
Parse "<< 362965005 |Disorder of body system| MINUS ^ 192008 |Congenital syphilitic hepatomegaly|": true ()
Parse "(<< 404684003 |Clinical finding|: 116676008 |Associated morphology| = << 4532008 |Acute inflammation|) AND (<< 404684003 |Clinical finding|: 363698007 |Finding site| = << 23416004 |Bone structure of ulna|)": true ()
Parse "^ 192008 |Congenital syphilitic hepatomegaly|": true ()
Parse "^ 900000000000509007 |United States of America English language reference set|": true ()
Parse "^(<< 900000000000526001 |REPLACED BY association reference set|)": true ()
Parse "< <": false (Parser error at token 1: Expected concept reference or wildcard. Current token: CHILD_OF(<))
Parse "404684003 |": false (Lexer error at position 11: Unterminated term - missing closing |)
Parse ": 363698007": false (Parser error at token 0: Expected concept reference or wildcard. Current token: COLON(:))
Parse "404684003 AND": false (Parser error at token 2: Expected concept reference or wildcard. Current token: EOF(null))
Parse "{363698007 =": false (Parser error at token 0: Expected concept reference or wildcard. Current token: LBRACE({))
Parse "404684003 |Clinical finding| :": false (Parser error at token 3: Expected concept reference or wildcard. Current token: EOF(null))
Parse "<< AND >>": false (Parser error at token 1: Expected concept reference or wildcard. Current token: AND(AND))
Parse "^ ^ 192008": false (Parser error at token 1: Expected concept reference or wildcard. Current token: MEMBER_OF(^))
Parse "404684003 |Clinical finding| |": false (Lexer error at position 30: Unterminated term - missing closing |)
Parse "(404684003 |Clinical finding|)": true ()
Parse "((404684003 |Clinical finding|))": true ()
Parse "(<< 404684003 |Clinical finding| AND (<< 11687002 |Gestational diabetes mellitus| OR << 72704001 |Fracture|))": true ()
Parse "
        (<< 404684003 |Clinical finding|: 
          {363698007 |Finding site| = << 39057004 |Pulmonary valve structure|, 
           116676008 |Associated morphology| = << 415582006 |Stenosis|}, 
          {363698007 |Finding site| = << 73829009 |Right atrial structure|, 
           116676008 |Associated morphology| = << 56246009 |Hypertrophy|}) 
        AND 
        (<< 373873005 |Pharmaceutical / biologic product|: 
          [1..3] 127489000 |Has active ingredient| = << 105590001 |Substance|)
      ": true ()
Parse "<< 404684003 |Clinical finding|: 47429007 |Associated with| = (<< 404684003 |Clinical finding|: 116676008 |Associated morphology| = << 55641003 |Infarct|)": true ()
Parse "^(<< 192008 |Congenital syphilitic hepatomegaly|)": true ()
Parse "(<< 404684003 |Clinical finding| AND << 11687002 |Gestational diabetes mellitus|) OR (<< 72704001 |Fracture| AND << 23416004 |Bone structure of ulna|)": true ()
Parse "<< 404684003 |Clinical finding| AND << 11687002 |Gestational diabetes mellitus| OR << 72704001 |Fracture|": true ()
Parse "<< 404684003 |Clinical finding| OR << 11687002 |Gestational diabetes mellitus| AND << 72704001 |Fracture|": true ()
Parse "<< 404684003 |Clinical finding| MINUS << 11687002 |Gestational diabetes mellitus| AND << 72704001 |Fracture|": true ()
Parse "<< 404684003 |Clinical finding|: 363698007 |Finding site| != << 39057004 |Pulmonary valve structure|": true ()
Parse "<< 406459008 |Halibut liver oil product|: 732943007 |Has basis of strength substance| >= #500": true ()
Parse "<< 406459008 |Halibut liver oil product|: 732943007 |Has basis of strength substance| <= #1000": true ()
Parse "<< 406459008 |Halibut liver oil product|: 732943007 |Has basis of strength substance| > #250": true ()
Parse "<< 406459008 |Halibut liver oil product|: 732943007 |Has basis of strength substance| < #1500": true ()
Parse "11687002 |Gestational diabetes mellitus|": true ()
Parse "11687002 |Wrong term here|": false (Term "Wrong term here" does not match any active description for concept 11687002. Expected term like "Gestational diabetes mellitus" or from Gestational diabetes mellitus,Gestational diabetes mellitus, NOS,GDM,Gestational diabetes mellitus (disorder),Gestational diabetes,Maternal gestational diabetes mellitus,Diabetes mellitus arising in pregnancy,GDM - Gestational diabetes mellitus,GDM - gestational diabetes mellitus)
Parse "'11687002'": true ()
Parse "<< 11687002 |Gestational diabetes mellitus| AND << 404684003 |Wrong clinical finding term|": false (Term "Wrong clinical finding term" does not match any active description for concept 404684003. Expected term like "Clinical finding (finding)" or from Clinical finding (finding),Clinical finding)
Parse "<< 404684003 |Clinical finding|: 116676008 |Wrong morphology term| = 72704001 |Fracture|": false (Term "Wrong morphology term" does not match any active description for concept 116676008. Expected term like "Associated morphology" or from Associated morphology,Associated morphology (attribute),Morphology)
Semantic warning: Attribute 260686004 |Method| is not typically used with concepts outside of: Procedure
PASS tests/cs/cs-snomed-ecl.test.js
Γ£ô Blood glucose: mg/dL ΓåÆ (milligram) / (deciliter)
Γ£ô Blood glucose (SI): mmol/L ΓåÆ (millimole) / (liter)
Γ£ô Hemoglobin: g/dL ΓåÆ (gram) / (deciliter)
Γ£ô Hemoglobin (SI): g/L ΓåÆ (gram) / (liter)
Γ£ô Red blood cell count: 10*12/L ΓåÆ (the number ten for arbitrary powers ^ 12) / (liter)
Γ£ô White blood cell count: 10*9/L ΓåÆ (the number ten for arbitrary powers ^ 9) / (liter)
Γ£ô Mean corpuscular volume: fL ΓåÆ (femtoliter)
Γ£ô Mean corpuscular hemoglobin: pg ΓåÆ (picogram)
Γ£ô Total protein: g/L ΓåÆ (gram) / (liter)
Γ£ô Creatinine: mmol/L ΓåÆ (millimole) / (liter)
Γ£ô Creatinine (micro): umol/L ΓåÆ (micromole) / (liter)
Γ£ù mg: ERROR - provider.analyzeUnit is not a function
Γ£ù mg/kg: ERROR - provider.analyzeUnit is not a function
Γ£ù mg/(kg.d): ERROR - provider.analyzeUnit is not a function
Γ£ù mg/m2: ERROR - provider.analyzeUnit is not a function
Γ£ù mL/h: ERROR - provider.analyzeUnit is not a function
Γ£ù ug/min: ERROR - provider.analyzeUnit is not a function
Γ£ù mg/dL: ERROR - provider.analyzeUnit is not a function
Γ£ù mmol/L: ERROR - provider.analyzeUnit is not a function
Γ£ù mg/kg/h: ERROR - provider.analyzeUnit is not a function
Γ£ù units/kg: Error processing unit 'units/kg': The unit 'units' is unknown at character 1
Γ£ù mEq/L: Error processing unit 'mEq/L': The unit 'mEq' is unknown at character 1
Γ£ô Blood Pressure: mm[Hg] ΓåÆ (millimeter of mercury column)
Γ£ô Heart Rate: /min ΓåÆ  / (minute)
Γ£ô Respiratory Rate: /min ΓåÆ  / (minute)
Γ£ô Temperature: Cel ΓåÆ (degree Celsius)
Γ£ô Temperature: [degF] ΓåÆ (degree Fahrenheit)
Γ£ô Oxygen Saturation: % ΓåÆ (percent)
Γ£ô Weight: kg ΓåÆ (kilogram)
Γ£ô Height: cm ΓåÆ (centimeter)
Γ£ô BMI: kg/m2 ΓåÆ (kilogram) / (meter ^ 2)
PASS tests/cs/cs-ucum.test.js
PASS tests/cs/cs-lang.test.js
Mimetype: text
Mimetype: text/
Mimetype: /plain
Mimetype: not-a-mime-type
Mimetype: text//
Mimetype: text/plain/
Mimetype: //
Mimetype: text plain
PASS tests/cs/cs-mimetypes.test.js
Γ£ô OMOP Version: 20240716
Γ£ô Total OMOP concepts: 1146
Γ£ô Found concept: 2 - Gender
Γ£ô Found concept: 3 - Race
Γ£ô Found concept: 4 - Ethnicity
Γ£ô Found concept: 7 - Metadata
Γ£ô Found concept: 8 - Visit
Γ£ô Concept metadata: domain=Metadata, class=Domain, standard=NS
Γ£ô Display for 2: Gender...
Γ£ô Display for 3: Race...
Γ£ô Display for 4: Ethnicity...
Γ£ô Concept 2 has undefined designations
Γ£ô Extended lookup for 2: 4 parameters
Γ£ô Extended properties for 2: 5 found
Γ£ô Relationships for 2: 0 found
Γ£ô Domain filter 'Condition': 6 concepts found
  - Iterated 5 concepts from filter
Γ£ô Domain 'Condition': 6 concepts
Γ£ô Domain 'Condition Status': 0 concepts
Γ£ô Domain 'Condition/Device': 0 concepts
Γ£ô Concept 2 in domain 'Metadata' filter: false
Γ£ô OMOP filters are closed (not infinite)
Γ£ô Translation to SNOMED CT: 0 results
ΓÜá Could not build value set for domain 'Condition': Unknown Value Domain https://fhir-terminology.ohdsi.org/ValueSet/omop-domain-Condition
Γ£ô Registered 10 concept maps (5 to-, 5 from-)
Γ£ô Domain distribution: { Condition: 6, 'Condition Status': 0, 'Condition/Device': 0 }
Γ£ô Concept structure valid for 2
Γ£ô Factory use count: 1
Γ£ô Provider closed successfully
PASS tests/cs/cs-omop.test.js
PASS tests/cs/cs-currency.test.js
{
  resourceType: 'Parameters',
  parameter: [
    { name: 'result', valueBoolean: true },
    {
      name: 'system',
      valueUri: 'http://hl7.org/fhir/administrative-gender'
    },
    { name: 'code', valueCode: 'male' },
    { name: 'version', valueString: '5.0.0' },
    { name: 'display', valueString: 'Male' }
  ]
}
{
  resourceType: 'Parameters',
  parameter: [
    { name: 'result', valueBoolean: false },
    {
      name: 'system',
      valueUri: 'http://hl7.org/fhir/administrative-gender'
    },
    { name: 'code', valueCode: 'other' },
    {
      name: 'message',
      valueString: "The provided code 'http://hl7.org/fhir/administrative-gender#other' was not found in the value set 'http://hl7.org/fhir/ValueSet/administrative-gender'; Unknown code 'other' in the CodeSystem 'http://hl7.org/fhir/administrative-gender' version '5.0.0'"
    },
    { name: 'issues', resource: [Object] }
  ]
}
{
  resourceType: 'Parameters',
  parameter: [
    { name: 'result', valueBoolean: false },
    { name: 'system', valueUri: 'http://wrong-system.org' },
    {
      name: 'x-unknown-system',
      valueCanonical: 'http://wrong-system.org'
    },
    { name: 'code', valueCode: 'male' },
    {
      name: 'message',
      valueString: "A definition for CodeSystem 'http://wrong-system.org' could not be found, so the code cannot be validated; The provided code 'http://wrong-system.org#male' was not found in the value set 'http://hl7.org/fhir/ValueSet/administrative-gender'"
    },
    { name: 'issues', resource: [Object] }
  ]
}
PASS tests/tx/validate.test.js
Γ£ô Found code: 0001A
Γ£ô Found code: 1P
Γ£ô Found code: 25
Γ£ô Found code: 95
Γ£ô Found code: 99202
Γ£ô Found code: 99203
Γ£ô Found code: 99252
Γ£ô Found code: F1
Γ£ô Found code: P1
Γ£ô Display for 25: Significant, Separately Identifiable Evaluation an...
Γ£ô Display for 99202: Office or other outpatient visit for the evaluatio...
Γ£ô Display for P1: A normal healthy patient...
Γ£ô Code 0001A has undefined designations
Γ£ô Code 1P has undefined designations
Γ£ô Code 25 has undefined designations
Γ£ô Code 95 has undefined designations
Γ£ô Code 99202 has undefined designations
Γ£ô Code 99203 has undefined designations
Γ£ô Code 99252 has undefined designations
Γ£ô Code F1 has undefined designations
Γ£ô Code P1 has undefined designations
Γ£ô Extended lookup for 0001A: 8 parameters
Γ£ô Extended lookup for 1P: 3 parameters
Γ£ô Extended lookup for 25: 4 parameters
Γ£ô Extended lookup for 95: 3 parameters
Γ£ô Extended lookup for 99202: 11 parameters
Γ£ô Extended lookup for 99203: 11 parameters
Γ£ô Extended lookup for 99252: 19 parameters
Γ£ô Extended lookup for F1: 3 parameters
Γ£ô Extended lookup for P1: 3 parameters
Γ£ô Properties for 25 verified
Γ£ô Properties for 95 verified
Γ£ô Properties for 99202 verified
Γ£ô Properties for 99203 verified
Γ£ô Properties for 99252 verified
Γ£ô Properties for 0001A verified
Γ£ô Properties for P1 verified
Γ£ô Properties for 1P verified
Γ£ô Properties for F1 verified
Γ£ô Parsed expression: 99202:25
Γ£ô Parsed expression: 99203:95
Γ£ô Parsed expression: 0001A:25
Γ£ô Parsed expression: 0001A:1P
Γ£ô Rejected invalid expression: 99202:50 - Modifier CPT code '50' not found
Γ£ô Rejected invalid expression: 99999:25 - Base CPT Code '99999' not found
Γ£ô Rejected invalid expression: 99202:99 - Modifier CPT code '99' not found
Γ£ô Rejected invalid expression: 95:99202 - The code 99202 cannot be used as a modifier
Γ£ô Extended lookup for expression 99202:25: 14 parameters
25,95,P1,1P,F1,,25,95,P1,1P,F1
Γ£ô Modifier filter (true): found 1P, 25, 95, F1, P1
99202,99203,99252,0001A,,99202,99203,99252,0001A
Γ£ô Modifier filter (false): found 0001A, 99202, 99203, 99252
99202,99203,99252,,99202,99203,99252
Γ£ô Kind filter (code): found 99202, 99203, 99252
0001A,1P,,0001A,1P
Γ£ô Kind filter (cat-2): found 0001A, 1P
25,95,,25,95
Γ£ô Kind filter (general): found 25, 95
99202,99203,99252,0001A,25,95,P1,1P,F1,,99202,99203,99252,0001A,25,95,P1,1P,F1
Γ£ô Modified filter (false): 9 codes (all)

Γ£ô Modified filter (true): 0 codes (empty, not closed)
25,95,P1,1P,F1,,25,95,P1,1P,F1
Γ£ô Located code 1P in modifier filter
99202,99203,99252,0001A,,99202,99203,99252,0001A
Γ£ô Filter check working correctly

Γ£ô Expressions handled correctly in non-closed filters
Γ£ô Iterated all 9 codes
Γ£ô Empty iterator for specific context
Γ£ô Telemedicine modifier validation works
25,95,P1,1P,F1,,25,95,P1,1P,F1
Γ£ô Filter cleanup completed successfully
Γ£ô Factory use count: 1
Γ£ô Provider closed successfully
PASS tests/cs/cs-cpt.test.js
PASS tests/cs/cs-usstates.test.js
PASS tests/library/languages.test.js
PASS tests/cs/cs-country.test.js
PASS tests/cs/cs-areacode.test.js
PASS tests/tx/worker.test.js
PASS tests/tx/designations.test.js
PASS tests/library/codesystem.test.js
Warning: Could not load rendering-phrases.properties: ENOENT: no such file or directory, open 'C:\work\ImplementationGuides\nodeserver\tests\translations\rendering-phrases.properties'
Warning: Could not load rendering-phrases.properties: ENOENT: no such file or directory, open 'C:\work\ImplementationGuides\nodeserver\tests\translations\rendering-phrases.properties'
Warning: Could not load rendering-phrases.properties: ENOENT: no such file or directory, open 'C:\work\ImplementationGuides\nodeserver\tests\translations\rendering-phrases.properties'
Warning: Could not load rendering-phrases.properties: ENOENT: no such file or directory, open 'C:\work\ImplementationGuides\nodeserver\tests\translations\rendering-phrases.properties'
Warning: Could not load rendering-phrases.properties: ENOENT: no such file or directory, open 'C:\work\ImplementationGuides\nodeserver\tests\translations\rendering-phrases.properties'
Warning: Could not load rendering-phrases.properties: ENOENT: no such file or directory, open 'C:\work\ImplementationGuides\nodeserver\tests\translations\rendering-phrases.properties'
Warning: Could not load rendering-phrases.properties: ENOENT: no such file or directory, open 'C:\work\ImplementationGuides\nodeserver\tests\translations\rendering-phrases.properties'
Warning: Could not load rendering-phrases.properties: ENOENT: no such file or directory, open 'C:\work\ImplementationGuides\nodeserver\tests\translations\rendering-phrases.properties'
Warning: Could not load rendering-phrases.properties: ENOENT: no such file or directory, open 'C:\work\ImplementationGuides\nodeserver\tests\translations\rendering-phrases.properties'
Warning: Could not load rendering-phrases.properties: ENOENT: no such file or directory, open 'C:\work\ImplementationGuides\nodeserver\tests\translations\rendering-phrases.properties'
Warning: Could not load rendering-phrases.properties: ENOENT: no such file or directory, open 'C:\work\ImplementationGuides\nodeserver\tests\translations\rendering-phrases.properties'
Warning: Could not load rendering-phrases.properties: ENOENT: no such file or directory, open 'C:\work\ImplementationGuides\nodeserver\tests\translations\rendering-phrases.properties'
Warning: Could not load rendering-phrases.properties: ENOENT: no such file or directory, open 'C:\work\ImplementationGuides\nodeserver\tests\translations\rendering-phrases.properties'
Warning: Could not load rendering-phrases.properties: ENOENT: no such file or directory, open 'C:\work\ImplementationGuides\nodeserver\tests\translations\rendering-phrases.properties'
Warning: Could not load rendering-phrases.properties: ENOENT: no such file or directory, open 'C:\work\ImplementationGuides\nodeserver\tests\translations\rendering-phrases.properties'
Warning: Could not load rendering-phrases.properties: ENOENT: no such file or directory, open 'C:\work\ImplementationGuides\nodeserver\tests\translations\rendering-phrases.properties'
Warning: Could not load rendering-phrases.properties: ENOENT: no such file or directory, open 'C:\work\ImplementationGuides\nodeserver\tests\translations\rendering-phrases.properties'
Warning: Could not load rendering-phrases.properties: ENOENT: no such file or directory, open 'C:\work\ImplementationGuides\nodeserver\tests\translations\rendering-phrases.properties'
Warning: Could not load rendering-phrases.properties: ENOENT: no such file or directory, open 'C:\work\ImplementationGuides\nodeserver\tests\translations\rendering-phrases.properties'
Warning: Could not load rendering-phrases.properties: ENOENT: no such file or directory, open 'C:\work\ImplementationGuides\nodeserver\tests\translations\rendering-phrases.properties'
Warning: Could not load rendering-phrases.properties: ENOENT: no such file or directory, open 'C:\work\ImplementationGuides\nodeserver\tests\translations\rendering-phrases.properties'
Warning: Could not load rendering-phrases.properties: ENOENT: no such file or directory, open 'C:\work\ImplementationGuides\nodeserver\tests\translations\rendering-phrases.properties'
PASS tests/library/i18nsupport.test.js
PASS tests/library/version-utilities.test.js
Test data loaded successfully.
Running with usage: none
Matches: tx.fhir.org,hl7-au-test,hl7-ca,ans-fr-tx,hl7-eu,hl7-ch
{
  "formatVersion": "1",
  "registry-url": "https://fhir.github.io/ig-registry/tx-servers.json",
  "authoritative": [
    {
      "server-name": "HL7 Australia Server",
      "url": "https://tx.ontoserver.csiro.au/fhir",
      "security": "open",
      "access_info": "This server is open to the public"
    }
  ],
  "candidates": [
    {
      "server-name": "tx.fhir.org",
      "url": "http://tx.fhir.org/r4",
      "security": "open",
      "access_info": "This server is open to the public"
    },
    {
      "server-name": "Canada Health Infoway Terminology Server",
      "url": "https://terminologystandardsservice.ca/tx/fhir",
      "security": "api-key",
      "access_info": "This server requires an API Key - see https://infocentral.infoway-inforoute.ca/en/tools/standards-tools/terminology-server"
    },
    {
      "server-name": "Agence du Num├⌐rique en Sant├⌐ (ANS) Terminology Server",
      "url": "https://smt.esante.gouv.fr/fhir",
      "security": "open",
      "access_info": "This server is open to the public"
    },
    {
      "server-name": "HL7 Europe Terminology Server",
      "url": "http://tx.hl7europe.eu/r4",
      "security": "open",
      "access_info": "Open"
    },
    {
      "server-name": "HL7 Switzerland Terminology Server",
      "url": "https://tx.fhir.ch/r4",
      "security": "open",
      "access_info": "Open"
    }
  ]
}
Running with usage: none
Matches: tx.fhir.org,hl7-au-test,hl7-ca,ans-fr-tx,hl7-eu,hl7-ch
{
  "formatVersion": "1",
  "registry-url": "https://fhir.github.io/ig-registry/tx-servers.json",
  "authoritative": [
    {
      "server-name": "HL7 Australia Server",
      "url": "https://tx.ontoserver.csiro.au/fhir",
      "security": "open",
      "access_info": "This server is open to the public"
    }
  ]
}
Running with usage: none
Matches: tx.fhir.org,hl7-au-test,hl7-eu,hl7-ch,nzhts
{
  "formatVersion": "1",
  "registry-url": "https://fhir.github.io/ig-registry/tx-servers.json",
  "candidates": [
    {
      "server-name": "tx.fhir.org",
      "url": "http://tx.fhir.org/r4",
      "security": "open",
      "access_info": "This server is open to the public"
    },
    {
      "server-name": "HL7 Australia Server",
      "url": "https://tx.ontoserver.csiro.au/fhir",
      "security": "open",
      "access_info": "This server is open to the public"
    },
    {
      "server-name": "HL7 Europe Terminology Server",
      "url": "http://tx.hl7europe.eu/r4",
      "security": "open",
      "access_info": "Open"
    },
    {
      "server-name": "HL7 Switzerland Terminology Server",
      "url": "https://tx.fhir.ch/r4",
      "security": "open",
      "access_info": "Open"
    },
    {
      "server-name": "New Zealand Health Terminology Service (NZHTS)",
      "url": "https://nzhts.digital.health.nz/fhir",
      "security": "open",
      "access_info": "This server requires an API Key - see https://www.tewhatuora.govt.nz/health-services-and-programmes/digital-health/terminology-service"
    }
  ]
}
Running with usage: none
Matches: tx.fhir.org,hl7-au-test,hl7-ca,hl7-eu,hl7-ch
{
  "formatVersion": "1",
  "registry-url": "https://fhir.github.io/ig-registry/tx-servers.json",
  "candidates": [
    {
      "server-name": "tx.fhir.org",
      "url": "http://tx.fhir.org/r4",
      "security": "open",
      "access_info": "This server is open to the public"
    },
    {
      "server-name": "HL7 Australia Server",
      "url": "https://tx.ontoserver.csiro.au/fhir",
      "security": "open",
      "access_info": "This server is open to the public"
    },
    {
      "server-name": "Canada Health Infoway Terminology Server",
      "url": "https://terminologystandardsservice.ca/tx/fhir",
      "security": "api-key",
      "access_info": "This server requires an API Key - see https://infocentral.infoway-inforoute.ca/en/tools/standards-tools/terminology-server"
    },
    {
      "server-name": "HL7 Europe Terminology Server",
      "url": "http://tx.hl7europe.eu/r4",
      "security": "open",
      "access_info": "Open"
    },
    {
      "server-name": "HL7 Switzerland Terminology Server",
      "url": "https://tx.fhir.ch/r4",
      "security": "open",
      "access_info": "Open"
    }
  ]
}
Running with usage: none
Matches: tx.fhir.org,hl7-eu,tehik-ee
{
  "formatVersion": "1",
  "registry-url": "https://fhir.github.io/ig-registry/tx-servers.json",
  "candidates": [
    {
      "server-name": "tx.fhir.org",
      "url": "http://tx.fhir.org/r5",
      "security": "open",
      "access_info": "This server is open to the public"
    },
    {
      "server-name": "HL7 Europe Terminology Server",
      "url": "http://tx.hl7europe.eu/r5",
      "security": "open",
      "access_info": "Open"
    },
    {
      "server-name": "TEHIK Terminology Server",
      "url": "https://term.tehik.ee/fhir",
      "security": "open",
      "access_info": "Open"
    }
  ]
}
Running with usage: none
Matches: tx.fhir.org,hl7-au-test,hl7-ca,ans-fr-tx,hl7-eu,hl7-ch
{
  "formatVersion": "1",
  "registry-url": "https://fhir.github.io/ig-registry/tx-servers.json",
  "candidates": [
    {
      "server-name": "tx.fhir.org",
      "url": "http://tx.fhir.org/r4",
      "security": "open",
      "access_info": "This server is open to the public"
    },
    {
      "server-name": "HL7 Australia Server",
      "url": "https://tx.ontoserver.csiro.au/fhir",
      "security": "open",
      "access_info": "This server is open to the public"
    },
    {
      "server-name": "Canada Health Infoway Terminology Server",
      "url": "https://terminologystandardsservice.ca/tx/fhir",
      "security": "api-key",
      "access_info": "This server requires an API Key - see https://infocentral.infoway-inforoute.ca/en/tools/standards-tools/terminology-server"
    },
    {
      "server-name": "Agence du Num├⌐rique en Sant├⌐ (ANS) Terminology Server",
      "url": "https://smt.esante.gouv.fr/fhir",
      "security": "open",
      "access_info": "This server is open to the public"
    },
    {
      "server-name": "HL7 Europe Terminology Server",
      "url": "http://tx.hl7europe.eu/r4",
      "security": "open",
      "access_info": "Open"
    },
    {
      "server-name": "HL7 Switzerland Terminology Server",
      "url": "https://tx.fhir.ch/r4",
      "security": "open",
      "access_info": "Open"
    }
  ]
}
Running with usage: validation
Matches: tx.fhir.org,hl7-au-test,hl7-ca,ans-fr-tx,hl7-eu,hl7-ch
{
  "formatVersion": "1",
  "registry-url": "https://fhir.github.io/ig-registry/tx-servers.json",
  "candidates": [
    {
      "server-name": "tx.fhir.org",
      "url": "http://tx.fhir.org/r4",
      "security": "open",
      "access_info": "This server is open to the public"
    },
    {
      "server-name": "HL7 Australia Server",
      "url": "https://tx.ontoserver.csiro.au/fhir",
      "security": "open",
      "access_info": "This server is open to the public"
    },
    {
      "server-name": "Canada Health Infoway Terminology Server",
      "url": "https://terminologystandardsservice.ca/tx/fhir",
      "security": "api-key",
      "access_info": "This server requires an API Key - see https://infocentral.infoway-inforoute.ca/en/tools/standards-tools/terminology-server"
    },
    {
      "server-name": "Agence du Num├⌐rique en Sant├⌐ (ANS) Terminology Server",
      "url": "https://smt.esante.gouv.fr/fhir",
      "security": "open",
      "access_info": "This server is open to the public"
    },
    {
      "server-name": "HL7 Europe Terminology Server",
      "url": "http://tx.hl7europe.eu/r4",
      "security": "open",
      "access_info": "Open"
    },
    {
      "server-name": "HL7 Switzerland Terminology Server",
      "url": "https://tx.fhir.ch/r4",
      "security": "open",
      "access_info": "Open"
    }
  ]
}
Running with usage: publication
Matches: tx.fhir.org,hl7-au-test,hl7-ca,ans-fr-tx,fps-be-tx,hl7-eu,hl7-ch
{
  "formatVersion": "1",
  "registry-url": "https://fhir.github.io/ig-registry/tx-servers.json",
  "authoritative": [
    {
      "server-name": "Federal Public Service Health, Food Chain Safety and Environment",
      "url": "https://apps.health.belgium.be/ontoserver/fhir",
      "security": "open",
      "access_info": "This server is open to publishers of IGs"
    }
  ],
  "candidates": [
    {
      "server-name": "tx.fhir.org",
      "url": "http://tx.fhir.org/r4",
      "security": "open",
      "access_info": "This server is open to the public"
    },
    {
      "server-name": "HL7 Australia Server",
      "url": "https://tx.ontoserver.csiro.au/fhir",
      "security": "open",
      "access_info": "This server is open to the public"
    },
    {
      "server-name": "Canada Health Infoway Terminology Server",
      "url": "https://terminologystandardsservice.ca/tx/fhir",
      "security": "api-key",
      "access_info": "This server requires an API Key - see https://infocentral.infoway-inforoute.ca/en/tools/standards-tools/terminology-server"
    },
    {
      "server-name": "Agence du Num├⌐rique en Sant├⌐ (ANS) Terminology Server",
      "url": "https://smt.esante.gouv.fr/fhir",
      "security": "open",
      "access_info": "This server is open to the public"
    },
    {
      "server-name": "HL7 Europe Terminology Server",
      "url": "http://tx.hl7europe.eu/r4",
      "security": "open",
      "access_info": "Open"
    },
    {
      "server-name": "HL7 Switzerland Terminology Server",
      "url": "https://tx.fhir.ch/r4",
      "security": "open",
      "access_info": "Open"
    }
  ]
}
PASS tests/registry/registry-resolve.test.js
Fetching package ch.fhir.ig.ch-core#2.0.0...
Package extracted to: ch.fhir.ig.ch-core#2.0.0
Provider initialized successfully
Package statistics: { totalConceptMaps: 4, byStatus: { active: 4 }, totalSystems: 0 }
ConceptMaps loaded in map: 4
Found 4 active ConceptMaps
Found 4 ConceptMaps with HL7 publisher
Found 1 ConceptMaps with 'CDS' in name
Found 4 active HL7 ConceptMaps
Found 1 ConceptMaps using the specified system
PASS tests/cm/cm-package.test.js
PASS tests/cs/cs-uri.test.js
Fetching package hl7.fhir.uv.tools#0.8.0...
Package extracted to: hl7.fhir.uv.tools#0.8.0
Provider initialized successfully
Package statistics: {
  totalValueSets: 16,
  byStatus: { active: 14, draft: 1, retired: 1 },
  totalSystems: 16
}
ValueSets loaded in map: 16
Found 14 active ValueSets
Found 16 ValueSets with HL7 publisher
Found 4 ValueSets with 'CDS' in name
Found 14 active HL7 ValueSets
Found 1 ValueSets using the specified system
PASS tests/vs/vs-package.test.js
PASS tests/tx/xml.test.js
PASS tests/vcl/vcl-parser.test.js
PASS tests/registry/registry.test.js
PASS tests/tx/library.test.js
PASS tests/xig/xig.test.js
Failed to setup VSAC tests (will skip): ENOENT: no such file or directory, open 'C:\work\ImplementationGuides\nodeserver\passwords.ini'
VSAC tests skipped - see beforeAll for reasons

=== VSAC Test Summary ===
Tests were skipped due to:
- CI environment detected, OR
- API key not available in passwords.ini, OR
- Rate limiting (tests run less than 2 hours ago)
========================

PASS tests/vs/vs-vsac.test.js
PASS tests/tx/operation-context.test.js
PASS tests/vcl/vcl.test.js
PASS tests/shl/shl.test.js

Summary of all failing tests
FAIL tests/tx/test-cases.test.js (65.123 s)
  ΓùÅ Tx Tests ΓÇ║ metadata ΓÇ║ metadata

    Validator service did not become ready within 60000ms

    [0m [90m 133 |[39m         timeout[33m:[39m [35m60000[39m
     [90m 134 |[39m     }
    [31m[1m>[22m[39m[90m 135 |[39m     [36mawait[39m validator[33m.[39mstart(validatorConfig)[33m;[39m
     [90m     |[39m     [31m[1m^[22m[39m
     [90m 136 |[39m }
     [90m 137 |[39m
     [90m 138 |[39m[0m

      at FhirValidator.waitForReady (node_modules/fhir-validator-wrapper/fhir-validator.js:152:11)
      at FhirValidator.start (node_modules/fhir-validator-wrapper/fhir-validator.js:129:5)
      at loadValidator (tx/tests/test-runner.js:135:5)
      at startTxTests (tx/tests/test-runner.js:20:5)
      at Object.<anonymous> (tests/tx/test-cases.test.js:10:5)

  ΓùÅ Tx Tests ΓÇ║ metadata ΓÇ║ term-caps

    Validator service did not become ready within 60000ms

    [0m [90m 133 |[39m         timeout[33m:[39m [35m60000[39m
     [90m 134 |[39m     }
    [31m[1m>[22m[39m[90m 135 |[39m     [36mawait[39m validator[33m.[39mstart(validatorConfig)[33m;[39m
     [90m     |[39m     [31m[1m^[22m[39m
     [90m 136 |[39m }
     [90m 137 |[39m
     [90m 138 |[39m[0m

      at FhirValidator.waitForReady (node_modules/fhir-validator-wrapper/fhir-validator.js:152:11)
      at FhirValidator.start (node_modules/fhir-validator-wrapper/fhir-validator.js:129:5)
      at loadValidator (tx/tests/test-runner.js:135:5)
      at startTxTests (tx/tests/test-runner.js:20:5)
      at Object.<anonymous> (tests/tx/test-cases.test.js:10:5)

  ΓùÅ Tx Tests ΓÇ║ simple-cases ΓÇ║ simple-expand-all

    Validator service did not become ready within 60000ms

    [0m [90m 133 |[39m         timeout[33m:[39m [35m60000[39m
     [90m 134 |[39m     }
    [31m[1m>[22m[39m[90m 135 |[39m     [36mawait[39m validator[33m.[39mstart(validatorConfig)[33m;[39m
     [90m     |[39m     [31m[1m^[22m[39m
     [90m 136 |[39m }
     [90m 137 |[39m
     [90m 138 |[39m[0m

      at FhirValidator.waitForReady (node_modules/fhir-validator-wrapper/fhir-validator.js:152:11)
      at FhirValidator.start (node_modules/fhir-validator-wrapper/fhir-validator.js:129:5)
      at loadValidator (tx/tests/test-runner.js:135:5)
      at startTxTests (tx/tests/test-runner.js:20:5)
      at Object.<anonymous> (tests/tx/test-cases.test.js:10:5)

  ΓùÅ Tx Tests ΓÇ║ simple-cases ΓÇ║ simple-expand-active

    Validator service did not become ready within 60000ms

    [0m [90m 133 |[39m         timeout[33m:[39m [35m60000[39m
     [90m 134 |[39m     }
    [31m[1m>[22m[39m[90m 135 |[39m     [36mawait[39m validator[33m.[39mstart(validatorConfig)[33m;[39m
     [90m     |[39m     [31m[1m^[22m[39m
     [90m 136 |[39m }
     [90m 137 |[39m
     [90m 138 |[39m[0m

      at FhirValidator.waitForReady (node_modules/fhir-validator-wrapper/fhir-validator.js:152:11)
      at FhirValidator.start (node_modules/fhir-validator-wrapper/fhir-validator.js:129:5)
      at loadValidator (tx/tests/test-runner.js:135:5)
      at startTxTests (tx/tests/test-runner.js:20:5)
      at Object.<anonymous> (tests/tx/test-cases.test.js:10:5)

  ΓùÅ Tx Tests ΓÇ║ simple-cases ΓÇ║ simple-expand-inactive

    Validator service did not become ready within 60000ms

    [0m [90m 133 |[39m         timeout[33m:[39m [35m60000[39m
     [90m 134 |[39m     }
    [31m[1m>[22m[39m[90m 135 |[39m     [36mawait[39m validator[33m.[39mstart(validatorConfig)[33m;[39m
     [90m     |[39m     [31m[1m^[22m[39m
     [90m 136 |[39m }
     [90m 137 |[39m
     [90m 138 |[39m[0m

      at FhirValidator.waitForReady (node_modules/fhir-validator-wrapper/fhir-validator.js:152:11)
      at FhirValidator.start (node_modules/fhir-validator-wrapper/fhir-validator.js:129:5)
      at loadValidator (tx/tests/test-runner.js:135:5)
      at startTxTests (tx/tests/test-runner.js:20:5)
      at Object.<anonymous> (tests/tx/test-cases.test.js:10:5)

  ΓùÅ Tx Tests ΓÇ║ simple-cases ΓÇ║ simple-expand-enum

    Validator service did not become ready within 60000ms

    [0m [90m 133 |[39m         timeout[33m:[39m [35m60000[39m
     [90m 134 |[39m     }
    [31m[1m>[22m[39m[90m 135 |[39m     [36mawait[39m validator[33m.[39mstart(validatorConfig)[33m;[39m
     [90m     |[39m     [31m[1m^[22m[39m
     [90m 136 |[39m }
     [90m 137 |[39m
     [90m 138 |[39m[0m

      at FhirValidator.waitForReady (node_modules/fhir-validator-wrapper/fhir-validator.js:152:11)
      at FhirValidator.start (node_modules/fhir-validator-wrapper/fhir-validator.js:129:5)
      at loadValidator (tx/tests/test-runner.js:135:5)
      at startTxTests (tx/tests/test-runner.js:20:5)
      at Object.<anonymous> (tests/tx/test-cases.test.js:10:5)

  ΓùÅ Tx Tests ΓÇ║ simple-cases ΓÇ║ simple-expand-enum-bad

    Validator service did not become ready within 60000ms

    [0m [90m 133 |[39m         timeout[33m:[39m [35m60000[39m
     [90m 134 |[39m     }
    [31m[1m>[22m[39m[90m 135 |[39m     [36mawait[39m validator[33m.[39mstart(validatorConfig)[33m;[39m
     [90m     |[39m     [31m[1m^[22m[39m
     [90m 136 |[39m }
     [90m 137 |[39m
     [90m 138 |[39m[0m

      at FhirValidator.waitForReady (node_modules/fhir-validator-wrapper/fhir-validator.js:152:11)
      at FhirValidator.start (node_modules/fhir-validator-wrapper/fhir-validator.js:129:5)
      at loadValidator (tx/tests/test-runner.js:135:5)
      at startTxTests (tx/tests/test-runner.js:20:5)
      at Object.<anonymous> (tests/tx/test-cases.test.js:10:5)

  ΓùÅ Tx Tests ΓÇ║ simple-cases ΓÇ║ simple-expand-isa

    Validator service did not become ready within 60000ms

    [0m [90m 133 |[39m         timeout[33m:[39m [35m60000[39m
     [90m 134 |[39m     }
    [31m[1m>[22m[39m[90m 135 |[39m     [36mawait[39m validator[33m.[39mstart(validatorConfig)[33m;[39m
     [90m     |[39m     [31m[1m^[22m[39m
     [90m 136 |[39m }
     [90m 137 |[39m
     [90m 138 |[39m[0m

      at FhirValidator.waitForReady (node_modules/fhir-validator-wrapper/fhir-validator.js:152:11)
      at FhirValidator.start (node_modules/fhir-validator-wrapper/fhir-validator.js:129:5)
      at loadValidator (tx/tests/test-runner.js:135:5)
      at startTxTests (tx/tests/test-runner.js:20:5)
      at Object.<anonymous> (tests/tx/test-cases.test.js:10:5)

  ΓùÅ Tx Tests ΓÇ║ simple-cases ΓÇ║ simple-expand-isa-o2

    Validator service did not become ready within 60000ms

    [0m [90m 133 |[39m         timeout[33m:[39m [35m60000[39m
     [90m 134 |[39m     }
    [31m[1m>[22m[39m[90m 135 |[39m     [36mawait[39m validator[33m.[39mstart(validatorConfig)[33m;[39m
     [90m     |[39m     [31m[1m^[22m[39m
     [90m 136 |[39m }
     [90m 137 |[39m
     [90m 138 |[39m[0m

      at FhirValidator.waitForReady (node_modules/fhir-validator-wrapper/fhir-validator.js:152:11)
      at FhirValidator.start (node_modules/fhir-validator-wrapper/fhir-validator.js:129:5)
      at loadValidator (tx/tests/test-runner.js:135:5)
      at startTxTests (tx/tests/test-runner.js:20:5)
      at Object.<anonymous> (tests/tx/test-cases.test.js:10:5)

  ΓùÅ Tx Tests ΓÇ║ simple-cases ΓÇ║ simple-expand-isa-c2

    Validator service did not become ready within 60000ms

    [0m [90m 133 |[39m         timeout[33m:[39m [35m60000[39m
     [90m 134 |[39m     }
    [31m[1m>[22m[39m[90m 135 |[39m     [36mawait[39m validator[33m.[39mstart(validatorConfig)[33m;[39m
     [90m     |[39m     [31m[1m^[22m[39m
     [90m 136 |[39m }
     [90m 137 |[39m
     [90m 138 |[39m[0m

      at FhirValidator.waitForReady (node_modules/fhir-validator-wrapper/fhir-validator.js:152:11)
      at FhirValidator.start (node_modules/fhir-validator-wrapper/fhir-validator.js:129:5)
      at loadValidator (tx/tests/test-runner.js:135:5)
      at startTxTests (tx/tests/test-runner.js:20:5)
      at Object.<anonymous> (tests/tx/test-cases.test.js:10:5)

  ΓùÅ Tx Tests ΓÇ║ simple-cases ΓÇ║ simple-expand-isa-o2c2

    Validator service did not become ready within 60000ms

    [0m [90m 133 |[39m         timeout[33m:[39m [35m60000[39m
     [90m 134 |[39m     }
    [31m[1m>[22m[39m[90m 135 |[39m     [36mawait[39m validator[33m.[39mstart(validatorConfig)[33m;[39m
     [90m     |[39m     [31m[1m^[22m[39m
     [90m 136 |[39m }
     [90m 137 |[39m
     [90m 138 |[39m[0m

      at FhirValidator.waitForReady (node_modules/fhir-validator-wrapper/fhir-validator.js:152:11)
      at FhirValidator.start (node_modules/fhir-validator-wrapper/fhir-validator.js:129:5)
      at loadValidator (tx/tests/test-runner.js:135:5)
      at startTxTests (tx/tests/test-runner.js:20:5)
      at Object.<anonymous> (tests/tx/test-cases.test.js:10:5)

  ΓùÅ Tx Tests ΓÇ║ simple-cases ΓÇ║ simple-expand-prop

    Validator service did not become ready within 60000ms

    [0m [90m 133 |[39m         timeout[33m:[39m [35m60000[39m
     [90m 134 |[39m     }
    [31m[1m>[22m[39m[90m 135 |[39m     [36mawait[39m validator[33m.[39mstart(validatorConfig)[33m;[39m
     [90m     |[39m     [31m[1m^[22m[39m
     [90m 136 |[39m }
     [90m 137 |[39m
     [90m 138 |[39m[0m

      at FhirValidator.waitForReady (node_modules/fhir-validator-wrapper/fhir-validator.js:152:11)
      at FhirValidator.start (node_modules/fhir-validator-wrapper/fhir-validator.js:129:5)
      at loadValidator (tx/tests/test-runner.js:135:5)
      at startTxTests (tx/tests/test-runner.js:20:5)
      at Object.<anonymous> (tests/tx/test-cases.test.js:10:5)

  ΓùÅ Tx Tests ΓÇ║ simple-cases ΓÇ║ simple-expand-regex

    Validator service did not become ready within 60000ms

    [0m [90m 133 |[39m         timeout[33m:[39m [35m60000[39m
     [90m 134 |[39m     }
    [31m[1m>[22m[39m[90m 135 |[39m     [36mawait[39m validator[33m.[39mstart(validatorConfig)[33m;[39m
     [90m     |[39m     [31m[1m^[22m[39m
     [90m 136 |[39m }
     [90m 137 |[39m
     [90m 138 |[39m[0m

      at FhirValidator.waitForReady (node_modules/fhir-validator-wrapper/fhir-validator.js:152:11)
      at FhirValidator.start (node_modules/fhir-validator-wrapper/fhir-validator.js:129:5)
      at loadValidator (tx/tests/test-runner.js:135:5)
      at startTxTests (tx/tests/test-runner.js:20:5)
      at Object.<anonymous> (tests/tx/test-cases.test.js:10:5)

  ΓùÅ Tx Tests ΓÇ║ simple-cases ΓÇ║ simple-expand-regex2

    Validator service did not become ready within 60000ms

    [0m [90m 133 |[39m         timeout[33m:[39m [35m60000[39m
     [90m 134 |[39m     }
    [31m[1m>[22m[39m[90m 135 |[39m     [36mawait[39m validator[33m.[39mstart(validatorConfig)[33m;[39m
     [90m     |[39m     [31m[1m^[22m[39m
     [90m 136 |[39m }
     [90m 137 |[39m
     [90m 138 |[39m[0m

      at FhirValidator.waitForReady (node_modules/fhir-validator-wrapper/fhir-validator.js:152:11)
      at FhirValidator.start (node_modules/fhir-validator-wrapper/fhir-validator.js:129:5)
      at loadValidator (tx/tests/test-runner.js:135:5)
      at startTxTests (tx/tests/test-runner.js:20:5)
      at Object.<anonymous> (tests/tx/test-cases.test.js:10:5)

  ΓùÅ Tx Tests ΓÇ║ simple-cases ΓÇ║ simple-expand-regexp-prop

    Validator service did not become ready within 60000ms

    [0m [90m 133 |[39m         timeout[33m:[39m [35m60000[39m
     [90m 134 |[39m     }
    [31m[1m>[22m[39m[90m 135 |[39m     [36mawait[39m validator[33m.[39mstart(validatorConfig)[33m;[39m
     [90m     |[39m     [31m[1m^[22m[39m
     [90m 136 |[39m }
     [90m 137 |[39m
     [90m 138 |[39m[0m

      at FhirValidator.waitForReady (node_modules/fhir-validator-wrapper/fhir-validator.js:152:11)
      at FhirValidator.start (node_modules/fhir-validator-wrapper/fhir-validator.js:129:5)
      at loadValidator (tx/tests/test-runner.js:135:5)
      at startTxTests (tx/tests/test-runner.js:20:5)
      at Object.<anonymous> (tests/tx/test-cases.test.js:10:5)

  ΓùÅ Tx Tests ΓÇ║ simple-cases ΓÇ║ simple-lookup-1

    Validator service did not become ready within 60000ms

    [0m [90m 133 |[39m         timeout[33m:[39m [35m60000[39m
     [90m 134 |[39m     }
    [31m[1m>[22m[39m[90m 135 |[39m     [36mawait[39m validator[33m.[39mstart(validatorConfig)[33m;[39m
     [90m     |[39m     [31m[1m^[22m[39m
     [90m 136 |[39m }
     [90m 137 |[39m
     [90m 138 |[39m[0m

      at FhirValidator.waitForReady (node_modules/fhir-validator-wrapper/fhir-validator.js:152:11)
      at FhirValidator.start (node_modules/fhir-validator-wrapper/fhir-validator.js:129:5)
      at loadValidator (tx/tests/test-runner.js:135:5)
      at startTxTests (tx/tests/test-runner.js:20:5)
      at Object.<anonymous> (tests/tx/test-cases.test.js:10:5)

  ΓùÅ Tx Tests ΓÇ║ simple-cases ΓÇ║ simple-lookup-2

    Validator service did not become ready within 60000ms

    [0m [90m 133 |[39m         timeout[33m:[39m [35m60000[39m
     [90m 134 |[39m     }
    [31m[1m>[22m[39m[90m 135 |[39m     [36mawait[39m validator[33m.[39mstart(validatorConfig)[33m;[39m
     [90m     |[39m     [31m[1m^[22m[39m
     [90m 136 |[39m }
     [90m 137 |[39m
     [90m 138 |[39m[0m

      at FhirValidator.waitForReady (node_modules/fhir-validator-wrapper/fhir-validator.js:152:11)
      at FhirValidator.start (node_modules/fhir-validator-wrapper/fhir-validator.js:129:5)
      at loadValidator (tx/tests/test-runner.js:135:5)
      at startTxTests (tx/tests/test-runner.js:20:5)
      at Object.<anonymous> (tests/tx/test-cases.test.js:10:5)

  ΓùÅ Tx Tests ΓÇ║ parameters ΓÇ║ parameters-expand-all-hierarchy

    Validator service did not become ready within 60000ms

    [0m [90m 133 |[39m         timeout[33m:[39m [35m60000[39m
     [90m 134 |[39m     }
    [31m[1m>[22m[39m[90m 135 |[39m     [36mawait[39m validator[33m.[39mstart(validatorConfig)[33m;[39m
     [90m     |[39m     [31m[1m^[22m[39m
     [90m 136 |[39m }
     [90m 137 |[39m
     [90m 138 |[39m[0m

      at FhirValidator.waitForReady (node_modules/fhir-validator-wrapper/fhir-validator.js:152:11)
      at FhirValidator.start (node_modules/fhir-validator-wrapper/fhir-validator.js:129:5)
      at loadValidator (tx/tests/test-runner.js:135:5)
      at startTxTests (tx/tests/test-runner.js:20:5)
      at Object.<anonymous> (tests/tx/test-cases.test.js:10:5)

  ΓùÅ Tx Tests ΓÇ║ parameters ΓÇ║ parameters-expand-enum-hierarchy

    Validator service did not become ready within 60000ms

    [0m [90m 133 |[39m         timeout[33m:[39m [35m60000[39m
     [90m 134 |[39m     }
    [31m[1m>[22m[39m[90m 135 |[39m     [36mawait[39m validator[33m.[39mstart(validatorConfig)[33m;[39m
     [90m     |[39m     [31m[1m^[22m[39m
     [90m 136 |[39m }
     [90m 137 |[39m
     [90m 138 |[39m[0m

      at FhirValidator.waitForReady (node_modules/fhir-validator-wrapper/fhir-validator.js:152:11)
      at FhirValidator.start (node_modules/fhir-validator-wrapper/fhir-validator.js:129:5)
      at loadValidator (tx/tests/test-runner.js:135:5)
      at startTxTests (tx/tests/test-runner.js:20:5)
      at Object.<anonymous> (tests/tx/test-cases.test.js:10:5)

  ΓùÅ Tx Tests ΓÇ║ parameters ΓÇ║ parameters-expand-isa-hierarchy

    Validator service did not become ready within 60000ms

    [0m [90m 133 |[39m         timeout[33m:[39m [35m60000[39m
     [90m 134 |[39m     }
    [31m[1m>[22m[39m[90m 135 |[39m     [36mawait[39m validator[33m.[39mstart(validatorConfig)[33m;[39m
     [90m     |[39m     [31m[1m^[22m[39m
     [90m 136 |[39m }
     [90m 137 |[39m
     [90m 138 |[39m[0m

      at FhirValidator.waitForReady (node_modules/fhir-validator-wrapper/fhir-validator.js:152:11)
      at FhirValidator.start (node_modules/fhir-validator-wrapper/fhir-validator.js:129:5)
      at loadValidator (tx/tests/test-runner.js:135:5)
      at startTxTests (tx/tests/test-runner.js:20:5)
      at Object.<anonymous> (tests/tx/test-cases.test.js:10:5)

  ΓùÅ Tx Tests ΓÇ║ parameters ΓÇ║ parameters-expand-all-active

    Validator service did not become ready within 60000ms

    [0m [90m 133 |[39m         timeout[33m:[39m [35m60000[39m
     [90m 134 |[39m     }
    [31m[1m>[22m[39m[90m 135 |[39m     [36mawait[39m validator[33m.[39mstart(validatorConfig)[33m;[39m
     [90m     |[39m     [31m[1m^[22m[39m
     [90m 136 |[39m }
     [90m 137 |[39m
     [90m 138 |[39m[0m

      at FhirValidator.waitForReady (node_modules/fhir-validator-wrapper/fhir-validator.js:152:11)
      at FhirValidator.start (node_modules/fhir-validator-wrapper/fhir-validator.js:129:5)
      at loadValidator (tx/tests/test-runner.js:135:5)
      at startTxTests (tx/tests/test-runner.js:20:5)
      at Object.<anonymous> (tests/tx/test-cases.test.js:10:5)

  ΓùÅ Tx Tests ΓÇ║ parameters ΓÇ║ parameters-expand-active-active

    Validator service did not become ready within 60000ms

    [0m [90m 133 |[39m         timeout[33m:[39m [35m60000[39m
     [90m 134 |[39m     }
    [31m[1m>[22m[39m[90m 135 |[39m     [36mawait[39m validator[33m.[39mstart(validatorConfig)[33m;[39m
     [90m     |[39m     [31m[1m^[22m[39m
     [90m 136 |[39m }
     [90m 137 |[39m
     [90m 138 |[39m[0m

      at FhirValidator.waitForReady (node_modules/fhir-validator-wrapper/fhir-validator.js:152:11)
      at FhirValidator.start (node_modules/fhir-validator-wrapper/fhir-validator.js:129:5)
      at loadValidator (tx/tests/test-runner.js:135:5)
      at startTxTests (tx/tests/test-runner.js:20:5)
      at Object.<anonymous> (tests/tx/test-cases.test.js:10:5)

  ΓùÅ Tx Tests ΓÇ║ parameters ΓÇ║ parameters-expand-inactive-active

    Validator service did not become ready within 60000ms

    [0m [90m 133 |[39m         timeout[33m:[39m [35m60000[39m
     [90m 134 |[39m     }
    [31m[1m>[22m[39m[90m 135 |[39m     [36mawait[39m validator[33m.[39mstart(validatorConfig)[33m;[39m
     [90m     |[39m     [31m[1m^[22m[39m
     [90m 136 |[39m }
     [90m 137 |[39m
     [90m 138 |[39m[0m

      at FhirValidator.waitForReady (node_modules/fhir-validator-wrapper/fhir-validator.js:152:11)
      at FhirValidator.start (node_modules/fhir-validator-wrapper/fhir-validator.js:129:5)
      at loadValidator (tx/tests/test-runner.js:135:5)
      at startTxTests (tx/tests/test-runner.js:20:5)
      at Object.<anonymous> (tests/tx/test-cases.test.js:10:5)

  ΓùÅ Tx Tests ΓÇ║ parameters ΓÇ║ parameters-expand-enum-active

    Validator service did not become ready within 60000ms

    [0m [90m 133 |[39m         timeout[33m:[39m [35m60000[39m
     [90m 134 |[39m     }
    [31m[1m>[22m[39m[90m 135 |[39m     [36mawait[39m validator[33m.[39mstart(validatorConfig)[33m;[39m
     [90m     |[39m     [31m[1m^[22m[39m
     [90m 136 |[39m }
     [90m 137 |[39m
     [90m 138 |[39m[0m

      at FhirValidator.waitForReady (node_modules/fhir-validator-wrapper/fhir-validator.js:152:11)
      at FhirValidator.start (node_modules/fhir-validator-wrapper/fhir-validator.js:129:5)
      at loadValidator (tx/tests/test-runner.js:135:5)
      at startTxTests (tx/tests/test-runner.js:20:5)
      at Object.<anonymous> (tests/tx/test-cases.test.js:10:5)

  ΓùÅ Tx Tests ΓÇ║ parameters ΓÇ║ parameters-expand-isa-active

    Validator service did not become ready within 60000ms

    [0m [90m 133 |[39m         timeout[33m:[39m [35m60000[39m
     [90m 134 |[39m     }
    [31m[1m>[22m[39m[90m 135 |[39m     [36mawait[39m validator[33m.[39mstart(validatorConfig)[33m;[39m
     [90m     |[39m     [31m[1m^[22m[39m
     [90m 136 |[39m }
     [90m 137 |[39m
     [90m 138 |[39m[0m

      at FhirValidator.waitForReady (node_modules/fhir-validator-wrapper/fhir-validator.js:152:11)
      at FhirValidator.start (node_modules/fhir-validator-wrapper/fhir-validator.js:129:5)
      at loadValidator (tx/tests/test-runner.js:135:5)
      at startTxTests (tx/tests/test-runner.js:20:5)
      at Object.<anonymous> (tests/tx/test-cases.test.js:10:5)

  ΓùÅ Tx Tests ΓÇ║ parameters ΓÇ║ parameters-expand-all-inactive

    Validator service did not become ready within 60000ms

    [0m [90m 133 |[39m         timeout[33m:[39m [35m60000[39m
     [90m 134 |[39m     }
    [31m[1m>[22m[39m[90m 135 |[39m     [36mawait[39m validator[33m.[39mstart(validatorConfig)[33m;[39m
     [90m     |[39m     [31m[1m^[22m[39m
     [90m 136 |[39m }
     [90m 137 |[39m
     [90m 138 |[39m[0m

      at FhirValidator.waitForReady (node_modules/fhir-validator-wrapper/fhir-validator.js:152:11)
      at FhirValidator.start (node_modules/fhir-validator-wrapper/fhir-validator.js:129:5)
      at loadValidator (tx/tests/test-runner.js:135:5)
      at startTxTests (tx/tests/test-runner.js:20:5)
      at Object.<anonymous> (tests/tx/test-cases.test.js:10:5)

  ΓùÅ Tx Tests ΓÇ║ parameters ΓÇ║ parameters-expand-active-inactive

    Validator service did not become ready within 60000ms

    [0m [90m 133 |[39m         timeout[33m:[39m [35m60000[39m
     [90m 134 |[39m     }
    [31m[1m>[22m[39m[90m 135 |[39m     [36mawait[39m validator[33m.[39mstart(validatorConfig)[33m;[39m
     [90m     |[39m     [31m[1m^[22m[39m
     [90m 136 |[39m }
     [90m 137 |[39m
     [90m 138 |[39m[0m

      at FhirValidator.waitForReady (node_modules/fhir-validator-wrapper/fhir-validator.js:152:11)
      at FhirValidator.start (node_modules/fhir-validator-wrapper/fhir-validator.js:129:5)
      at loadValidator (tx/tests/test-runner.js:135:5)
      at startTxTests (tx/tests/test-runner.js:20:5)
      at Object.<anonymous> (tests/tx/test-cases.test.js:10:5)

  ΓùÅ Tx Tests ΓÇ║ parameters ΓÇ║ parameters-expand-inactive-inactive

    Validator service did not become ready within 60000ms

    [0m [90m 133 |[39m         timeout[33m:[39m [35m60000[39m
     [90m 134 |[39m     }
    [31m[1m>[22m[39m[90m 135 |[39m     [36mawait[39m validator[33m.[39mstart(validatorConfig)[33m;[39m
     [90m     |[39m     [31m[1m^[22m[39m
     [90m 136 |[39m }
     [90m 137 |[39m
     [90m 138 |[39m[0m

      at FhirValidator.waitForReady (node_modules/fhir-validator-wrapper/fhir-validator.js:152:11)
      at FhirValidator.start (node_modules/fhir-validator-wrapper/fhir-validator.js:129:5)
      at loadValidator (tx/tests/test-runner.js:135:5)
      at startTxTests (tx/tests/test-runner.js:20:5)
      at Object.<anonymous> (tests/tx/test-cases.test.js:10:5)

  ΓùÅ Tx Tests ΓÇ║ parameters ΓÇ║ parameters-expand-enum-inactive

    Validator service did not become ready within 60000ms

    [0m [90m 133 |[39m         timeout[33m:[39m [35m60000[39m
     [90m 134 |[39m     }
    [31m[1m>[22m[39m[90m 135 |[39m     [36mawait[39m validator[33m.[39mstart(validatorConfig)[33m;[39m
     [90m     |[39m     [31m[1m^[22m[39m
     [90m 136 |[39m }
     [90m 137 |[39m
     [90m 138 |[39m[0m

      at FhirValidator.waitForReady (node_modules/fhir-validator-wrapper/fhir-validator.js:152:11)
      at FhirValidator.start (node_modules/fhir-validator-wrapper/fhir-validator.js:129:5)
      at loadValidator (tx/tests/test-runner.js:135:5)
      at startTxTests (tx/tests/test-runner.js:20:5)
      at Object.<anonymous> (tests/tx/test-cases.test.js:10:5)

  ΓùÅ Tx Tests ΓÇ║ parameters ΓÇ║ parameters-expand-isa-inactive

    Validator service did not become ready within 60000ms

    [0m [90m 133 |[39m         timeout[33m:[39m [35m60000[39m
     [90m 134 |[39m     }
    [31m[1m>[22m[39m[90m 135 |[39m     [36mawait[39m validator[33m.[39mstart(validatorConfig)[33m;[39m
     [90m     |[39m     [31m[1m^[22m[39m
     [90m 136 |[39m }
     [90m 137 |[39m
     [90m 138 |[39m[0m

      at FhirValidator.waitForReady (node_modules/fhir-validator-wrapper/fhir-validator.js:152:11)
      at FhirValidator.start (node_modules/fhir-validator-wrapper/fhir-validator.js:129:5)
      at loadValidator (tx/tests/test-runner.js:135:5)
      at startTxTests (tx/tests/test-runner.js:20:5)
      at Object.<anonymous> (tests/tx/test-cases.test.js:10:5)

  ΓùÅ Tx Tests ΓÇ║ parameters ΓÇ║ parameters-expand-all-designations

    Validator service did not become ready within 60000ms

    [0m [90m 133 |[39m         timeout[33m:[39m [35m60000[39m
     [90m 134 |[39m     }
    [31m[1m>[22m[39m[90m 135 |[39m     [36mawait[39m validator[33m.[39mstart(validatorConfig)[33m;[39m
     [90m     |[39m     [31m[1m^[22m[39m
     [90m 136 |[39m }
     [90m 137 |[39m
     [90m 138 |[39m[0m

      at FhirValidator.waitForReady (node_modules/fhir-validator-wrapper/fhir-validator.js:152:11)
      at FhirValidator.start (node_modules/fhir-validator-wrapper/fhir-validator.js:129:5)
      at loadValidator (tx/tests/test-runner.js:135:5)
      at startTxTests (tx/tests/test-runner.js:20:5)
      at Object.<anonymous> (tests/tx/test-cases.test.js:10:5)

  ΓùÅ Tx Tests ΓÇ║ parameters ΓÇ║ parameters-expand-enum-designations

    Validator service did not become ready within 60000ms

    [0m [90m 133 |[39m         timeout[33m:[39m [35m60000[39m
     [90m 134 |[39m     }
    [31m[1m>[22m[39m[90m 135 |[39m     [36mawait[39m validator[33m.[39mstart(validatorConfig)[33m;[39m
     [90m     |[39m     [31m[1m^[22m[39m
     [90m 136 |[39m }
     [90m 137 |[39m
     [90m 138 |[39m[0m

      at FhirValidator.waitForReady (node_modules/fhir-validator-wrapper/fhir-validator.js:152:11)
      at FhirValidator.start (node_modules/fhir-validator-wrapper/fhir-validator.js:129:5)
      at loadValidator (tx/tests/test-runner.js:135:5)
      at startTxTests (tx/tests/test-runner.js:20:5)
      at Object.<anonymous> (tests/tx/test-cases.test.js:10:5)

  ΓùÅ Tx Tests ΓÇ║ parameters ΓÇ║ parameters-expand-isa-designations

    Validator service did not become ready within 60000ms

    [0m [90m 133 |[39m         timeout[33m:[39m [35m60000[39m
     [90m 134 |[39m     }
    [31m[1m>[22m[39m[90m 135 |[39m     [36mawait[39m validator[33m.[39mstart(validatorConfig)[33m;[39m
     [90m     |[39m     [31m[1m^[22m[39m
     [90m 136 |[39m }
     [90m 137 |[39m
     [90m 138 |[39m[0m

      at FhirValidator.waitForReady (node_modules/fhir-validator-wrapper/fhir-validator.js:152:11)
      at FhirValidator.start (node_modules/fhir-validator-wrapper/fhir-validator.js:129:5)
      at loadValidator (tx/tests/test-runner.js:135:5)
      at startTxTests (tx/tests/test-runner.js:20:5)
      at Object.<anonymous> (tests/tx/test-cases.test.js:10:5)

  ΓùÅ Tx Tests ΓÇ║ parameters ΓÇ║ parameters-expand-all-definitions

    Validator service did not become ready within 60000ms

    [0m [90m 133 |[39m         timeout[33m:[39m [35m60000[39m
     [90m 134 |[39m     }
    [31m[1m>[22m[39m[90m 135 |[39m     [36mawait[39m validator[33m.[39mstart(validatorConfig)[33m;[39m
     [90m     |[39m     [31m[1m^[22m[39m
     [90m 136 |[39m }
     [90m 137 |[39m
     [90m 138 |[39m[0m

      at FhirValidator.waitForReady (node_modules/fhir-validator-wrapper/fhir-validator.js:152:11)
      at FhirValidator.start (node_modules/fhir-validator-wrapper/fhir-validator.js:129:5)
      at loadValidator (tx/tests/test-runner.js:135:5)
      at startTxTests (tx/tests/test-runner.js:20:5)
      at Object.<anonymous> (tests/tx/test-cases.test.js:10:5)

  ΓùÅ Tx Tests ΓÇ║ parameters ΓÇ║ parameters-expand-enum-definitions

    Validator service did not become ready within 60000ms

    [0m [90m 133 |[39m         timeout[33m:[39m [35m60000[39m
     [90m 134 |[39m     }
    [31m[1m>[22m[39m[90m 135 |[39m     [36mawait[39m validator[33m.[39mstart(validatorConfig)[33m;[39m
     [90m     |[39m     [31m[1m^[22m[39m
     [90m 136 |[39m }
     [90m 137 |[39m
     [90m 138 |[39m[0m

      at FhirValidator.waitForReady (node_modules/fhir-validator-wrapper/fhir-validator.js:152:11)
      at FhirValidator.start (node_modules/fhir-validator-wrapper/fhir-validator.js:129:5)
      at loadValidator (tx/tests/test-runner.js:135:5)
      at startTxTests (tx/tests/test-runner.js:20:5)
      at Object.<anonymous> (tests/tx/test-cases.test.js:10:5)

  ΓùÅ Tx Tests ΓÇ║ parameters ΓÇ║ parameters-expand-isa-definitions

    Validator service did not become ready within 60000ms

    [0m [90m 133 |[39m         timeout[33m:[39m [35m60000[39m
     [90m 134 |[39m     }
    [31m[1m>[22m[39m[90m 135 |[39m     [36mawait[39m validator[33m.[39mstart(validatorConfig)[33m;[39m
     [90m     |[39m     [31m[1m^[22m[39m
     [90m 136 |[39m }
     [90m 137 |[39m
     [90m 138 |[39m[0m

      at FhirValidator.waitForReady (node_modules/fhir-validator-wrapper/fhir-validator.js:152:11)
      at FhirValidator.start (node_modules/fhir-validator-wrapper/fhir-validator.js:129:5)
      at loadValidator (tx/tests/test-runner.js:135:5)
      at startTxTests (tx/tests/test-runner.js:20:5)
      at Object.<anonymous> (tests/tx/test-cases.test.js:10:5)

  ΓùÅ Tx Tests ΓÇ║ parameters ΓÇ║ parameters-expand-all-definitions2

    Validator service did not become ready within 60000ms

    [0m [90m 133 |[39m         timeout[33m:[39m [35m60000[39m
     [90m 134 |[39m     }
    [31m[1m>[22m[39m[90m 135 |[39m     [36mawait[39m validator[33m.[39mstart(validatorConfig)[33m;[39m
     [90m     |[39m     [31m[1m^[22m[39m
     [90m 136 |[39m }
     [90m 137 |[39m
     [90m 138 |[39m[0m

      at FhirValidator.waitForReady (node_modules/fhir-validator-wrapper/fhir-validator.js:152:11)
      at FhirValidator.start (node_modules/fhir-validator-wrapper/fhir-validator.js:129:5)
      at loadValidator (tx/tests/test-runner.js:135:5)
      at startTxTests (tx/tests/test-runner.js:20:5)
      at Object.<anonymous> (tests/tx/test-cases.test.js:10:5)

  ΓùÅ Tx Tests ΓÇ║ parameters ΓÇ║ parameters-expand-enum-definitions2

    Validator service did not become ready within 60000ms

    [0m [90m 133 |[39m         timeout[33m:[39m [35m60000[39m
     [90m 134 |[39m     }
    [31m[1m>[22m[39m[90m 135 |[39m     [36mawait[39m validator[33m.[39mstart(validatorConfig)[33m;[39m
     [90m     |[39m     [31m[1m^[22m[39m
     [90m 136 |[39m }
     [90m 137 |[39m
     [90m 138 |[39m[0m

      at FhirValidator.waitForReady (node_modules/fhir-validator-wrapper/fhir-validator.js:152:11)
      at FhirValidator.start (node_modules/fhir-validator-wrapper/fhir-validator.js:129:5)
      at loadValidator (tx/tests/test-runner.js:135:5)
      at startTxTests (tx/tests/test-runner.js:20:5)
      at Object.<anonymous> (tests/tx/test-cases.test.js:10:5)

  ΓùÅ Tx Tests ΓÇ║ parameters ΓÇ║ parameters-expand-enum-definitions3

    Validator service did not become ready within 60000ms

    [0m [90m 133 |[39m         timeout[33m:[39m [35m60000[39m
     [90m 134 |[39m     }
    [31m[1m>[22m[39m[90m 135 |[39m     [36mawait[39m validator[33m.[39mstart(validatorConfig)[33m;[39m
     [90m     |[39m     [31m[1m^[22m[39m
     [90m 136 |[39m }
     [90m 137 |[39m
     [90m 138 |[39m[0m

      at FhirValidator.waitForReady (node_modules/fhir-validator-wrapper/fhir-validator.js:152:11)
      at FhirValidator.start (node_modules/fhir-validator-wrapper/fhir-validator.js:129:5)
      at loadValidator (tx/tests/test-runner.js:135:5)
      at startTxTests (tx/tests/test-runner.js:20:5)
      at Object.<anonymous> (tests/tx/test-cases.test.js:10:5)

  ΓùÅ Tx Tests ΓÇ║ parameters ΓÇ║ parameters-expand-isa-definitions2

    Validator service did not become ready within 60000ms

    [0m [90m 133 |[39m         timeout[33m:[39m [35m60000[39m
     [90m 134 |[39m     }
    [31m[1m>[22m[39m[90m 135 |[39m     [36mawait[39m validator[33m.[39mstart(validatorConfig)[33m;[39m
     [90m     |[39m     [31m[1m^[22m[39m
     [90m 136 |[39m }
     [90m 137 |[39m
     [90m 138 |[39m[0m

      at FhirValidator.waitForReady (node_modules/fhir-validator-wrapper/fhir-validator.js:152:11)
      at FhirValidator.start (node_modules/fhir-validator-wrapper/fhir-validator.js:129:5)
      at loadValidator (tx/tests/test-runner.js:135:5)
      at startTxTests (tx/tests/test-runner.js:20:5)
      at Object.<anonymous> (tests/tx/test-cases.test.js:10:5)

  ΓùÅ Tx Tests ΓÇ║ parameters ΓÇ║ parameters-expand-all-property

    Validator service did not become ready within 60000ms

    [0m [90m 133 |[39m         timeout[33m:[39m [35m60000[39m
     [90m 134 |[39m     }
    [31m[1m>[22m[39m[90m 135 |[39m     [36mawait[39m validator[33m.[39mstart(validatorConfig)[33m;[39m
     [90m     |[39m     [31m[1m^[22m[39m
     [90m 136 |[39m }
     [90m 137 |[39m
     [90m 138 |[39m[0m

      at FhirValidator.waitForReady (node_modules/fhir-validator-wrapper/fhir-validator.js:152:11)
      at FhirValidator.start (node_modules/fhir-validator-wrapper/fhir-validator.js:129:5)
      at loadValidator (tx/tests/test-runner.js:135:5)
      at startTxTests (tx/tests/test-runner.js:20:5)
      at Object.<anonymous> (tests/tx/test-cases.test.js:10:5)

  ΓùÅ Tx Tests ΓÇ║ parameters ΓÇ║ parameters-expand-enum-property

    Validator service did not become ready within 60000ms

    [0m [90m 133 |[39m         timeout[33m:[39m [35m60000[39m
     [90m 134 |[39m     }
    [31m[1m>[22m[39m[90m 135 |[39m     [36mawait[39m validator[33m.[39mstart(validatorConfig)[33m;[39m
     [90m     |[39m     [31m[1m^[22m[39m
     [90m 136 |[39m }
     [90m 137 |[39m
     [90m 138 |[39m[0m

      at FhirValidator.waitForReady (node_modules/fhir-validator-wrapper/fhir-validator.js:152:11)
      at FhirValidator.start (node_modules/fhir-validator-wrapper/fhir-validator.js:129:5)
      at loadValidator (tx/tests/test-runner.js:135:5)
      at startTxTests (tx/tests/test-runner.js:20:5)
      at Object.<anonymous> (tests/tx/test-cases.test.js:10:5)

  ΓùÅ Tx Tests ΓÇ║ parameters ΓÇ║ parameters-expand-isa-property

    Validator service did not become ready within 60000ms

    [0m [90m 133 |[39m         timeout[33m:[39m [35m60000[39m
     [90m 134 |[39m     }
    [31m[1m>[22m[39m[90m 135 |[39m     [36mawait[39m validator[33m.[39mstart(validatorConfig)[33m;[39m
     [90m     |[39m     [31m[1m^[22m[39m
     [90m 136 |[39m }
     [90m 137 |[39m
     [90m 138 |[39m[0m

      at FhirValidator.waitForReady (node_modules/fhir-validator-wrapper/fhir-validator.js:152:11)
      at FhirValidator.start (node_modules/fhir-validator-wrapper/fhir-validator.js:129:5)
      at loadValidator (tx/tests/test-runner.js:135:5)
      at startTxTests (tx/tests/test-runner.js:20:5)
      at Object.<anonymous> (tests/tx/test-cases.test.js:10:5)

  ΓùÅ Tx Tests ΓÇ║ language ΓÇ║ language-echo-en-none

    Validator service did not become ready within 60000ms

    [0m [90m 133 |[39m         timeout[33m:[39m [35m60000[39m
     [90m 134 |[39m     }
    [31m[1m>[22m[39m[90m 135 |[39m     [36mawait[39m validator[33m.[39mstart(validatorConfig)[33m;[39m
     [90m     |[39m     [31m[1m^[22m[39m
     [90m 136 |[39m }
     [90m 137 |[39m
     [90m 138 |[39m[0m

      at FhirValidator.waitForReady (node_modules/fhir-validator-wrapper/fhir-validator.js:152:11)
      at FhirValidator.start (node_modules/fhir-validator-wrapper/fhir-validator.js:129:5)
      at loadValidator (tx/tests/test-runner.js:135:5)
      at startTxTests (tx/tests/test-runner.js:20:5)
      at Object.<anonymous> (tests/tx/test-cases.test.js:10:5)

  ΓùÅ Tx Tests ΓÇ║ language ΓÇ║ language-echo-de-none

    Validator service did not become ready within 60000ms

    [0m [90m 133 |[39m         timeout[33m:[39m [35m60000[39m
     [90m 134 |[39m     }
    [31m[1m>[22m[39m[90m 135 |[39m     [36mawait[39m validator[33m.[39mstart(validatorConfig)[33m;[39m
     [90m     |[39m     [31m[1m^[22m[39m
     [90m 136 |[39m }
     [90m 137 |[39m
     [90m 138 |[39m[0m

      at FhirValidator.waitForReady (node_modules/fhir-validator-wrapper/fhir-validator.js:152:11)
      at FhirValidator.start (node_modules/fhir-validator-wrapper/fhir-validator.js:129:5)
      at loadValidator (tx/tests/test-runner.js:135:5)
      at startTxTests (tx/tests/test-runner.js:20:5)
      at Object.<anonymous> (tests/tx/test-cases.test.js:10:5)

  ΓùÅ Tx Tests ΓÇ║ language ΓÇ║ language-echo-en-multi-none

    Validator service did not become ready within 60000ms

    [0m [90m 133 |[39m         timeout[33m:[39m [35m60000[39m
     [90m 134 |[39m     }
    [31m[1m>[22m[39m[90m 135 |[39m     [36mawait[39m validator[33m.[39mstart(validatorConfig)[33m;[39m
     [90m     |[39m     [31m[1m^[22m[39m
     [90m 136 |[39m }
     [90m 137 |[39m
     [90m 138 |[39m[0m

      at FhirValidator.waitForReady (node_modules/fhir-validator-wrapper/fhir-validator.js:152:11)
      at FhirValidator.start (node_modules/fhir-validator-wrapper/fhir-validator.js:129:5)
      at loadValidator (tx/tests/test-runner.js:135:5)
      at startTxTests (tx/tests/test-runner.js:20:5)
      at Object.<anonymous> (tests/tx/test-cases.test.js:10:5)

  ΓùÅ Tx Tests ΓÇ║ language ΓÇ║ language-echo-de-multi-none

    Validator service did not become ready within 60000ms

    [0m [90m 133 |[39m         timeout[33m:[39m [35m60000[39m
     [90m 134 |[39m     }
    [31m[1m>[22m[39m[90m 135 |[39m     [36mawait[39m validator[33m.[39mstart(validatorConfig)[33m;[39m
     [90m     |[39m     [31m[1m^[22m[39m
     [90m 136 |[39m }
     [90m 137 |[39m
     [90m 138 |[39m[0m

      at FhirValidator.waitForReady (node_modules/fhir-validator-wrapper/fhir-validator.js:152:11)
      at FhirValidator.start (node_modules/fhir-validator-wrapper/fhir-validator.js:129:5)
      at loadValidator (tx/tests/test-runner.js:135:5)
      at startTxTests (tx/tests/test-runner.js:20:5)
      at Object.<anonymous> (tests/tx/test-cases.test.js:10:5)

  ΓùÅ Tx Tests ΓÇ║ language ΓÇ║ language-echo-en-en-param

    Validator service did not become ready within 60000ms

    [0m [90m 133 |[39m         timeout[33m:[39m [35m60000[39m
     [90m 134 |[39m     }
    [31m[1m>[22m[39m[90m 135 |[39m     [36mawait[39m validator[33m.[39mstart(validatorConfig)[33m;[39m
     [90m     |[39m     [31m[1m^[22m[39m
     [90m 136 |[39m }
     [90m 137 |[39m
     [90m 138 |[39m[0m

      at FhirValidator.waitForReady (node_modules/fhir-validator-wrapper/fhir-validator.js:152:11)
      at FhirValidator.start (node_modules/fhir-validator-wrapper/fhir-validator.js:129:5)
      at loadValidator (tx/tests/test-runner.js:135:5)
      at startTxTests (tx/tests/test-runner.js:20:5)
      at Object.<anonymous> (tests/tx/test-cases.test.js:10:5)

  ΓùÅ Tx Tests ΓÇ║ language ΓÇ║ language-echo-en-en-vs

    Validator service did not become ready within 60000ms

    [0m [90m 133 |[39m         timeout[33m:[39m [35m60000[39m
     [90m 134 |[39m     }
    [31m[1m>[22m[39m[90m 135 |[39m     [36mawait[39m validator[33m.[39mstart(validatorConfig)[33m;[39m
     [90m     |[39m     [31m[1m^[22m[39m
     [90m 136 |[39m }
     [90m 137 |[39m
     [90m 138 |[39m[0m

      at FhirValidator.waitForReady (node_modules/fhir-validator-wrapper/fhir-validator.js:152:11)
      at FhirValidator.start (node_modules/fhir-validator-wrapper/fhir-validator.js:129:5)
      at loadValidator (tx/tests/test-runner.js:135:5)
      at startTxTests (tx/tests/test-runner.js:20:5)
      at Object.<anonymous> (tests/tx/test-cases.test.js:10:5)

  ΓùÅ Tx Tests ΓÇ║ language ΓÇ║ language-echo-en-en-header

    Validator service did not become ready within 60000ms

    [0m [90m 133 |[39m         timeout[33m:[39m [35m60000[39m
     [90m 134 |[39m     }
    [31m[1m>[22m[39m[90m 135 |[39m     [36mawait[39m validator[33m.[39mstart(validatorConfig)[33m;[39m
     [90m     |[39m     [31m[1m^[22m[39m
     [90m 136 |[39m }
     [90m 137 |[39m
     [90m 138 |[39m[0m

      at FhirValidator.waitForReady (node_modules/fhir-validator-wrapper/fhir-validator.js:152:11)
      at FhirValidator.start (node_modules/fhir-validator-wrapper/fhir-validator.js:129:5)
      at loadValidator (tx/tests/test-runner.js:135:5)
      at startTxTests (tx/tests/test-runner.js:20:5)
      at Object.<anonymous> (tests/tx/test-cases.test.js:10:5)

  ΓùÅ Tx Tests ΓÇ║ language ΓÇ║ language-echo-en-en-vslang

    Validator service did not become ready within 60000ms

    [0m [90m 133 |[39m         timeout[33m:[39m [35m60000[39m
     [90m 134 |[39m     }
    [31m[1m>[22m[39m[90m 135 |[39m     [36mawait[39m validator[33m.[39mstart(validatorConfig)[33m;[39m
     [90m     |[39m     [31m[1m^[22m[39m
     [90m 136 |[39m }
     [90m 137 |[39m
     [90m 138 |[39m[0m

      at FhirValidator.waitForReady (node_modules/fhir-validator-wrapper/fhir-validator.js:152:11)
      at FhirValidator.start (node_modules/fhir-validator-wrapper/fhir-validator.js:129:5)
      at loadValidator (tx/tests/test-runner.js:135:5)
      at startTxTests (tx/tests/test-runner.js:20:5)
      at Object.<anonymous> (tests/tx/test-cases.test.js:10:5)

  ΓùÅ Tx Tests ΓÇ║ language ΓÇ║ language-echo-en-en-mixed

    Validator service did not become ready within 60000ms

    [0m [90m 133 |[39m         timeout[33m:[39m [35m60000[39m
     [90m 134 |[39m     }
    [31m[1m>[22m[39m[90m 135 |[39m     [36mawait[39m validator[33m.[39mstart(validatorConfig)[33m;[39m
     [90m     |[39m     [31m[1m^[22m[39m
     [90m 136 |[39m }
     [90m 137 |[39m
     [90m 138 |[39m[0m

      at FhirValidator.waitForReady (node_modules/fhir-validator-wrapper/fhir-validator.js:152:11)
      at FhirValidator.start (node_modules/fhir-validator-wrapper/fhir-validator.js:129:5)
      at loadValidator (tx/tests/test-runner.js:135:5)
      at startTxTests (tx/tests/test-runner.js:20:5)
      at Object.<anonymous> (tests/tx/test-cases.test.js:10:5)

  ΓùÅ Tx Tests ΓÇ║ language ΓÇ║ language-echo-de-de-param

    Validator service did not become ready within 60000ms

    [0m [90m 133 |[39m         timeout[33m:[39m [35m60000[39m
     [90m 134 |[39m     }
    [31m[1m>[22m[39m[90m 135 |[39m     [36mawait[39m validator[33m.[39mstart(validatorConfig)[33m;[39m
     [90m     |[39m     [31m[1m^[22m[39m
     [90m 136 |[39m }
     [90m 137 |[39m
     [90m 138 |[39m[0m

      at FhirValidator.waitForReady (node_modules/fhir-validator-wrapper/fhir-validator.js:152:11)
      at FhirValidator.start (node_modules/fhir-validator-wrapper/fhir-validator.js:129:5)
      at loadValidator (tx/tests/test-runner.js:135:5)
      at startTxTests (tx/tests/test-runner.js:20:5)
      at Object.<anonymous> (tests/tx/test-cases.test.js:10:5)

  ΓùÅ Tx Tests ΓÇ║ language ΓÇ║ language-echo-de-de-vs

    Validator service did not become ready within 60000ms

    [0m [90m 133 |[39m         timeout[33m:[39m [35m60000[39m
     [90m 134 |[39m     }
    [31m[1m>[22m[39m[90m 135 |[39m     [36mawait[39m validator[33m.[39mstart(validatorConfig)[33m;[39m
     [90m     |[39m     [31m[1m^[22m[39m
     [90m 136 |[39m }
     [90m 137 |[39m
     [90m 138 |[39m[0m

      at FhirValidator.waitForReady (node_modules/fhir-validator-wrapper/fhir-validator.js:152:11)
      at FhirValidator.start (node_modules/fhir-validator-wrapper/fhir-validator.js:129:5)
      at loadValidator (tx/tests/test-runner.js:135:5)
      at startTxTests (tx/tests/test-runner.js:20:5)
      at Object.<anonymous> (tests/tx/test-cases.test.js:10:5)

  ΓùÅ Tx Tests ΓÇ║ language ΓÇ║ language-echo-de-de-header

    Validator service did not become ready within 60000ms

    [0m [90m 133 |[39m         timeout[33m:[39m [35m60000[39m
     [90m 134 |[39m     }
    [31m[1m>[22m[39m[90m 135 |[39m     [36mawait[39m validator[33m.[39mstart(validatorConfig)[33m;[39m
     [90m     |[39m     [31m[1m^[22m[39m
     [90m 136 |[39m }
     [90m 137 |[39m
     [90m 138 |[39m[0m

      at FhirValidator.waitForReady (node_modules/fhir-validator-wrapper/fhir-validator.js:152:11)
      at FhirValidator.start (node_modules/fhir-validator-wrapper/fhir-validator.js:129:5)
      at loadValidator (tx/tests/test-runner.js:135:5)
      at startTxTests (tx/tests/test-runner.js:20:5)
      at Object.<anonymous> (tests/tx/test-cases.test.js:10:5)

  ΓùÅ Tx Tests ΓÇ║ language ΓÇ║ language-echo-en-multi-en-param

    Validator service did not become ready within 60000ms

    [0m [90m 133 |[39m         timeout[33m:[39m [35m60000[39m
     [90m 134 |[39m     }
    [31m[1m>[22m[39m[90m 135 |[39m     [36mawait[39m validator[33m.[39mstart(validatorConfig)[33m;[39m
     [90m     |[39m     [31m[1m^[22m[39m
     [90m 136 |[39m }
     [90m 137 |[39m
     [90m 138 |[39m[0m

      at FhirValidator.waitForReady (node_modules/fhir-validator-wrapper/fhir-validator.js:152:11)
      at FhirValidator.start (node_modules/fhir-validator-wrapper/fhir-validator.js:129:5)
      at loadValidator (tx/tests/test-runner.js:135:5)
      at startTxTests (tx/tests/test-runner.js:20:5)
      at Object.<anonymous> (tests/tx/test-cases.test.js:10:5)

  ΓùÅ Tx Tests ΓÇ║ language ΓÇ║ language-echo-en-multi-en-vs

    Validator service did not become ready within 60000ms

    [0m [90m 133 |[39m         timeout[33m:[39m [35m60000[39m
     [90m 134 |[39m     }
    [31m[1m>[22m[39m[90m 135 |[39m     [36mawait[39m validator[33m.[39mstart(validatorConfig)[33m;[39m
     [90m     |[39m     [31m[1m^[22m[39m
     [90m 136 |[39m }
     [90m 137 |[39m
     [90m 138 |[39m[0m

      at FhirValidator.waitForReady (node_modules/fhir-validator-wrapper/fhir-validator.js:152:11)
      at FhirValidator.start (node_modules/fhir-validator-wrapper/fhir-validator.js:129:5)
      at loadValidator (tx/tests/test-runner.js:135:5)
      at startTxTests (tx/tests/test-runner.js:20:5)
      at Object.<anonymous> (tests/tx/test-cases.test.js:10:5)

  ΓùÅ Tx Tests ΓÇ║ language ΓÇ║ language-echo-en-multi-en-header

    Validator service did not become ready within 60000ms

    [0m [90m 133 |[39m         timeout[33m:[39m [35m60000[39m
     [90m 134 |[39m     }
    [31m[1m>[22m[39m[90m 135 |[39m     [36mawait[39m validator[33m.[39mstart(validatorConfig)[33m;[39m
     [90m     |[39m     [31m[1m^[22m[39m
     [90m 136 |[39m }
     [90m 137 |[39m
     [90m 138 |[39m[0m

      at FhirValidator.waitForReady (node_modules/fhir-validator-wrapper/fhir-validator.js:152:11)
      at FhirValidator.start (node_modules/fhir-validator-wrapper/fhir-validator.js:129:5)
      at loadValidator (tx/tests/test-runner.js:135:5)
      at startTxTests (tx/tests/test-runner.js:20:5)
      at Object.<anonymous> (tests/tx/test-cases.test.js:10:5)

  ΓùÅ Tx Tests ΓÇ║ language ΓÇ║ language-echo-de-multi-de-param

    Validator service did not become ready within 60000ms

    [0m [90m 133 |[39m         timeout[33m:[39m [35m60000[39m
     [90m 134 |[39m     }
    [31m[1m>[22m[39m[90m 135 |[39m     [36mawait[39m validator[33m.[39mstart(validatorConfig)[33m;[39m
     [90m     |[39m     [31m[1m^[22m[39m
     [90m 136 |[39m }
     [90m 137 |[39m
     [90m 138 |[39m[0m

      at FhirValidator.waitForReady (node_modules/fhir-validator-wrapper/fhir-validator.js:152:11)
      at FhirValidator.start (node_modules/fhir-validator-wrapper/fhir-validator.js:129:5)
      at loadValidator (tx/tests/test-runner.js:135:5)
      at startTxTests (tx/tests/test-runner.js:20:5)
      at Object.<anonymous> (tests/tx/test-cases.test.js:10:5)

  ΓùÅ Tx Tests ΓÇ║ language ΓÇ║ language-echo-de-multi-de-vs

    Validator service did not become ready within 60000ms

    [0m [90m 133 |[39m         timeout[33m:[39m [35m60000[39m
     [90m 134 |[39m     }
    [31m[1m>[22m[39m[90m 135 |[39m     [36mawait[39m validator[33m.[39mstart(validatorConfig)[33m;[39m
     [90m     |[39m     [31m[1m^[22m[39m
     [90m 136 |[39m }
     [90m 137 |[39m
     [90m 138 |[39m[0m

      at FhirValidator.waitForReady (node_modules/fhir-validator-wrapper/fhir-validator.js:152:11)
      at FhirValidator.start (node_modules/fhir-validator-wrapper/fhir-validator.js:129:5)
      at loadValidator (tx/tests/test-runner.js:135:5)
      at startTxTests (tx/tests/test-runner.js:20:5)
      at Object.<anonymous> (tests/tx/test-cases.test.js:10:5)

  ΓùÅ Tx Tests ΓÇ║ language ΓÇ║ language-echo-de-multi-de-header

    Validator service did not become ready within 60000ms

    [0m [90m 133 |[39m         timeout[33m:[39m [35m60000[39m
     [90m 134 |[39m     }
    [31m[1m>[22m[39m[90m 135 |[39m     [36mawait[39m validator[33m.[39mstart(validatorConfig)[33m;[39m
     [90m     |[39m     [31m[1m^[22m[39m
     [90m 136 |[39m }
     [90m 137 |[39m
     [90m 138 |[39m[0m

      at FhirValidator.waitForReady (node_modules/fhir-validator-wrapper/fhir-validator.js:152:11)
      at FhirValidator.start (node_modules/fhir-validator-wrapper/fhir-validator.js:129:5)
      at loadValidator (tx/tests/test-runner.js:135:5)
      at startTxTests (tx/tests/test-runner.js:20:5)
      at Object.<anonymous> (tests/tx/test-cases.test.js:10:5)

  ΓùÅ Tx Tests ΓÇ║ language ΓÇ║ language-xform-en-multi-de-soft

    Validator service did not become ready within 60000ms

    [0m [90m 133 |[39m         timeout[33m:[39m [35m60000[39m
     [90m 134 |[39m     }
    [31m[1m>[22m[39m[90m 135 |[39m     [36mawait[39m validator[33m.[39mstart(validatorConfig)[33m;[39m
     [90m     |[39m     [31m[1m^[22m[39m
     [90m 136 |[39m }
     [90m 137 |[39m
     [90m 138 |[39m[0m

      at FhirValidator.waitForReady (node_modules/fhir-validator-wrapper/fhir-validator.js:152:11)
      at FhirValidator.start (node_modules/fhir-validator-wrapper/fhir-validator.js:129:5)
      at loadValidator (tx/tests/test-runner.js:135:5)
      at startTxTests (tx/tests/test-runner.js:20:5)
      at Object.<anonymous> (tests/tx/test-cases.test.js:10:5)

  ΓùÅ Tx Tests ΓÇ║ language ΓÇ║ language-xform-en-multi-de-hard

    Validator service did not become ready within 60000ms

    [0m [90m 133 |[39m         timeout[33m:[39m [35m60000[39m
     [90m 134 |[39m     }
    [31m[1m>[22m[39m[90m 135 |[39m     [36mawait[39m validator[33m.[39mstart(validatorConfig)[33m;[39m
     [90m     |[39m     [31m[1m^[22m[39m
     [90m 136 |[39m }
     [90m 137 |[39m
     [90m 138 |[39m[0m

      at FhirValidator.waitForReady (node_modules/fhir-validator-wrapper/fhir-validator.js:152:11)
      at FhirValidator.start (node_modules/fhir-validator-wrapper/fhir-validator.js:129:5)
      at loadValidator (tx/tests/test-runner.js:135:5)
      at startTxTests (tx/tests/test-runner.js:20:5)
      at Object.<anonymous> (tests/tx/test-cases.test.js:10:5)

  ΓùÅ Tx Tests ΓÇ║ language ΓÇ║ language-xform-en-multi-de-default

    Validator service did not become ready within 60000ms

    [0m [90m 133 |[39m         timeout[33m:[39m [35m60000[39m
     [90m 134 |[39m     }
    [31m[1m>[22m[39m[90m 135 |[39m     [36mawait[39m validator[33m.[39mstart(validatorConfig)[33m;[39m
     [90m     |[39m     [31m[1m^[22m[39m
     [90m 136 |[39m }
     [90m 137 |[39m
     [90m 138 |[39m[0m

      at FhirValidator.waitForReady (node_modules/fhir-validator-wrapper/fhir-validator.js:152:11)
      at FhirValidator.start (node_modules/fhir-validator-wrapper/fhir-validator.js:129:5)
      at loadValidator (tx/tests/test-runner.js:135:5)
      at startTxTests (tx/tests/test-runner.js:20:5)
      at Object.<anonymous> (tests/tx/test-cases.test.js:10:5)

  ΓùÅ Tx Tests ΓÇ║ language ΓÇ║ language-xform-de-multi-en-soft

    Validator service did not become ready within 60000ms

    [0m [90m 133 |[39m         timeout[33m:[39m [35m60000[39m
     [90m 134 |[39m     }
    [31m[1m>[22m[39m[90m 135 |[39m     [36mawait[39m validator[33m.[39mstart(validatorConfig)[33m;[39m
     [90m     |[39m     [31m[1m^[22m[39m
     [90m 136 |[39m }
     [90m 137 |[39m
     [90m 138 |[39m[0m

      at FhirValidator.waitForReady (node_modules/fhir-validator-wrapper/fhir-validator.js:152:11)
      at FhirValidator.start (node_modules/fhir-validator-wrapper/fhir-validator.js:129:5)
      at loadValidator (tx/tests/test-runner.js:135:5)
      at startTxTests (tx/tests/test-runner.js:20:5)
      at Object.<anonymous> (tests/tx/test-cases.test.js:10:5)

  ΓùÅ Tx Tests ΓÇ║ language ΓÇ║ language-xform-de-multi-en-hard

    Validator service did not become ready within 60000ms

    [0m [90m 133 |[39m         timeout[33m:[39m [35m60000[39m
     [90m 134 |[39m     }
    [31m[1m>[22m[39m[90m 135 |[39m     [36mawait[39m validator[33m.[39mstart(validatorConfig)[33m;[39m
     [90m     |[39m     [31m[1m^[22m[39m
     [90m 136 |[39m }
     [90m 137 |[39m
     [90m 138 |[39m[0m

      at FhirValidator.waitForReady (node_modules/fhir-validator-wrapper/fhir-validator.js:152:11)
      at FhirValidator.start (node_modules/fhir-validator-wrapper/fhir-validator.js:129:5)
      at loadValidator (tx/tests/test-runner.js:135:5)
      at startTxTests (tx/tests/test-runner.js:20:5)
      at Object.<anonymous> (tests/tx/test-cases.test.js:10:5)

  ΓùÅ Tx Tests ΓÇ║ language ΓÇ║ language-xform-de-multi-en-default

    Validator service did not become ready within 60000ms

    [0m [90m 133 |[39m         timeout[33m:[39m [35m60000[39m
     [90m 134 |[39m     }
    [31m[1m>[22m[39m[90m 135 |[39m     [36mawait[39m validator[33m.[39mstart(validatorConfig)[33m;[39m
     [90m     |[39m     [31m[1m^[22m[39m
     [90m 136 |[39m }
     [90m 137 |[39m
     [90m 138 |[39m[0m

      at FhirValidator.waitForReady (node_modules/fhir-validator-wrapper/fhir-validator.js:152:11)
      at FhirValidator.start (node_modules/fhir-validator-wrapper/fhir-validator.js:129:5)
      at loadValidator (tx/tests/test-runner.js:135:5)
      at startTxTests (tx/tests/test-runner.js:20:5)
      at Object.<anonymous> (tests/tx/test-cases.test.js:10:5)

  ΓùÅ Tx Tests ΓÇ║ language ΓÇ║ language-echo-en-designation

    Validator service did not become ready within 60000ms

    [0m [90m 133 |[39m         timeout[33m:[39m [35m60000[39m
     [90m 134 |[39m     }
    [31m[1m>[22m[39m[90m 135 |[39m     [36mawait[39m validator[33m.[39mstart(validatorConfig)[33m;[39m
     [90m     |[39m     [31m[1m^[22m[39m
     [90m 136 |[39m }
     [90m 137 |[39m
     [90m 138 |[39m[0m

      at FhirValidator.waitForReady (node_modules/fhir-validator-wrapper/fhir-validator.js:152:11)
      at FhirValidator.start (node_modules/fhir-validator-wrapper/fhir-validator.js:129:5)
      at loadValidator (tx/tests/test-runner.js:135:5)
      at startTxTests (tx/tests/test-runner.js:20:5)
      at Object.<anonymous> (tests/tx/test-cases.test.js:10:5)

  ΓùÅ Tx Tests ΓÇ║ language ΓÇ║ language-echo-en-designations

    Validator service did not become ready within 60000ms

    [0m [90m 133 |[39m         timeout[33m:[39m [35m60000[39m
     [90m 134 |[39m     }
    [31m[1m>[22m[39m[90m 135 |[39m     [36mawait[39m validator[33m.[39mstart(validatorConfig)[33m;[39m
     [90m     |[39m     [31m[1m^[22m[39m
     [90m 136 |[39m }
     [90m 137 |[39m
     [90m 138 |[39m[0m

      at FhirValidator.waitForReady (node_modules/fhir-validator-wrapper/fhir-validator.js:152:11)
      at FhirValidator.start (node_modules/fhir-validator-wrapper/fhir-validator.js:129:5)
      at loadValidator (tx/tests/test-runner.js:135:5)
      at startTxTests (tx/tests/test-runner.js:20:5)
      at Object.<anonymous> (tests/tx/test-cases.test.js:10:5)

  ΓùÅ Tx Tests ΓÇ║ language2 ΓÇ║ validation-right-de-en

    Validator service did not become ready within 60000ms

    [0m [90m 133 |[39m         timeout[33m:[39m [35m60000[39m
     [90m 134 |[39m     }
    [31m[1m>[22m[39m[90m 135 |[39m     [36mawait[39m validator[33m.[39mstart(validatorConfig)[33m;[39m
     [90m     |[39m     [31m[1m^[22m[39m
     [90m 136 |[39m }
     [90m 137 |[39m
     [90m 138 |[39m[0m

      at FhirValidator.waitForReady (node_modules/fhir-validator-wrapper/fhir-validator.js:152:11)
      at FhirValidator.start (node_modules/fhir-validator-wrapper/fhir-validator.js:129:5)
      at loadValidator (tx/tests/test-runner.js:135:5)
      at startTxTests (tx/tests/test-runner.js:20:5)
      at Object.<anonymous> (tests/tx/test-cases.test.js:10:5)

  ΓùÅ Tx Tests ΓÇ║ language2 ΓÇ║ validation-right-de-ende-N

    Validator service did not become ready within 60000ms

    [0m [90m 133 |[39m         timeout[33m:[39m [35m60000[39m
     [90m 134 |[39m     }
    [31m[1m>[22m[39m[90m 135 |[39m     [36mawait[39m validator[33m.[39mstart(validatorConfig)[33m;[39m
     [90m     |[39m     [31m[1m^[22m[39m
     [90m 136 |[39m }
     [90m 137 |[39m
     [90m 138 |[39m[0m

      at FhirValidator.waitForReady (node_modules/fhir-validator-wrapper/fhir-validator.js:152:11)
      at FhirValidator.start (node_modules/fhir-validator-wrapper/fhir-validator.js:129:5)
      at loadValidator (tx/tests/test-runner.js:135:5)
      at startTxTests (tx/tests/test-runner.js:20:5)
      at Object.<anonymous> (tests/tx/test-cases.test.js:10:5)

  ΓùÅ Tx Tests ΓÇ║ language2 ΓÇ║ validation-right-de-ende

    Validator service did not become ready within 60000ms

    [0m [90m 133 |[39m         timeout[33m:[39m [35m60000[39m
     [90m 134 |[39m     }
    [31m[1m>[22m[39m[90m 135 |[39m     [36mawait[39m validator[33m.[39mstart(validatorConfig)[33m;[39m
     [90m     |[39m     [31m[1m^[22m[39m
     [90m 136 |[39m }
     [90m 137 |[39m
     [90m 138 |[39m[0m

      at FhirValidator.waitForReady (node_modules/fhir-validator-wrapper/fhir-validator.js:152:11)
      at FhirValidator.start (node_modules/fhir-validator-wrapper/fhir-validator.js:129:5)
      at loadValidator (tx/tests/test-runner.js:135:5)
      at startTxTests (tx/tests/test-runner.js:20:5)
      at Object.<anonymous> (tests/tx/test-cases.test.js:10:5)

  ΓùÅ Tx Tests ΓÇ║ language2 ΓÇ║ validation-right-de-none

    Validator service did not become ready within 60000ms

    [0m [90m 133 |[39m         timeout[33m:[39m [35m60000[39m
     [90m 134 |[39m     }
    [31m[1m>[22m[39m[90m 135 |[39m     [36mawait[39m validator[33m.[39mstart(validatorConfig)[33m;[39m
     [90m     |[39m     [31m[1m^[22m[39m
     [90m 136 |[39m }
     [90m 137 |[39m
     [90m 138 |[39m[0m

      at FhirValidator.waitForReady (node_modules/fhir-validator-wrapper/fhir-validator.js:152:11)
      at FhirValidator.start (node_modules/fhir-validator-wrapper/fhir-validator.js:129:5)
      at loadValidator (tx/tests/test-runner.js:135:5)
      at startTxTests (tx/tests/test-runner.js:20:5)
      at Object.<anonymous> (tests/tx/test-cases.test.js:10:5)

  ΓùÅ Tx Tests ΓÇ║ language2 ΓÇ║ validation-right-en-en

    Validator service did not become ready within 60000ms

    [0m [90m 133 |[39m         timeout[33m:[39m [35m60000[39m
     [90m 134 |[39m     }
    [31m[1m>[22m[39m[90m 135 |[39m     [36mawait[39m validator[33m.[39mstart(validatorConfig)[33m;[39m
     [90m     |[39m     [31m[1m^[22m[39m
     [90m 136 |[39m }
     [90m 137 |[39m
     [90m 138 |[39m[0m

      at FhirValidator.waitForReady (node_modules/fhir-validator-wrapper/fhir-validator.js:152:11)
      at FhirValidator.start (node_modules/fhir-validator-wrapper/fhir-validator.js:129:5)
      at loadValidator (tx/tests/test-runner.js:135:5)
      at startTxTests (tx/tests/test-runner.js:20:5)
      at Object.<anonymous> (tests/tx/test-cases.test.js:10:5)

  ΓùÅ Tx Tests ΓÇ║ language2 ΓÇ║ validation-right-en-ende-N

    Validator service did not become ready within 60000ms

    [0m [90m 133 |[39m         timeout[33m:[39m [35m60000[39m
     [90m 134 |[39m     }
    [31m[1m>[22m[39m[90m 135 |[39m     [36mawait[39m validator[33m.[39mstart(validatorConfig)[33m;[39m
     [90m     |[39m     [31m[1m^[22m[39m
     [90m 136 |[39m }
     [90m 137 |[39m
     [90m 138 |[39m[0m

      at FhirValidator.waitForReady (node_modules/fhir-validator-wrapper/fhir-validator.js:152:11)
      at FhirValidator.start (node_modules/fhir-validator-wrapper/fhir-validator.js:129:5)
      at loadValidator (tx/tests/test-runner.js:135:5)
      at startTxTests (tx/tests/test-runner.js:20:5)
      at Object.<anonymous> (tests/tx/test-cases.test.js:10:5)

  ΓùÅ Tx Tests ΓÇ║ language2 ΓÇ║ validation-right-en-ende

    Validator service did not become ready within 60000ms

    [0m [90m 133 |[39m         timeout[33m:[39m [35m60000[39m
     [90m 134 |[39m     }
    [31m[1m>[22m[39m[90m 135 |[39m     [36mawait[39m validator[33m.[39mstart(validatorConfig)[33m;[39m
     [90m     |[39m     [31m[1m^[22m[39m
     [90m 136 |[39m }
     [90m 137 |[39m
     [90m 138 |[39m[0m

      at FhirValidator.waitForReady (node_modules/fhir-validator-wrapper/fhir-validator.js:152:11)
      at FhirValidator.start (node_modules/fhir-validator-wrapper/fhir-validator.js:129:5)
      at loadValidator (tx/tests/test-runner.js:135:5)
      at startTxTests (tx/tests/test-runner.js:20:5)
      at Object.<anonymous> (tests/tx/test-cases.test.js:10:5)

  ΓùÅ Tx Tests ΓÇ║ language2 ΓÇ║ validation-right-en-none

    Validator service did not become ready within 60000ms

    [0m [90m 133 |[39m         timeout[33m:[39m [35m60000[39m
     [90m 134 |[39m     }
    [31m[1m>[22m[39m[90m 135 |[39m     [36mawait[39m validator[33m.[39mstart(validatorConfig)[33m;[39m
     [90m     |[39m     [31m[1m^[22m[39m
     [90m 136 |[39m }
     [90m 137 |[39m
     [90m 138 |[39m[0m

      at FhirValidator.waitForReady (node_modules/fhir-validator-wrapper/fhir-validator.js:152:11)
      at FhirValidator.start (node_modules/fhir-validator-wrapper/fhir-validator.js:129:5)
      at loadValidator (tx/tests/test-runner.js:135:5)
      at startTxTests (tx/tests/test-runner.js:20:5)
      at Object.<anonymous> (tests/tx/test-cases.test.js:10:5)

  ΓùÅ Tx Tests ΓÇ║ language2 ΓÇ║ validation-right-none-en

    Validator service did not become ready within 60000ms

    [0m [90m 133 |[39m         timeout[33m:[39m [35m60000[39m
     [90m 134 |[39m     }
    [31m[1m>[22m[39m[90m 135 |[39m     [36mawait[39m validator[33m.[39mstart(validatorConfig)[33m;[39m
     [90m     |[39m     [31m[1m^[22m[39m
     [90m 136 |[39m }
     [90m 137 |[39m
     [90m 138 |[39m[0m

      at FhirValidator.waitForReady (node_modules/fhir-validator-wrapper/fhir-validator.js:152:11)
      at FhirValidator.start (node_modules/fhir-validator-wrapper/fhir-validator.js:129:5)
      at loadValidator (tx/tests/test-runner.js:135:5)
      at startTxTests (tx/tests/test-runner.js:20:5)
      at Object.<anonymous> (tests/tx/test-cases.test.js:10:5)

  ΓùÅ Tx Tests ΓÇ║ language2 ΓÇ║ validation-right-none-ende-N

    Validator service did not become ready within 60000ms

    [0m [90m 133 |[39m         timeout[33m:[39m [35m60000[39m
     [90m 134 |[39m     }
    [31m[1m>[22m[39m[90m 135 |[39m     [36mawait[39m validator[33m.[39mstart(validatorConfig)[33m;[39m
     [90m     |[39m     [31m[1m^[22m[39m
     [90m 136 |[39m }
     [90m 137 |[39m
     [90m 138 |[39m[0m

      at FhirValidator.waitForReady (node_modules/fhir-validator-wrapper/fhir-validator.js:152:11)
      at FhirValidator.start (node_modules/fhir-validator-wrapper/fhir-validator.js:129:5)
      at loadValidator (tx/tests/test-runner.js:135:5)
      at startTxTests (tx/tests/test-runner.js:20:5)
      at Object.<anonymous> (tests/tx/test-cases.test.js:10:5)

  ΓùÅ Tx Tests ΓÇ║ language2 ΓÇ║ validation-right-none-ende

    Validator service did not become ready within 60000ms

    [0m [90m 133 |[39m         timeout[33m:[39m [35m60000[39m
     [90m 134 |[39m     }
    [31m[1m>[22m[39m[90m 135 |[39m     [36mawait[39m validator[33m.[39mstart(validatorConfig)[33m;[39m
     [90m     |[39m     [31m[1m^[22m[39m
     [90m 136 |[39m }
     [90m 137 |[39m
     [90m 138 |[39m[0m

      at FhirValidator.waitForReady (node_modules/fhir-validator-wrapper/fhir-validator.js:152:11)
      at FhirValidator.start (node_modules/fhir-validator-wrapper/fhir-validator.js:129:5)
      at loadValidator (tx/tests/test-runner.js:135:5)
      at startTxTests (tx/tests/test-runner.js:20:5)
      at Object.<anonymous> (tests/tx/test-cases.test.js:10:5)

  ΓùÅ Tx Tests ΓÇ║ language2 ΓÇ║ validation-right-none-none

    Validator service did not become ready within 60000ms

    [0m [90m 133 |[39m         timeout[33m:[39m [35m60000[39m
     [90m 134 |[39m     }
    [31m[1m>[22m[39m[90m 135 |[39m     [36mawait[39m validator[33m.[39mstart(validatorConfig)[33m;[39m
     [90m     |[39m     [31m[1m^[22m[39m
     [90m 136 |[39m }
     [90m 137 |[39m
     [90m 138 |[39m[0m

      at FhirValidator.waitForReady (node_modules/fhir-validator-wrapper/fhir-validator.js:152:11)
      at FhirValidator.start (node_modules/fhir-validator-wrapper/fhir-validator.js:129:5)
      at loadValidator (tx/tests/test-runner.js:135:5)
      at startTxTests (tx/tests/test-runner.js:20:5)
      at Object.<anonymous> (tests/tx/test-cases.test.js:10:5)

  ΓùÅ Tx Tests ΓÇ║ language2 ΓÇ║ validation-wrong-de-en

    Validator service did not become ready within 60000ms

    [0m [90m 133 |[39m         timeout[33m:[39m [35m60000[39m
     [90m 134 |[39m     }
    [31m[1m>[22m[39m[90m 135 |[39m     [36mawait[39m validator[33m.[39mstart(validatorConfig)[33m;[39m
     [90m     |[39m     [31m[1m^[22m[39m
     [90m 136 |[39m }
     [90m 137 |[39m
     [90m 138 |[39m[0m

      at FhirValidator.waitForReady (node_modules/fhir-validator-wrapper/fhir-validator.js:152:11)
      at FhirValidator.start (node_modules/fhir-validator-wrapper/fhir-validator.js:129:5)
      at loadValidator (tx/tests/test-runner.js:135:5)
      at startTxTests (tx/tests/test-runner.js:20:5)
      at Object.<anonymous> (tests/tx/test-cases.test.js:10:5)

  ΓùÅ Tx Tests ΓÇ║ language2 ΓÇ║ validation-wrong-de-en-bad

    Validator service did not become ready within 60000ms

    [0m [90m 133 |[39m         timeout[33m:[39m [35m60000[39m
     [90m 134 |[39m     }
    [31m[1m>[22m[39m[90m 135 |[39m     [36mawait[39m validator[33m.[39mstart(validatorConfig)[33m;[39m
     [90m     |[39m     [31m[1m^[22m[39m
     [90m 136 |[39m }
     [90m 137 |[39m
     [90m 138 |[39m[0m

      at FhirValidator.waitForReady (node_modules/fhir-validator-wrapper/fhir-validator.js:152:11)
      at FhirValidator.start (node_modules/fhir-validator-wrapper/fhir-validator.js:129:5)
      at loadValidator (tx/tests/test-runner.js:135:5)
      at startTxTests (tx/tests/test-runner.js:20:5)
      at Object.<anonymous> (tests/tx/test-cases.test.js:10:5)

  ΓùÅ Tx Tests ΓÇ║ language2 ΓÇ║ validation-wrong-de-ende-N

    Validator service did not become ready within 60000ms

    [0m [90m 133 |[39m         timeout[33m:[39m [35m60000[39m
     [90m 134 |[39m     }
    [31m[1m>[22m[39m[90m 135 |[39m     [36mawait[39m validator[33m.[39mstart(validatorConfig)[33m;[39m
     [90m     |[39m     [31m[1m^[22m[39m
     [90m 136 |[39m }
     [90m 137 |[39m
     [90m 138 |[39m[0m

      at FhirValidator.waitForReady (node_modules/fhir-validator-wrapper/fhir-validator.js:152:11)
      at FhirValidator.start (node_modules/fhir-validator-wrapper/fhir-validator.js:129:5)
      at loadValidator (tx/tests/test-runner.js:135:5)
      at startTxTests (tx/tests/test-runner.js:20:5)
      at Object.<anonymous> (tests/tx/test-cases.test.js:10:5)

  ΓùÅ Tx Tests ΓÇ║ language2 ΓÇ║ validation-wrong-de-ende

    Validator service did not become ready within 60000ms

    [0m [90m 133 |[39m         timeout[33m:[39m [35m60000[39m
     [90m 134 |[39m     }
    [31m[1m>[22m[39m[90m 135 |[39m     [36mawait[39m validator[33m.[39mstart(validatorConfig)[33m;[39m
     [90m     |[39m     [31m[1m^[22m[39m
     [90m 136 |[39m }
     [90m 137 |[39m
     [90m 138 |[39m[0m

      at FhirValidator.waitForReady (node_modules/fhir-validator-wrapper/fhir-validator.js:152:11)
      at FhirValidator.start (node_modules/fhir-validator-wrapper/fhir-validator.js:129:5)
      at loadValidator (tx/tests/test-runner.js:135:5)
      at startTxTests (tx/tests/test-runner.js:20:5)
      at Object.<anonymous> (tests/tx/test-cases.test.js:10:5)

  ΓùÅ Tx Tests ΓÇ║ language2 ΓÇ║ validation-wrong-de-none

    Validator service did not become ready within 60000ms

    [0m [90m 133 |[39m         timeout[33m:[39m [35m60000[39m
     [90m 134 |[39m     }
    [31m[1m>[22m[39m[90m 135 |[39m     [36mawait[39m validator[33m.[39mstart(validatorConfig)[33m;[39m
     [90m     |[39m     [31m[1m^[22m[39m
     [90m 136 |[39m }
     [90m 137 |[39m
     [90m 138 |[39m[0m

      at FhirValidator.waitForReady (node_modules/fhir-validator-wrapper/fhir-validator.js:152:11)
      at FhirValidator.start (node_modules/fhir-validator-wrapper/fhir-validator.js:129:5)
      at loadValidator (tx/tests/test-runner.js:135:5)
      at startTxTests (tx/tests/test-runner.js:20:5)
      at Object.<anonymous> (tests/tx/test-cases.test.js:10:5)

  ΓùÅ Tx Tests ΓÇ║ language2 ΓÇ║ validation-wrong-en-en

    Validator service did not become ready within 60000ms

    [0m [90m 133 |[39m         timeout[33m:[39m [35m60000[39m
     [90m 134 |[39m     }
    [31m[1m>[22m[39m[90m 135 |[39m     [36mawait[39m validator[33m.[39mstart(validatorConfig)[33m;[39m
     [90m     |[39m     [31m[1m^[22m[39m
     [90m 136 |[39m }
     [90m 137 |[39m
     [90m 138 |[39m[0m

      at FhirValidator.waitForReady (node_modules/fhir-validator-wrapper/fhir-validator.js:152:11)
      at FhirValidator.start (node_modules/fhir-validator-wrapper/fhir-validator.js:129:5)
      at loadValidator (tx/tests/test-runner.js:135:5)
      at startTxTests (tx/tests/test-runner.js:20:5)
      at Object.<anonymous> (tests/tx/test-cases.test.js:10:5)

  ΓùÅ Tx Tests ΓÇ║ language2 ΓÇ║ validation-wrong-en-ende-N

    Validator service did not become ready within 60000ms

    [0m [90m 133 |[39m         timeout[33m:[39m [35m60000[39m
     [90m 134 |[39m     }
    [31m[1m>[22m[39m[90m 135 |[39m     [36mawait[39m validator[33m.[39mstart(validatorConfig)[33m;[39m
     [90m     |[39m     [31m[1m^[22m[39m
     [90m 136 |[39m }
     [90m 137 |[39m
     [90m 138 |[39m[0m

      at FhirValidator.waitForReady (node_modules/fhir-validator-wrapper/fhir-validator.js:152:11)
      at FhirValidator.start (node_modules/fhir-validator-wrapper/fhir-validator.js:129:5)
      at loadValidator (tx/tests/test-runner.js:135:5)
      at startTxTests (tx/tests/test-runner.js:20:5)
      at Object.<anonymous> (tests/tx/test-cases.test.js:10:5)

  ΓùÅ Tx Tests ΓÇ║ language2 ΓÇ║ validation-wrong-en-ende

    Validator service did not become ready within 60000ms

    [0m [90m 133 |[39m         timeout[33m:[39m [35m60000[39m
     [90m 134 |[39m     }
    [31m[1m>[22m[39m[90m 135 |[39m     [36mawait[39m validator[33m.[39mstart(validatorConfig)[33m;[39m
     [90m     |[39m     [31m[1m^[22m[39m
     [90m 136 |[39m }
     [90m 137 |[39m
     [90m 138 |[39m[0m

      at FhirValidator.waitForReady (node_modules/fhir-validator-wrapper/fhir-validator.js:152:11)
      at FhirValidator.start (node_modules/fhir-validator-wrapper/fhir-validator.js:129:5)
      at loadValidator (tx/tests/test-runner.js:135:5)
      at startTxTests (tx/tests/test-runner.js:20:5)
      at Object.<anonymous> (tests/tx/test-cases.test.js:10:5)

  ΓùÅ Tx Tests ΓÇ║ language2 ΓÇ║ validation-wrong-en-none

    Validator service did not become ready within 60000ms

    [0m [90m 133 |[39m         timeout[33m:[39m [35m60000[39m
     [90m 134 |[39m     }
    [31m[1m>[22m[39m[90m 135 |[39m     [36mawait[39m validator[33m.[39mstart(validatorConfig)[33m;[39m
     [90m     |[39m     [31m[1m^[22m[39m
     [90m 136 |[39m }
     [90m 137 |[39m
     [90m 138 |[39m[0m

      at FhirValidator.waitForReady (node_modules/fhir-validator-wrapper/fhir-validator.js:152:11)
      at FhirValidator.start (node_modules/fhir-validator-wrapper/fhir-validator.js:129:5)
      at loadValidator (tx/tests/test-runner.js:135:5)
      at startTxTests (tx/tests/test-runner.js:20:5)
      at Object.<anonymous> (tests/tx/test-cases.test.js:10:5)

  ΓùÅ Tx Tests ΓÇ║ language2 ΓÇ║ validation-wrong-none-en

    Validator service did not become ready within 60000ms

    [0m [90m 133 |[39m         timeout[33m:[39m [35m60000[39m
     [90m 134 |[39m     }
    [31m[1m>[22m[39m[90m 135 |[39m     [36mawait[39m validator[33m.[39mstart(validatorConfig)[33m;[39m
     [90m     |[39m     [31m[1m^[22m[39m
     [90m 136 |[39m }
     [90m 137 |[39m
     [90m 138 |[39m[0m

      at FhirValidator.waitForReady (node_modules/fhir-validator-wrapper/fhir-validator.js:152:11)
      at FhirValidator.start (node_modules/fhir-validator-wrapper/fhir-validator.js:129:5)
      at loadValidator (tx/tests/test-runner.js:135:5)
      at startTxTests (tx/tests/test-runner.js:20:5)
      at Object.<anonymous> (tests/tx/test-cases.test.js:10:5)

  ΓùÅ Tx Tests ΓÇ║ language2 ΓÇ║ validation-wrong-none-ende-N

    Validator service did not become ready within 60000ms

    [0m [90m 133 |[39m         timeout[33m:[39m [35m60000[39m
     [90m 134 |[39m     }
    [31m[1m>[22m[39m[90m 135 |[39m     [36mawait[39m validator[33m.[39mstart(validatorConfig)[33m;[39m
     [90m     |[39m     [31m[1m^[22m[39m
     [90m 136 |[39m }
     [90m 137 |[39m
     [90m 138 |[39m[0m

      at FhirValidator.waitForReady (node_modules/fhir-validator-wrapper/fhir-validator.js:152:11)
      at FhirValidator.start (node_modules/fhir-validator-wrapper/fhir-validator.js:129:5)
      at loadValidator (tx/tests/test-runner.js:135:5)
      at startTxTests (tx/tests/test-runner.js:20:5)
      at Object.<anonymous> (tests/tx/test-cases.test.js:10:5)

  ΓùÅ Tx Tests ΓÇ║ language2 ΓÇ║ validation-wrong-none-ende

    Validator service did not become ready within 60000ms

    [0m [90m 133 |[39m         timeout[33m:[39m [35m60000[39m
     [90m 134 |[39m     }
    [31m[1m>[22m[39m[90m 135 |[39m     [36mawait[39m validator[33m.[39mstart(validatorConfig)[33m;[39m
     [90m     |[39m     [31m[1m^[22m[39m
     [90m 136 |[39m }
     [90m 137 |[39m
     [90m 138 |[39m[0m

      at FhirValidator.waitForReady (node_modules/fhir-validator-wrapper/fhir-validator.js:152:11)
      at FhirValidator.start (node_modules/fhir-validator-wrapper/fhir-validator.js:129:5)
      at loadValidator (tx/tests/test-runner.js:135:5)
      at startTxTests (tx/tests/test-runner.js:20:5)
      at Object.<anonymous> (tests/tx/test-cases.test.js:10:5)

  ΓùÅ Tx Tests ΓÇ║ language2 ΓÇ║ validation-wrong-none-none

    Validator service did not become ready within 60000ms

    [0m [90m 133 |[39m         timeout[33m:[39m [35m60000[39m
     [90m 134 |[39m     }
    [31m[1m>[22m[39m[90m 135 |[39m     [36mawait[39m validator[33m.[39mstart(validatorConfig)[33m;[39m
     [90m     |[39m     [31m[1m^[22m[39m
     [90m 136 |[39m }
     [90m 137 |[39m
     [90m 138 |[39m[0m

      at FhirValidator.waitForReady (node_modules/fhir-validator-wrapper/fhir-validator.js:152:11)
      at FhirValidator.start (node_modules/fhir-validator-wrapper/fhir-validator.js:129:5)
      at loadValidator (tx/tests/test-runner.js:135:5)
      at startTxTests (tx/tests/test-runner.js:20:5)
      at Object.<anonymous> (tests/tx/test-cases.test.js:10:5)

  ΓùÅ Tx Tests ΓÇ║ extensions ΓÇ║ extensions-echo-all

    Validator service did not become ready within 60000ms

    [0m [90m 133 |[39m         timeout[33m:[39m [35m60000[39m
     [90m 134 |[39m     }
    [31m[1m>[22m[39m[90m 135 |[39m     [36mawait[39m validator[33m.[39mstart(validatorConfig)[33m;[39m
     [90m     |[39m     [31m[1m^[22m[39m
     [90m 136 |[39m }
     [90m 137 |[39m
     [90m 138 |[39m[0m

      at FhirValidator.waitForReady (node_modules/fhir-validator-wrapper/fhir-validator.js:152:11)
      at FhirValidator.start (node_modules/fhir-validator-wrapper/fhir-validator.js:129:5)
      at loadValidator (tx/tests/test-runner.js:135:5)
      at startTxTests (tx/tests/test-runner.js:20:5)
      at Object.<anonymous> (tests/tx/test-cases.test.js:10:5)

  ΓùÅ Tx Tests ΓÇ║ extensions ΓÇ║ extensions-echo-enumerated

    Validator service did not become ready within 60000ms

    [0m [90m 133 |[39m         timeout[33m:[39m [35m60000[39m
     [90m 134 |[39m     }
    [31m[1m>[22m[39m[90m 135 |[39m     [36mawait[39m validator[33m.[39mstart(validatorConfig)[33m;[39m
     [90m     |[39m     [31m[1m^[22m[39m
     [90m 136 |[39m }
     [90m 137 |[39m
     [90m 138 |[39m[0m

      at FhirValidator.waitForReady (node_modules/fhir-validator-wrapper/fhir-validator.js:152:11)
      at FhirValidator.start (node_modules/fhir-validator-wrapper/fhir-validator.js:129:5)
      at loadValidator (tx/tests/test-runner.js:135:5)
      at startTxTests (tx/tests/test-runner.js:20:5)
      at Object.<anonymous> (tests/tx/test-cases.test.js:10:5)

  ΓùÅ Tx Tests ΓÇ║ extensions ΓÇ║ extensions-echo-bad-supplement

    Validator service did not become ready within 60000ms

    [0m [90m 133 |[39m         timeout[33m:[39m [35m60000[39m
     [90m 134 |[39m     }
    [31m[1m>[22m[39m[90m 135 |[39m     [36mawait[39m validator[33m.[39mstart(validatorConfig)[33m;[39m
     [90m     |[39m     [31m[1m^[22m[39m
     [90m 136 |[39m }
     [90m 137 |[39m
     [90m 138 |[39m[0m

      at FhirValidator.waitForReady (node_modules/fhir-validator-wrapper/fhir-validator.js:152:11)
      at FhirValidator.start (node_modules/fhir-validator-wrapper/fhir-validator.js:129:5)
      at loadValidator (tx/tests/test-runner.js:135:5)
      at startTxTests (tx/tests/test-runner.js:20:5)
      at Object.<anonymous> (tests/tx/test-cases.test.js:10:5)

  ΓùÅ Tx Tests ΓÇ║ extensions ΓÇ║ validate-code-bad-supplement

    Validator service did not become ready within 60000ms

    [0m [90m 133 |[39m         timeout[33m:[39m [35m60000[39m
     [90m 134 |[39m     }
    [31m[1m>[22m[39m[90m 135 |[39m     [36mawait[39m validator[33m.[39mstart(validatorConfig)[33m;[39m
     [90m     |[39m     [31m[1m^[22m[39m
     [90m 136 |[39m }
     [90m 137 |[39m
     [90m 138 |[39m[0m

      at FhirValidator.waitForReady (node_modules/fhir-validator-wrapper/fhir-validator.js:152:11)
      at FhirValidator.start (node_modules/fhir-validator-wrapper/fhir-validator.js:129:5)
      at loadValidator (tx/tests/test-runner.js:135:5)
      at startTxTests (tx/tests/test-runner.js:20:5)
      at Object.<anonymous> (tests/tx/test-cases.test.js:10:5)

  ΓùÅ Tx Tests ΓÇ║ extensions ΓÇ║ validate-coding-bad-supplement

    Validator service did not become ready within 60000ms

    [0m [90m 133 |[39m         timeout[33m:[39m [35m60000[39m
     [90m 134 |[39m     }
    [31m[1m>[22m[39m[90m 135 |[39m     [36mawait[39m validator[33m.[39mstart(validatorConfig)[33m;[39m
     [90m     |[39m     [31m[1m^[22m[39m
     [90m 136 |[39m }
     [90m 137 |[39m
     [90m 138 |[39m[0m

      at FhirValidator.waitForReady (node_modules/fhir-validator-wrapper/fhir-validator.js:152:11)
      at FhirValidator.start (node_modules/fhir-validator-wrapper/fhir-validator.js:129:5)
      at loadValidator (tx/tests/test-runner.js:135:5)
      at startTxTests (tx/tests/test-runner.js:20:5)
      at Object.<anonymous> (tests/tx/test-cases.test.js:10:5)

  ΓùÅ Tx Tests ΓÇ║ extensions ΓÇ║ validate-coding-bad-supplement-url

    Validator service did not become ready within 60000ms

    [0m [90m 133 |[39m         timeout[33m:[39m [35m60000[39m
     [90m 134 |[39m     }
    [31m[1m>[22m[39m[90m 135 |[39m     [36mawait[39m validator[33m.[39mstart(validatorConfig)[33m;[39m
     [90m     |[39m     [31m[1m^[22m[39m
     [90m 136 |[39m }
     [90m 137 |[39m
     [90m 138 |[39m[0m

      at FhirValidator.waitForReady (node_modules/fhir-validator-wrapper/fhir-validator.js:152:11)
      at FhirValidator.start (node_modules/fhir-validator-wrapper/fhir-validator.js:129:5)
      at loadValidator (tx/tests/test-runner.js:135:5)
      at startTxTests (tx/tests/test-runner.js:20:5)
      at Object.<anonymous> (tests/tx/test-cases.test.js:10:5)

  ΓùÅ Tx Tests ΓÇ║ extensions ΓÇ║ validate-codeableconcept-bad-supplement

    Validator service did not become ready within 60000ms

    [0m [90m 133 |[39m         timeout[33m:[39m [35m60000[39m
     [90m 134 |[39m     }
    [31m[1m>[22m[39m[90m 135 |[39m     [36mawait[39m validator[33m.[39mstart(validatorConfig)[33m;[39m
     [90m     |[39m     [31m[1m^[22m[39m
     [90m 136 |[39m }
     [90m 137 |[39m
     [90m 138 |[39m[0m

      at FhirValidator.waitForReady (node_modules/fhir-validator-wrapper/fhir-validator.js:152:11)
      at FhirValidator.start (node_modules/fhir-validator-wrapper/fhir-validator.js:129:5)
      at loadValidator (tx/tests/test-runner.js:135:5)
      at startTxTests (tx/tests/test-runner.js:20:5)
      at Object.<anonymous> (tests/tx/test-cases.test.js:10:5)

  ΓùÅ Tx Tests ΓÇ║ extensions ΓÇ║ validate-coding-good-supplement

    Validator service did not become ready within 60000ms

    [0m [90m 133 |[39m         timeout[33m:[39m [35m60000[39m
     [90m 134 |[39m     }
    [31m[1m>[22m[39m[90m 135 |[39m     [36mawait[39m validator[33m.[39mstart(validatorConfig)[33m;[39m
     [90m     |[39m     [31m[1m^[22m[39m
     [90m 136 |[39m }
     [90m 137 |[39m
     [90m 138 |[39m[0m

      at FhirValidator.waitForReady (node_modules/fhir-validator-wrapper/fhir-validator.js:152:11)
      at FhirValidator.start (node_modules/fhir-validator-wrapper/fhir-validator.js:129:5)
      at loadValidator (tx/tests/test-runner.js:135:5)
      at startTxTests (tx/tests/test-runner.js:20:5)
      at Object.<anonymous> (tests/tx/test-cases.test.js:10:5)

  ΓùÅ Tx Tests ΓÇ║ extensions ΓÇ║ validate-coding-good2-supplement

    Validator service did not become ready within 60000ms

    [0m [90m 133 |[39m         timeout[33m:[39m [35m60000[39m
     [90m 134 |[39m     }
    [31m[1m>[22m[39m[90m 135 |[39m     [36mawait[39m validator[33m.[39mstart(validatorConfig)[33m;[39m
     [90m     |[39m     [31m[1m^[22m[39m
     [90m 136 |[39m }
     [90m 137 |[39m
     [90m 138 |[39m[0m

      at FhirValidator.waitForReady (node_modules/fhir-validator-wrapper/fhir-validator.js:152:11)
      at FhirValidator.start (node_modules/fhir-validator-wrapper/fhir-validator.js:129:5)
      at loadValidator (tx/tests/test-runner.js:135:5)
      at startTxTests (tx/tests/test-runner.js:20:5)
      at Object.<anonymous> (tests/tx/test-cases.test.js:10:5)

  ΓùÅ Tx Tests ΓÇ║ extensions ΓÇ║ validate-code-inactive-display

    Validator service did not become ready within 60000ms

    [0m [90m 133 |[39m         timeout[33m:[39m [35m60000[39m
     [90m 134 |[39m     }
    [31m[1m>[22m[39m[90m 135 |[39m     [36mawait[39m validator[33m.[39mstart(validatorConfig)[33m;[39m
     [90m     |[39m     [31m[1m^[22m[39m
     [90m 136 |[39m }
     [90m 137 |[39m
     [90m 138 |[39m[0m

      at FhirValidator.waitForReady (node_modules/fhir-validator-wrapper/fhir-validator.js:152:11)
      at FhirValidator.start (node_modules/fhir-validator-wrapper/fhir-validator.js:129:5)
      at loadValidator (tx/tests/test-runner.js:135:5)
      at startTxTests (tx/tests/test-runner.js:20:5)
      at Object.<anonymous> (tests/tx/test-cases.test.js:10:5)

  ΓùÅ Tx Tests ΓÇ║ extensions ΓÇ║ validate-code-inactive

    Validator service did not become ready within 60000ms

    [0m [90m 133 |[39m         timeout[33m:[39m [35m60000[39m
     [90m 134 |[39m     }
    [31m[1m>[22m[39m[90m 135 |[39m     [36mawait[39m validator[33m.[39mstart(validatorConfig)[33m;[39m
     [90m     |[39m     [31m[1m^[22m[39m
     [90m 136 |[39m }
     [90m 137 |[39m
     [90m 138 |[39m[0m

      at FhirValidator.waitForReady (node_modules/fhir-validator-wrapper/fhir-validator.js:152:11)
      at FhirValidator.start (node_modules/fhir-validator-wrapper/fhir-validator.js:129:5)
      at loadValidator (tx/tests/test-runner.js:135:5)
      at startTxTests (tx/tests/test-runner.js:20:5)
      at Object.<anonymous> (tests/tx/test-cases.test.js:10:5)

  ΓùÅ Tx Tests ΓÇ║ validation ΓÇ║ validation-simple-code-good

    Validator service did not become ready within 60000ms

    [0m [90m 133 |[39m         timeout[33m:[39m [35m60000[39m
     [90m 134 |[39m     }
    [31m[1m>[22m[39m[90m 135 |[39m     [36mawait[39m validator[33m.[39mstart(validatorConfig)[33m;[39m
     [90m     |[39m     [31m[1m^[22m[39m
     [90m 136 |[39m }
     [90m 137 |[39m
     [90m 138 |[39m[0m

      at FhirValidator.waitForReady (node_modules/fhir-validator-wrapper/fhir-validator.js:152:11)
      at FhirValidator.start (node_modules/fhir-validator-wrapper/fhir-validator.js:129:5)
      at loadValidator (tx/tests/test-runner.js:135:5)
      at startTxTests (tx/tests/test-runner.js:20:5)
      at Object.<anonymous> (tests/tx/test-cases.test.js:10:5)

  ΓùÅ Tx Tests ΓÇ║ validation ΓÇ║ validation-simple-code-implied-good

    Validator service did not become ready within 60000ms

    [0m [90m 133 |[39m         timeout[33m:[39m [35m60000[39m
     [90m 134 |[39m     }
    [31m[1m>[22m[39m[90m 135 |[39m     [36mawait[39m validator[33m.[39mstart(validatorConfig)[33m;[39m
     [90m     |[39m     [31m[1m^[22m[39m
     [90m 136 |[39m }
     [90m 137 |[39m
     [90m 138 |[39m[0m

      at FhirValidator.waitForReady (node_modules/fhir-validator-wrapper/fhir-validator.js:152:11)
      at FhirValidator.start (node_modules/fhir-validator-wrapper/fhir-validator.js:129:5)
      at loadValidator (tx/tests/test-runner.js:135:5)
      at startTxTests (tx/tests/test-runner.js:20:5)
      at Object.<anonymous> (tests/tx/test-cases.test.js:10:5)

  ΓùÅ Tx Tests ΓÇ║ validation ΓÇ║ validation-simple-coding-good

    Validator service did not become ready within 60000ms

    [0m [90m 133 |[39m         timeout[33m:[39m [35m60000[39m
     [90m 134 |[39m     }
    [31m[1m>[22m[39m[90m 135 |[39m     [36mawait[39m validator[33m.[39mstart(validatorConfig)[33m;[39m
     [90m     |[39m     [31m[1m^[22m[39m
     [90m 136 |[39m }
     [90m 137 |[39m
     [90m 138 |[39m[0m

      at FhirValidator.waitForReady (node_modules/fhir-validator-wrapper/fhir-validator.js:152:11)
      at FhirValidator.start (node_modules/fhir-validator-wrapper/fhir-validator.js:129:5)
      at loadValidator (tx/tests/test-runner.js:135:5)
      at startTxTests (tx/tests/test-runner.js:20:5)
      at Object.<anonymous> (tests/tx/test-cases.test.js:10:5)

  ΓùÅ Tx Tests ΓÇ║ validation ΓÇ║ validation-simple-codeableconcept-good

    Validator service did not become ready within 60000ms

    [0m [90m 133 |[39m         timeout[33m:[39m [35m60000[39m
     [90m 134 |[39m     }
    [31m[1m>[22m[39m[90m 135 |[39m     [36mawait[39m validator[33m.[39mstart(validatorConfig)[33m;[39m
     [90m     |[39m     [31m[1m^[22m[39m
     [90m 136 |[39m }
     [90m 137 |[39m
     [90m 138 |[39m[0m

      at FhirValidator.waitForReady (node_modules/fhir-validator-wrapper/fhir-validator.js:152:11)
      at FhirValidator.start (node_modules/fhir-validator-wrapper/fhir-validator.js:129:5)
      at loadValidator (tx/tests/test-runner.js:135:5)
      at startTxTests (tx/tests/test-runner.js:20:5)
      at Object.<anonymous> (tests/tx/test-cases.test.js:10:5)

  ΓùÅ Tx Tests ΓÇ║ validation ΓÇ║ validation-simple-code-bad-code

    Validator service did not become ready within 60000ms

    [0m [90m 133 |[39m         timeout[33m:[39m [35m60000[39m
     [90m 134 |[39m     }
    [31m[1m>[22m[39m[90m 135 |[39m     [36mawait[39m validator[33m.[39mstart(validatorConfig)[33m;[39m
     [90m     |[39m     [31m[1m^[22m[39m
     [90m 136 |[39m }
     [90m 137 |[39m
     [90m 138 |[39m[0m

      at FhirValidator.waitForReady (node_modules/fhir-validator-wrapper/fhir-validator.js:152:11)
      at FhirValidator.start (node_modules/fhir-validator-wrapper/fhir-validator.js:129:5)
      at loadValidator (tx/tests/test-runner.js:135:5)
      at startTxTests (tx/tests/test-runner.js:20:5)
      at Object.<anonymous> (tests/tx/test-cases.test.js:10:5)

  ΓùÅ Tx Tests ΓÇ║ validation ΓÇ║ validation-simple-code-implied-bad-code

    Validator service did not become ready within 60000ms

    [0m [90m 133 |[39m         timeout[33m:[39m [35m60000[39m
     [90m 134 |[39m     }
    [31m[1m>[22m[39m[90m 135 |[39m     [36mawait[39m validator[33m.[39mstart(validatorConfig)[33m;[39m
     [90m     |[39m     [31m[1m^[22m[39m
     [90m 136 |[39m }
     [90m 137 |[39m
     [90m 138 |[39m[0m

      at FhirValidator.waitForReady (node_modules/fhir-validator-wrapper/fhir-validator.js:152:11)
      at FhirValidator.start (node_modules/fhir-validator-wrapper/fhir-validator.js:129:5)
      at loadValidator (tx/tests/test-runner.js:135:5)
      at startTxTests (tx/tests/test-runner.js:20:5)
      at Object.<anonymous> (tests/tx/test-cases.test.js:10:5)

  ΓùÅ Tx Tests ΓÇ║ validation ΓÇ║ validation-simple-coding-bad-code

    Validator service did not become ready within 60000ms

    [0m [90m 133 |[39m         timeout[33m:[39m [35m60000[39m
     [90m 134 |[39m     }
    [31m[1m>[22m[39m[90m 135 |[39m     [36mawait[39m validator[33m.[39mstart(validatorConfig)[33m;[39m
     [90m     |[39m     [31m[1m^[22m[39m
     [90m 136 |[39m }
     [90m 137 |[39m
     [90m 138 |[39m[0m

      at FhirValidator.waitForReady (node_modules/fhir-validator-wrapper/fhir-validator.js:152:11)
      at FhirValidator.start (node_modules/fhir-validator-wrapper/fhir-validator.js:129:5)
      at loadValidator (tx/tests/test-runner.js:135:5)
      at startTxTests (tx/tests/test-runner.js:20:5)
      at Object.<anonymous> (tests/tx/test-cases.test.js:10:5)

  ΓùÅ Tx Tests ΓÇ║ validation ΓÇ║ validation-simple-coding-bad-code-inactive

    Validator service did not become ready within 60000ms

    [0m [90m 133 |[39m         timeout[33m:[39m [35m60000[39m
     [90m 134 |[39m     }
    [31m[1m>[22m[39m[90m 135 |[39m     [36mawait[39m validator[33m.[39mstart(validatorConfig)[33m;[39m
     [90m     |[39m     [31m[1m^[22m[39m
     [90m 136 |[39m }
     [90m 137 |[39m
     [90m 138 |[39m[0m

      at FhirValidator.waitForReady (node_modules/fhir-validator-wrapper/fhir-validator.js:152:11)
      at FhirValidator.start (node_modules/fhir-validator-wrapper/fhir-validator.js:129:5)
      at loadValidator (tx/tests/test-runner.js:135:5)
      at startTxTests (tx/tests/test-runner.js:20:5)
      at Object.<anonymous> (tests/tx/test-cases.test.js:10:5)

  ΓùÅ Tx Tests ΓÇ║ validation ΓÇ║ validation-simple-codeableconcept-bad-code

    Validator service did not become ready within 60000ms

    [0m [90m 133 |[39m         timeout[33m:[39m [35m60000[39m
     [90m 134 |[39m     }
    [31m[1m>[22m[39m[90m 135 |[39m     [36mawait[39m validator[33m.[39mstart(validatorConfig)[33m;[39m
     [90m     |[39m     [31m[1m^[22m[39m
     [90m 136 |[39m }
     [90m 137 |[39m
     [90m 138 |[39m[0m

      at FhirValidator.waitForReady (node_modules/fhir-validator-wrapper/fhir-validator.js:152:11)
      at FhirValidator.start (node_modules/fhir-validator-wrapper/fhir-validator.js:129:5)
      at loadValidator (tx/tests/test-runner.js:135:5)
      at startTxTests (tx/tests/test-runner.js:20:5)
      at Object.<anonymous> (tests/tx/test-cases.test.js:10:5)

  ΓùÅ Tx Tests ΓÇ║ validation ΓÇ║ validation-simple-code-bad-valueSet

    Validator service did not become ready within 60000ms

    [0m [90m 133 |[39m         timeout[33m:[39m [35m60000[39m
     [90m 134 |[39m     }
    [31m[1m>[22m[39m[90m 135 |[39m     [36mawait[39m validator[33m.[39mstart(validatorConfig)[33m;[39m
     [90m     |[39m     [31m[1m^[22m[39m
     [90m 136 |[39m }
     [90m 137 |[39m
     [90m 138 |[39m[0m

      at FhirValidator.waitForReady (node_modules/fhir-validator-wrapper/fhir-validator.js:152:11)
      at FhirValidator.start (node_modules/fhir-validator-wrapper/fhir-validator.js:129:5)
      at loadValidator (tx/tests/test-runner.js:135:5)
      at startTxTests (tx/tests/test-runner.js:20:5)
      at Object.<anonymous> (tests/tx/test-cases.test.js:10:5)

  ΓùÅ Tx Tests ΓÇ║ validation ΓÇ║ validation-simple-coding-bad-valueSet

    Validator service did not become ready within 60000ms

    [0m [90m 133 |[39m         timeout[33m:[39m [35m60000[39m
     [90m 134 |[39m     }
    [31m[1m>[22m[39m[90m 135 |[39m     [36mawait[39m validator[33m.[39mstart(validatorConfig)[33m;[39m
     [90m     |[39m     [31m[1m^[22m[39m
     [90m 136 |[39m }
     [90m 137 |[39m
     [90m 138 |[39m[0m

      at FhirValidator.waitForReady (node_modules/fhir-validator-wrapper/fhir-validator.js:152:11)
      at FhirValidator.start (node_modules/fhir-validator-wrapper/fhir-validator.js:129:5)
      at loadValidator (tx/tests/test-runner.js:135:5)
      at startTxTests (tx/tests/test-runner.js:20:5)
      at Object.<anonymous> (tests/tx/test-cases.test.js:10:5)

  ΓùÅ Tx Tests ΓÇ║ validation ΓÇ║ validation-simple-codeableconcept-bad-valueSet

    Validator service did not become ready within 60000ms

    [0m [90m 133 |[39m         timeout[33m:[39m [35m60000[39m
     [90m 134 |[39m     }
    [31m[1m>[22m[39m[90m 135 |[39m     [36mawait[39m validator[33m.[39mstart(validatorConfig)[33m;[39m
     [90m     |[39m     [31m[1m^[22m[39m
     [90m 136 |[39m }
     [90m 137 |[39m
     [90m 138 |[39m[0m

      at FhirValidator.waitForReady (node_modules/fhir-validator-wrapper/fhir-validator.js:152:11)
      at FhirValidator.start (node_modules/fhir-validator-wrapper/fhir-validator.js:129:5)
      at loadValidator (tx/tests/test-runner.js:135:5)
      at startTxTests (tx/tests/test-runner.js:20:5)
      at Object.<anonymous> (tests/tx/test-cases.test.js:10:5)

  ΓùÅ Tx Tests ΓÇ║ validation ΓÇ║ validation-simple-code-bad-import

    Validator service did not become ready within 60000ms

    [0m [90m 133 |[39m         timeout[33m:[39m [35m60000[39m
     [90m 134 |[39m     }
    [31m[1m>[22m[39m[90m 135 |[39m     [36mawait[39m validator[33m.[39mstart(validatorConfig)[33m;[39m
     [90m     |[39m     [31m[1m^[22m[39m
     [90m 136 |[39m }
     [90m 137 |[39m
     [90m 138 |[39m[0m

      at FhirValidator.waitForReady (node_modules/fhir-validator-wrapper/fhir-validator.js:152:11)
      at FhirValidator.start (node_modules/fhir-validator-wrapper/fhir-validator.js:129:5)
      at loadValidator (tx/tests/test-runner.js:135:5)
      at startTxTests (tx/tests/test-runner.js:20:5)
      at Object.<anonymous> (tests/tx/test-cases.test.js:10:5)

  ΓùÅ Tx Tests ΓÇ║ validation ΓÇ║ validation-simple-coding-bad-import

    Validator service did not become ready within 60000ms

    [0m [90m 133 |[39m         timeout[33m:[39m [35m60000[39m
     [90m 134 |[39m     }
    [31m[1m>[22m[39m[90m 135 |[39m     [36mawait[39m validator[33m.[39mstart(validatorConfig)[33m;[39m
     [90m     |[39m     [31m[1m^[22m[39m
     [90m 136 |[39m }
     [90m 137 |[39m
     [90m 138 |[39m[0m

      at FhirValidator.waitForReady (node_modules/fhir-validator-wrapper/fhir-validator.js:152:11)
      at FhirValidator.start (node_modules/fhir-validator-wrapper/fhir-validator.js:129:5)
      at loadValidator (tx/tests/test-runner.js:135:5)
      at startTxTests (tx/tests/test-runner.js:20:5)
      at Object.<anonymous> (tests/tx/test-cases.test.js:10:5)

  ΓùÅ Tx Tests ΓÇ║ validation ΓÇ║ validation-simple-codeableconcept-bad-import

    Validator service did not become ready within 60000ms

    [0m [90m 133 |[39m         timeout[33m:[39m [35m60000[39m
     [90m 134 |[39m     }
    [31m[1m>[22m[39m[90m 135 |[39m     [36mawait[39m validator[33m.[39mstart(validatorConfig)[33m;[39m
     [90m     |[39m     [31m[1m^[22m[39m
     [90m 136 |[39m }
     [90m 137 |[39m
     [90m 138 |[39m[0m

      at FhirValidator.waitForReady (node_modules/fhir-validator-wrapper/fhir-validator.js:152:11)
      at FhirValidator.start (node_modules/fhir-validator-wrapper/fhir-validator.js:129:5)
      at loadValidator (tx/tests/test-runner.js:135:5)
      at startTxTests (tx/tests/test-runner.js:20:5)
      at Object.<anonymous> (tests/tx/test-cases.test.js:10:5)

  ΓùÅ Tx Tests ΓÇ║ validation ΓÇ║ validation-simple-code-bad-system

    Validator service did not become ready within 60000ms

    [0m [90m 133 |[39m         timeout[33m:[39m [35m60000[39m
     [90m 134 |[39m     }
    [31m[1m>[22m[39m[90m 135 |[39m     [36mawait[39m validator[33m.[39mstart(validatorConfig)[33m;[39m
     [90m     |[39m     [31m[1m^[22m[39m
     [90m 136 |[39m }
     [90m 137 |[39m
     [90m 138 |[39m[0m

      at FhirValidator.waitForReady (node_modules/fhir-validator-wrapper/fhir-validator.js:152:11)
      at FhirValidator.start (node_modules/fhir-validator-wrapper/fhir-validator.js:129:5)
      at loadValidator (tx/tests/test-runner.js:135:5)
      at startTxTests (tx/tests/test-runner.js:20:5)
      at Object.<anonymous> (tests/tx/test-cases.test.js:10:5)

  ΓùÅ Tx Tests ΓÇ║ validation ΓÇ║ validation-simple-coding-bad-system

    Validator service did not become ready within 60000ms

    [0m [90m 133 |[39m         timeout[33m:[39m [35m60000[39m
     [90m 134 |[39m     }
    [31m[1m>[22m[39m[90m 135 |[39m     [36mawait[39m validator[33m.[39mstart(validatorConfig)[33m;[39m
     [90m     |[39m     [31m[1m^[22m[39m
     [90m 136 |[39m }
     [90m 137 |[39m
     [90m 138 |[39m[0m

      at FhirValidator.waitForReady (node_modules/fhir-validator-wrapper/fhir-validator.js:152:11)
      at FhirValidator.start (node_modules/fhir-validator-wrapper/fhir-validator.js:129:5)
      at loadValidator (tx/tests/test-runner.js:135:5)
      at startTxTests (tx/tests/test-runner.js:20:5)
      at Object.<anonymous> (tests/tx/test-cases.test.js:10:5)

  ΓùÅ Tx Tests ΓÇ║ validation ΓÇ║ validation-simple-coding-bad-system2

    Validator service did not become ready within 60000ms

    [0m [90m 133 |[39m         timeout[33m:[39m [35m60000[39m
     [90m 134 |[39m     }
    [31m[1m>[22m[39m[90m 135 |[39m     [36mawait[39m validator[33m.[39mstart(validatorConfig)[33m;[39m
     [90m     |[39m     [31m[1m^[22m[39m
     [90m 136 |[39m }
     [90m 137 |[39m
     [90m 138 |[39m[0m

      at FhirValidator.waitForReady (node_modules/fhir-validator-wrapper/fhir-validator.js:152:11)
      at FhirValidator.start (node_modules/fhir-validator-wrapper/fhir-validator.js:129:5)
      at loadValidator (tx/tests/test-runner.js:135:5)
      at startTxTests (tx/tests/test-runner.js:20:5)
      at Object.<anonymous> (tests/tx/test-cases.test.js:10:5)

  ΓùÅ Tx Tests ΓÇ║ validation ΓÇ║ validation-simple-coding-bad-system-local

    Validator service did not become ready within 60000ms

    [0m [90m 133 |[39m         timeout[33m:[39m [35m60000[39m
     [90m 134 |[39m     }
    [31m[1m>[22m[39m[90m 135 |[39m     [36mawait[39m validator[33m.[39mstart(validatorConfig)[33m;[39m
     [90m     |[39m     [31m[1m^[22m[39m
     [90m 136 |[39m }
     [90m 137 |[39m
     [90m 138 |[39m[0m

      at FhirValidator.waitForReady (node_modules/fhir-validator-wrapper/fhir-validator.js:152:11)
      at FhirValidator.start (node_modules/fhir-validator-wrapper/fhir-validator.js:129:5)
      at loadValidator (tx/tests/test-runner.js:135:5)
      at startTxTests (tx/tests/test-runner.js:20:5)
      at Object.<anonymous> (tests/tx/test-cases.test.js:10:5)

  ΓùÅ Tx Tests ΓÇ║ validation ΓÇ║ validation-simple-coding-no-system

    Validator service did not become ready within 60000ms

    [0m [90m 133 |[39m         timeout[33m:[39m [35m60000[39m
     [90m 134 |[39m     }
    [31m[1m>[22m[39m[90m 135 |[39m     [36mawait[39m validator[33m.[39mstart(validatorConfig)[33m;[39m
     [90m     |[39m     [31m[1m^[22m[39m
     [90m 136 |[39m }
     [90m 137 |[39m
     [90m 138 |[39m[0m

      at FhirValidator.waitForReady (node_modules/fhir-validator-wrapper/fhir-validator.js:152:11)
      at FhirValidator.start (node_modules/fhir-validator-wrapper/fhir-validator.js:129:5)
      at loadValidator (tx/tests/test-runner.js:135:5)
      at startTxTests (tx/tests/test-runner.js:20:5)
      at Object.<anonymous> (tests/tx/test-cases.test.js:10:5)

  ΓùÅ Tx Tests ΓÇ║ validation ΓÇ║ validation-simple-codeableconcept-bad-system

    Validator service did not become ready within 60000ms

    [0m [90m 133 |[39m         timeout[33m:[39m [35m60000[39m
     [90m 134 |[39m     }
    [31m[1m>[22m[39m[90m 135 |[39m     [36mawait[39m validator[33m.[39mstart(validatorConfig)[33m;[39m
     [90m     |[39m     [31m[1m^[22m[39m
     [90m 136 |[39m }
     [90m 137 |[39m
     [90m 138 |[39m[0m

      at FhirValidator.waitForReady (node_modules/fhir-validator-wrapper/fhir-validator.js:152:11)
      at FhirValidator.start (node_modules/fhir-validator-wrapper/fhir-validator.js:129:5)
      at loadValidator (tx/tests/test-runner.js:135:5)
      at startTxTests (tx/tests/test-runner.js:20:5)
      at Object.<anonymous> (tests/tx/test-cases.test.js:10:5)

  ΓùÅ Tx Tests ΓÇ║ validation ΓÇ║ validation-simple-code-good-display

    Validator service did not become ready within 60000ms

    [0m [90m 133 |[39m         timeout[33m:[39m [35m60000[39m
     [90m 134 |[39m     }
    [31m[1m>[22m[39m[90m 135 |[39m     [36mawait[39m validator[33m.[39mstart(validatorConfig)[33m;[39m
     [90m     |[39m     [31m[1m^[22m[39m
     [90m 136 |[39m }
     [90m 137 |[39m
     [90m 138 |[39m[0m

      at FhirValidator.waitForReady (node_modules/fhir-validator-wrapper/fhir-validator.js:152:11)
      at FhirValidator.start (node_modules/fhir-validator-wrapper/fhir-validator.js:129:5)
      at loadValidator (tx/tests/test-runner.js:135:5)
      at startTxTests (tx/tests/test-runner.js:20:5)
      at Object.<anonymous> (tests/tx/test-cases.test.js:10:5)

  ΓùÅ Tx Tests ΓÇ║ validation ΓÇ║ validation-simple-coding-good-display

    Validator service did not become ready within 60000ms

    [0m [90m 133 |[39m         timeout[33m:[39m [35m60000[39m
     [90m 134 |[39m     }
    [31m[1m>[22m[39m[90m 135 |[39m     [36mawait[39m validator[33m.[39mstart(validatorConfig)[33m;[39m
     [90m     |[39m     [31m[1m^[22m[39m
     [90m 136 |[39m }
     [90m 137 |[39m
     [90m 138 |[39m[0m

      at FhirValidator.waitForReady (node_modules/fhir-validator-wrapper/fhir-validator.js:152:11)
      at FhirValidator.start (node_modules/fhir-validator-wrapper/fhir-validator.js:129:5)
      at loadValidator (tx/tests/test-runner.js:135:5)
      at startTxTests (tx/tests/test-runner.js:20:5)
      at Object.<anonymous> (tests/tx/test-cases.test.js:10:5)

  ΓùÅ Tx Tests ΓÇ║ validation ΓÇ║ validation-simple-codeableconcept-good-display

    Validator service did not become ready within 60000ms

    [0m [90m 133 |[39m         timeout[33m:[39m [35m60000[39m
     [90m 134 |[39m     }
    [31m[1m>[22m[39m[90m 135 |[39m     [36mawait[39m validator[33m.[39mstart(validatorConfig)[33m;[39m
     [90m     |[39m     [31m[1m^[22m[39m
     [90m 136 |[39m }
     [90m 137 |[39m
     [90m 138 |[39m[0m

      at FhirValidator.waitForReady (node_modules/fhir-validator-wrapper/fhir-validator.js:152:11)
      at FhirValidator.start (node_modules/fhir-validator-wrapper/fhir-validator.js:129:5)
      at loadValidator (tx/tests/test-runner.js:135:5)
      at startTxTests (tx/tests/test-runner.js:20:5)
      at Object.<anonymous> (tests/tx/test-cases.test.js:10:5)

  ΓùÅ Tx Tests ΓÇ║ validation ΓÇ║ validation-simple-code-bad-display

    Validator service did not become ready within 60000ms

    [0m [90m 133 |[39m         timeout[33m:[39m [35m60000[39m
     [90m 134 |[39m     }
    [31m[1m>[22m[39m[90m 135 |[39m     [36mawait[39m validator[33m.[39mstart(validatorConfig)[33m;[39m
     [90m     |[39m     [31m[1m^[22m[39m
     [90m 136 |[39m }
     [90m 137 |[39m
     [90m 138 |[39m[0m

      at FhirValidator.waitForReady (node_modules/fhir-validator-wrapper/fhir-validator.js:152:11)
      at FhirValidator.start (node_modules/fhir-validator-wrapper/fhir-validator.js:129:5)
      at loadValidator (tx/tests/test-runner.js:135:5)
      at startTxTests (tx/tests/test-runner.js:20:5)
      at Object.<anonymous> (tests/tx/test-cases.test.js:10:5)

  ΓùÅ Tx Tests ΓÇ║ validation ΓÇ║ validation-simple-code-bad-display-ws

    Validator service did not become ready within 60000ms

    [0m [90m 133 |[39m         timeout[33m:[39m [35m60000[39m
     [90m 134 |[39m     }
    [31m[1m>[22m[39m[90m 135 |[39m     [36mawait[39m validator[33m.[39mstart(validatorConfig)[33m;[39m
     [90m     |[39m     [31m[1m^[22m[39m
     [90m 136 |[39m }
     [90m 137 |[39m
     [90m 138 |[39m[0m

      at FhirValidator.waitForReady (node_modules/fhir-validator-wrapper/fhir-validator.js:152:11)
      at FhirValidator.start (node_modules/fhir-validator-wrapper/fhir-validator.js:129:5)
      at loadValidator (tx/tests/test-runner.js:135:5)
      at startTxTests (tx/tests/test-runner.js:20:5)
      at Object.<anonymous> (tests/tx/test-cases.test.js:10:5)

  ΓùÅ Tx Tests ΓÇ║ validation ΓÇ║ validation-simple-coding-bad-display

    Validator service did not become ready within 60000ms

    [0m [90m 133 |[39m         timeout[33m:[39m [35m60000[39m
     [90m 134 |[39m     }
    [31m[1m>[22m[39m[90m 135 |[39m     [36mawait[39m validator[33m.[39mstart(validatorConfig)[33m;[39m
     [90m     |[39m     [31m[1m^[22m[39m
     [90m 136 |[39m }
     [90m 137 |[39m
     [90m 138 |[39m[0m

      at FhirValidator.waitForReady (node_modules/fhir-validator-wrapper/fhir-validator.js:152:11)
      at FhirValidator.start (node_modules/fhir-validator-wrapper/fhir-validator.js:129:5)
      at loadValidator (tx/tests/test-runner.js:135:5)
      at startTxTests (tx/tests/test-runner.js:20:5)
      at Object.<anonymous> (tests/tx/test-cases.test.js:10:5)

  ΓùÅ Tx Tests ΓÇ║ validation ΓÇ║ validation-simple-codeableconcept-bad-display

    Validator service did not become ready within 60000ms

    [0m [90m 133 |[39m         timeout[33m:[39m [35m60000[39m
     [90m 134 |[39m     }
    [31m[1m>[22m[39m[90m 135 |[39m     [36mawait[39m validator[33m.[39mstart(validatorConfig)[33m;[39m
     [90m     |[39m     [31m[1m^[22m[39m
     [90m 136 |[39m }
     [90m 137 |[39m
     [90m 138 |[39m[0m

      at FhirValidator.waitForReady (node_modules/fhir-validator-wrapper/fhir-validator.js:152:11)
      at FhirValidator.start (node_modules/fhir-validator-wrapper/fhir-validator.js:129:5)
      at loadValidator (tx/tests/test-runner.js:135:5)
      at startTxTests (tx/tests/test-runner.js:20:5)
      at Object.<anonymous> (tests/tx/test-cases.test.js:10:5)

  ΓùÅ Tx Tests ΓÇ║ validation ΓÇ║ validation-simple-code-bad-display-warning

    Validator service did not become ready within 60000ms

    [0m [90m 133 |[39m         timeout[33m:[39m [35m60000[39m
     [90m 134 |[39m     }
    [31m[1m>[22m[39m[90m 135 |[39m     [36mawait[39m validator[33m.[39mstart(validatorConfig)[33m;[39m
     [90m     |[39m     [31m[1m^[22m[39m
     [90m 136 |[39m }
     [90m 137 |[39m
     [90m 138 |[39m[0m

      at FhirValidator.waitForReady (node_modules/fhir-validator-wrapper/fhir-validator.js:152:11)
      at FhirValidator.start (node_modules/fhir-validator-wrapper/fhir-validator.js:129:5)
      at loadValidator (tx/tests/test-runner.js:135:5)
      at startTxTests (tx/tests/test-runner.js:20:5)
      at Object.<anonymous> (tests/tx/test-cases.test.js:10:5)

  ΓùÅ Tx Tests ΓÇ║ validation ΓÇ║ validation-simple-coding-bad-display-warning

    Validator service did not become ready within 60000ms

    [0m [90m 133 |[39m         timeout[33m:[39m [35m60000[39m
     [90m 134 |[39m     }
    [31m[1m>[22m[39m[90m 135 |[39m     [36mawait[39m validator[33m.[39mstart(validatorConfig)[33m;[39m
     [90m     |[39m     [31m[1m^[22m[39m
     [90m 136 |[39m }
     [90m 137 |[39m
     [90m 138 |[39m[0m

      at FhirValidator.waitForReady (node_modules/fhir-validator-wrapper/fhir-validator.js:152:11)
      at FhirValidator.start (node_modules/fhir-validator-wrapper/fhir-validator.js:129:5)
      at loadValidator (tx/tests/test-runner.js:135:5)
      at startTxTests (tx/tests/test-runner.js:20:5)
      at Object.<anonymous> (tests/tx/test-cases.test.js:10:5)

  ΓùÅ Tx Tests ΓÇ║ validation ΓÇ║ validation-simple-codeableconcept-bad-display-warning

    Validator service did not become ready within 60000ms

    [0m [90m 133 |[39m         timeout[33m:[39m [35m60000[39m
     [90m 134 |[39m     }
    [31m[1m>[22m[39m[90m 135 |[39m     [36mawait[39m validator[33m.[39mstart(validatorConfig)[33m;[39m
     [90m     |[39m     [31m[1m^[22m[39m
     [90m 136 |[39m }
     [90m 137 |[39m
     [90m 138 |[39m[0m

      at FhirValidator.waitForReady (node_modules/fhir-validator-wrapper/fhir-validator.js:152:11)
      at FhirValidator.start (node_modules/fhir-validator-wrapper/fhir-validator.js:129:5)
      at loadValidator (tx/tests/test-runner.js:135:5)
      at startTxTests (tx/tests/test-runner.js:20:5)
      at Object.<anonymous> (tests/tx/test-cases.test.js:10:5)

  ΓùÅ Tx Tests ΓÇ║ validation ΓÇ║ validation-simple-code-good-language

    Validator service did not become ready within 60000ms

    [0m [90m 133 |[39m         timeout[33m:[39m [35m60000[39m
     [90m 134 |[39m     }
    [31m[1m>[22m[39m[90m 135 |[39m     [36mawait[39m validator[33m.[39mstart(validatorConfig)[33m;[39m
     [90m     |[39m     [31m[1m^[22m[39m
     [90m 136 |[39m }
     [90m 137 |[39m
     [90m 138 |[39m[0m

      at FhirValidator.waitForReady (node_modules/fhir-validator-wrapper/fhir-validator.js:152:11)
      at FhirValidator.start (node_modules/fhir-validator-wrapper/fhir-validator.js:129:5)
      at loadValidator (tx/tests/test-runner.js:135:5)
      at startTxTests (tx/tests/test-runner.js:20:5)
      at Object.<anonymous> (tests/tx/test-cases.test.js:10:5)

  ΓùÅ Tx Tests ΓÇ║ validation ΓÇ║ validation-simple-coding-good-language

    Validator service did not become ready within 60000ms

    [0m [90m 133 |[39m         timeout[33m:[39m [35m60000[39m
     [90m 134 |[39m     }
    [31m[1m>[22m[39m[90m 135 |[39m     [36mawait[39m validator[33m.[39mstart(validatorConfig)[33m;[39m
     [90m     |[39m     [31m[1m^[22m[39m
     [90m 136 |[39m }
     [90m 137 |[39m
     [90m 138 |[39m[0m

      at FhirValidator.waitForReady (node_modules/fhir-validator-wrapper/fhir-validator.js:152:11)
      at FhirValidator.start (node_modules/fhir-validator-wrapper/fhir-validator.js:129:5)
      at loadValidator (tx/tests/test-runner.js:135:5)
      at startTxTests (tx/tests/test-runner.js:20:5)
      at Object.<anonymous> (tests/tx/test-cases.test.js:10:5)

  ΓùÅ Tx Tests ΓÇ║ validation ΓÇ║ validation-simple-codeableconcept-good-language

    Validator service did not become ready within 60000ms

    [0m [90m 133 |[39m         timeout[33m:[39m [35m60000[39m
     [90m 134 |[39m     }
    [31m[1m>[22m[39m[90m 135 |[39m     [36mawait[39m validator[33m.[39mstart(validatorConfig)[33m;[39m
     [90m     |[39m     [31m[1m^[22m[39m
     [90m 136 |[39m }
     [90m 137 |[39m
     [90m 138 |[39m[0m

      at FhirValidator.waitForReady (node_modules/fhir-validator-wrapper/fhir-validator.js:152:11)
      at FhirValidator.start (node_modules/fhir-validator-wrapper/fhir-validator.js:129:5)
      at loadValidator (tx/tests/test-runner.js:135:5)
      at startTxTests (tx/tests/test-runner.js:20:5)
      at Object.<anonymous> (tests/tx/test-cases.test.js:10:5)

  ΓùÅ Tx Tests ΓÇ║ validation ΓÇ║ validation-simple-code-bad-language

    Validator service did not become ready within 60000ms

    [0m [90m 133 |[39m         timeout[33m:[39m [35m60000[39m
     [90m 134 |[39m     }
    [31m[1m>[22m[39m[90m 135 |[39m     [36mawait[39m validator[33m.[39mstart(validatorConfig)[33m;[39m
     [90m     |[39m     [31m[1m^[22m[39m
     [90m 136 |[39m }
     [90m 137 |[39m
     [90m 138 |[39m[0m

      at FhirValidator.waitForReady (node_modules/fhir-validator-wrapper/fhir-validator.js:152:11)
      at FhirValidator.start (node_modules/fhir-validator-wrapper/fhir-validator.js:129:5)
      at loadValidator (tx/tests/test-runner.js:135:5)
      at startTxTests (tx/tests/test-runner.js:20:5)
      at Object.<anonymous> (tests/tx/test-cases.test.js:10:5)

  ΓùÅ Tx Tests ΓÇ║ validation ΓÇ║ validation-simple-code-good-regex

    Validator service did not become ready within 60000ms

    [0m [90m 133 |[39m         timeout[33m:[39m [35m60000[39m
     [90m 134 |[39m     }
    [31m[1m>[22m[39m[90m 135 |[39m     [36mawait[39m validator[33m.[39mstart(validatorConfig)[33m;[39m
     [90m     |[39m     [31m[1m^[22m[39m
     [90m 136 |[39m }
     [90m 137 |[39m
     [90m 138 |[39m[0m

      at FhirValidator.waitForReady (node_modules/fhir-validator-wrapper/fhir-validator.js:152:11)
      at FhirValidator.start (node_modules/fhir-validator-wrapper/fhir-validator.js:129:5)
      at loadValidator (tx/tests/test-runner.js:135:5)
      at startTxTests (tx/tests/test-runner.js:20:5)
      at Object.<anonymous> (tests/tx/test-cases.test.js:10:5)

  ΓùÅ Tx Tests ΓÇ║ validation ΓÇ║ validation-simple-code-bad-regex

    Validator service did not become ready within 60000ms

    [0m [90m 133 |[39m         timeout[33m:[39m [35m60000[39m
     [90m 134 |[39m     }
    [31m[1m>[22m[39m[90m 135 |[39m     [36mawait[39m validator[33m.[39mstart(validatorConfig)[33m;[39m
     [90m     |[39m     [31m[1m^[22m[39m
     [90m 136 |[39m }
     [90m 137 |[39m
     [90m 138 |[39m[0m

      at FhirValidator.waitForReady (node_modules/fhir-validator-wrapper/fhir-validator.js:152:11)
      at FhirValidator.start (node_modules/fhir-validator-wrapper/fhir-validator.js:129:5)
      at loadValidator (tx/tests/test-runner.js:135:5)
      at startTxTests (tx/tests/test-runner.js:20:5)
      at Object.<anonymous> (tests/tx/test-cases.test.js:10:5)

  ΓùÅ Tx Tests ΓÇ║ validation ΓÇ║ validation-simple-coding-bad-language

    Validator service did not become ready within 60000ms

    [0m [90m 133 |[39m         timeout[33m:[39m [35m60000[39m
     [90m 134 |[39m     }
    [31m[1m>[22m[39m[90m 135 |[39m     [36mawait[39m validator[33m.[39mstart(validatorConfig)[33m;[39m
     [90m     |[39m     [31m[1m^[22m[39m
     [90m 136 |[39m }
     [90m 137 |[39m
     [90m 138 |[39m[0m

      at FhirValidator.waitForReady (node_modules/fhir-validator-wrapper/fhir-validator.js:152:11)
      at FhirValidator.start (node_modules/fhir-validator-wrapper/fhir-validator.js:129:5)
      at loadValidator (tx/tests/test-runner.js:135:5)
      at startTxTests (tx/tests/test-runner.js:20:5)
      at Object.<anonymous> (tests/tx/test-cases.test.js:10:5)

  ΓùÅ Tx Tests ΓÇ║ validation ΓÇ║ validation-simple-coding-bad-language-header

    Validator service did not become ready within 60000ms

    [0m [90m 133 |[39m         timeout[33m:[39m [35m60000[39m
     [90m 134 |[39m     }
    [31m[1m>[22m[39m[90m 135 |[39m     [36mawait[39m validator[33m.[39mstart(validatorConfig)[33m;[39m
     [90m     |[39m     [31m[1m^[22m[39m
     [90m 136 |[39m }
     [90m 137 |[39m
     [90m 138 |[39m[0m

      at FhirValidator.waitForReady (node_modules/fhir-validator-wrapper/fhir-validator.js:152:11)
      at FhirValidator.start (node_modules/fhir-validator-wrapper/fhir-validator.js:129:5)
      at loadValidator (tx/tests/test-runner.js:135:5)
      at startTxTests (tx/tests/test-runner.js:20:5)
      at Object.<anonymous> (tests/tx/test-cases.test.js:10:5)

  ΓùÅ Tx Tests ΓÇ║ validation ΓÇ║ validation-simple-coding-bad-language-vs

    Validator service did not become ready within 60000ms

    [0m [90m 133 |[39m         timeout[33m:[39m [35m60000[39m
     [90m 134 |[39m     }
    [31m[1m>[22m[39m[90m 135 |[39m     [36mawait[39m validator[33m.[39mstart(validatorConfig)[33m;[39m
     [90m     |[39m     [31m[1m^[22m[39m
     [90m 136 |[39m }
     [90m 137 |[39m
     [90m 138 |[39m[0m

      at FhirValidator.waitForReady (node_modules/fhir-validator-wrapper/fhir-validator.js:152:11)
      at FhirValidator.start (node_modules/fhir-validator-wrapper/fhir-validator.js:129:5)
      at loadValidator (tx/tests/test-runner.js:135:5)
      at startTxTests (tx/tests/test-runner.js:20:5)
      at Object.<anonymous> (tests/tx/test-cases.test.js:10:5)

  ΓùÅ Tx Tests ΓÇ║ validation ΓÇ║ validation-simple-coding-bad-language-vslang

    Validator service did not become ready within 60000ms

    [0m [90m 133 |[39m         timeout[33m:[39m [35m60000[39m
     [90m 134 |[39m     }
    [31m[1m>[22m[39m[90m 135 |[39m     [36mawait[39m validator[33m.[39mstart(validatorConfig)[33m;[39m
     [90m     |[39m     [31m[1m^[22m[39m
     [90m 136 |[39m }
     [90m 137 |[39m
     [90m 138 |[39m[0m

      at FhirValidator.waitForReady (node_modules/fhir-validator-wrapper/fhir-validator.js:152:11)
      at FhirValidator.start (node_modules/fhir-validator-wrapper/fhir-validator.js:129:5)
      at loadValidator (tx/tests/test-runner.js:135:5)
      at startTxTests (tx/tests/test-runner.js:20:5)
      at Object.<anonymous> (tests/tx/test-cases.test.js:10:5)

  ΓùÅ Tx Tests ΓÇ║ validation ΓÇ║ validation-simple-codeableconcept-bad-language

    Validator service did not become ready within 60000ms

    [0m [90m 133 |[39m         timeout[33m:[39m [35m60000[39m
     [90m 134 |[39m     }
    [31m[1m>[22m[39m[90m 135 |[39m     [36mawait[39m validator[33m.[39mstart(validatorConfig)[33m;[39m
     [90m     |[39m     [31m[1m^[22m[39m
     [90m 136 |[39m }
     [90m 137 |[39m
     [90m 138 |[39m[0m

      at FhirValidator.waitForReady (node_modules/fhir-validator-wrapper/fhir-validator.js:152:11)
      at FhirValidator.start (node_modules/fhir-validator-wrapper/fhir-validator.js:129:5)
      at loadValidator (tx/tests/test-runner.js:135:5)
      at startTxTests (tx/tests/test-runner.js:20:5)
      at Object.<anonymous> (tests/tx/test-cases.test.js:10:5)

  ΓùÅ Tx Tests ΓÇ║ validation ΓÇ║ validation-complex-codeableconcept-full

    Validator service did not become ready within 60000ms

    [0m [90m 133 |[39m         timeout[33m:[39m [35m60000[39m
     [90m 134 |[39m     }
    [31m[1m>[22m[39m[90m 135 |[39m     [36mawait[39m validator[33m.[39mstart(validatorConfig)[33m;[39m
     [90m     |[39m     [31m[1m^[22m[39m
     [90m 136 |[39m }
     [90m 137 |[39m
     [90m 138 |[39m[0m

      at FhirValidator.waitForReady (node_modules/fhir-validator-wrapper/fhir-validator.js:152:11)
      at FhirValidator.start (node_modules/fhir-validator-wrapper/fhir-validator.js:129:5)
      at loadValidator (tx/tests/test-runner.js:135:5)
      at startTxTests (tx/tests/test-runner.js:20:5)
      at Object.<anonymous> (tests/tx/test-cases.test.js:10:5)

  ΓùÅ Tx Tests ΓÇ║ validation ΓÇ║ validation-complex-codeableconcept-vsonly

    Validator service did not become ready within 60000ms

    [0m [90m 133 |[39m         timeout[33m:[39m [35m60000[39m
     [90m 134 |[39m     }
    [31m[1m>[22m[39m[90m 135 |[39m     [36mawait[39m validator[33m.[39mstart(validatorConfig)[33m;[39m
     [90m     |[39m     [31m[1m^[22m[39m
     [90m 136 |[39m }
     [90m 137 |[39m
     [90m 138 |[39m[0m

      at FhirValidator.waitForReady (node_modules/fhir-validator-wrapper/fhir-validator.js:152:11)
      at FhirValidator.start (node_modules/fhir-validator-wrapper/fhir-validator.js:129:5)
      at loadValidator (tx/tests/test-runner.js:135:5)
      at startTxTests (tx/tests/test-runner.js:20:5)
      at Object.<anonymous> (tests/tx/test-cases.test.js:10:5)

  ΓùÅ Tx Tests ΓÇ║ validation ΓÇ║ validation-cs-code-good

    Validator service did not become ready within 60000ms

    [0m [90m 133 |[39m         timeout[33m:[39m [35m60000[39m
     [90m 134 |[39m     }
    [31m[1m>[22m[39m[90m 135 |[39m     [36mawait[39m validator[33m.[39mstart(validatorConfig)[33m;[39m
     [90m     |[39m     [31m[1m^[22m[39m
     [90m 136 |[39m }
     [90m 137 |[39m
     [90m 138 |[39m[0m

      at FhirValidator.waitForReady (node_modules/fhir-validator-wrapper/fhir-validator.js:152:11)
      at FhirValidator.start (node_modules/fhir-validator-wrapper/fhir-validator.js:129:5)
      at loadValidator (tx/tests/test-runner.js:135:5)
      at startTxTests (tx/tests/test-runner.js:20:5)
      at Object.<anonymous> (tests/tx/test-cases.test.js:10:5)

  ΓùÅ Tx Tests ΓÇ║ validation ΓÇ║ validation-cs-code-bad-code

    Validator service did not become ready within 60000ms

    [0m [90m 133 |[39m         timeout[33m:[39m [35m60000[39m
     [90m 134 |[39m     }
    [31m[1m>[22m[39m[90m 135 |[39m     [36mawait[39m validator[33m.[39mstart(validatorConfig)[33m;[39m
     [90m     |[39m     [31m[1m^[22m[39m
     [90m 136 |[39m }
     [90m 137 |[39m
     [90m 138 |[39m[0m

      at FhirValidator.waitForReady (node_modules/fhir-validator-wrapper/fhir-validator.js:152:11)
      at FhirValidator.start (node_modules/fhir-validator-wrapper/fhir-validator.js:129:5)
      at loadValidator (tx/tests/test-runner.js:135:5)
      at startTxTests (tx/tests/test-runner.js:20:5)
      at Object.<anonymous> (tests/tx/test-cases.test.js:10:5)

  ΓùÅ Tx Tests ΓÇ║ version ΓÇ║ version-simple-code-bad-version1

    Validator service did not become ready within 60000ms

    [0m [90m 133 |[39m         timeout[33m:[39m [35m60000[39m
     [90m 134 |[39m     }
    [31m[1m>[22m[39m[90m 135 |[39m     [36mawait[39m validator[33m.[39mstart(validatorConfig)[33m;[39m
     [90m     |[39m     [31m[1m^[22m[39m
     [90m 136 |[39m }
     [90m 137 |[39m
     [90m 138 |[39m[0m

      at FhirValidator.waitForReady (node_modules/fhir-validator-wrapper/fhir-validator.js:152:11)
      at FhirValidator.start (node_modules/fhir-validator-wrapper/fhir-validator.js:129:5)
      at loadValidator (tx/tests/test-runner.js:135:5)
      at startTxTests (tx/tests/test-runner.js:20:5)
      at Object.<anonymous> (tests/tx/test-cases.test.js:10:5)

  ΓùÅ Tx Tests ΓÇ║ version ΓÇ║ version-simple-coding-bad-version1

    Validator service did not become ready within 60000ms

    [0m [90m 133 |[39m         timeout[33m:[39m [35m60000[39m
     [90m 134 |[39m     }
    [31m[1m>[22m[39m[90m 135 |[39m     [36mawait[39m validator[33m.[39mstart(validatorConfig)[33m;[39m
     [90m     |[39m     [31m[1m^[22m[39m
     [90m 136 |[39m }
     [90m 137 |[39m
     [90m 138 |[39m[0m

      at FhirValidator.waitForReady (node_modules/fhir-validator-wrapper/fhir-validator.js:152:11)
      at FhirValidator.start (node_modules/fhir-validator-wrapper/fhir-validator.js:129:5)
      at loadValidator (tx/tests/test-runner.js:135:5)
      at startTxTests (tx/tests/test-runner.js:20:5)
      at Object.<anonymous> (tests/tx/test-cases.test.js:10:5)

  ΓùÅ Tx Tests ΓÇ║ version ΓÇ║ version-simple-codeableconcept-bad-version1

    Validator service did not become ready within 60000ms

    [0m [90m 133 |[39m         timeout[33m:[39m [35m60000[39m
     [90m 134 |[39m     }
    [31m[1m>[22m[39m[90m 135 |[39m     [36mawait[39m validator[33m.[39mstart(validatorConfig)[33m;[39m
     [90m     |[39m     [31m[1m^[22m[39m
     [90m 136 |[39m }
     [90m 137 |[39m
     [90m 138 |[39m[0m

      at FhirValidator.waitForReady (node_modules/fhir-validator-wrapper/fhir-validator.js:152:11)
      at FhirValidator.start (node_modules/fhir-validator-wrapper/fhir-validator.js:129:5)
      at loadValidator (tx/tests/test-runner.js:135:5)
      at startTxTests (tx/tests/test-runner.js:20:5)
      at Object.<anonymous> (tests/tx/test-cases.test.js:10:5)

  ΓùÅ Tx Tests ΓÇ║ version ΓÇ║ version-simple-codeableconcept-bad-version2

    Validator service did not become ready within 60000ms

    [0m [90m 133 |[39m         timeout[33m:[39m [35m60000[39m
     [90m 134 |[39m     }
    [31m[1m>[22m[39m[90m 135 |[39m     [36mawait[39m validator[33m.[39mstart(validatorConfig)[33m;[39m
     [90m     |[39m     [31m[1m^[22m[39m
     [90m 136 |[39m }
     [90m 137 |[39m
     [90m 138 |[39m[0m

      at FhirValidator.waitForReady (node_modules/fhir-validator-wrapper/fhir-validator.js:152:11)
      at FhirValidator.start (node_modules/fhir-validator-wrapper/fhir-validator.js:129:5)
      at loadValidator (tx/tests/test-runner.js:135:5)
      at startTxTests (tx/tests/test-runner.js:20:5)
      at Object.<anonymous> (tests/tx/test-cases.test.js:10:5)

  ΓùÅ Tx Tests ΓÇ║ version ΓÇ║ version-simple-code-good-version

    Validator service did not become ready within 60000ms

    [0m [90m 133 |[39m         timeout[33m:[39m [35m60000[39m
     [90m 134 |[39m     }
    [31m[1m>[22m[39m[90m 135 |[39m     [36mawait[39m validator[33m.[39mstart(validatorConfig)[33m;[39m
     [90m     |[39m     [31m[1m^[22m[39m
     [90m 136 |[39m }
     [90m 137 |[39m
     [90m 138 |[39m[0m

      at FhirValidator.waitForReady (node_modules/fhir-validator-wrapper/fhir-validator.js:152:11)
      at FhirValidator.start (node_modules/fhir-validator-wrapper/fhir-validator.js:129:5)
      at loadValidator (tx/tests/test-runner.js:135:5)
      at startTxTests (tx/tests/test-runner.js:20:5)
      at Object.<anonymous> (tests/tx/test-cases.test.js:10:5)

  ΓùÅ Tx Tests ΓÇ║ version ΓÇ║ version-simple-coding-good-version

    Validator service did not become ready within 60000ms

    [0m [90m 133 |[39m         timeout[33m:[39m [35m60000[39m
     [90m 134 |[39m     }
    [31m[1m>[22m[39m[90m 135 |[39m     [36mawait[39m validator[33m.[39mstart(validatorConfig)[33m;[39m
     [90m     |[39m     [31m[1m^[22m[39m
     [90m 136 |[39m }
     [90m 137 |[39m
     [90m 138 |[39m[0m

      at FhirValidator.waitForReady (node_modules/fhir-validator-wrapper/fhir-validator.js:152:11)
      at FhirValidator.start (node_modules/fhir-validator-wrapper/fhir-validator.js:129:5)
      at loadValidator (tx/tests/test-runner.js:135:5)
      at startTxTests (tx/tests/test-runner.js:20:5)
      at Object.<anonymous> (tests/tx/test-cases.test.js:10:5)

  ΓùÅ Tx Tests ΓÇ║ version ΓÇ║ version-simple-codeableconcept-good-version

    Validator service did not become ready within 60000ms

    [0m [90m 133 |[39m         timeout[33m:[39m [35m60000[39m
     [90m 134 |[39m     }
    [31m[1m>[22m[39m[90m 135 |[39m     [36mawait[39m validator[33m.[39mstart(validatorConfig)[33m;[39m
     [90m     |[39m     [31m[1m^[22m[39m
     [90m 136 |[39m }
     [90m 137 |[39m
     [90m 138 |[39m[0m

      at FhirValidator.waitForReady (node_modules/fhir-validator-wrapper/fhir-validator.js:152:11)
      at FhirValidator.start (node_modules/fhir-validator-wrapper/fhir-validator.js:129:5)
      at loadValidator (tx/tests/test-runner.js:135:5)
      at startTxTests (tx/tests/test-runner.js:20:5)
      at Object.<anonymous> (tests/tx/test-cases.test.js:10:5)

  ΓùÅ Tx Tests ΓÇ║ version ΓÇ║ version-version-profile-none

    Validator service did not become ready within 60000ms

    [0m [90m 133 |[39m         timeout[33m:[39m [35m60000[39m
     [90m 134 |[39m     }
    [31m[1m>[22m[39m[90m 135 |[39m     [36mawait[39m validator[33m.[39mstart(validatorConfig)[33m;[39m
     [90m     |[39m     [31m[1m^[22m[39m
     [90m 136 |[39m }
     [90m 137 |[39m
     [90m 138 |[39m[0m

      at FhirValidator.waitForReady (node_modules/fhir-validator-wrapper/fhir-validator.js:152:11)
      at FhirValidator.start (node_modules/fhir-validator-wrapper/fhir-validator.js:129:5)
      at loadValidator (tx/tests/test-runner.js:135:5)
      at startTxTests (tx/tests/test-runner.js:20:5)
      at Object.<anonymous> (tests/tx/test-cases.test.js:10:5)

  ΓùÅ Tx Tests ΓÇ║ version ΓÇ║ version-version-profile-default

    Validator service did not become ready within 60000ms

    [0m [90m 133 |[39m         timeout[33m:[39m [35m60000[39m
     [90m 134 |[39m     }
    [31m[1m>[22m[39m[90m 135 |[39m     [36mawait[39m validator[33m.[39mstart(validatorConfig)[33m;[39m
     [90m     |[39m     [31m[1m^[22m[39m
     [90m 136 |[39m }
     [90m 137 |[39m
     [90m 138 |[39m[0m

      at FhirValidator.waitForReady (node_modules/fhir-validator-wrapper/fhir-validator.js:152:11)
      at FhirValidator.start (node_modules/fhir-validator-wrapper/fhir-validator.js:129:5)
      at loadValidator (tx/tests/test-runner.js:135:5)
      at startTxTests (tx/tests/test-runner.js:20:5)
      at Object.<anonymous> (tests/tx/test-cases.test.js:10:5)

  ΓùÅ Tx Tests ΓÇ║ version ΓÇ║ validation-version-profile-coding

    Validator service did not become ready within 60000ms

    [0m [90m 133 |[39m         timeout[33m:[39m [35m60000[39m
     [90m 134 |[39m     }
    [31m[1m>[22m[39m[90m 135 |[39m     [36mawait[39m validator[33m.[39mstart(validatorConfig)[33m;[39m
     [90m     |[39m     [31m[1m^[22m[39m
     [90m 136 |[39m }
     [90m 137 |[39m
     [90m 138 |[39m[0m

      at FhirValidator.waitForReady (node_modules/fhir-validator-wrapper/fhir-validator.js:152:11)
      at FhirValidator.start (node_modules/fhir-validator-wrapper/fhir-validator.js:129:5)
      at loadValidator (tx/tests/test-runner.js:135:5)
      at startTxTests (tx/tests/test-runner.js:20:5)
      at Object.<anonymous> (tests/tx/test-cases.test.js:10:5)

  ΓùÅ Tx Tests ΓÇ║ version ΓÇ║ coding-vnn-vsnn

    Validator service did not become ready within 60000ms

    [0m [90m 133 |[39m         timeout[33m:[39m [35m60000[39m
     [90m 134 |[39m     }
    [31m[1m>[22m[39m[90m 135 |[39m     [36mawait[39m validator[33m.[39mstart(validatorConfig)[33m;[39m
     [90m     |[39m     [31m[1m^[22m[39m
     [90m 136 |[39m }
     [90m 137 |[39m
     [90m 138 |[39m[0m

      at FhirValidator.waitForReady (node_modules/fhir-validator-wrapper/fhir-validator.js:152:11)
      at FhirValidator.start (node_modules/fhir-validator-wrapper/fhir-validator.js:129:5)
      at loadValidator (tx/tests/test-runner.js:135:5)
      at startTxTests (tx/tests/test-runner.js:20:5)
      at Object.<anonymous> (tests/tx/test-cases.test.js:10:5)

  ΓùÅ Tx Tests ΓÇ║ version ΓÇ║ coding-v10-vs1w

    Validator service did not become ready within 60000ms

    [0m [90m 133 |[39m         timeout[33m:[39m [35m60000[39m
     [90m 134 |[39m     }
    [31m[1m>[22m[39m[90m 135 |[39m     [36mawait[39m validator[33m.[39mstart(validatorConfig)[33m;[39m
     [90m     |[39m     [31m[1m^[22m[39m
     [90m 136 |[39m }
     [90m 137 |[39m
     [90m 138 |[39m[0m

      at FhirValidator.waitForReady (node_modules/fhir-validator-wrapper/fhir-validator.js:152:11)
      at FhirValidator.start (node_modules/fhir-validator-wrapper/fhir-validator.js:129:5)
      at loadValidator (tx/tests/test-runner.js:135:5)
      at startTxTests (tx/tests/test-runner.js:20:5)
      at Object.<anonymous> (tests/tx/test-cases.test.js:10:5)

  ΓùÅ Tx Tests ΓÇ║ version ΓÇ║ coding-v10-vs1wb

    Validator service did not become ready within 60000ms

    [0m [90m 133 |[39m         timeout[33m:[39m [35m60000[39m
     [90m 134 |[39m     }
    [31m[1m>[22m[39m[90m 135 |[39m     [36mawait[39m validator[33m.[39mstart(validatorConfig)[33m;[39m
     [90m     |[39m     [31m[1m^[22m[39m
     [90m 136 |[39m }
     [90m 137 |[39m
     [90m 138 |[39m[0m

      at FhirValidator.waitForReady (node_modules/fhir-validator-wrapper/fhir-validator.js:152:11)
      at FhirValidator.start (node_modules/fhir-validator-wrapper/fhir-validator.js:129:5)
      at loadValidator (tx/tests/test-runner.js:135:5)
      at startTxTests (tx/tests/test-runner.js:20:5)
      at Object.<anonymous> (tests/tx/test-cases.test.js:10:5)

  ΓùÅ Tx Tests ΓÇ║ version ΓÇ║ coding-v10-vs10

    Validator service did not become ready within 60000ms

    [0m [90m 133 |[39m         timeout[33m:[39m [35m60000[39m
     [90m 134 |[39m     }
    [31m[1m>[22m[39m[90m 135 |[39m     [36mawait[39m validator[33m.[39mstart(validatorConfig)[33m;[39m
     [90m     |[39m     [31m[1m^[22m[39m
     [90m 136 |[39m }
     [90m 137 |[39m
     [90m 138 |[39m[0m

      at FhirValidator.waitForReady (node_modules/fhir-validator-wrapper/fhir-validator.js:152:11)
      at FhirValidator.start (node_modules/fhir-validator-wrapper/fhir-validator.js:129:5)
      at loadValidator (tx/tests/test-runner.js:135:5)
      at startTxTests (tx/tests/test-runner.js:20:5)
      at Object.<anonymous> (tests/tx/test-cases.test.js:10:5)

  ΓùÅ Tx Tests ΓÇ║ version ΓÇ║ coding-v10-vs20

    Validator service did not become ready within 60000ms

    [0m [90m 133 |[39m         timeout[33m:[39m [35m60000[39m
     [90m 134 |[39m     }
    [31m[1m>[22m[39m[90m 135 |[39m     [36mawait[39m validator[33m.[39mstart(validatorConfig)[33m;[39m
     [90m     |[39m     [31m[1m^[22m[39m
     [90m 136 |[39m }
     [90m 137 |[39m
     [90m 138 |[39m[0m

      at FhirValidator.waitForReady (node_modules/fhir-validator-wrapper/fhir-validator.js:152:11)
      at FhirValidator.start (node_modules/fhir-validator-wrapper/fhir-validator.js:129:5)
      at loadValidator (tx/tests/test-runner.js:135:5)
      at startTxTests (tx/tests/test-runner.js:20:5)
      at Object.<anonymous> (tests/tx/test-cases.test.js:10:5)

  ΓùÅ Tx Tests ΓÇ║ version ΓÇ║ coding-v10-vsbb

    Validator service did not become ready within 60000ms

    [0m [90m 133 |[39m         timeout[33m:[39m [35m60000[39m
     [90m 134 |[39m     }
    [31m[1m>[22m[39m[90m 135 |[39m     [36mawait[39m validator[33m.[39mstart(validatorConfig)[33m;[39m
     [90m     |[39m     [31m[1m^[22m[39m
     [90m 136 |[39m }
     [90m 137 |[39m
     [90m 138 |[39m[0m

      at FhirValidator.waitForReady (node_modules/fhir-validator-wrapper/fhir-validator.js:152:11)
      at FhirValidator.start (node_modules/fhir-validator-wrapper/fhir-validator.js:129:5)
      at loadValidator (tx/tests/test-runner.js:135:5)
      at startTxTests (tx/tests/test-runner.js:20:5)
      at Object.<anonymous> (tests/tx/test-cases.test.js:10:5)

  ΓùÅ Tx Tests ΓÇ║ version ΓÇ║ coding-v10-vsbb

    Validator service did not become ready within 60000ms

    [0m [90m 133 |[39m         timeout[33m:[39m [35m60000[39m
     [90m 134 |[39m     }
    [31m[1m>[22m[39m[90m 135 |[39m     [36mawait[39m validator[33m.[39mstart(validatorConfig)[33m;[39m
     [90m     |[39m     [31m[1m^[22m[39m
     [90m 136 |[39m }
     [90m 137 |[39m
     [90m 138 |[39m[0m

      at FhirValidator.waitForReady (node_modules/fhir-validator-wrapper/fhir-validator.js:152:11)
      at FhirValidator.start (node_modules/fhir-validator-wrapper/fhir-validator.js:129:5)
      at loadValidator (tx/tests/test-runner.js:135:5)
      at startTxTests (tx/tests/test-runner.js:20:5)
      at Object.<anonymous> (tests/tx/test-cases.test.js:10:5)

  ΓùÅ Tx Tests ΓÇ║ version ΓÇ║ coding-v10-vsnn

    Validator service did not become ready within 60000ms

    [0m [90m 133 |[39m         timeout[33m:[39m [35m60000[39m
     [90m 134 |[39m     }
    [31m[1m>[22m[39m[90m 135 |[39m     [36mawait[39m validator[33m.[39mstart(validatorConfig)[33m;[39m
     [90m     |[39m     [31m[1m^[22m[39m
     [90m 136 |[39m }
     [90m 137 |[39m
     [90m 138 |[39m[0m

      at FhirValidator.waitForReady (node_modules/fhir-validator-wrapper/fhir-validator.js:152:11)
      at FhirValidator.start (node_modules/fhir-validator-wrapper/fhir-validator.js:129:5)
      at loadValidator (tx/tests/test-runner.js:135:5)
      at startTxTests (tx/tests/test-runner.js:20:5)
      at Object.<anonymous> (tests/tx/test-cases.test.js:10:5)

  ΓùÅ Tx Tests ΓÇ║ version ΓÇ║ coding-vbb-vs10

    Validator service did not become ready within 60000ms

    [0m [90m 133 |[39m         timeout[33m:[39m [35m60000[39m
     [90m 134 |[39m     }
    [31m[1m>[22m[39m[90m 135 |[39m     [36mawait[39m validator[33m.[39mstart(validatorConfig)[33m;[39m
     [90m     |[39m     [31m[1m^[22m[39m
     [90m 136 |[39m }
     [90m 137 |[39m
     [90m 138 |[39m[0m

      at FhirValidator.waitForReady (node_modules/fhir-validator-wrapper/fhir-validator.js:152:11)
      at FhirValidator.start (node_modules/fhir-validator-wrapper/fhir-validator.js:129:5)
      at loadValidator (tx/tests/test-runner.js:135:5)
      at startTxTests (tx/tests/test-runner.js:20:5)
      at Object.<anonymous> (tests/tx/test-cases.test.js:10:5)

  ΓùÅ Tx Tests ΓÇ║ version ΓÇ║ coding-vbb-vsnn

    Validator service did not become ready within 60000ms

    [0m [90m 133 |[39m         timeout[33m:[39m [35m60000[39m
     [90m 134 |[39m     }
    [31m[1m>[22m[39m[90m 135 |[39m     [36mawait[39m validator[33m.[39mstart(validatorConfig)[33m;[39m
     [90m     |[39m     [31m[1m^[22m[39m
     [90m 136 |[39m }
     [90m 137 |[39m
     [90m 138 |[39m[0m

      at FhirValidator.waitForReady (node_modules/fhir-validator-wrapper/fhir-validator.js:152:11)
      at FhirValidator.start (node_modules/fhir-validator-wrapper/fhir-validator.js:129:5)
      at loadValidator (tx/tests/test-runner.js:135:5)
      at startTxTests (tx/tests/test-runner.js:20:5)
      at Object.<anonymous> (tests/tx/test-cases.test.js:10:5)

  ΓùÅ Tx Tests ΓÇ║ version ΓÇ║ coding-vnn-vs1w

    Validator service did not become ready within 60000ms

    [0m [90m 133 |[39m         timeout[33m:[39m [35m60000[39m
     [90m 134 |[39m     }
    [31m[1m>[22m[39m[90m 135 |[39m     [36mawait[39m validator[33m.[39mstart(validatorConfig)[33m;[39m
     [90m     |[39m     [31m[1m^[22m[39m
     [90m 136 |[39m }
     [90m 137 |[39m
     [90m 138 |[39m[0m

      at FhirValidator.waitForReady (node_modules/fhir-validator-wrapper/fhir-validator.js:152:11)
      at FhirValidator.start (node_modules/fhir-validator-wrapper/fhir-validator.js:129:5)
      at loadValidator (tx/tests/test-runner.js:135:5)
      at startTxTests (tx/tests/test-runner.js:20:5)
      at Object.<anonymous> (tests/tx/test-cases.test.js:10:5)

  ΓùÅ Tx Tests ΓÇ║ version ΓÇ║ coding-vnn-vs1wb

    Validator service did not become ready within 60000ms

    [0m [90m 133 |[39m         timeout[33m:[39m [35m60000[39m
     [90m 134 |[39m     }
    [31m[1m>[22m[39m[90m 135 |[39m     [36mawait[39m validator[33m.[39mstart(validatorConfig)[33m;[39m
     [90m     |[39m     [31m[1m^[22m[39m
     [90m 136 |[39m }
     [90m 137 |[39m
     [90m 138 |[39m[0m

      at FhirValidator.waitForReady (node_modules/fhir-validator-wrapper/fhir-validator.js:152:11)
      at FhirValidator.start (node_modules/fhir-validator-wrapper/fhir-validator.js:129:5)
      at loadValidator (tx/tests/test-runner.js:135:5)
      at startTxTests (tx/tests/test-runner.js:20:5)
      at Object.<anonymous> (tests/tx/test-cases.test.js:10:5)

  ΓùÅ Tx Tests ΓÇ║ version ΓÇ║ coding-vnn-vs10

    Validator service did not become ready within 60000ms

    [0m [90m 133 |[39m         timeout[33m:[39m [35m60000[39m
     [90m 134 |[39m     }
    [31m[1m>[22m[39m[90m 135 |[39m     [36mawait[39m validator[33m.[39mstart(validatorConfig)[33m;[39m
     [90m     |[39m     [31m[1m^[22m[39m
     [90m 136 |[39m }
     [90m 137 |[39m
     [90m 138 |[39m[0m

      at FhirValidator.waitForReady (node_modules/fhir-validator-wrapper/fhir-validator.js:152:11)
      at FhirValidator.start (node_modules/fhir-validator-wrapper/fhir-validator.js:129:5)
      at loadValidator (tx/tests/test-runner.js:135:5)
      at startTxTests (tx/tests/test-runner.js:20:5)
      at Object.<anonymous> (tests/tx/test-cases.test.js:10:5)

  ΓùÅ Tx Tests ΓÇ║ version ΓÇ║ coding-vnn-vsbb

    Validator service did not become ready within 60000ms

    [0m [90m 133 |[39m         timeout[33m:[39m [35m60000[39m
     [90m 134 |[39m     }
    [31m[1m>[22m[39m[90m 135 |[39m     [36mawait[39m validator[33m.[39mstart(validatorConfig)[33m;[39m
     [90m     |[39m     [31m[1m^[22m[39m
     [90m 136 |[39m }
     [90m 137 |[39m
     [90m 138 |[39m[0m

      at FhirValidator.waitForReady (node_modules/fhir-validator-wrapper/fhir-validator.js:152:11)
      at FhirValidator.start (node_modules/fhir-validator-wrapper/fhir-validator.js:129:5)
      at loadValidator (tx/tests/test-runner.js:135:5)
      at startTxTests (tx/tests/test-runner.js:20:5)
      at Object.<anonymous> (tests/tx/test-cases.test.js:10:5)

  ΓùÅ Tx Tests ΓÇ║ version ΓÇ║ coding-vnn-vsnn-default

    Validator service did not become ready within 60000ms

    [0m [90m 133 |[39m         timeout[33m:[39m [35m60000[39m
     [90m 134 |[39m     }
    [31m[1m>[22m[39m[90m 135 |[39m     [36mawait[39m validator[33m.[39mstart(validatorConfig)[33m;[39m
     [90m     |[39m     [31m[1m^[22m[39m
     [90m 136 |[39m }
     [90m 137 |[39m
     [90m 138 |[39m[0m

      at FhirValidator.waitForReady (node_modules/fhir-validator-wrapper/fhir-validator.js:152:11)
      at FhirValidator.start (node_modules/fhir-validator-wrapper/fhir-validator.js:129:5)
      at loadValidator (tx/tests/test-runner.js:135:5)
      at startTxTests (tx/tests/test-runner.js:20:5)
      at Object.<anonymous> (tests/tx/test-cases.test.js:10:5)

  ΓùÅ Tx Tests ΓÇ║ version ΓÇ║ coding-v10-vs1w-default

    Validator service did not become ready within 60000ms

    [0m [90m 133 |[39m         timeout[33m:[39m [35m60000[39m
     [90m 134 |[39m     }
    [31m[1m>[22m[39m[90m 135 |[39m     [36mawait[39m validator[33m.[39mstart(validatorConfig)[33m;[39m
     [90m     |[39m     [31m[1m^[22m[39m
     [90m 136 |[39m }
     [90m 137 |[39m
     [90m 138 |[39m[0m

      at FhirValidator.waitForReady (node_modules/fhir-validator-wrapper/fhir-validator.js:152:11)
      at FhirValidator.start (node_modules/fhir-validator-wrapper/fhir-validator.js:129:5)
      at loadValidator (tx/tests/test-runner.js:135:5)
      at startTxTests (tx/tests/test-runner.js:20:5)
      at Object.<anonymous> (tests/tx/test-cases.test.js:10:5)

  ΓùÅ Tx Tests ΓÇ║ version ΓÇ║ coding-v10-vs1wb-default

    Validator service did not become ready within 60000ms

    [0m [90m 133 |[39m         timeout[33m:[39m [35m60000[39m
     [90m 134 |[39m     }
    [31m[1m>[22m[39m[90m 135 |[39m     [36mawait[39m validator[33m.[39mstart(validatorConfig)[33m;[39m
     [90m     |[39m     [31m[1m^[22m[39m
     [90m 136 |[39m }
     [90m 137 |[39m
     [90m 138 |[39m[0m

      at FhirValidator.waitForReady (node_modules/fhir-validator-wrapper/fhir-validator.js:152:11)
      at FhirValidator.start (node_modules/fhir-validator-wrapper/fhir-validator.js:129:5)
      at loadValidator (tx/tests/test-runner.js:135:5)
      at startTxTests (tx/tests/test-runner.js:20:5)
      at Object.<anonymous> (tests/tx/test-cases.test.js:10:5)

  ΓùÅ Tx Tests ΓÇ║ version ΓÇ║ coding-v10-vs10-default

    Validator service did not become ready within 60000ms

    [0m [90m 133 |[39m         timeout[33m:[39m [35m60000[39m
     [90m 134 |[39m     }
    [31m[1m>[22m[39m[90m 135 |[39m     [36mawait[39m validator[33m.[39mstart(validatorConfig)[33m;[39m
     [90m     |[39m     [31m[1m^[22m[39m
     [90m 136 |[39m }
     [90m 137 |[39m
     [90m 138 |[39m[0m

      at FhirValidator.waitForReady (node_modules/fhir-validator-wrapper/fhir-validator.js:152:11)
      at FhirValidator.start (node_modules/fhir-validator-wrapper/fhir-validator.js:129:5)
      at loadValidator (tx/tests/test-runner.js:135:5)
      at startTxTests (tx/tests/test-runner.js:20:5)
      at Object.<anonymous> (tests/tx/test-cases.test.js:10:5)

  ΓùÅ Tx Tests ΓÇ║ version ΓÇ║ coding-v10-vs20-default

    Validator service did not become ready within 60000ms

    [0m [90m 133 |[39m         timeout[33m:[39m [35m60000[39m
     [90m 134 |[39m     }
    [31m[1m>[22m[39m[90m 135 |[39m     [36mawait[39m validator[33m.[39mstart(validatorConfig)[33m;[39m
     [90m     |[39m     [31m[1m^[22m[39m
     [90m 136 |[39m }
     [90m 137 |[39m
     [90m 138 |[39m[0m

      at FhirValidator.waitForReady (node_modules/fhir-validator-wrapper/fhir-validator.js:152:11)
      at FhirValidator.start (node_modules/fhir-validator-wrapper/fhir-validator.js:129:5)
      at loadValidator (tx/tests/test-runner.js:135:5)
      at startTxTests (tx/tests/test-runner.js:20:5)
      at Object.<anonymous> (tests/tx/test-cases.test.js:10:5)

  ΓùÅ Tx Tests ΓÇ║ version ΓÇ║ coding-v10-vsbb-default

    Validator service did not become ready within 60000ms

    [0m [90m 133 |[39m         timeout[33m:[39m [35m60000[39m
     [90m 134 |[39m     }
    [31m[1m>[22m[39m[90m 135 |[39m     [36mawait[39m validator[33m.[39mstart(validatorConfig)[33m;[39m
     [90m     |[39m     [31m[1m^[22m[39m
     [90m 136 |[39m }
     [90m 137 |[39m
     [90m 138 |[39m[0m

      at FhirValidator.waitForReady (node_modules/fhir-validator-wrapper/fhir-validator.js:152:11)
      at FhirValidator.start (node_modules/fhir-validator-wrapper/fhir-validator.js:129:5)
      at loadValidator (tx/tests/test-runner.js:135:5)
      at startTxTests (tx/tests/test-runner.js:20:5)
      at Object.<anonymous> (tests/tx/test-cases.test.js:10:5)

  ΓùÅ Tx Tests ΓÇ║ version ΓÇ║ coding-v10-vsnn-default

    Validator service did not become ready within 60000ms

    [0m [90m 133 |[39m         timeout[33m:[39m [35m60000[39m
     [90m 134 |[39m     }
    [31m[1m>[22m[39m[90m 135 |[39m     [36mawait[39m validator[33m.[39mstart(validatorConfig)[33m;[39m
     [90m     |[39m     [31m[1m^[22m[39m
     [90m 136 |[39m }
     [90m 137 |[39m
     [90m 138 |[39m[0m

      at FhirValidator.waitForReady (node_modules/fhir-validator-wrapper/fhir-validator.js:152:11)
      at FhirValidator.start (node_modules/fhir-validator-wrapper/fhir-validator.js:129:5)
      at loadValidator (tx/tests/test-runner.js:135:5)
      at startTxTests (tx/tests/test-runner.js:20:5)
      at Object.<anonymous> (tests/tx/test-cases.test.js:10:5)

  ΓùÅ Tx Tests ΓÇ║ version ΓÇ║ coding-vbb-vs10-default

    Validator service did not become ready within 60000ms

    [0m [90m 133 |[39m         timeout[33m:[39m [35m60000[39m
     [90m 134 |[39m     }
    [31m[1m>[22m[39m[90m 135 |[39m     [36mawait[39m validator[33m.[39mstart(validatorConfig)[33m;[39m
     [90m     |[39m     [31m[1m^[22m[39m
     [90m 136 |[39m }
     [90m 137 |[39m
     [90m 138 |[39m[0m

      at FhirValidator.waitForReady (node_modules/fhir-validator-wrapper/fhir-validator.js:152:11)
      at FhirValidator.start (node_modules/fhir-validator-wrapper/fhir-validator.js:129:5)
      at loadValidator (tx/tests/test-runner.js:135:5)
      at startTxTests (tx/tests/test-runner.js:20:5)
      at Object.<anonymous> (tests/tx/test-cases.test.js:10:5)

  ΓùÅ Tx Tests ΓÇ║ version ΓÇ║ coding-vbb-vsnn-default

    Validator service did not become ready within 60000ms

    [0m [90m 133 |[39m         timeout[33m:[39m [35m60000[39m
     [90m 134 |[39m     }
    [31m[1m>[22m[39m[90m 135 |[39m     [36mawait[39m validator[33m.[39mstart(validatorConfig)[33m;[39m
     [90m     |[39m     [31m[1m^[22m[39m
     [90m 136 |[39m }
     [90m 137 |[39m
     [90m 138 |[39m[0m

      at FhirValidator.waitForReady (node_modules/fhir-validator-wrapper/fhir-validator.js:152:11)
      at FhirValidator.start (node_modules/fhir-validator-wrapper/fhir-validator.js:129:5)
      at loadValidator (tx/tests/test-runner.js:135:5)
      at startTxTests (tx/tests/test-runner.js:20:5)
      at Object.<anonymous> (tests/tx/test-cases.test.js:10:5)

  ΓùÅ Tx Tests ΓÇ║ version ΓÇ║ coding-vnn-vs1w-default

    Validator service did not become ready within 60000ms

    [0m [90m 133 |[39m         timeout[33m:[39m [35m60000[39m
     [90m 134 |[39m     }
    [31m[1m>[22m[39m[90m 135 |[39m     [36mawait[39m validator[33m.[39mstart(validatorConfig)[33m;[39m
     [90m     |[39m     [31m[1m^[22m[39m
     [90m 136 |[39m }
     [90m 137 |[39m
     [90m 138 |[39m[0m

      at FhirValidator.waitForReady (node_modules/fhir-validator-wrapper/fhir-validator.js:152:11)
      at FhirValidator.start (node_modules/fhir-validator-wrapper/fhir-validator.js:129:5)
      at loadValidator (tx/tests/test-runner.js:135:5)
      at startTxTests (tx/tests/test-runner.js:20:5)
      at Object.<anonymous> (tests/tx/test-cases.test.js:10:5)

  ΓùÅ Tx Tests ΓÇ║ version ΓÇ║ coding-vnn-vs1wb-default

    Validator service did not become ready within 60000ms

    [0m [90m 133 |[39m         timeout[33m:[39m [35m60000[39m
     [90m 134 |[39m     }
    [31m[1m>[22m[39m[90m 135 |[39m     [36mawait[39m validator[33m.[39mstart(validatorConfig)[33m;[39m
     [90m     |[39m     [31m[1m^[22m[39m
     [90m 136 |[39m }
     [90m 137 |[39m
     [90m 138 |[39m[0m

      at FhirValidator.waitForReady (node_modules/fhir-validator-wrapper/fhir-validator.js:152:11)
      at FhirValidator.start (node_modules/fhir-validator-wrapper/fhir-validator.js:129:5)
      at loadValidator (tx/tests/test-runner.js:135:5)
      at startTxTests (tx/tests/test-runner.js:20:5)
      at Object.<anonymous> (tests/tx/test-cases.test.js:10:5)

  ΓùÅ Tx Tests ΓÇ║ version ΓÇ║ coding-vnn-vs10-default

    Validator service did not become ready within 60000ms

    [0m [90m 133 |[39m         timeout[33m:[39m [35m60000[39m
     [90m 134 |[39m     }
    [31m[1m>[22m[39m[90m 135 |[39m     [36mawait[39m validator[33m.[39mstart(validatorConfig)[33m;[39m
     [90m     |[39m     [31m[1m^[22m[39m
     [90m 136 |[39m }
     [90m 137 |[39m
     [90m 138 |[39m[0m

      at FhirValidator.waitForReady (node_modules/fhir-validator-wrapper/fhir-validator.js:152:11)
      at FhirValidator.start (node_modules/fhir-validator-wrapper/fhir-validator.js:129:5)
      at loadValidator (tx/tests/test-runner.js:135:5)
      at startTxTests (tx/tests/test-runner.js:20:5)
      at Object.<anonymous> (tests/tx/test-cases.test.js:10:5)

  ΓùÅ Tx Tests ΓÇ║ version ΓÇ║ coding-vnn-vsbb-default

    Validator service did not become ready within 60000ms

    [0m [90m 133 |[39m         timeout[33m:[39m [35m60000[39m
     [90m 134 |[39m     }
    [31m[1m>[22m[39m[90m 135 |[39m     [36mawait[39m validator[33m.[39mstart(validatorConfig)[33m;[39m
     [90m     |[39m     [31m[1m^[22m[39m
     [90m 136 |[39m }
     [90m 137 |[39m
     [90m 138 |[39m[0m

      at FhirValidator.waitForReady (node_modules/fhir-validator-wrapper/fhir-validator.js:152:11)
      at FhirValidator.start (node_modules/fhir-validator-wrapper/fhir-validator.js:129:5)
      at loadValidator (tx/tests/test-runner.js:135:5)
      at startTxTests (tx/tests/test-runner.js:20:5)
      at Object.<anonymous> (tests/tx/test-cases.test.js:10:5)

  ΓùÅ Tx Tests ΓÇ║ version ΓÇ║ coding-vnn-vsnn-check

    Validator service did not become ready within 60000ms

    [0m [90m 133 |[39m         timeout[33m:[39m [35m60000[39m
     [90m 134 |[39m     }
    [31m[1m>[22m[39m[90m 135 |[39m     [36mawait[39m validator[33m.[39mstart(validatorConfig)[33m;[39m
     [90m     |[39m     [31m[1m^[22m[39m
     [90m 136 |[39m }
     [90m 137 |[39m
     [90m 138 |[39m[0m

      at FhirValidator.waitForReady (node_modules/fhir-validator-wrapper/fhir-validator.js:152:11)
      at FhirValidator.start (node_modules/fhir-validator-wrapper/fhir-validator.js:129:5)
      at loadValidator (tx/tests/test-runner.js:135:5)
      at startTxTests (tx/tests/test-runner.js:20:5)
      at Object.<anonymous> (tests/tx/test-cases.test.js:10:5)

  ΓùÅ Tx Tests ΓÇ║ version ΓÇ║ coding-v10-vs1w-check

    Validator service did not become ready within 60000ms

    [0m [90m 133 |[39m         timeout[33m:[39m [35m60000[39m
     [90m 134 |[39m     }
    [31m[1m>[22m[39m[90m 135 |[39m     [36mawait[39m validator[33m.[39mstart(validatorConfig)[33m;[39m
     [90m     |[39m     [31m[1m^[22m[39m
     [90m 136 |[39m }
     [90m 137 |[39m
     [90m 138 |[39m[0m

      at FhirValidator.waitForReady (node_modules/fhir-validator-wrapper/fhir-validator.js:152:11)
      at FhirValidator.start (node_modules/fhir-validator-wrapper/fhir-validator.js:129:5)
      at loadValidator (tx/tests/test-runner.js:135:5)
      at startTxTests (tx/tests/test-runner.js:20:5)
      at Object.<anonymous> (tests/tx/test-cases.test.js:10:5)

  ΓùÅ Tx Tests ΓÇ║ version ΓÇ║ coding-v10-vs1wb-check

    Validator service did not become ready within 60000ms

    [0m [90m 133 |[39m         timeout[33m:[39m [35m60000[39m
     [90m 134 |[39m     }
    [31m[1m>[22m[39m[90m 135 |[39m     [36mawait[39m validator[33m.[39mstart(validatorConfig)[33m;[39m
     [90m     |[39m     [31m[1m^[22m[39m
     [90m 136 |[39m }
     [90m 137 |[39m
     [90m 138 |[39m[0m

      at FhirValidator.waitForReady (node_modules/fhir-validator-wrapper/fhir-validator.js:152:11)
      at FhirValidator.start (node_modules/fhir-validator-wrapper/fhir-validator.js:129:5)
      at loadValidator (tx/tests/test-runner.js:135:5)
      at startTxTests (tx/tests/test-runner.js:20:5)
      at Object.<anonymous> (tests/tx/test-cases.test.js:10:5)

  ΓùÅ Tx Tests ΓÇ║ version ΓÇ║ coding-v10-vs10-check

    Validator service did not become ready within 60000ms

    [0m [90m 133 |[39m         timeout[33m:[39m [35m60000[39m
     [90m 134 |[39m     }
    [31m[1m>[22m[39m[90m 135 |[39m     [36mawait[39m validator[33m.[39mstart(validatorConfig)[33m;[39m
     [90m     |[39m     [31m[1m^[22m[39m
     [90m 136 |[39m }
     [90m 137 |[39m
     [90m 138 |[39m[0m

      at FhirValidator.waitForReady (node_modules/fhir-validator-wrapper/fhir-validator.js:152:11)
      at FhirValidator.start (node_modules/fhir-validator-wrapper/fhir-validator.js:129:5)
      at loadValidator (tx/tests/test-runner.js:135:5)
      at startTxTests (tx/tests/test-runner.js:20:5)
      at Object.<anonymous> (tests/tx/test-cases.test.js:10:5)

  ΓùÅ Tx Tests ΓÇ║ version ΓÇ║ coding-v10-vs20-check

    Validator service did not become ready within 60000ms

    [0m [90m 133 |[39m         timeout[33m:[39m [35m60000[39m
     [90m 134 |[39m     }
    [31m[1m>[22m[39m[90m 135 |[39m     [36mawait[39m validator[33m.[39mstart(validatorConfig)[33m;[39m
     [90m     |[39m     [31m[1m^[22m[39m
     [90m 136 |[39m }
     [90m 137 |[39m
     [90m 138 |[39m[0m

      at FhirValidator.waitForReady (node_modules/fhir-validator-wrapper/fhir-validator.js:152:11)
      at FhirValidator.start (node_modules/fhir-validator-wrapper/fhir-validator.js:129:5)
      at loadValidator (tx/tests/test-runner.js:135:5)
      at startTxTests (tx/tests/test-runner.js:20:5)
      at Object.<anonymous> (tests/tx/test-cases.test.js:10:5)

  ΓùÅ Tx Tests ΓÇ║ version ΓÇ║ coding-v10-vsbb-check

    Validator service did not become ready within 60000ms

    [0m [90m 133 |[39m         timeout[33m:[39m [35m60000[39m
     [90m 134 |[39m     }
    [31m[1m>[22m[39m[90m 135 |[39m     [36mawait[39m validator[33m.[39mstart(validatorConfig)[33m;[39m
     [90m     |[39m     [31m[1m^[22m[39m
     [90m 136 |[39m }
     [90m 137 |[39m
     [90m 138 |[39m[0m

      at FhirValidator.waitForReady (node_modules/fhir-validator-wrapper/fhir-validator.js:152:11)
      at FhirValidator.start (node_modules/fhir-validator-wrapper/fhir-validator.js:129:5)
      at loadValidator (tx/tests/test-runner.js:135:5)
      at startTxTests (tx/tests/test-runner.js:20:5)
      at Object.<anonymous> (tests/tx/test-cases.test.js:10:5)

  ΓùÅ Tx Tests ΓÇ║ version ΓÇ║ coding-v10-vsnn-check

    Validator service did not become ready within 60000ms

    [0m [90m 133 |[39m         timeout[33m:[39m [35m60000[39m
     [90m 134 |[39m     }
    [31m[1m>[22m[39m[90m 135 |[39m     [36mawait[39m validator[33m.[39mstart(validatorConfig)[33m;[39m
     [90m     |[39m     [31m[1m^[22m[39m
     [90m 136 |[39m }
     [90m 137 |[39m
     [90m 138 |[39m[0m

      at FhirValidator.waitForReady (node_modules/fhir-validator-wrapper/fhir-validator.js:152:11)
      at FhirValidator.start (node_modules/fhir-validator-wrapper/fhir-validator.js:129:5)
      at loadValidator (tx/tests/test-runner.js:135:5)
      at startTxTests (tx/tests/test-runner.js:20:5)
      at Object.<anonymous> (tests/tx/test-cases.test.js:10:5)

  ΓùÅ Tx Tests ΓÇ║ version ΓÇ║ coding-vbb-vs10-check

    Validator service did not become ready within 60000ms

    [0m [90m 133 |[39m         timeout[33m:[39m [35m60000[39m
     [90m 134 |[39m     }
    [31m[1m>[22m[39m[90m 135 |[39m     [36mawait[39m validator[33m.[39mstart(validatorConfig)[33m;[39m
     [90m     |[39m     [31m[1m^[22m[39m
     [90m 136 |[39m }
     [90m 137 |[39m
     [90m 138 |[39m[0m

      at FhirValidator.waitForReady (node_modules/fhir-validator-wrapper/fhir-validator.js:152:11)
      at FhirValidator.start (node_modules/fhir-validator-wrapper/fhir-validator.js:129:5)
      at loadValidator (tx/tests/test-runner.js:135:5)
      at startTxTests (tx/tests/test-runner.js:20:5)
      at Object.<anonymous> (tests/tx/test-cases.test.js:10:5)

  ΓùÅ Tx Tests ΓÇ║ version ΓÇ║ coding-vbb-vsnn-check

    Validator service did not become ready within 60000ms

    [0m [90m 133 |[39m         timeout[33m:[39m [35m60000[39m
     [90m 134 |[39m     }
    [31m[1m>[22m[39m[90m 135 |[39m     [36mawait[39m validator[33m.[39mstart(validatorConfig)[33m;[39m
     [90m     |[39m     [31m[1m^[22m[39m
     [90m 136 |[39m }
     [90m 137 |[39m
     [90m 138 |[39m[0m

      at FhirValidator.waitForReady (node_modules/fhir-validator-wrapper/fhir-validator.js:152:11)
      at FhirValidator.start (node_modules/fhir-validator-wrapper/fhir-validator.js:129:5)
      at loadValidator (tx/tests/test-runner.js:135:5)
      at startTxTests (tx/tests/test-runner.js:20:5)
      at Object.<anonymous> (tests/tx/test-cases.test.js:10:5)

  ΓùÅ Tx Tests ΓÇ║ version ΓÇ║ coding-vnn-vs1w-check

    Validator service did not become ready within 60000ms

    [0m [90m 133 |[39m         timeout[33m:[39m [35m60000[39m
     [90m 134 |[39m     }
    [31m[1m>[22m[39m[90m 135 |[39m     [36mawait[39m validator[33m.[39mstart(validatorConfig)[33m;[39m
     [90m     |[39m     [31m[1m^[22m[39m
     [90m 136 |[39m }
     [90m 137 |[39m
     [90m 138 |[39m[0m

      at FhirValidator.waitForReady (node_modules/fhir-validator-wrapper/fhir-validator.js:152:11)
      at FhirValidator.start (node_modules/fhir-validator-wrapper/fhir-validator.js:129:5)
      at loadValidator (tx/tests/test-runner.js:135:5)
      at startTxTests (tx/tests/test-runner.js:20:5)
      at Object.<anonymous> (tests/tx/test-cases.test.js:10:5)

  ΓùÅ Tx Tests ΓÇ║ version ΓÇ║ coding-vnn-vs1wb-check

    Validator service did not become ready within 60000ms

    [0m [90m 133 |[39m         timeout[33m:[39m [35m60000[39m
     [90m 134 |[39m     }
    [31m[1m>[22m[39m[90m 135 |[39m     [36mawait[39m validator[33m.[39mstart(validatorConfig)[33m;[39m
     [90m     |[39m     [31m[1m^[22m[39m
     [90m 136 |[39m }
     [90m 137 |[39m
     [90m 138 |[39m[0m

      at FhirValidator.waitForReady (node_modules/fhir-validator-wrapper/fhir-validator.js:152:11)
      at FhirValidator.start (node_modules/fhir-validator-wrapper/fhir-validator.js:129:5)
      at loadValidator (tx/tests/test-runner.js:135:5)
      at startTxTests (tx/tests/test-runner.js:20:5)
      at Object.<anonymous> (tests/tx/test-cases.test.js:10:5)

  ΓùÅ Tx Tests ΓÇ║ version ΓÇ║ coding-vnn-vs10-check

    Validator service did not become ready within 60000ms

    [0m [90m 133 |[39m         timeout[33m:[39m [35m60000[39m
     [90m 134 |[39m     }
    [31m[1m>[22m[39m[90m 135 |[39m     [36mawait[39m validator[33m.[39mstart(validatorConfig)[33m;[39m
     [90m     |[39m     [31m[1m^[22m[39m
     [90m 136 |[39m }
     [90m 137 |[39m
     [90m 138 |[39m[0m

      at FhirValidator.waitForReady (node_modules/fhir-validator-wrapper/fhir-validator.js:152:11)
      at FhirValidator.start (node_modules/fhir-validator-wrapper/fhir-validator.js:129:5)
      at loadValidator (tx/tests/test-runner.js:135:5)
      at startTxTests (tx/tests/test-runner.js:20:5)
      at Object.<anonymous> (tests/tx/test-cases.test.js:10:5)

  ΓùÅ Tx Tests ΓÇ║ version ΓÇ║ coding-vnn-vsbb-check

    Validator service did not become ready within 60000ms

    [0m [90m 133 |[39m         timeout[33m:[39m [35m60000[39m
     [90m 134 |[39m     }
    [31m[1m>[22m[39m[90m 135 |[39m     [36mawait[39m validator[33m.[39mstart(validatorConfig)[33m;[39m
     [90m     |[39m     [31m[1m^[22m[39m
     [90m 136 |[39m }
     [90m 137 |[39m
     [90m 138 |[39m[0m

      at FhirValidator.waitForReady (node_modules/fhir-validator-wrapper/fhir-validator.js:152:11)
      at FhirValidator.start (node_modules/fhir-validator-wrapper/fhir-validator.js:129:5)
      at loadValidator (tx/tests/test-runner.js:135:5)
      at startTxTests (tx/tests/test-runner.js:20:5)
      at Object.<anonymous> (tests/tx/test-cases.test.js:10:5)

  ΓùÅ Tx Tests ΓÇ║ version ΓÇ║ coding-vnn-vsnn-force

    Validator service did not become ready within 60000ms

    [0m [90m 133 |[39m         timeout[33m:[39m [35m60000[39m
     [90m 134 |[39m     }
    [31m[1m>[22m[39m[90m 135 |[39m     [36mawait[39m validator[33m.[39mstart(validatorConfig)[33m;[39m
     [90m     |[39m     [31m[1m^[22m[39m
     [90m 136 |[39m }
     [90m 137 |[39m
     [90m 138 |[39m[0m

      at FhirValidator.waitForReady (node_modules/fhir-validator-wrapper/fhir-validator.js:152:11)
      at FhirValidator.start (node_modules/fhir-validator-wrapper/fhir-validator.js:129:5)
      at loadValidator (tx/tests/test-runner.js:135:5)
      at startTxTests (tx/tests/test-runner.js:20:5)
      at Object.<anonymous> (tests/tx/test-cases.test.js:10:5)

  ΓùÅ Tx Tests ΓÇ║ version ΓÇ║ coding-v10-vs1w-force

    Validator service did not become ready within 60000ms

    [0m [90m 133 |[39m         timeout[33m:[39m [35m60000[39m
     [90m 134 |[39m     }
    [31m[1m>[22m[39m[90m 135 |[39m     [36mawait[39m validator[33m.[39mstart(validatorConfig)[33m;[39m
     [90m     |[39m     [31m[1m^[22m[39m
     [90m 136 |[39m }
     [90m 137 |[39m
     [90m 138 |[39m[0m

      at FhirValidator.waitForReady (node_modules/fhir-validator-wrapper/fhir-validator.js:152:11)
      at FhirValidator.start (node_modules/fhir-validator-wrapper/fhir-validator.js:129:5)
      at loadValidator (tx/tests/test-runner.js:135:5)
      at startTxTests (tx/tests/test-runner.js:20:5)
      at Object.<anonymous> (tests/tx/test-cases.test.js:10:5)

  ΓùÅ Tx Tests ΓÇ║ version ΓÇ║ coding-v10-vs1wb-force

    Validator service did not become ready within 60000ms

    [0m [90m 133 |[39m         timeout[33m:[39m [35m60000[39m
     [90m 134 |[39m     }
    [31m[1m>[22m[39m[90m 135 |[39m     [36mawait[39m validator[33m.[39mstart(validatorConfig)[33m;[39m
     [90m     |[39m     [31m[1m^[22m[39m
     [90m 136 |[39m }
     [90m 137 |[39m
     [90m 138 |[39m[0m

      at FhirValidator.waitForReady (node_modules/fhir-validator-wrapper/fhir-validator.js:152:11)
      at FhirValidator.start (node_modules/fhir-validator-wrapper/fhir-validator.js:129:5)
      at loadValidator (tx/tests/test-runner.js:135:5)
      at startTxTests (tx/tests/test-runner.js:20:5)
      at Object.<anonymous> (tests/tx/test-cases.test.js:10:5)

  ΓùÅ Tx Tests ΓÇ║ version ΓÇ║ coding-v10-vs10-force

    Validator service did not become ready within 60000ms

    [0m [90m 133 |[39m         timeout[33m:[39m [35m60000[39m
     [90m 134 |[39m     }
    [31m[1m>[22m[39m[90m 135 |[39m     [36mawait[39m validator[33m.[39mstart(validatorConfig)[33m;[39m
     [90m     |[39m     [31m[1m^[22m[39m
     [90m 136 |[39m }
     [90m 137 |[39m
     [90m 138 |[39m[0m

      at FhirValidator.waitForReady (node_modules/fhir-validator-wrapper/fhir-validator.js:152:11)
      at FhirValidator.start (node_modules/fhir-validator-wrapper/fhir-validator.js:129:5)
      at loadValidator (tx/tests/test-runner.js:135:5)
      at startTxTests (tx/tests/test-runner.js:20:5)
      at Object.<anonymous> (tests/tx/test-cases.test.js:10:5)

  ΓùÅ Tx Tests ΓÇ║ version ΓÇ║ coding-v10-vs20-force

    Validator service did not become ready within 60000ms

    [0m [90m 133 |[39m         timeout[33m:[39m [35m60000[39m
     [90m 134 |[39m     }
    [31m[1m>[22m[39m[90m 135 |[39m     [36mawait[39m validator[33m.[39mstart(validatorConfig)[33m;[39m
     [90m     |[39m     [31m[1m^[22m[39m
     [90m 136 |[39m }
     [90m 137 |[39m
     [90m 138 |[39m[0m

      at FhirValidator.waitForReady (node_modules/fhir-validator-wrapper/fhir-validator.js:152:11)
      at FhirValidator.start (node_modules/fhir-validator-wrapper/fhir-validator.js:129:5)
      at loadValidator (tx/tests/test-runner.js:135:5)
      at startTxTests (tx/tests/test-runner.js:20:5)
      at Object.<anonymous> (tests/tx/test-cases.test.js:10:5)

  ΓùÅ Tx Tests ΓÇ║ version ΓÇ║ coding-v10-vsbb-force

    Validator service did not become ready within 60000ms

    [0m [90m 133 |[39m         timeout[33m:[39m [35m60000[39m
     [90m 134 |[39m     }
    [31m[1m>[22m[39m[90m 135 |[39m     [36mawait[39m validator[33m.[39mstart(validatorConfig)[33m;[39m
     [90m     |[39m     [31m[1m^[22m[39m
     [90m 136 |[39m }
     [90m 137 |[39m
     [90m 138 |[39m[0m

      at FhirValidator.waitForReady (node_modules/fhir-validator-wrapper/fhir-validator.js:152:11)
      at FhirValidator.start (node_modules/fhir-validator-wrapper/fhir-validator.js:129:5)
      at loadValidator (tx/tests/test-runner.js:135:5)
      at startTxTests (tx/tests/test-runner.js:20:5)
      at Object.<anonymous> (tests/tx/test-cases.test.js:10:5)

  ΓùÅ Tx Tests ΓÇ║ version ΓÇ║ coding-v10-vsnn-force

    Validator service did not become ready within 60000ms

    [0m [90m 133 |[39m         timeout[33m:[39m [35m60000[39m
     [90m 134 |[39m     }
    [31m[1m>[22m[39m[90m 135 |[39m     [36mawait[39m validator[33m.[39mstart(validatorConfig)[33m;[39m
     [90m     |[39m     [31m[1m^[22m[39m
     [90m 136 |[39m }
     [90m 137 |[39m
     [90m 138 |[39m[0m

      at FhirValidator.waitForReady (node_modules/fhir-validator-wrapper/fhir-validator.js:152:11)
      at FhirValidator.start (node_modules/fhir-validator-wrapper/fhir-validator.js:129:5)
      at loadValidator (tx/tests/test-runner.js:135:5)
      at startTxTests (tx/tests/test-runner.js:20:5)
      at Object.<anonymous> (tests/tx/test-cases.test.js:10:5)

  ΓùÅ Tx Tests ΓÇ║ version ΓÇ║ coding-vbb-vs10-force

    Validator service did not become ready within 60000ms

    [0m [90m 133 |[39m         timeout[33m:[39m [35m60000[39m
     [90m 134 |[39m     }
    [31m[1m>[22m[39m[90m 135 |[39m     [36mawait[39m validator[33m.[39mstart(validatorConfig)[33m;[39m
     [90m     |[39m     [31m[1m^[22m[39m
     [90m 136 |[39m }
     [90m 137 |[39m
     [90m 138 |[39m[0m

      at FhirValidator.waitForReady (node_modules/fhir-validator-wrapper/fhir-validator.js:152:11)
      at FhirValidator.start (node_modules/fhir-validator-wrapper/fhir-validator.js:129:5)
      at loadValidator (tx/tests/test-runner.js:135:5)
      at startTxTests (tx/tests/test-runner.js:20:5)
      at Object.<anonymous> (tests/tx/test-cases.test.js:10:5)

  ΓùÅ Tx Tests ΓÇ║ version ΓÇ║ coding-vbb-vsnn-force

    Validator service did not become ready within 60000ms

    [0m [90m 133 |[39m         timeout[33m:[39m [35m60000[39m
     [90m 134 |[39m     }
    [31m[1m>[22m[39m[90m 135 |[39m     [36mawait[39m validator[33m.[39mstart(validatorConfig)[33m;[39m
     [90m     |[39m     [31m[1m^[22m[39m
     [90m 136 |[39m }
     [90m 137 |[39m
     [90m 138 |[39m[0m

      at FhirValidator.waitForReady (node_modules/fhir-validator-wrapper/fhir-validator.js:152:11)
      at FhirValidator.start (node_modules/fhir-validator-wrapper/fhir-validator.js:129:5)
      at loadValidator (tx/tests/test-runner.js:135:5)
      at startTxTests (tx/tests/test-runner.js:20:5)
      at Object.<anonymous> (tests/tx/test-cases.test.js:10:5)

  ΓùÅ Tx Tests ΓÇ║ version ΓÇ║ coding-vnn-vs1w-force

    Validator service did not become ready within 60000ms

    [0m [90m 133 |[39m         timeout[33m:[39m [35m60000[39m
     [90m 134 |[39m     }
    [31m[1m>[22m[39m[90m 135 |[39m     [36mawait[39m validator[33m.[39mstart(validatorConfig)[33m;[39m
     [90m     |[39m     [31m[1m^[22m[39m
     [90m 136 |[39m }
     [90m 137 |[39m
     [90m 138 |[39m[0m

      at FhirValidator.waitForReady (node_modules/fhir-validator-wrapper/fhir-validator.js:152:11)
      at FhirValidator.start (node_modules/fhir-validator-wrapper/fhir-validator.js:129:5)
      at loadValidator (tx/tests/test-runner.js:135:5)
      at startTxTests (tx/tests/test-runner.js:20:5)
      at Object.<anonymous> (tests/tx/test-cases.test.js:10:5)

  ΓùÅ Tx Tests ΓÇ║ version ΓÇ║ coding-vnn-vs1wb-force

    Validator service did not become ready within 60000ms

    [0m [90m 133 |[39m         timeout[33m:[39m [35m60000[39m
     [90m 134 |[39m     }
    [31m[1m>[22m[39m[90m 135 |[39m     [36mawait[39m validator[33m.[39mstart(validatorConfig)[33m;[39m
     [90m     |[39m     [31m[1m^[22m[39m
     [90m 136 |[39m }
     [90m 137 |[39m
     [90m 138 |[39m[0m

      at FhirValidator.waitForReady (node_modules/fhir-validator-wrapper/fhir-validator.js:152:11)
      at FhirValidator.start (node_modules/fhir-validator-wrapper/fhir-validator.js:129:5)
      at loadValidator (tx/tests/test-runner.js:135:5)
      at startTxTests (tx/tests/test-runner.js:20:5)
      at Object.<anonymous> (tests/tx/test-cases.test.js:10:5)

  ΓùÅ Tx Tests ΓÇ║ version ΓÇ║ coding-vnn-vs10-force

    Validator service did not become ready within 60000ms

    [0m [90m 133 |[39m         timeout[33m:[39m [35m60000[39m
     [90m 134 |[39m     }
    [31m[1m>[22m[39m[90m 135 |[39m     [36mawait[39m validator[33m.[39mstart(validatorConfig)[33m;[39m
     [90m     |[39m     [31m[1m^[22m[39m
     [90m 136 |[39m }
     [90m 137 |[39m
     [90m 138 |[39m[0m

      at FhirValidator.waitForReady (node_modules/fhir-validator-wrapper/fhir-validator.js:152:11)
      at FhirValidator.start (node_modules/fhir-validator-wrapper/fhir-validator.js:129:5)
      at loadValidator (tx/tests/test-runner.js:135:5)
      at startTxTests (tx/tests/test-runner.js:20:5)
      at Object.<anonymous> (tests/tx/test-cases.test.js:10:5)

  ΓùÅ Tx Tests ΓÇ║ version ΓÇ║ coding-vnn-vsbb-force

    Validator service did not become ready within 60000ms

    [0m [90m 133 |[39m         timeout[33m:[39m [35m60000[39m
     [90m 134 |[39m     }
    [31m[1m>[22m[39m[90m 135 |[39m     [36mawait[39m validator[33m.[39mstart(validatorConfig)[33m;[39m
     [90m     |[39m     [31m[1m^[22m[39m
     [90m 136 |[39m }
     [90m 137 |[39m
     [90m 138 |[39m[0m

      at FhirValidator.waitForReady (node_modules/fhir-validator-wrapper/fhir-validator.js:152:11)
      at FhirValidator.start (node_modules/fhir-validator-wrapper/fhir-validator.js:129:5)
      at loadValidator (tx/tests/test-runner.js:135:5)
      at startTxTests (tx/tests/test-runner.js:20:5)
      at Object.<anonymous> (tests/tx/test-cases.test.js:10:5)

  ΓùÅ Tx Tests ΓÇ║ version ΓÇ║ codeableconcept-vnn-vsnn

    Validator service did not become ready within 60000ms

    [0m [90m 133 |[39m         timeout[33m:[39m [35m60000[39m
     [90m 134 |[39m     }
    [31m[1m>[22m[39m[90m 135 |[39m     [36mawait[39m validator[33m.[39mstart(validatorConfig)[33m;[39m
     [90m     |[39m     [31m[1m^[22m[39m
     [90m 136 |[39m }
     [90m 137 |[39m
     [90m 138 |[39m[0m

      at FhirValidator.waitForReady (node_modules/fhir-validator-wrapper/fhir-validator.js:152:11)
      at FhirValidator.start (node_modules/fhir-validator-wrapper/fhir-validator.js:129:5)
      at loadValidator (tx/tests/test-runner.js:135:5)
      at startTxTests (tx/tests/test-runner.js:20:5)
      at Object.<anonymous> (tests/tx/test-cases.test.js:10:5)

  ΓùÅ Tx Tests ΓÇ║ version ΓÇ║ codeableconcept-v10-vs1w

    Validator service did not become ready within 60000ms

    [0m [90m 133 |[39m         timeout[33m:[39m [35m60000[39m
     [90m 134 |[39m     }
    [31m[1m>[22m[39m[90m 135 |[39m     [36mawait[39m validator[33m.[39mstart(validatorConfig)[33m;[39m
     [90m     |[39m     [31m[1m^[22m[39m
     [90m 136 |[39m }
     [90m 137 |[39m
     [90m 138 |[39m[0m

      at FhirValidator.waitForReady (node_modules/fhir-validator-wrapper/fhir-validator.js:152:11)
      at FhirValidator.start (node_modules/fhir-validator-wrapper/fhir-validator.js:129:5)
      at loadValidator (tx/tests/test-runner.js:135:5)
      at startTxTests (tx/tests/test-runner.js:20:5)
      at Object.<anonymous> (tests/tx/test-cases.test.js:10:5)

  ΓùÅ Tx Tests ΓÇ║ version ΓÇ║ codeableconcept-v10-vs1wb

    Validator service did not become ready within 60000ms

    [0m [90m 133 |[39m         timeout[33m:[39m [35m60000[39m
     [90m 134 |[39m     }
    [31m[1m>[22m[39m[90m 135 |[39m     [36mawait[39m validator[33m.[39mstart(validatorConfig)[33m;[39m
     [90m     |[39m     [31m[1m^[22m[39m
     [90m 136 |[39m }
     [90m 137 |[39m
     [90m 138 |[39m[0m

      at FhirValidator.waitForReady (node_modules/fhir-validator-wrapper/fhir-validator.js:152:11)
      at FhirValidator.start (node_modules/fhir-validator-wrapper/fhir-validator.js:129:5)
      at loadValidator (tx/tests/test-runner.js:135:5)
      at startTxTests (tx/tests/test-runner.js:20:5)
      at Object.<anonymous> (tests/tx/test-cases.test.js:10:5)

  ΓùÅ Tx Tests ΓÇ║ version ΓÇ║ codeableconcept-v10-vs10

    Validator service did not become ready within 60000ms

    [0m [90m 133 |[39m         timeout[33m:[39m [35m60000[39m
     [90m 134 |[39m     }
    [31m[1m>[22m[39m[90m 135 |[39m     [36mawait[39m validator[33m.[39mstart(validatorConfig)[33m;[39m
     [90m     |[39m     [31m[1m^[22m[39m
     [90m 136 |[39m }
     [90m 137 |[39m
     [90m 138 |[39m[0m

      at FhirValidator.waitForReady (node_modules/fhir-validator-wrapper/fhir-validator.js:152:11)
      at FhirValidator.start (node_modules/fhir-validator-wrapper/fhir-validator.js:129:5)
      at loadValidator (tx/tests/test-runner.js:135:5)
      at startTxTests (tx/tests/test-runner.js:20:5)
      at Object.<anonymous> (tests/tx/test-cases.test.js:10:5)

  ΓùÅ Tx Tests ΓÇ║ version ΓÇ║ codeableconcept-v10-vs20

    Validator service did not become ready within 60000ms

    [0m [90m 133 |[39m         timeout[33m:[39m [35m60000[39m
     [90m 134 |[39m     }
    [31m[1m>[22m[39m[90m 135 |[39m     [36mawait[39m validator[33m.[39mstart(validatorConfig)[33m;[39m
     [90m     |[39m     [31m[1m^[22m[39m
     [90m 136 |[39m }
     [90m 137 |[39m
     [90m 138 |[39m[0m

      at FhirValidator.waitForReady (node_modules/fhir-validator-wrapper/fhir-validator.js:152:11)
      at FhirValidator.start (node_modules/fhir-validator-wrapper/fhir-validator.js:129:5)
      at loadValidator (tx/tests/test-runner.js:135:5)
      at startTxTests (tx/tests/test-runner.js:20:5)
      at Object.<anonymous> (tests/tx/test-cases.test.js:10:5)

  ΓùÅ Tx Tests ΓÇ║ version ΓÇ║ codeableconcept-v10-vsbb

    Validator service did not become ready within 60000ms

    [0m [90m 133 |[39m         timeout[33m:[39m [35m60000[39m
     [90m 134 |[39m     }
    [31m[1m>[22m[39m[90m 135 |[39m     [36mawait[39m validator[33m.[39mstart(validatorConfig)[33m;[39m
     [90m     |[39m     [31m[1m^[22m[39m
     [90m 136 |[39m }
     [90m 137 |[39m
     [90m 138 |[39m[0m

      at FhirValidator.waitForReady (node_modules/fhir-validator-wrapper/fhir-validator.js:152:11)
      at FhirValidator.start (node_modules/fhir-validator-wrapper/fhir-validator.js:129:5)
      at loadValidator (tx/tests/test-runner.js:135:5)
      at startTxTests (tx/tests/test-runner.js:20:5)
      at Object.<anonymous> (tests/tx/test-cases.test.js:10:5)

  ΓùÅ Tx Tests ΓÇ║ version ΓÇ║ codeableconcept-v10-vsbb

    Validator service did not become ready within 60000ms

    [0m [90m 133 |[39m         timeout[33m:[39m [35m60000[39m
     [90m 134 |[39m     }
    [31m[1m>[22m[39m[90m 135 |[39m     [36mawait[39m validator[33m.[39mstart(validatorConfig)[33m;[39m
     [90m     |[39m     [31m[1m^[22m[39m
     [90m 136 |[39m }
     [90m 137 |[39m
     [90m 138 |[39m[0m

      at FhirValidator.waitForReady (node_modules/fhir-validator-wrapper/fhir-validator.js:152:11)
      at FhirValidator.start (node_modules/fhir-validator-wrapper/fhir-validator.js:129:5)
      at loadValidator (tx/tests/test-runner.js:135:5)
      at startTxTests (tx/tests/test-runner.js:20:5)
      at Object.<anonymous> (tests/tx/test-cases.test.js:10:5)

  ΓùÅ Tx Tests ΓÇ║ version ΓÇ║ codeableconcept-v10-vsnn

    Validator service did not become ready within 60000ms

    [0m [90m 133 |[39m         timeout[33m:[39m [35m60000[39m
     [90m 134 |[39m     }
    [31m[1m>[22m[39m[90m 135 |[39m     [36mawait[39m validator[33m.[39mstart(validatorConfig)[33m;[39m
     [90m     |[39m     [31m[1m^[22m[39m
     [90m 136 |[39m }
     [90m 137 |[39m
     [90m 138 |[39m[0m

      at FhirValidator.waitForReady (node_modules/fhir-validator-wrapper/fhir-validator.js:152:11)
      at FhirValidator.start (node_modules/fhir-validator-wrapper/fhir-validator.js:129:5)
      at loadValidator (tx/tests/test-runner.js:135:5)
      at startTxTests (tx/tests/test-runner.js:20:5)
      at Object.<anonymous> (tests/tx/test-cases.test.js:10:5)

  ΓùÅ Tx Tests ΓÇ║ version ΓÇ║ codeableconcept-vbb-vs10

    Validator service did not become ready within 60000ms

    [0m [90m 133 |[39m         timeout[33m:[39m [35m60000[39m
     [90m 134 |[39m     }
    [31m[1m>[22m[39m[90m 135 |[39m     [36mawait[39m validator[33m.[39mstart(validatorConfig)[33m;[39m
     [90m     |[39m     [31m[1m^[22m[39m
     [90m 136 |[39m }
     [90m 137 |[39m
     [90m 138 |[39m[0m

      at FhirValidator.waitForReady (node_modules/fhir-validator-wrapper/fhir-validator.js:152:11)
      at FhirValidator.start (node_modules/fhir-validator-wrapper/fhir-validator.js:129:5)
      at loadValidator (tx/tests/test-runner.js:135:5)
      at startTxTests (tx/tests/test-runner.js:20:5)
      at Object.<anonymous> (tests/tx/test-cases.test.js:10:5)

  ΓùÅ Tx Tests ΓÇ║ version ΓÇ║ codeableconcept-vbb-vsnn

    Validator service did not become ready within 60000ms

    [0m [90m 133 |[39m         timeout[33m:[39m [35m60000[39m
     [90m 134 |[39m     }
    [31m[1m>[22m[39m[90m 135 |[39m     [36mawait[39m validator[33m.[39mstart(validatorConfig)[33m;[39m
     [90m     |[39m     [31m[1m^[22m[39m
     [90m 136 |[39m }
     [90m 137 |[39m
     [90m 138 |[39m[0m

      at FhirValidator.waitForReady (node_modules/fhir-validator-wrapper/fhir-validator.js:152:11)
      at FhirValidator.start (node_modules/fhir-validator-wrapper/fhir-validator.js:129:5)
      at loadValidator (tx/tests/test-runner.js:135:5)
      at startTxTests (tx/tests/test-runner.js:20:5)
      at Object.<anonymous> (tests/tx/test-cases.test.js:10:5)

  ΓùÅ Tx Tests ΓÇ║ version ΓÇ║ codeableconcept-vnn-vs1w

    Validator service did not become ready within 60000ms

    [0m [90m 133 |[39m         timeout[33m:[39m [35m60000[39m
     [90m 134 |[39m     }
    [31m[1m>[22m[39m[90m 135 |[39m     [36mawait[39m validator[33m.[39mstart(validatorConfig)[33m;[39m
     [90m     |[39m     [31m[1m^[22m[39m
     [90m 136 |[39m }
     [90m 137 |[39m
     [90m 138 |[39m[0m

      at FhirValidator.waitForReady (node_modules/fhir-validator-wrapper/fhir-validator.js:152:11)
      at FhirValidator.start (node_modules/fhir-validator-wrapper/fhir-validator.js:129:5)
      at loadValidator (tx/tests/test-runner.js:135:5)
      at startTxTests (tx/tests/test-runner.js:20:5)
      at Object.<anonymous> (tests/tx/test-cases.test.js:10:5)

  ΓùÅ Tx Tests ΓÇ║ version ΓÇ║ codeableconcept-vnn-vs1wb

    Validator service did not become ready within 60000ms

    [0m [90m 133 |[39m         timeout[33m:[39m [35m60000[39m
     [90m 134 |[39m     }
    [31m[1m>[22m[39m[90m 135 |[39m     [36mawait[39m validator[33m.[39mstart(validatorConfig)[33m;[39m
     [90m     |[39m     [31m[1m^[22m[39m
     [90m 136 |[39m }
     [90m 137 |[39m
     [90m 138 |[39m[0m

      at FhirValidator.waitForReady (node_modules/fhir-validator-wrapper/fhir-validator.js:152:11)
      at FhirValidator.start (node_modules/fhir-validator-wrapper/fhir-validator.js:129:5)
      at loadValidator (tx/tests/test-runner.js:135:5)
      at startTxTests (tx/tests/test-runner.js:20:5)
      at Object.<anonymous> (tests/tx/test-cases.test.js:10:5)

  ΓùÅ Tx Tests ΓÇ║ version ΓÇ║ codeableconcept-vnn-vs10

    Validator service did not become ready within 60000ms

    [0m [90m 133 |[39m         timeout[33m:[39m [35m60000[39m
     [90m 134 |[39m     }
    [31m[1m>[22m[39m[90m 135 |[39m     [36mawait[39m validator[33m.[39mstart(validatorConfig)[33m;[39m
     [90m     |[39m     [31m[1m^[22m[39m
     [90m 136 |[39m }
     [90m 137 |[39m
     [90m 138 |[39m[0m

      at FhirValidator.waitForReady (node_modules/fhir-validator-wrapper/fhir-validator.js:152:11)
      at FhirValidator.start (node_modules/fhir-validator-wrapper/fhir-validator.js:129:5)
      at loadValidator (tx/tests/test-runner.js:135:5)
      at startTxTests (tx/tests/test-runner.js:20:5)
      at Object.<anonymous> (tests/tx/test-cases.test.js:10:5)

  ΓùÅ Tx Tests ΓÇ║ version ΓÇ║ codeableconcept-vnn-vsbb

    Validator service did not become ready within 60000ms

    [0m [90m 133 |[39m         timeout[33m:[39m [35m60000[39m
     [90m 134 |[39m     }
    [31m[1m>[22m[39m[90m 135 |[39m     [36mawait[39m validator[33m.[39mstart(validatorConfig)[33m;[39m
     [90m     |[39m     [31m[1m^[22m[39m
     [90m 136 |[39m }
     [90m 137 |[39m
     [90m 138 |[39m[0m

      at FhirValidator.waitForReady (node_modules/fhir-validator-wrapper/fhir-validator.js:152:11)
      at FhirValidator.start (node_modules/fhir-validator-wrapper/fhir-validator.js:129:5)
      at loadValidator (tx/tests/test-runner.js:135:5)
      at startTxTests (tx/tests/test-runner.js:20:5)
      at Object.<anonymous> (tests/tx/test-cases.test.js:10:5)

  ΓùÅ Tx Tests ΓÇ║ version ΓÇ║ codeableconcept-vnn-vsnn-default

    Validator service did not become ready within 60000ms

    [0m [90m 133 |[39m         timeout[33m:[39m [35m60000[39m
     [90m 134 |[39m     }
    [31m[1m>[22m[39m[90m 135 |[39m     [36mawait[39m validator[33m.[39mstart(validatorConfig)[33m;[39m
     [90m     |[39m     [31m[1m^[22m[39m
     [90m 136 |[39m }
     [90m 137 |[39m
     [90m 138 |[39m[0m

      at FhirValidator.waitForReady (node_modules/fhir-validator-wrapper/fhir-validator.js:152:11)
      at FhirValidator.start (node_modules/fhir-validator-wrapper/fhir-validator.js:129:5)
      at loadValidator (tx/tests/test-runner.js:135:5)
      at startTxTests (tx/tests/test-runner.js:20:5)
      at Object.<anonymous> (tests/tx/test-cases.test.js:10:5)

  ΓùÅ Tx Tests ΓÇ║ version ΓÇ║ codeableconcept-v10-vs1w-default

    Validator service did not become ready within 60000ms

    [0m [90m 133 |[39m         timeout[33m:[39m [35m60000[39m
     [90m 134 |[39m     }
    [31m[1m>[22m[39m[90m 135 |[39m     [36mawait[39m validator[33m.[39mstart(validatorConfig)[33m;[39m
     [90m     |[39m     [31m[1m^[22m[39m
     [90m 136 |[39m }
     [90m 137 |[39m
     [90m 138 |[39m[0m

      at FhirValidator.waitForReady (node_modules/fhir-validator-wrapper/fhir-validator.js:152:11)
      at FhirValidator.start (node_modules/fhir-validator-wrapper/fhir-validator.js:129:5)
      at loadValidator (tx/tests/test-runner.js:135:5)
      at startTxTests (tx/tests/test-runner.js:20:5)
      at Object.<anonymous> (tests/tx/test-cases.test.js:10:5)

  ΓùÅ Tx Tests ΓÇ║ version ΓÇ║ codeableconcept-v10-vs1wb-default

    Validator service did not become ready within 60000ms

    [0m [90m 133 |[39m         timeout[33m:[39m [35m60000[39m
     [90m 134 |[39m     }
    [31m[1m>[22m[39m[90m 135 |[39m     [36mawait[39m validator[33m.[39mstart(validatorConfig)[33m;[39m
     [90m     |[39m     [31m[1m^[22m[39m
     [90m 136 |[39m }
     [90m 137 |[39m
     [90m 138 |[39m[0m

      at FhirValidator.waitForReady (node_modules/fhir-validator-wrapper/fhir-validator.js:152:11)
      at FhirValidator.start (node_modules/fhir-validator-wrapper/fhir-validator.js:129:5)
      at loadValidator (tx/tests/test-runner.js:135:5)
      at startTxTests (tx/tests/test-runner.js:20:5)
      at Object.<anonymous> (tests/tx/test-cases.test.js:10:5)

  ΓùÅ Tx Tests ΓÇ║ version ΓÇ║ codeableconcept-v10-vs10-default

    Validator service did not become ready within 60000ms

    [0m [90m 133 |[39m         timeout[33m:[39m [35m60000[39m
     [90m 134 |[39m     }
    [31m[1m>[22m[39m[90m 135 |[39m     [36mawait[39m validator[33m.[39mstart(validatorConfig)[33m;[39m
     [90m     |[39m     [31m[1m^[22m[39m
     [90m 136 |[39m }
     [90m 137 |[39m
     [90m 138 |[39m[0m

      at FhirValidator.waitForReady (node_modules/fhir-validator-wrapper/fhir-validator.js:152:11)
      at FhirValidator.start (node_modules/fhir-validator-wrapper/fhir-validator.js:129:5)
      at loadValidator (tx/tests/test-runner.js:135:5)
      at startTxTests (tx/tests/test-runner.js:20:5)
      at Object.<anonymous> (tests/tx/test-cases.test.js:10:5)

  ΓùÅ Tx Tests ΓÇ║ version ΓÇ║ codeableconcept-v10-vs20-default

    Validator service did not become ready within 60000ms

    [0m [90m 133 |[39m         timeout[33m:[39m [35m60000[39m
     [90m 134 |[39m     }
    [31m[1m>[22m[39m[90m 135 |[39m     [36mawait[39m validator[33m.[39mstart(validatorConfig)[33m;[39m
     [90m     |[39m     [31m[1m^[22m[39m
     [90m 136 |[39m }
     [90m 137 |[39m
     [90m 138 |[39m[0m

      at FhirValidator.waitForReady (node_modules/fhir-validator-wrapper/fhir-validator.js:152:11)
      at FhirValidator.start (node_modules/fhir-validator-wrapper/fhir-validator.js:129:5)
      at loadValidator (tx/tests/test-runner.js:135:5)
      at startTxTests (tx/tests/test-runner.js:20:5)
      at Object.<anonymous> (tests/tx/test-cases.test.js:10:5)

  ΓùÅ Tx Tests ΓÇ║ version ΓÇ║ codeableconcept-v10-vsbb-default

    Validator service did not become ready within 60000ms

    [0m [90m 133 |[39m         timeout[33m:[39m [35m60000[39m
     [90m 134 |[39m     }
    [31m[1m>[22m[39m[90m 135 |[39m     [36mawait[39m validator[33m.[39mstart(validatorConfig)[33m;[39m
     [90m     |[39m     [31m[1m^[22m[39m
     [90m 136 |[39m }
     [90m 137 |[39m
     [90m 138 |[39m[0m

      at FhirValidator.waitForReady (node_modules/fhir-validator-wrapper/fhir-validator.js:152:11)
      at FhirValidator.start (node_modules/fhir-validator-wrapper/fhir-validator.js:129:5)
      at loadValidator (tx/tests/test-runner.js:135:5)
      at startTxTests (tx/tests/test-runner.js:20:5)
      at Object.<anonymous> (tests/tx/test-cases.test.js:10:5)

  ΓùÅ Tx Tests ΓÇ║ version ΓÇ║ codeableconcept-v10-vsnn-default

    Validator service did not become ready within 60000ms

    [0m [90m 133 |[39m         timeout[33m:[39m [35m60000[39m
     [90m 134 |[39m     }
    [31m[1m>[22m[39m[90m 135 |[39m     [36mawait[39m validator[33m.[39mstart(validatorConfig)[33m;[39m
     [90m     |[39m     [31m[1m^[22m[39m
     [90m 136 |[39m }
     [90m 137 |[39m
     [90m 138 |[39m[0m

      at FhirValidator.waitForReady (node_modules/fhir-validator-wrapper/fhir-validator.js:152:11)
      at FhirValidator.start (node_modules/fhir-validator-wrapper/fhir-validator.js:129:5)
      at loadValidator (tx/tests/test-runner.js:135:5)
      at startTxTests (tx/tests/test-runner.js:20:5)
      at Object.<anonymous> (tests/tx/test-cases.test.js:10:5)

  ΓùÅ Tx Tests ΓÇ║ version ΓÇ║ codeableconcept-vbb-vs10-default

    Validator service did not become ready within 60000ms

    [0m [90m 133 |[39m         timeout[33m:[39m [35m60000[39m
     [90m 134 |[39m     }
    [31m[1m>[22m[39m[90m 135 |[39m     [36mawait[39m validator[33m.[39mstart(validatorConfig)[33m;[39m
     [90m     |[39m     [31m[1m^[22m[39m
     [90m 136 |[39m }
     [90m 137 |[39m
     [90m 138 |[39m[0m

      at FhirValidator.waitForReady (node_modules/fhir-validator-wrapper/fhir-validator.js:152:11)
      at FhirValidator.start (node_modules/fhir-validator-wrapper/fhir-validator.js:129:5)
      at loadValidator (tx/tests/test-runner.js:135:5)
      at startTxTests (tx/tests/test-runner.js:20:5)
      at Object.<anonymous> (tests/tx/test-cases.test.js:10:5)

  ΓùÅ Tx Tests ΓÇ║ version ΓÇ║ codeableconcept-vbb-vsnn-default

    Validator service did not become ready within 60000ms

    [0m [90m 133 |[39m         timeout[33m:[39m [35m60000[39m
     [90m 134 |[39m     }
    [31m[1m>[22m[39m[90m 135 |[39m     [36mawait[39m validator[33m.[39mstart(validatorConfig)[33m;[39m
     [90m     |[39m     [31m[1m^[22m[39m
     [90m 136 |[39m }
     [90m 137 |[39m
     [90m 138 |[39m[0m

      at FhirValidator.waitForReady (node_modules/fhir-validator-wrapper/fhir-validator.js:152:11)
      at FhirValidator.start (node_modules/fhir-validator-wrapper/fhir-validator.js:129:5)
      at loadValidator (tx/tests/test-runner.js:135:5)
      at startTxTests (tx/tests/test-runner.js:20:5)
      at Object.<anonymous> (tests/tx/test-cases.test.js:10:5)

  ΓùÅ Tx Tests ΓÇ║ version ΓÇ║ codeableconcept-vnn-vs1w-default

    Validator service did not become ready within 60000ms

    [0m [90m 133 |[39m         timeout[33m:[39m [35m60000[39m
     [90m 134 |[39m     }
    [31m[1m>[22m[39m[90m 135 |[39m     [36mawait[39m validator[33m.[39mstart(validatorConfig)[33m;[39m
     [90m     |[39m     [31m[1m^[22m[39m
     [90m 136 |[39m }
     [90m 137 |[39m
     [90m 138 |[39m[0m

      at FhirValidator.waitForReady (node_modules/fhir-validator-wrapper/fhir-validator.js:152:11)
      at FhirValidator.start (node_modules/fhir-validator-wrapper/fhir-validator.js:129:5)
      at loadValidator (tx/tests/test-runner.js:135:5)
      at startTxTests (tx/tests/test-runner.js:20:5)
      at Object.<anonymous> (tests/tx/test-cases.test.js:10:5)

  ΓùÅ Tx Tests ΓÇ║ version ΓÇ║ codeableconcept-vnn-vs1wb-default

    Validator service did not become ready within 60000ms

    [0m [90m 133 |[39m         timeout[33m:[39m [35m60000[39m
     [90m 134 |[39m     }
    [31m[1m>[22m[39m[90m 135 |[39m     [36mawait[39m validator[33m.[39mstart(validatorConfig)[33m;[39m
     [90m     |[39m     [31m[1m^[22m[39m
     [90m 136 |[39m }
     [90m 137 |[39m
     [90m 138 |[39m[0m

      at FhirValidator.waitForReady (node_modules/fhir-validator-wrapper/fhir-validator.js:152:11)
      at FhirValidator.start (node_modules/fhir-validator-wrapper/fhir-validator.js:129:5)
      at loadValidator (tx/tests/test-runner.js:135:5)
      at startTxTests (tx/tests/test-runner.js:20:5)
      at Object.<anonymous> (tests/tx/test-cases.test.js:10:5)

  ΓùÅ Tx Tests ΓÇ║ version ΓÇ║ codeableconcept-vnn-vs10-default

    Validator service did not become ready within 60000ms

    [0m [90m 133 |[39m         timeout[33m:[39m [35m60000[39m
     [90m 134 |[39m     }
    [31m[1m>[22m[39m[90m 135 |[39m     [36mawait[39m validator[33m.[39mstart(validatorConfig)[33m;[39m
     [90m     |[39m     [31m[1m^[22m[39m
     [90m 136 |[39m }
     [90m 137 |[39m
     [90m 138 |[39m[0m

      at FhirValidator.waitForReady (node_modules/fhir-validator-wrapper/fhir-validator.js:152:11)
      at FhirValidator.start (node_modules/fhir-validator-wrapper/fhir-validator.js:129:5)
      at loadValidator (tx/tests/test-runner.js:135:5)
      at startTxTests (tx/tests/test-runner.js:20:5)
      at Object.<anonymous> (tests/tx/test-cases.test.js:10:5)

  ΓùÅ Tx Tests ΓÇ║ version ΓÇ║ codeableconcept-vnn-vsbb-default

    Validator service did not become ready within 60000ms

    [0m [90m 133 |[39m         timeout[33m:[39m [35m60000[39m
     [90m 134 |[39m     }
    [31m[1m>[22m[39m[90m 135 |[39m     [36mawait[39m validator[33m.[39mstart(validatorConfig)[33m;[39m
     [90m     |[39m     [31m[1m^[22m[39m
     [90m 136 |[39m }
     [90m 137 |[39m
     [90m 138 |[39m[0m

      at FhirValidator.waitForReady (node_modules/fhir-validator-wrapper/fhir-validator.js:152:11)
      at FhirValidator.start (node_modules/fhir-validator-wrapper/fhir-validator.js:129:5)
      at loadValidator (tx/tests/test-runner.js:135:5)
      at startTxTests (tx/tests/test-runner.js:20:5)
      at Object.<anonymous> (tests/tx/test-cases.test.js:10:5)

  ΓùÅ Tx Tests ΓÇ║ version ΓÇ║ codeableconcept-vnn-vsnn-check

    Validator service did not become ready within 60000ms

    [0m [90m 133 |[39m         timeout[33m:[39m [35m60000[39m
     [90m 134 |[39m     }
    [31m[1m>[22m[39m[90m 135 |[39m     [36mawait[39m validator[33m.[39mstart(validatorConfig)[33m;[39m
     [90m     |[39m     [31m[1m^[22m[39m
     [90m 136 |[39m }
     [90m 137 |[39m
     [90m 138 |[39m[0m

      at FhirValidator.waitForReady (node_modules/fhir-validator-wrapper/fhir-validator.js:152:11)
      at FhirValidator.start (node_modules/fhir-validator-wrapper/fhir-validator.js:129:5)
      at loadValidator (tx/tests/test-runner.js:135:5)
      at startTxTests (tx/tests/test-runner.js:20:5)
      at Object.<anonymous> (tests/tx/test-cases.test.js:10:5)

  ΓùÅ Tx Tests ΓÇ║ version ΓÇ║ codeableconcept-v10-vs1w-check

    Validator service did not become ready within 60000ms

    [0m [90m 133 |[39m         timeout[33m:[39m [35m60000[39m
     [90m 134 |[39m     }
    [31m[1m>[22m[39m[90m 135 |[39m     [36mawait[39m validator[33m.[39mstart(validatorConfig)[33m;[39m
     [90m     |[39m     [31m[1m^[22m[39m
     [90m 136 |[39m }
     [90m 137 |[39m
     [90m 138 |[39m[0m

      at FhirValidator.waitForReady (node_modules/fhir-validator-wrapper/fhir-validator.js:152:11)
      at FhirValidator.start (node_modules/fhir-validator-wrapper/fhir-validator.js:129:5)
      at loadValidator (tx/tests/test-runner.js:135:5)
      at startTxTests (tx/tests/test-runner.js:20:5)
      at Object.<anonymous> (tests/tx/test-cases.test.js:10:5)

  ΓùÅ Tx Tests ΓÇ║ version ΓÇ║ codeableconcept-v10-vs1wb-check

    Validator service did not become ready within 60000ms

    [0m [90m 133 |[39m         timeout[33m:[39m [35m60000[39m
     [90m 134 |[39m     }
    [31m[1m>[22m[39m[90m 135 |[39m     [36mawait[39m validator[33m.[39mstart(validatorConfig)[33m;[39m
     [90m     |[39m     [31m[1m^[22m[39m
     [90m 136 |[39m }
     [90m 137 |[39m
     [90m 138 |[39m[0m

      at FhirValidator.waitForReady (node_modules/fhir-validator-wrapper/fhir-validator.js:152:11)
      at FhirValidator.start (node_modules/fhir-validator-wrapper/fhir-validator.js:129:5)
      at loadValidator (tx/tests/test-runner.js:135:5)
      at startTxTests (tx/tests/test-runner.js:20:5)
      at Object.<anonymous> (tests/tx/test-cases.test.js:10:5)

  ΓùÅ Tx Tests ΓÇ║ version ΓÇ║ codeableconcept-v10-vs10-check

    Validator service did not become ready within 60000ms

    [0m [90m 133 |[39m         timeout[33m:[39m [35m60000[39m
     [90m 134 |[39m     }
    [31m[1m>[22m[39m[90m 135 |[39m     [36mawait[39m validator[33m.[39mstart(validatorConfig)[33m;[39m
     [90m     |[39m     [31m[1m^[22m[39m
     [90m 136 |[39m }
     [90m 137 |[39m
     [90m 138 |[39m[0m

      at FhirValidator.waitForReady (node_modules/fhir-validator-wrapper/fhir-validator.js:152:11)
      at FhirValidator.start (node_modules/fhir-validator-wrapper/fhir-validator.js:129:5)
      at loadValidator (tx/tests/test-runner.js:135:5)
      at startTxTests (tx/tests/test-runner.js:20:5)
      at Object.<anonymous> (tests/tx/test-cases.test.js:10:5)

  ΓùÅ Tx Tests ΓÇ║ version ΓÇ║ codeableconcept-v10-vs20-check

    Validator service did not become ready within 60000ms

    [0m [90m 133 |[39m         timeout[33m:[39m [35m60000[39m
     [90m 134 |[39m     }
    [31m[1m>[22m[39m[90m 135 |[39m     [36mawait[39m validator[33m.[39mstart(validatorConfig)[33m;[39m
     [90m     |[39m     [31m[1m^[22m[39m
     [90m 136 |[39m }
     [90m 137 |[39m
     [90m 138 |[39m[0m

      at FhirValidator.waitForReady (node_modules/fhir-validator-wrapper/fhir-validator.js:152:11)
      at FhirValidator.start (node_modules/fhir-validator-wrapper/fhir-validator.js:129:5)
      at loadValidator (tx/tests/test-runner.js:135:5)
      at startTxTests (tx/tests/test-runner.js:20:5)
      at Object.<anonymous> (tests/tx/test-cases.test.js:10:5)

  ΓùÅ Tx Tests ΓÇ║ version ΓÇ║ codeableconcept-v10-vsbb-check

    Validator service did not become ready within 60000ms

    [0m [90m 133 |[39m         timeout[33m:[39m [35m60000[39m
     [90m 134 |[39m     }
    [31m[1m>[22m[39m[90m 135 |[39m     [36mawait[39m validator[33m.[39mstart(validatorConfig)[33m;[39m
     [90m     |[39m     [31m[1m^[22m[39m
     [90m 136 |[39m }
     [90m 137 |[39m
     [90m 138 |[39m[0m

      at FhirValidator.waitForReady (node_modules/fhir-validator-wrapper/fhir-validator.js:152:11)
      at FhirValidator.start (node_modules/fhir-validator-wrapper/fhir-validator.js:129:5)
      at loadValidator (tx/tests/test-runner.js:135:5)
      at startTxTests (tx/tests/test-runner.js:20:5)
      at Object.<anonymous> (tests/tx/test-cases.test.js:10:5)

  ΓùÅ Tx Tests ΓÇ║ version ΓÇ║ codeableconcept-v10-vsnn-check

    Validator service did not become ready within 60000ms

    [0m [90m 133 |[39m         timeout[33m:[39m [35m60000[39m
     [90m 134 |[39m     }
    [31m[1m>[22m[39m[90m 135 |[39m     [36mawait[39m validator[33m.[39mstart(validatorConfig)[33m;[39m
     [90m     |[39m     [31m[1m^[22m[39m
     [90m 136 |[39m }
     [90m 137 |[39m
     [90m 138 |[39m[0m

      at FhirValidator.waitForReady (node_modules/fhir-validator-wrapper/fhir-validator.js:152:11)
      at FhirValidator.start (node_modules/fhir-validator-wrapper/fhir-validator.js:129:5)
      at loadValidator (tx/tests/test-runner.js:135:5)
      at startTxTests (tx/tests/test-runner.js:20:5)
      at Object.<anonymous> (tests/tx/test-cases.test.js:10:5)

  ΓùÅ Tx Tests ΓÇ║ version ΓÇ║ codeableconcept-vbb-vs10-check

    Validator service did not become ready within 60000ms

    [0m [90m 133 |[39m         timeout[33m:[39m [35m60000[39m
     [90m 134 |[39m     }
    [31m[1m>[22m[39m[90m 135 |[39m     [36mawait[39m validator[33m.[39mstart(validatorConfig)[33m;[39m
     [90m     |[39m     [31m[1m^[22m[39m
     [90m 136 |[39m }
     [90m 137 |[39m
     [90m 138 |[39m[0m

      at FhirValidator.waitForReady (node_modules/fhir-validator-wrapper/fhir-validator.js:152:11)
      at FhirValidator.start (node_modules/fhir-validator-wrapper/fhir-validator.js:129:5)
      at loadValidator (tx/tests/test-runner.js:135:5)
      at startTxTests (tx/tests/test-runner.js:20:5)
      at Object.<anonymous> (tests/tx/test-cases.test.js:10:5)

  ΓùÅ Tx Tests ΓÇ║ version ΓÇ║ codeableconcept-vbb-vsnn-check

    Validator service did not become ready within 60000ms

    [0m [90m 133 |[39m         timeout[33m:[39m [35m60000[39m
     [90m 134 |[39m     }
    [31m[1m>[22m[39m[90m 135 |[39m     [36mawait[39m validator[33m.[39mstart(validatorConfig)[33m;[39m
     [90m     |[39m     [31m[1m^[22m[39m
     [90m 136 |[39m }
     [90m 137 |[39m
     [90m 138 |[39m[0m

      at FhirValidator.waitForReady (node_modules/fhir-validator-wrapper/fhir-validator.js:152:11)
      at FhirValidator.start (node_modules/fhir-validator-wrapper/fhir-validator.js:129:5)
      at loadValidator (tx/tests/test-runner.js:135:5)
      at startTxTests (tx/tests/test-runner.js:20:5)
      at Object.<anonymous> (tests/tx/test-cases.test.js:10:5)

  ΓùÅ Tx Tests ΓÇ║ version ΓÇ║ codeableconcept-vnn-vs1w-check

    Validator service did not become ready within 60000ms

    [0m [90m 133 |[39m         timeout[33m:[39m [35m60000[39m
     [90m 134 |[39m     }
    [31m[1m>[22m[39m[90m 135 |[39m     [36mawait[39m validator[33m.[39mstart(validatorConfig)[33m;[39m
     [90m     |[39m     [31m[1m^[22m[39m
     [90m 136 |[39m }
     [90m 137 |[39m
     [90m 138 |[39m[0m

      at FhirValidator.waitForReady (node_modules/fhir-validator-wrapper/fhir-validator.js:152:11)
      at FhirValidator.start (node_modules/fhir-validator-wrapper/fhir-validator.js:129:5)
      at loadValidator (tx/tests/test-runner.js:135:5)
      at startTxTests (tx/tests/test-runner.js:20:5)
      at Object.<anonymous> (tests/tx/test-cases.test.js:10:5)

  ΓùÅ Tx Tests ΓÇ║ version ΓÇ║ codeableconcept-vnn-vs1wb-check

    Validator service did not become ready within 60000ms

    [0m [90m 133 |[39m         timeout[33m:[39m [35m60000[39m
     [90m 134 |[39m     }
    [31m[1m>[22m[39m[90m 135 |[39m     [36mawait[39m validator[33m.[39mstart(validatorConfig)[33m;[39m
     [90m     |[39m     [31m[1m^[22m[39m
     [90m 136 |[39m }
     [90m 137 |[39m
     [90m 138 |[39m[0m

      at FhirValidator.waitForReady (node_modules/fhir-validator-wrapper/fhir-validator.js:152:11)
      at FhirValidator.start (node_modules/fhir-validator-wrapper/fhir-validator.js:129:5)
      at loadValidator (tx/tests/test-runner.js:135:5)
      at startTxTests (tx/tests/test-runner.js:20:5)
      at Object.<anonymous> (tests/tx/test-cases.test.js:10:5)

  ΓùÅ Tx Tests ΓÇ║ version ΓÇ║ codeableconcept-vnn-vs10-check

    Validator service did not become ready within 60000ms

    [0m [90m 133 |[39m         timeout[33m:[39m [35m60000[39m
     [90m 134 |[39m     }
    [31m[1m>[22m[39m[90m 135 |[39m     [36mawait[39m validator[33m.[39mstart(validatorConfig)[33m;[39m
     [90m     |[39m     [31m[1m^[22m[39m
     [90m 136 |[39m }
     [90m 137 |[39m
     [90m 138 |[39m[0m

      at FhirValidator.waitForReady (node_modules/fhir-validator-wrapper/fhir-validator.js:152:11)
      at FhirValidator.start (node_modules/fhir-validator-wrapper/fhir-validator.js:129:5)
      at loadValidator (tx/tests/test-runner.js:135:5)
      at startTxTests (tx/tests/test-runner.js:20:5)
      at Object.<anonymous> (tests/tx/test-cases.test.js:10:5)

  ΓùÅ Tx Tests ΓÇ║ version ΓÇ║ codeableconcept-vnn-vsbb-check

    Validator service did not become ready within 60000ms

    [0m [90m 133 |[39m         timeout[33m:[39m [35m60000[39m
     [90m 134 |[39m     }
    [31m[1m>[22m[39m[90m 135 |[39m     [36mawait[39m validator[33m.[39mstart(validatorConfig)[33m;[39m
     [90m     |[39m     [31m[1m^[22m[39m
     [90m 136 |[39m }
     [90m 137 |[39m
     [90m 138 |[39m[0m

      at FhirValidator.waitForReady (node_modules/fhir-validator-wrapper/fhir-validator.js:152:11)
      at FhirValidator.start (node_modules/fhir-validator-wrapper/fhir-validator.js:129:5)
      at loadValidator (tx/tests/test-runner.js:135:5)
      at startTxTests (tx/tests/test-runner.js:20:5)
      at Object.<anonymous> (tests/tx/test-cases.test.js:10:5)

  ΓùÅ Tx Tests ΓÇ║ version ΓÇ║ codeableconcept-vnn-vsnn-force

    Validator service did not become ready within 60000ms

    [0m [90m 133 |[39m         timeout[33m:[39m [35m60000[39m
     [90m 134 |[39m     }
    [31m[1m>[22m[39m[90m 135 |[39m     [36mawait[39m validator[33m.[39mstart(validatorConfig)[33m;[39m
     [90m     |[39m     [31m[1m^[22m[39m
     [90m 136 |[39m }
     [90m 137 |[39m
     [90m 138 |[39m[0m

      at FhirValidator.waitForReady (node_modules/fhir-validator-wrapper/fhir-validator.js:152:11)
      at FhirValidator.start (node_modules/fhir-validator-wrapper/fhir-validator.js:129:5)
      at loadValidator (tx/tests/test-runner.js:135:5)
      at startTxTests (tx/tests/test-runner.js:20:5)
      at Object.<anonymous> (tests/tx/test-cases.test.js:10:5)

  ΓùÅ Tx Tests ΓÇ║ version ΓÇ║ codeableconcept-v10-vs1w-force

    Validator service did not become ready within 60000ms

    [0m [90m 133 |[39m         timeout[33m:[39m [35m60000[39m
     [90m 134 |[39m     }
    [31m[1m>[22m[39m[90m 135 |[39m     [36mawait[39m validator[33m.[39mstart(validatorConfig)[33m;[39m
     [90m     |[39m     [31m[1m^[22m[39m
     [90m 136 |[39m }
     [90m 137 |[39m
     [90m 138 |[39m[0m

      at FhirValidator.waitForReady (node_modules/fhir-validator-wrapper/fhir-validator.js:152:11)
      at FhirValidator.start (node_modules/fhir-validator-wrapper/fhir-validator.js:129:5)
      at loadValidator (tx/tests/test-runner.js:135:5)
      at startTxTests (tx/tests/test-runner.js:20:5)
      at Object.<anonymous> (tests/tx/test-cases.test.js:10:5)

  ΓùÅ Tx Tests ΓÇ║ version ΓÇ║ codeableconcept-v10-vs1wb-force

    Validator service did not become ready within 60000ms

    [0m [90m 133 |[39m         timeout[33m:[39m [35m60000[39m
     [90m 134 |[39m     }
    [31m[1m>[22m[39m[90m 135 |[39m     [36mawait[39m validator[33m.[39mstart(validatorConfig)[33m;[39m
     [90m     |[39m     [31m[1m^[22m[39m
     [90m 136 |[39m }
     [90m 137 |[39m
     [90m 138 |[39m[0m

      at FhirValidator.waitForReady (node_modules/fhir-validator-wrapper/fhir-validator.js:152:11)
      at FhirValidator.start (node_modules/fhir-validator-wrapper/fhir-validator.js:129:5)
      at loadValidator (tx/tests/test-runner.js:135:5)
      at startTxTests (tx/tests/test-runner.js:20:5)
      at Object.<anonymous> (tests/tx/test-cases.test.js:10:5)

  ΓùÅ Tx Tests ΓÇ║ version ΓÇ║ codeableconcept-v10-vs10-force

    Validator service did not become ready within 60000ms

    [0m [90m 133 |[39m         timeout[33m:[39m [35m60000[39m
     [90m 134 |[39m     }
    [31m[1m>[22m[39m[90m 135 |[39m     [36mawait[39m validator[33m.[39mstart(validatorConfig)[33m;[39m
     [90m     |[39m     [31m[1m^[22m[39m
     [90m 136 |[39m }
     [90m 137 |[39m
     [90m 138 |[39m[0m

      at FhirValidator.waitForReady (node_modules/fhir-validator-wrapper/fhir-validator.js:152:11)
      at FhirValidator.start (node_modules/fhir-validator-wrapper/fhir-validator.js:129:5)
      at loadValidator (tx/tests/test-runner.js:135:5)
      at startTxTests (tx/tests/test-runner.js:20:5)
      at Object.<anonymous> (tests/tx/test-cases.test.js:10:5)

  ΓùÅ Tx Tests ΓÇ║ version ΓÇ║ codeableconcept-v10-vs20-force

    Validator service did not become ready within 60000ms

    [0m [90m 133 |[39m         timeout[33m:[39m [35m60000[39m
     [90m 134 |[39m     }
    [31m[1m>[22m[39m[90m 135 |[39m     [36mawait[39m validator[33m.[39mstart(validatorConfig)[33m;[39m
     [90m     |[39m     [31m[1m^[22m[39m
     [90m 136 |[39m }
     [90m 137 |[39m
     [90m 138 |[39m[0m

      at FhirValidator.waitForReady (node_modules/fhir-validator-wrapper/fhir-validator.js:152:11)
      at FhirValidator.start (node_modules/fhir-validator-wrapper/fhir-validator.js:129:5)
      at loadValidator (tx/tests/test-runner.js:135:5)
      at startTxTests (tx/tests/test-runner.js:20:5)
      at Object.<anonymous> (tests/tx/test-cases.test.js:10:5)

  ΓùÅ Tx Tests ΓÇ║ version ΓÇ║ codeableconcept-v10-vsbb-force

    Validator service did not become ready within 60000ms

    [0m [90m 133 |[39m         timeout[33m:[39m [35m60000[39m
     [90m 134 |[39m     }
    [31m[1m>[22m[39m[90m 135 |[39m     [36mawait[39m validator[33m.[39mstart(validatorConfig)[33m;[39m
     [90m     |[39m     [31m[1m^[22m[39m
     [90m 136 |[39m }
     [90m 137 |[39m
     [90m 138 |[39m[0m

      at FhirValidator.waitForReady (node_modules/fhir-validator-wrapper/fhir-validator.js:152:11)
      at FhirValidator.start (node_modules/fhir-validator-wrapper/fhir-validator.js:129:5)
      at loadValidator (tx/tests/test-runner.js:135:5)
      at startTxTests (tx/tests/test-runner.js:20:5)
      at Object.<anonymous> (tests/tx/test-cases.test.js:10:5)

  ΓùÅ Tx Tests ΓÇ║ version ΓÇ║ codeableconcept-v10-vsnn-force

    Validator service did not become ready within 60000ms

    [0m [90m 133 |[39m         timeout[33m:[39m [35m60000[39m
     [90m 134 |[39m     }
    [31m[1m>[22m[39m[90m 135 |[39m     [36mawait[39m validator[33m.[39mstart(validatorConfig)[33m;[39m
     [90m     |[39m     [31m[1m^[22m[39m
     [90m 136 |[39m }
     [90m 137 |[39m
     [90m 138 |[39m[0m

      at FhirValidator.waitForReady (node_modules/fhir-validator-wrapper/fhir-validator.js:152:11)
      at FhirValidator.start (node_modules/fhir-validator-wrapper/fhir-validator.js:129:5)
      at loadValidator (tx/tests/test-runner.js:135:5)
      at startTxTests (tx/tests/test-runner.js:20:5)
      at Object.<anonymous> (tests/tx/test-cases.test.js:10:5)

  ΓùÅ Tx Tests ΓÇ║ version ΓÇ║ codeableconcept-vbb-vs10-force

    Validator service did not become ready within 60000ms

    [0m [90m 133 |[39m         timeout[33m:[39m [35m60000[39m
     [90m 134 |[39m     }
    [31m[1m>[22m[39m[90m 135 |[39m     [36mawait[39m validator[33m.[39mstart(validatorConfig)[33m;[39m
     [90m     |[39m     [31m[1m^[22m[39m
     [90m 136 |[39m }
     [90m 137 |[39m
     [90m 138 |[39m[0m

      at FhirValidator.waitForReady (node_modules/fhir-validator-wrapper/fhir-validator.js:152:11)
      at FhirValidator.start (node_modules/fhir-validator-wrapper/fhir-validator.js:129:5)
      at loadValidator (tx/tests/test-runner.js:135:5)
      at startTxTests (tx/tests/test-runner.js:20:5)
      at Object.<anonymous> (tests/tx/test-cases.test.js:10:5)

  ΓùÅ Tx Tests ΓÇ║ version ΓÇ║ codeableconcept-vbb-vsnn-force

    Validator service did not become ready within 60000ms

    [0m [90m 133 |[39m         timeout[33m:[39m [35m60000[39m
     [90m 134 |[39m     }
    [31m[1m>[22m[39m[90m 135 |[39m     [36mawait[39m validator[33m.[39mstart(validatorConfig)[33m;[39m
     [90m     |[39m     [31m[1m^[22m[39m
     [90m 136 |[39m }
     [90m 137 |[39m
     [90m 138 |[39m[0m

      at FhirValidator.waitForReady (node_modules/fhir-validator-wrapper/fhir-validator.js:152:11)
      at FhirValidator.start (node_modules/fhir-validator-wrapper/fhir-validator.js:129:5)
      at loadValidator (tx/tests/test-runner.js:135:5)
      at startTxTests (tx/tests/test-runner.js:20:5)
      at Object.<anonymous> (tests/tx/test-cases.test.js:10:5)

  ΓùÅ Tx Tests ΓÇ║ version ΓÇ║ codeableconcept-vnn-vs1w-force

    Validator service did not become ready within 60000ms

    [0m [90m 133 |[39m         timeout[33m:[39m [35m60000[39m
     [90m 134 |[39m     }
    [31m[1m>[22m[39m[90m 135 |[39m     [36mawait[39m validator[33m.[39mstart(validatorConfig)[33m;[39m
     [90m     |[39m     [31m[1m^[22m[39m
     [90m 136 |[39m }
     [90m 137 |[39m
     [90m 138 |[39m[0m

      at FhirValidator.waitForReady (node_modules/fhir-validator-wrapper/fhir-validator.js:152:11)
      at FhirValidator.start (node_modules/fhir-validator-wrapper/fhir-validator.js:129:5)
      at loadValidator (tx/tests/test-runner.js:135:5)
      at startTxTests (tx/tests/test-runner.js:20:5)
      at Object.<anonymous> (tests/tx/test-cases.test.js:10:5)

  ΓùÅ Tx Tests ΓÇ║ version ΓÇ║ codeableconcept-vnn-vs1wb-force

    Validator service did not become ready within 60000ms

    [0m [90m 133 |[39m         timeout[33m:[39m [35m60000[39m
     [90m 134 |[39m     }
    [31m[1m>[22m[39m[90m 135 |[39m     [36mawait[39m validator[33m.[39mstart(validatorConfig)[33m;[39m
     [90m     |[39m     [31m[1m^[22m[39m
     [90m 136 |[39m }
     [90m 137 |[39m
     [90m 138 |[39m[0m

      at FhirValidator.waitForReady (node_modules/fhir-validator-wrapper/fhir-validator.js:152:11)
      at FhirValidator.start (node_modules/fhir-validator-wrapper/fhir-validator.js:129:5)
      at loadValidator (tx/tests/test-runner.js:135:5)
      at startTxTests (tx/tests/test-runner.js:20:5)
      at Object.<anonymous> (tests/tx/test-cases.test.js:10:5)

  ΓùÅ Tx Tests ΓÇ║ version ΓÇ║ codeableconcept-vnn-vs10-force

    Validator service did not become ready within 60000ms

    [0m [90m 133 |[39m         timeout[33m:[39m [35m60000[39m
     [90m 134 |[39m     }
    [31m[1m>[22m[39m[90m 135 |[39m     [36mawait[39m validator[33m.[39mstart(validatorConfig)[33m;[39m
     [90m     |[39m     [31m[1m^[22m[39m
     [90m 136 |[39m }
     [90m 137 |[39m
     [90m 138 |[39m[0m

      at FhirValidator.waitForReady (node_modules/fhir-validator-wrapper/fhir-validator.js:152:11)
      at FhirValidator.start (node_modules/fhir-validator-wrapper/fhir-validator.js:129:5)
      at loadValidator (tx/tests/test-runner.js:135:5)
      at startTxTests (tx/tests/test-runner.js:20:5)
      at Object.<anonymous> (tests/tx/test-cases.test.js:10:5)

  ΓùÅ Tx Tests ΓÇ║ version ΓÇ║ codeableconcept-vnn-vsbb-force

    Validator service did not become ready within 60000ms

    [0m [90m 133 |[39m         timeout[33m:[39m [35m60000[39m
     [90m 134 |[39m     }
    [31m[1m>[22m[39m[90m 135 |[39m     [36mawait[39m validator[33m.[39mstart(validatorConfig)[33m;[39m
     [90m     |[39m     [31m[1m^[22m[39m
     [90m 136 |[39m }
     [90m 137 |[39m
     [90m 138 |[39m[0m

      at FhirValidator.waitForReady (node_modules/fhir-validator-wrapper/fhir-validator.js:152:11)
      at FhirValidator.start (node_modules/fhir-validator-wrapper/fhir-validator.js:129:5)
      at loadValidator (tx/tests/test-runner.js:135:5)
      at startTxTests (tx/tests/test-runner.js:20:5)
      at Object.<anonymous> (tests/tx/test-cases.test.js:10:5)

  ΓùÅ Tx Tests ΓÇ║ version ΓÇ║ code-vnn-vsnn

    Validator service did not become ready within 60000ms

    [0m [90m 133 |[39m         timeout[33m:[39m [35m60000[39m
     [90m 134 |[39m     }
    [31m[1m>[22m[39m[90m 135 |[39m     [36mawait[39m validator[33m.[39mstart(validatorConfig)[33m;[39m
     [90m     |[39m     [31m[1m^[22m[39m
     [90m 136 |[39m }
     [90m 137 |[39m
     [90m 138 |[39m[0m

      at FhirValidator.waitForReady (node_modules/fhir-validator-wrapper/fhir-validator.js:152:11)
      at FhirValidator.start (node_modules/fhir-validator-wrapper/fhir-validator.js:129:5)
      at loadValidator (tx/tests/test-runner.js:135:5)
      at startTxTests (tx/tests/test-runner.js:20:5)
      at Object.<anonymous> (tests/tx/test-cases.test.js:10:5)

  ΓùÅ Tx Tests ΓÇ║ version ΓÇ║ code-v10-vs1w

    Validator service did not become ready within 60000ms

    [0m [90m 133 |[39m         timeout[33m:[39m [35m60000[39m
     [90m 134 |[39m     }
    [31m[1m>[22m[39m[90m 135 |[39m     [36mawait[39m validator[33m.[39mstart(validatorConfig)[33m;[39m
     [90m     |[39m     [31m[1m^[22m[39m
     [90m 136 |[39m }
     [90m 137 |[39m
     [90m 138 |[39m[0m

      at FhirValidator.waitForReady (node_modules/fhir-validator-wrapper/fhir-validator.js:152:11)
      at FhirValidator.start (node_modules/fhir-validator-wrapper/fhir-validator.js:129:5)
      at loadValidator (tx/tests/test-runner.js:135:5)
      at startTxTests (tx/tests/test-runner.js:20:5)
      at Object.<anonymous> (tests/tx/test-cases.test.js:10:5)

  ΓùÅ Tx Tests ΓÇ║ version ΓÇ║ code-v10-vs1wb

    Validator service did not become ready within 60000ms

    [0m [90m 133 |[39m         timeout[33m:[39m [35m60000[39m
     [90m 134 |[39m     }
    [31m[1m>[22m[39m[90m 135 |[39m     [36mawait[39m validator[33m.[39mstart(validatorConfig)[33m;[39m
     [90m     |[39m     [31m[1m^[22m[39m
     [90m 136 |[39m }
     [90m 137 |[39m
     [90m 138 |[39m[0m

      at FhirValidator.waitForReady (node_modules/fhir-validator-wrapper/fhir-validator.js:152:11)
      at FhirValidator.start (node_modules/fhir-validator-wrapper/fhir-validator.js:129:5)
      at loadValidator (tx/tests/test-runner.js:135:5)
      at startTxTests (tx/tests/test-runner.js:20:5)
      at Object.<anonymous> (tests/tx/test-cases.test.js:10:5)

  ΓùÅ Tx Tests ΓÇ║ version ΓÇ║ code-v10-vs10

    Validator service did not become ready within 60000ms

    [0m [90m 133 |[39m         timeout[33m:[39m [35m60000[39m
     [90m 134 |[39m     }
    [31m[1m>[22m[39m[90m 135 |[39m     [36mawait[39m validator[33m.[39mstart(validatorConfig)[33m;[39m
     [90m     |[39m     [31m[1m^[22m[39m
     [90m 136 |[39m }
     [90m 137 |[39m
     [90m 138 |[39m[0m

      at FhirValidator.waitForReady (node_modules/fhir-validator-wrapper/fhir-validator.js:152:11)
      at FhirValidator.start (node_modules/fhir-validator-wrapper/fhir-validator.js:129:5)
      at loadValidator (tx/tests/test-runner.js:135:5)
      at startTxTests (tx/tests/test-runner.js:20:5)
      at Object.<anonymous> (tests/tx/test-cases.test.js:10:5)

  ΓùÅ Tx Tests ΓÇ║ version ΓÇ║ code-v10-vs20

    Validator service did not become ready within 60000ms

    [0m [90m 133 |[39m         timeout[33m:[39m [35m60000[39m
     [90m 134 |[39m     }
    [31m[1m>[22m[39m[90m 135 |[39m     [36mawait[39m validator[33m.[39mstart(validatorConfig)[33m;[39m
     [90m     |[39m     [31m[1m^[22m[39m
     [90m 136 |[39m }
     [90m 137 |[39m
     [90m 138 |[39m[0m

      at FhirValidator.waitForReady (node_modules/fhir-validator-wrapper/fhir-validator.js:152:11)
      at FhirValidator.start (node_modules/fhir-validator-wrapper/fhir-validator.js:129:5)
      at loadValidator (tx/tests/test-runner.js:135:5)
      at startTxTests (tx/tests/test-runner.js:20:5)
      at Object.<anonymous> (tests/tx/test-cases.test.js:10:5)

  ΓùÅ Tx Tests ΓÇ║ version ΓÇ║ code-v10-vsbb

    Validator service did not become ready within 60000ms

    [0m [90m 133 |[39m         timeout[33m:[39m [35m60000[39m
     [90m 134 |[39m     }
    [31m[1m>[22m[39m[90m 135 |[39m     [36mawait[39m validator[33m.[39mstart(validatorConfig)[33m;[39m
     [90m     |[39m     [31m[1m^[22m[39m
     [90m 136 |[39m }
     [90m 137 |[39m
     [90m 138 |[39m[0m

      at FhirValidator.waitForReady (node_modules/fhir-validator-wrapper/fhir-validator.js:152:11)
      at FhirValidator.start (node_modules/fhir-validator-wrapper/fhir-validator.js:129:5)
      at loadValidator (tx/tests/test-runner.js:135:5)
      at startTxTests (tx/tests/test-runner.js:20:5)
      at Object.<anonymous> (tests/tx/test-cases.test.js:10:5)

  ΓùÅ Tx Tests ΓÇ║ version ΓÇ║ code-v10-vsnn

    Validator service did not become ready within 60000ms

    [0m [90m 133 |[39m         timeout[33m:[39m [35m60000[39m
     [90m 134 |[39m     }
    [31m[1m>[22m[39m[90m 135 |[39m     [36mawait[39m validator[33m.[39mstart(validatorConfig)[33m;[39m
     [90m     |[39m     [31m[1m^[22m[39m
     [90m 136 |[39m }
     [90m 137 |[39m
     [90m 138 |[39m[0m

      at FhirValidator.waitForReady (node_modules/fhir-validator-wrapper/fhir-validator.js:152:11)
      at FhirValidator.start (node_modules/fhir-validator-wrapper/fhir-validator.js:129:5)
      at loadValidator (tx/tests/test-runner.js:135:5)
      at startTxTests (tx/tests/test-runner.js:20:5)
      at Object.<anonymous> (tests/tx/test-cases.test.js:10:5)

  ΓùÅ Tx Tests ΓÇ║ version ΓÇ║ code-vbb-vs10

    Validator service did not become ready within 60000ms

    [0m [90m 133 |[39m         timeout[33m:[39m [35m60000[39m
     [90m 134 |[39m     }
    [31m[1m>[22m[39m[90m 135 |[39m     [36mawait[39m validator[33m.[39mstart(validatorConfig)[33m;[39m
     [90m     |[39m     [31m[1m^[22m[39m
     [90m 136 |[39m }
     [90m 137 |[39m
     [90m 138 |[39m[0m

      at FhirValidator.waitForReady (node_modules/fhir-validator-wrapper/fhir-validator.js:152:11)
      at FhirValidator.start (node_modules/fhir-validator-wrapper/fhir-validator.js:129:5)
      at loadValidator (tx/tests/test-runner.js:135:5)
      at startTxTests (tx/tests/test-runner.js:20:5)
      at Object.<anonymous> (tests/tx/test-cases.test.js:10:5)

  ΓùÅ Tx Tests ΓÇ║ version ΓÇ║ code-vbb-vsnn

    Validator service did not become ready within 60000ms

    [0m [90m 133 |[39m         timeout[33m:[39m [35m60000[39m
     [90m 134 |[39m     }
    [31m[1m>[22m[39m[90m 135 |[39m     [36mawait[39m validator[33m.[39mstart(validatorConfig)[33m;[39m
     [90m     |[39m     [31m[1m^[22m[39m
     [90m 136 |[39m }
     [90m 137 |[39m
     [90m 138 |[39m[0m

      at FhirValidator.waitForReady (node_modules/fhir-validator-wrapper/fhir-validator.js:152:11)
      at FhirValidator.start (node_modules/fhir-validator-wrapper/fhir-validator.js:129:5)
      at loadValidator (tx/tests/test-runner.js:135:5)
      at startTxTests (tx/tests/test-runner.js:20:5)
      at Object.<anonymous> (tests/tx/test-cases.test.js:10:5)

  ΓùÅ Tx Tests ΓÇ║ version ΓÇ║ code-vnn-vs1w

    Validator service did not become ready within 60000ms

    [0m [90m 133 |[39m         timeout[33m:[39m [35m60000[39m
     [90m 134 |[39m     }
    [31m[1m>[22m[39m[90m 135 |[39m     [36mawait[39m validator[33m.[39mstart(validatorConfig)[33m;[39m
     [90m     |[39m     [31m[1m^[22m[39m
     [90m 136 |[39m }
     [90m 137 |[39m
     [90m 138 |[39m[0m

      at FhirValidator.waitForReady (node_modules/fhir-validator-wrapper/fhir-validator.js:152:11)
      at FhirValidator.start (node_modules/fhir-validator-wrapper/fhir-validator.js:129:5)
      at loadValidator (tx/tests/test-runner.js:135:5)
      at startTxTests (tx/tests/test-runner.js:20:5)
      at Object.<anonymous> (tests/tx/test-cases.test.js:10:5)

  ΓùÅ Tx Tests ΓÇ║ version ΓÇ║ code-vnn-vs1wb

    Validator service did not become ready within 60000ms

    [0m [90m 133 |[39m         timeout[33m:[39m [35m60000[39m
     [90m 134 |[39m     }
    [31m[1m>[22m[39m[90m 135 |[39m     [36mawait[39m validator[33m.[39mstart(validatorConfig)[33m;[39m
     [90m     |[39m     [31m[1m^[22m[39m
     [90m 136 |[39m }
     [90m 137 |[39m
     [90m 138 |[39m[0m

      at FhirValidator.waitForReady (node_modules/fhir-validator-wrapper/fhir-validator.js:152:11)
      at FhirValidator.start (node_modules/fhir-validator-wrapper/fhir-validator.js:129:5)
      at loadValidator (tx/tests/test-runner.js:135:5)
      at startTxTests (tx/tests/test-runner.js:20:5)
      at Object.<anonymous> (tests/tx/test-cases.test.js:10:5)

  ΓùÅ Tx Tests ΓÇ║ version ΓÇ║ code-vnn-vs10

    Validator service did not become ready within 60000ms

    [0m [90m 133 |[39m         timeout[33m:[39m [35m60000[39m
     [90m 134 |[39m     }
    [31m[1m>[22m[39m[90m 135 |[39m     [36mawait[39m validator[33m.[39mstart(validatorConfig)[33m;[39m
     [90m     |[39m     [31m[1m^[22m[39m
     [90m 136 |[39m }
     [90m 137 |[39m
     [90m 138 |[39m[0m

      at FhirValidator.waitForReady (node_modules/fhir-validator-wrapper/fhir-validator.js:152:11)
      at FhirValidator.start (node_modules/fhir-validator-wrapper/fhir-validator.js:129:5)
      at loadValidator (tx/tests/test-runner.js:135:5)
      at startTxTests (tx/tests/test-runner.js:20:5)
      at Object.<anonymous> (tests/tx/test-cases.test.js:10:5)

  ΓùÅ Tx Tests ΓÇ║ version ΓÇ║ code-vnn-vsbb

    Validator service did not become ready within 60000ms

    [0m [90m 133 |[39m         timeout[33m:[39m [35m60000[39m
     [90m 134 |[39m     }
    [31m[1m>[22m[39m[90m 135 |[39m     [36mawait[39m validator[33m.[39mstart(validatorConfig)[33m;[39m
     [90m     |[39m     [31m[1m^[22m[39m
     [90m 136 |[39m }
     [90m 137 |[39m
     [90m 138 |[39m[0m

      at FhirValidator.waitForReady (node_modules/fhir-validator-wrapper/fhir-validator.js:152:11)
      at FhirValidator.start (node_modules/fhir-validator-wrapper/fhir-validator.js:129:5)
      at loadValidator (tx/tests/test-runner.js:135:5)
      at startTxTests (tx/tests/test-runner.js:20:5)
      at Object.<anonymous> (tests/tx/test-cases.test.js:10:5)

  ΓùÅ Tx Tests ΓÇ║ version ΓÇ║ code-vnn-vsnn-default

    Validator service did not become ready within 60000ms

    [0m [90m 133 |[39m         timeout[33m:[39m [35m60000[39m
     [90m 134 |[39m     }
    [31m[1m>[22m[39m[90m 135 |[39m     [36mawait[39m validator[33m.[39mstart(validatorConfig)[33m;[39m
     [90m     |[39m     [31m[1m^[22m[39m
     [90m 136 |[39m }
     [90m 137 |[39m
     [90m 138 |[39m[0m

      at FhirValidator.waitForReady (node_modules/fhir-validator-wrapper/fhir-validator.js:152:11)
      at FhirValidator.start (node_modules/fhir-validator-wrapper/fhir-validator.js:129:5)
      at loadValidator (tx/tests/test-runner.js:135:5)
      at startTxTests (tx/tests/test-runner.js:20:5)
      at Object.<anonymous> (tests/tx/test-cases.test.js:10:5)

  ΓùÅ Tx Tests ΓÇ║ version ΓÇ║ code-v10-vs1w-default

    Validator service did not become ready within 60000ms

    [0m [90m 133 |[39m         timeout[33m:[39m [35m60000[39m
     [90m 134 |[39m     }
    [31m[1m>[22m[39m[90m 135 |[39m     [36mawait[39m validator[33m.[39mstart(validatorConfig)[33m;[39m
     [90m     |[39m     [31m[1m^[22m[39m
     [90m 136 |[39m }
     [90m 137 |[39m
     [90m 138 |[39m[0m

      at FhirValidator.waitForReady (node_modules/fhir-validator-wrapper/fhir-validator.js:152:11)
      at FhirValidator.start (node_modules/fhir-validator-wrapper/fhir-validator.js:129:5)
      at loadValidator (tx/tests/test-runner.js:135:5)
      at startTxTests (tx/tests/test-runner.js:20:5)
      at Object.<anonymous> (tests/tx/test-cases.test.js:10:5)

  ΓùÅ Tx Tests ΓÇ║ version ΓÇ║ code-v10-vs1wb-default

    Validator service did not become ready within 60000ms

    [0m [90m 133 |[39m         timeout[33m:[39m [35m60000[39m
     [90m 134 |[39m     }
    [31m[1m>[22m[39m[90m 135 |[39m     [36mawait[39m validator[33m.[39mstart(validatorConfig)[33m;[39m
     [90m     |[39m     [31m[1m^[22m[39m
     [90m 136 |[39m }
     [90m 137 |[39m
     [90m 138 |[39m[0m

      at FhirValidator.waitForReady (node_modules/fhir-validator-wrapper/fhir-validator.js:152:11)
      at FhirValidator.start (node_modules/fhir-validator-wrapper/fhir-validator.js:129:5)
      at loadValidator (tx/tests/test-runner.js:135:5)
      at startTxTests (tx/tests/test-runner.js:20:5)
      at Object.<anonymous> (tests/tx/test-cases.test.js:10:5)

  ΓùÅ Tx Tests ΓÇ║ version ΓÇ║ code-v10-vs10-default

    Validator service did not become ready within 60000ms

    [0m [90m 133 |[39m         timeout[33m:[39m [35m60000[39m
     [90m 134 |[39m     }
    [31m[1m>[22m[39m[90m 135 |[39m     [36mawait[39m validator[33m.[39mstart(validatorConfig)[33m;[39m
     [90m     |[39m     [31m[1m^[22m[39m
     [90m 136 |[39m }
     [90m 137 |[39m
     [90m 138 |[39m[0m

      at FhirValidator.waitForReady (node_modules/fhir-validator-wrapper/fhir-validator.js:152:11)
      at FhirValidator.start (node_modules/fhir-validator-wrapper/fhir-validator.js:129:5)
      at loadValidator (tx/tests/test-runner.js:135:5)
      at startTxTests (tx/tests/test-runner.js:20:5)
      at Object.<anonymous> (tests/tx/test-cases.test.js:10:5)

  ΓùÅ Tx Tests ΓÇ║ version ΓÇ║ code-v10-vs20-default

    Validator service did not become ready within 60000ms

    [0m [90m 133 |[39m         timeout[33m:[39m [35m60000[39m
     [90m 134 |[39m     }
    [31m[1m>[22m[39m[90m 135 |[39m     [36mawait[39m validator[33m.[39mstart(validatorConfig)[33m;[39m
     [90m     |[39m     [31m[1m^[22m[39m
     [90m 136 |[39m }
     [90m 137 |[39m
     [90m 138 |[39m[0m

      at FhirValidator.waitForReady (node_modules/fhir-validator-wrapper/fhir-validator.js:152:11)
      at FhirValidator.start (node_modules/fhir-validator-wrapper/fhir-validator.js:129:5)
      at loadValidator (tx/tests/test-runner.js:135:5)
      at startTxTests (tx/tests/test-runner.js:20:5)
      at Object.<anonymous> (tests/tx/test-cases.test.js:10:5)

  ΓùÅ Tx Tests ΓÇ║ version ΓÇ║ code-v10-vsbb-default

    Validator service did not become ready within 60000ms

    [0m [90m 133 |[39m         timeout[33m:[39m [35m60000[39m
     [90m 134 |[39m     }
    [31m[1m>[22m[39m[90m 135 |[39m     [36mawait[39m validator[33m.[39mstart(validatorConfig)[33m;[39m
     [90m     |[39m     [31m[1m^[22m[39m
     [90m 136 |[39m }
     [90m 137 |[39m
     [90m 138 |[39m[0m

      at FhirValidator.waitForReady (node_modules/fhir-validator-wrapper/fhir-validator.js:152:11)
      at FhirValidator.start (node_modules/fhir-validator-wrapper/fhir-validator.js:129:5)
      at loadValidator (tx/tests/test-runner.js:135:5)
      at startTxTests (tx/tests/test-runner.js:20:5)
      at Object.<anonymous> (tests/tx/test-cases.test.js:10:5)

  ΓùÅ Tx Tests ΓÇ║ version ΓÇ║ code-v10-vsnn-default

    Validator service did not become ready within 60000ms

    [0m [90m 133 |[39m         timeout[33m:[39m [35m60000[39m
     [90m 134 |[39m     }
    [31m[1m>[22m[39m[90m 135 |[39m     [36mawait[39m validator[33m.[39mstart(validatorConfig)[33m;[39m
     [90m     |[39m     [31m[1m^[22m[39m
     [90m 136 |[39m }
     [90m 137 |[39m
     [90m 138 |[39m[0m

      at FhirValidator.waitForReady (node_modules/fhir-validator-wrapper/fhir-validator.js:152:11)
      at FhirValidator.start (node_modules/fhir-validator-wrapper/fhir-validator.js:129:5)
      at loadValidator (tx/tests/test-runner.js:135:5)
      at startTxTests (tx/tests/test-runner.js:20:5)
      at Object.<anonymous> (tests/tx/test-cases.test.js:10:5)

  ΓùÅ Tx Tests ΓÇ║ version ΓÇ║ code-vbb-vs10-default

    Validator service did not become ready within 60000ms

    [0m [90m 133 |[39m         timeout[33m:[39m [35m60000[39m
     [90m 134 |[39m     }
    [31m[1m>[22m[39m[90m 135 |[39m     [36mawait[39m validator[33m.[39mstart(validatorConfig)[33m;[39m
     [90m     |[39m     [31m[1m^[22m[39m
     [90m 136 |[39m }
     [90m 137 |[39m
     [90m 138 |[39m[0m

      at FhirValidator.waitForReady (node_modules/fhir-validator-wrapper/fhir-validator.js:152:11)
      at FhirValidator.start (node_modules/fhir-validator-wrapper/fhir-validator.js:129:5)
      at loadValidator (tx/tests/test-runner.js:135:5)
      at startTxTests (tx/tests/test-runner.js:20:5)
      at Object.<anonymous> (tests/tx/test-cases.test.js:10:5)

  ΓùÅ Tx Tests ΓÇ║ version ΓÇ║ code-vbb-vsnn-default

    Validator service did not become ready within 60000ms

    [0m [90m 133 |[39m         timeout[33m:[39m [35m60000[39m
     [90m 134 |[39m     }
    [31m[1m>[22m[39m[90m 135 |[39m     [36mawait[39m validator[33m.[39mstart(validatorConfig)[33m;[39m
     [90m     |[39m     [31m[1m^[22m[39m
     [90m 136 |[39m }
     [90m 137 |[39m
     [90m 138 |[39m[0m

      at FhirValidator.waitForReady (node_modules/fhir-validator-wrapper/fhir-validator.js:152:11)
      at FhirValidator.start (node_modules/fhir-validator-wrapper/fhir-validator.js:129:5)
      at loadValidator (tx/tests/test-runner.js:135:5)
      at startTxTests (tx/tests/test-runner.js:20:5)
      at Object.<anonymous> (tests/tx/test-cases.test.js:10:5)

  ΓùÅ Tx Tests ΓÇ║ version ΓÇ║ code-vnn-vs1wb-default

    Validator service did not become ready within 60000ms

    [0m [90m 133 |[39m         timeout[33m:[39m [35m60000[39m
     [90m 134 |[39m     }
    [31m[1m>[22m[39m[90m 135 |[39m     [36mawait[39m validator[33m.[39mstart(validatorConfig)[33m;[39m
     [90m     |[39m     [31m[1m^[22m[39m
     [90m 136 |[39m }
     [90m 137 |[39m
     [90m 138 |[39m[0m

      at FhirValidator.waitForReady (node_modules/fhir-validator-wrapper/fhir-validator.js:152:11)
      at FhirValidator.start (node_modules/fhir-validator-wrapper/fhir-validator.js:129:5)
      at loadValidator (tx/tests/test-runner.js:135:5)
      at startTxTests (tx/tests/test-runner.js:20:5)
      at Object.<anonymous> (tests/tx/test-cases.test.js:10:5)

  ΓùÅ Tx Tests ΓÇ║ version ΓÇ║ code-vnn-vs10-default

    Validator service did not become ready within 60000ms

    [0m [90m 133 |[39m         timeout[33m:[39m [35m60000[39m
     [90m 134 |[39m     }
    [31m[1m>[22m[39m[90m 135 |[39m     [36mawait[39m validator[33m.[39mstart(validatorConfig)[33m;[39m
     [90m     |[39m     [31m[1m^[22m[39m
     [90m 136 |[39m }
     [90m 137 |[39m
     [90m 138 |[39m[0m

      at FhirValidator.waitForReady (node_modules/fhir-validator-wrapper/fhir-validator.js:152:11)
      at FhirValidator.start (node_modules/fhir-validator-wrapper/fhir-validator.js:129:5)
      at loadValidator (tx/tests/test-runner.js:135:5)
      at startTxTests (tx/tests/test-runner.js:20:5)
      at Object.<anonymous> (tests/tx/test-cases.test.js:10:5)

  ΓùÅ Tx Tests ΓÇ║ version ΓÇ║ code-vnn-vsbb-default

    Validator service did not become ready within 60000ms

    [0m [90m 133 |[39m         timeout[33m:[39m [35m60000[39m
     [90m 134 |[39m     }
    [31m[1m>[22m[39m[90m 135 |[39m     [36mawait[39m validator[33m.[39mstart(validatorConfig)[33m;[39m
     [90m     |[39m     [31m[1m^[22m[39m
     [90m 136 |[39m }
     [90m 137 |[39m
     [90m 138 |[39m[0m

      at FhirValidator.waitForReady (node_modules/fhir-validator-wrapper/fhir-validator.js:152:11)
      at FhirValidator.start (node_modules/fhir-validator-wrapper/fhir-validator.js:129:5)
      at loadValidator (tx/tests/test-runner.js:135:5)
      at startTxTests (tx/tests/test-runner.js:20:5)
      at Object.<anonymous> (tests/tx/test-cases.test.js:10:5)

  ΓùÅ Tx Tests ΓÇ║ version ΓÇ║ code-vnn-vsnn-check

    Validator service did not become ready within 60000ms

    [0m [90m 133 |[39m         timeout[33m:[39m [35m60000[39m
     [90m 134 |[39m     }
    [31m[1m>[22m[39m[90m 135 |[39m     [36mawait[39m validator[33m.[39mstart(validatorConfig)[33m;[39m
     [90m     |[39m     [31m[1m^[22m[39m
     [90m 136 |[39m }
     [90m 137 |[39m
     [90m 138 |[39m[0m

      at FhirValidator.waitForReady (node_modules/fhir-validator-wrapper/fhir-validator.js:152:11)
      at FhirValidator.start (node_modules/fhir-validator-wrapper/fhir-validator.js:129:5)
      at loadValidator (tx/tests/test-runner.js:135:5)
      at startTxTests (tx/tests/test-runner.js:20:5)
      at Object.<anonymous> (tests/tx/test-cases.test.js:10:5)

  ΓùÅ Tx Tests ΓÇ║ version ΓÇ║ code-v10-vs1w-check

    Validator service did not become ready within 60000ms

    [0m [90m 133 |[39m         timeout[33m:[39m [35m60000[39m
     [90m 134 |[39m     }
    [31m[1m>[22m[39m[90m 135 |[39m     [36mawait[39m validator[33m.[39mstart(validatorConfig)[33m;[39m
     [90m     |[39m     [31m[1m^[22m[39m
     [90m 136 |[39m }
     [90m 137 |[39m
     [90m 138 |[39m[0m

      at FhirValidator.waitForReady (node_modules/fhir-validator-wrapper/fhir-validator.js:152:11)
      at FhirValidator.start (node_modules/fhir-validator-wrapper/fhir-validator.js:129:5)
      at loadValidator (tx/tests/test-runner.js:135:5)
      at startTxTests (tx/tests/test-runner.js:20:5)
      at Object.<anonymous> (tests/tx/test-cases.test.js:10:5)

  ΓùÅ Tx Tests ΓÇ║ version ΓÇ║ code-v10-vs1wb-check

    Validator service did not become ready within 60000ms

    [0m [90m 133 |[39m         timeout[33m:[39m [35m60000[39m
     [90m 134 |[39m     }
    [31m[1m>[22m[39m[90m 135 |[39m     [36mawait[39m validator[33m.[39mstart(validatorConfig)[33m;[39m
     [90m     |[39m     [31m[1m^[22m[39m
     [90m 136 |[39m }
     [90m 137 |[39m
     [90m 138 |[39m[0m

      at FhirValidator.waitForReady (node_modules/fhir-validator-wrapper/fhir-validator.js:152:11)
      at FhirValidator.start (node_modules/fhir-validator-wrapper/fhir-validator.js:129:5)
      at loadValidator (tx/tests/test-runner.js:135:5)
      at startTxTests (tx/tests/test-runner.js:20:5)
      at Object.<anonymous> (tests/tx/test-cases.test.js:10:5)

  ΓùÅ Tx Tests ΓÇ║ version ΓÇ║ code-v10-vs10-check

    Validator service did not become ready within 60000ms

    [0m [90m 133 |[39m         timeout[33m:[39m [35m60000[39m
     [90m 134 |[39m     }
    [31m[1m>[22m[39m[90m 135 |[39m     [36mawait[39m validator[33m.[39mstart(validatorConfig)[33m;[39m
     [90m     |[39m     [31m[1m^[22m[39m
     [90m 136 |[39m }
     [90m 137 |[39m
     [90m 138 |[39m[0m

      at FhirValidator.waitForReady (node_modules/fhir-validator-wrapper/fhir-validator.js:152:11)
      at FhirValidator.start (node_modules/fhir-validator-wrapper/fhir-validator.js:129:5)
      at loadValidator (tx/tests/test-runner.js:135:5)
      at startTxTests (tx/tests/test-runner.js:20:5)
      at Object.<anonymous> (tests/tx/test-cases.test.js:10:5)

  ΓùÅ Tx Tests ΓÇ║ version ΓÇ║ code-v10-vs20-check

    Validator service did not become ready within 60000ms

    [0m [90m 133 |[39m         timeout[33m:[39m [35m60000[39m
     [90m 134 |[39m     }
    [31m[1m>[22m[39m[90m 135 |[39m     [36mawait[39m validator[33m.[39mstart(validatorConfig)[33m;[39m
     [90m     |[39m     [31m[1m^[22m[39m
     [90m 136 |[39m }
     [90m 137 |[39m
     [90m 138 |[39m[0m

      at FhirValidator.waitForReady (node_modules/fhir-validator-wrapper/fhir-validator.js:152:11)
      at FhirValidator.start (node_modules/fhir-validator-wrapper/fhir-validator.js:129:5)
      at loadValidator (tx/tests/test-runner.js:135:5)
      at startTxTests (tx/tests/test-runner.js:20:5)
      at Object.<anonymous> (tests/tx/test-cases.test.js:10:5)

  ΓùÅ Tx Tests ΓÇ║ version ΓÇ║ code-v10-vsbb-check

    Validator service did not become ready within 60000ms

    [0m [90m 133 |[39m         timeout[33m:[39m [35m60000[39m
     [90m 134 |[39m     }
    [31m[1m>[22m[39m[90m 135 |[39m     [36mawait[39m validator[33m.[39mstart(validatorConfig)[33m;[39m
     [90m     |[39m     [31m[1m^[22m[39m
     [90m 136 |[39m }
     [90m 137 |[39m
     [90m 138 |[39m[0m

      at FhirValidator.waitForReady (node_modules/fhir-validator-wrapper/fhir-validator.js:152:11)
      at FhirValidator.start (node_modules/fhir-validator-wrapper/fhir-validator.js:129:5)
      at loadValidator (tx/tests/test-runner.js:135:5)
      at startTxTests (tx/tests/test-runner.js:20:5)
      at Object.<anonymous> (tests/tx/test-cases.test.js:10:5)

  ΓùÅ Tx Tests ΓÇ║ version ΓÇ║ code-v10-vsnn-check

    Validator service did not become ready within 60000ms

    [0m [90m 133 |[39m         timeout[33m:[39m [35m60000[39m
     [90m 134 |[39m     }
    [31m[1m>[22m[39m[90m 135 |[39m     [36mawait[39m validator[33m.[39mstart(validatorConfig)[33m;[39m
     [90m     |[39m     [31m[1m^[22m[39m
     [90m 136 |[39m }
     [90m 137 |[39m
     [90m 138 |[39m[0m

      at FhirValidator.waitForReady (node_modules/fhir-validator-wrapper/fhir-validator.js:152:11)
      at FhirValidator.start (node_modules/fhir-validator-wrapper/fhir-validator.js:129:5)
      at loadValidator (tx/tests/test-runner.js:135:5)
      at startTxTests (tx/tests/test-runner.js:20:5)
      at Object.<anonymous> (tests/tx/test-cases.test.js:10:5)

  ΓùÅ Tx Tests ΓÇ║ version ΓÇ║ code-vbb-vs10-check

    Validator service did not become ready within 60000ms

    [0m [90m 133 |[39m         timeout[33m:[39m [35m60000[39m
     [90m 134 |[39m     }
    [31m[1m>[22m[39m[90m 135 |[39m     [36mawait[39m validator[33m.[39mstart(validatorConfig)[33m;[39m
     [90m     |[39m     [31m[1m^[22m[39m
     [90m 136 |[39m }
     [90m 137 |[39m
     [90m 138 |[39m[0m

      at FhirValidator.waitForReady (node_modules/fhir-validator-wrapper/fhir-validator.js:152:11)
      at FhirValidator.start (node_modules/fhir-validator-wrapper/fhir-validator.js:129:5)
      at loadValidator (tx/tests/test-runner.js:135:5)
      at startTxTests (tx/tests/test-runner.js:20:5)
      at Object.<anonymous> (tests/tx/test-cases.test.js:10:5)

  ΓùÅ Tx Tests ΓÇ║ version ΓÇ║ code-vbb-vsnn-check

    Validator service did not become ready within 60000ms

    [0m [90m 133 |[39m         timeout[33m:[39m [35m60000[39m
     [90m 134 |[39m     }
    [31m[1m>[22m[39m[90m 135 |[39m     [36mawait[39m validator[33m.[39mstart(validatorConfig)[33m;[39m
     [90m     |[39m     [31m[1m^[22m[39m
     [90m 136 |[39m }
     [90m 137 |[39m
     [90m 138 |[39m[0m

      at FhirValidator.waitForReady (node_modules/fhir-validator-wrapper/fhir-validator.js:152:11)
      at FhirValidator.start (node_modules/fhir-validator-wrapper/fhir-validator.js:129:5)
      at loadValidator (tx/tests/test-runner.js:135:5)
      at startTxTests (tx/tests/test-runner.js:20:5)
      at Object.<anonymous> (tests/tx/test-cases.test.js:10:5)

  ΓùÅ Tx Tests ΓÇ║ version ΓÇ║ code-vnn-vs1w-check

    Validator service did not become ready within 60000ms

    [0m [90m 133 |[39m         timeout[33m:[39m [35m60000[39m
     [90m 134 |[39m     }
    [31m[1m>[22m[39m[90m 135 |[39m     [36mawait[39m validator[33m.[39mstart(validatorConfig)[33m;[39m
     [90m     |[39m     [31m[1m^[22m[39m
     [90m 136 |[39m }
     [90m 137 |[39m
     [90m 138 |[39m[0m

      at FhirValidator.waitForReady (node_modules/fhir-validator-wrapper/fhir-validator.js:152:11)
      at FhirValidator.start (node_modules/fhir-validator-wrapper/fhir-validator.js:129:5)
      at loadValidator (tx/tests/test-runner.js:135:5)
      at startTxTests (tx/tests/test-runner.js:20:5)
      at Object.<anonymous> (tests/tx/test-cases.test.js:10:5)

  ΓùÅ Tx Tests ΓÇ║ version ΓÇ║ code-vnn-vs1wb-check

    Validator service did not become ready within 60000ms

    [0m [90m 133 |[39m         timeout[33m:[39m [35m60000[39m
     [90m 134 |[39m     }
    [31m[1m>[22m[39m[90m 135 |[39m     [36mawait[39m validator[33m.[39mstart(validatorConfig)[33m;[39m
     [90m     |[39m     [31m[1m^[22m[39m
     [90m 136 |[39m }
     [90m 137 |[39m
     [90m 138 |[39m[0m

      at FhirValidator.waitForReady (node_modules/fhir-validator-wrapper/fhir-validator.js:152:11)
      at FhirValidator.start (node_modules/fhir-validator-wrapper/fhir-validator.js:129:5)
      at loadValidator (tx/tests/test-runner.js:135:5)
      at startTxTests (tx/tests/test-runner.js:20:5)
      at Object.<anonymous> (tests/tx/test-cases.test.js:10:5)

  ΓùÅ Tx Tests ΓÇ║ version ΓÇ║ code-vnn-vs10-check

    Validator service did not become ready within 60000ms

    [0m [90m 133 |[39m         timeout[33m:[39m [35m60000[39m
     [90m 134 |[39m     }
    [31m[1m>[22m[39m[90m 135 |[39m     [36mawait[39m validator[33m.[39mstart(validatorConfig)[33m;[39m
     [90m     |[39m     [31m[1m^[22m[39m
     [90m 136 |[39m }
     [90m 137 |[39m
     [90m 138 |[39m[0m

      at FhirValidator.waitForReady (node_modules/fhir-validator-wrapper/fhir-validator.js:152:11)
      at FhirValidator.start (node_modules/fhir-validator-wrapper/fhir-validator.js:129:5)
      at loadValidator (tx/tests/test-runner.js:135:5)
      at startTxTests (tx/tests/test-runner.js:20:5)
      at Object.<anonymous> (tests/tx/test-cases.test.js:10:5)

  ΓùÅ Tx Tests ΓÇ║ version ΓÇ║ code-vnn-vsbb-check

    Validator service did not become ready within 60000ms

    [0m [90m 133 |[39m         timeout[33m:[39m [35m60000[39m
     [90m 134 |[39m     }
    [31m[1m>[22m[39m[90m 135 |[39m     [36mawait[39m validator[33m.[39mstart(validatorConfig)[33m;[39m
     [90m     |[39m     [31m[1m^[22m[39m
     [90m 136 |[39m }
     [90m 137 |[39m
     [90m 138 |[39m[0m

      at FhirValidator.waitForReady (node_modules/fhir-validator-wrapper/fhir-validator.js:152:11)
      at FhirValidator.start (node_modules/fhir-validator-wrapper/fhir-validator.js:129:5)
      at loadValidator (tx/tests/test-runner.js:135:5)
      at startTxTests (tx/tests/test-runner.js:20:5)
      at Object.<anonymous> (tests/tx/test-cases.test.js:10:5)

  ΓùÅ Tx Tests ΓÇ║ version ΓÇ║ code-vnn-vsnn-force

    Validator service did not become ready within 60000ms

    [0m [90m 133 |[39m         timeout[33m:[39m [35m60000[39m
     [90m 134 |[39m     }
    [31m[1m>[22m[39m[90m 135 |[39m     [36mawait[39m validator[33m.[39mstart(validatorConfig)[33m;[39m
     [90m     |[39m     [31m[1m^[22m[39m
     [90m 136 |[39m }
     [90m 137 |[39m
     [90m 138 |[39m[0m

      at FhirValidator.waitForReady (node_modules/fhir-validator-wrapper/fhir-validator.js:152:11)
      at FhirValidator.start (node_modules/fhir-validator-wrapper/fhir-validator.js:129:5)
      at loadValidator (tx/tests/test-runner.js:135:5)
      at startTxTests (tx/tests/test-runner.js:20:5)
      at Object.<anonymous> (tests/tx/test-cases.test.js:10:5)

  ΓùÅ Tx Tests ΓÇ║ version ΓÇ║ code-v10-vs1w-force

    Validator service did not become ready within 60000ms

    [0m [90m 133 |[39m         timeout[33m:[39m [35m60000[39m
     [90m 134 |[39m     }
    [31m[1m>[22m[39m[90m 135 |[39m     [36mawait[39m validator[33m.[39mstart(validatorConfig)[33m;[39m
     [90m     |[39m     [31m[1m^[22m[39m
     [90m 136 |[39m }
     [90m 137 |[39m
     [90m 138 |[39m[0m

      at FhirValidator.waitForReady (node_modules/fhir-validator-wrapper/fhir-validator.js:152:11)
      at FhirValidator.start (node_modules/fhir-validator-wrapper/fhir-validator.js:129:5)
      at loadValidator (tx/tests/test-runner.js:135:5)
      at startTxTests (tx/tests/test-runner.js:20:5)
      at Object.<anonymous> (tests/tx/test-cases.test.js:10:5)

  ΓùÅ Tx Tests ΓÇ║ version ΓÇ║ code-v10-vs1wb-force

    Validator service did not become ready within 60000ms

    [0m [90m 133 |[39m         timeout[33m:[39m [35m60000[39m
     [90m 134 |[39m     }
    [31m[1m>[22m[39m[90m 135 |[39m     [36mawait[39m validator[33m.[39mstart(validatorConfig)[33m;[39m
     [90m     |[39m     [31m[1m^[22m[39m
     [90m 136 |[39m }
     [90m 137 |[39m
     [90m 138 |[39m[0m

      at FhirValidator.waitForReady (node_modules/fhir-validator-wrapper/fhir-validator.js:152:11)
      at FhirValidator.start (node_modules/fhir-validator-wrapper/fhir-validator.js:129:5)
      at loadValidator (tx/tests/test-runner.js:135:5)
      at startTxTests (tx/tests/test-runner.js:20:5)
      at Object.<anonymous> (tests/tx/test-cases.test.js:10:5)

  ΓùÅ Tx Tests ΓÇ║ version ΓÇ║ code-v10-vs10-force

    Validator service did not become ready within 60000ms

    [0m [90m 133 |[39m         timeout[33m:[39m [35m60000[39m
     [90m 134 |[39m     }
    [31m[1m>[22m[39m[90m 135 |[39m     [36mawait[39m validator[33m.[39mstart(validatorConfig)[33m;[39m
     [90m     |[39m     [31m[1m^[22m[39m
     [90m 136 |[39m }
     [90m 137 |[39m
     [90m 138 |[39m[0m

      at FhirValidator.waitForReady (node_modules/fhir-validator-wrapper/fhir-validator.js:152:11)
      at FhirValidator.start (node_modules/fhir-validator-wrapper/fhir-validator.js:129:5)
      at loadValidator (tx/tests/test-runner.js:135:5)
      at startTxTests (tx/tests/test-runner.js:20:5)
      at Object.<anonymous> (tests/tx/test-cases.test.js:10:5)

  ΓùÅ Tx Tests ΓÇ║ version ΓÇ║ code-v10-vs20-force

    Validator service did not become ready within 60000ms

    [0m [90m 133 |[39m         timeout[33m:[39m [35m60000[39m
     [90m 134 |[39m     }
    [31m[1m>[22m[39m[90m 135 |[39m     [36mawait[39m validator[33m.[39mstart(validatorConfig)[33m;[39m
     [90m     |[39m     [31m[1m^[22m[39m
     [90m 136 |[39m }
     [90m 137 |[39m
     [90m 138 |[39m[0m

      at FhirValidator.waitForReady (node_modules/fhir-validator-wrapper/fhir-validator.js:152:11)
      at FhirValidator.start (node_modules/fhir-validator-wrapper/fhir-validator.js:129:5)
      at loadValidator (tx/tests/test-runner.js:135:5)
      at startTxTests (tx/tests/test-runner.js:20:5)
      at Object.<anonymous> (tests/tx/test-cases.test.js:10:5)

  ΓùÅ Tx Tests ΓÇ║ version ΓÇ║ code-v10-vsbb-force

    Validator service did not become ready within 60000ms

    [0m [90m 133 |[39m         timeout[33m:[39m [35m60000[39m
     [90m 134 |[39m     }
    [31m[1m>[22m[39m[90m 135 |[39m     [36mawait[39m validator[33m.[39mstart(validatorConfig)[33m;[39m
     [90m     |[39m     [31m[1m^[22m[39m
     [90m 136 |[39m }
     [90m 137 |[39m
     [90m 138 |[39m[0m

      at FhirValidator.waitForReady (node_modules/fhir-validator-wrapper/fhir-validator.js:152:11)
      at FhirValidator.start (node_modules/fhir-validator-wrapper/fhir-validator.js:129:5)
      at loadValidator (tx/tests/test-runner.js:135:5)
      at startTxTests (tx/tests/test-runner.js:20:5)
      at Object.<anonymous> (tests/tx/test-cases.test.js:10:5)

  ΓùÅ Tx Tests ΓÇ║ version ΓÇ║ code-v10-vsnn-force

    Validator service did not become ready within 60000ms

    [0m [90m 133 |[39m         timeout[33m:[39m [35m60000[39m
     [90m 134 |[39m     }
    [31m[1m>[22m[39m[90m 135 |[39m     [36mawait[39m validator[33m.[39mstart(validatorConfig)[33m;[39m
     [90m     |[39m     [31m[1m^[22m[39m
     [90m 136 |[39m }
     [90m 137 |[39m
     [90m 138 |[39m[0m

      at FhirValidator.waitForReady (node_modules/fhir-validator-wrapper/fhir-validator.js:152:11)
      at FhirValidator.start (node_modules/fhir-validator-wrapper/fhir-validator.js:129:5)
      at loadValidator (tx/tests/test-runner.js:135:5)
      at startTxTests (tx/tests/test-runner.js:20:5)
      at Object.<anonymous> (tests/tx/test-cases.test.js:10:5)

  ΓùÅ Tx Tests ΓÇ║ version ΓÇ║ code-vbb-vs10-force

    Validator service did not become ready within 60000ms

    [0m [90m 133 |[39m         timeout[33m:[39m [35m60000[39m
     [90m 134 |[39m     }
    [31m[1m>[22m[39m[90m 135 |[39m     [36mawait[39m validator[33m.[39mstart(validatorConfig)[33m;[39m
     [90m     |[39m     [31m[1m^[22m[39m
     [90m 136 |[39m }
     [90m 137 |[39m
     [90m 138 |[39m[0m

      at FhirValidator.waitForReady (node_modules/fhir-validator-wrapper/fhir-validator.js:152:11)
      at FhirValidator.start (node_modules/fhir-validator-wrapper/fhir-validator.js:129:5)
      at loadValidator (tx/tests/test-runner.js:135:5)
      at startTxTests (tx/tests/test-runner.js:20:5)
      at Object.<anonymous> (tests/tx/test-cases.test.js:10:5)

  ΓùÅ Tx Tests ΓÇ║ version ΓÇ║ code-vbb-vsnn-force

    Validator service did not become ready within 60000ms

    [0m [90m 133 |[39m         timeout[33m:[39m [35m60000[39m
     [90m 134 |[39m     }
    [31m[1m>[22m[39m[90m 135 |[39m     [36mawait[39m validator[33m.[39mstart(validatorConfig)[33m;[39m
     [90m     |[39m     [31m[1m^[22m[39m
     [90m 136 |[39m }
     [90m 137 |[39m
     [90m 138 |[39m[0m

      at FhirValidator.waitForReady (node_modules/fhir-validator-wrapper/fhir-validator.js:152:11)
      at FhirValidator.start (node_modules/fhir-validator-wrapper/fhir-validator.js:129:5)
      at loadValidator (tx/tests/test-runner.js:135:5)
      at startTxTests (tx/tests/test-runner.js:20:5)
      at Object.<anonymous> (tests/tx/test-cases.test.js:10:5)

  ΓùÅ Tx Tests ΓÇ║ version ΓÇ║ code-vnn-vs1w-force

    Validator service did not become ready within 60000ms

    [0m [90m 133 |[39m         timeout[33m:[39m [35m60000[39m
     [90m 134 |[39m     }
    [31m[1m>[22m[39m[90m 135 |[39m     [36mawait[39m validator[33m.[39mstart(validatorConfig)[33m;[39m
     [90m     |[39m     [31m[1m^[22m[39m
     [90m 136 |[39m }
     [90m 137 |[39m
     [90m 138 |[39m[0m

      at FhirValidator.waitForReady (node_modules/fhir-validator-wrapper/fhir-validator.js:152:11)
      at FhirValidator.start (node_modules/fhir-validator-wrapper/fhir-validator.js:129:5)
      at loadValidator (tx/tests/test-runner.js:135:5)
      at startTxTests (tx/tests/test-runner.js:20:5)
      at Object.<anonymous> (tests/tx/test-cases.test.js:10:5)

  ΓùÅ Tx Tests ΓÇ║ version ΓÇ║ code-vnn-vs1wb-force

    Validator service did not become ready within 60000ms

    [0m [90m 133 |[39m         timeout[33m:[39m [35m60000[39m
     [90m 134 |[39m     }
    [31m[1m>[22m[39m[90m 135 |[39m     [36mawait[39m validator[33m.[39mstart(validatorConfig)[33m;[39m
     [90m     |[39m     [31m[1m^[22m[39m
     [90m 136 |[39m }
     [90m 137 |[39m
     [90m 138 |[39m[0m

      at FhirValidator.waitForReady (node_modules/fhir-validator-wrapper/fhir-validator.js:152:11)
      at FhirValidator.start (node_modules/fhir-validator-wrapper/fhir-validator.js:129:5)
      at loadValidator (tx/tests/test-runner.js:135:5)
      at startTxTests (tx/tests/test-runner.js:20:5)
      at Object.<anonymous> (tests/tx/test-cases.test.js:10:5)

  ΓùÅ Tx Tests ΓÇ║ version ΓÇ║ code-vnn-vs10-force

    Validator service did not become ready within 60000ms

    [0m [90m 133 |[39m         timeout[33m:[39m [35m60000[39m
     [90m 134 |[39m     }
    [31m[1m>[22m[39m[90m 135 |[39m     [36mawait[39m validator[33m.[39mstart(validatorConfig)[33m;[39m
     [90m     |[39m     [31m[1m^[22m[39m
     [90m 136 |[39m }
     [90m 137 |[39m
     [90m 138 |[39m[0m

      at FhirValidator.waitForReady (node_modules/fhir-validator-wrapper/fhir-validator.js:152:11)
      at FhirValidator.start (node_modules/fhir-validator-wrapper/fhir-validator.js:129:5)
      at loadValidator (tx/tests/test-runner.js:135:5)
      at startTxTests (tx/tests/test-runner.js:20:5)
      at Object.<anonymous> (tests/tx/test-cases.test.js:10:5)

  ΓùÅ Tx Tests ΓÇ║ version ΓÇ║ code-vnn-vsbb-force

    Validator service did not become ready within 60000ms

    [0m [90m 133 |[39m         timeout[33m:[39m [35m60000[39m
     [90m 134 |[39m     }
    [31m[1m>[22m[39m[90m 135 |[39m     [36mawait[39m validator[33m.[39mstart(validatorConfig)[33m;[39m
     [90m     |[39m     [31m[1m^[22m[39m
     [90m 136 |[39m }
     [90m 137 |[39m
     [90m 138 |[39m[0m

      at FhirValidator.waitForReady (node_modules/fhir-validator-wrapper/fhir-validator.js:152:11)
      at FhirValidator.start (node_modules/fhir-validator-wrapper/fhir-validator.js:129:5)
      at loadValidator (tx/tests/test-runner.js:135:5)
      at startTxTests (tx/tests/test-runner.js:20:5)
      at Object.<anonymous> (tests/tx/test-cases.test.js:10:5)

  ΓùÅ Tx Tests ΓÇ║ version ΓÇ║ code-vnn-vsmix-1

    Validator service did not become ready within 60000ms

    [0m [90m 133 |[39m         timeout[33m:[39m [35m60000[39m
     [90m 134 |[39m     }
    [31m[1m>[22m[39m[90m 135 |[39m     [36mawait[39m validator[33m.[39mstart(validatorConfig)[33m;[39m
     [90m     |[39m     [31m[1m^[22m[39m
     [90m 136 |[39m }
     [90m 137 |[39m
     [90m 138 |[39m[0m

      at FhirValidator.waitForReady (node_modules/fhir-validator-wrapper/fhir-validator.js:152:11)
      at FhirValidator.start (node_modules/fhir-validator-wrapper/fhir-validator.js:129:5)
      at loadValidator (tx/tests/test-runner.js:135:5)
      at startTxTests (tx/tests/test-runner.js:20:5)
      at Object.<anonymous> (tests/tx/test-cases.test.js:10:5)

  ΓùÅ Tx Tests ΓÇ║ version ΓÇ║ code-vnn-vsmix-2

    Validator service did not become ready within 60000ms

    [0m [90m 133 |[39m         timeout[33m:[39m [35m60000[39m
     [90m 134 |[39m     }
    [31m[1m>[22m[39m[90m 135 |[39m     [36mawait[39m validator[33m.[39mstart(validatorConfig)[33m;[39m
     [90m     |[39m     [31m[1m^[22m[39m
     [90m 136 |[39m }
     [90m 137 |[39m
     [90m 138 |[39m[0m

      at FhirValidator.waitForReady (node_modules/fhir-validator-wrapper/fhir-validator.js:152:11)
      at FhirValidator.start (node_modules/fhir-validator-wrapper/fhir-validator.js:129:5)
      at loadValidator (tx/tests/test-runner.js:135:5)
      at startTxTests (tx/tests/test-runner.js:20:5)
      at Object.<anonymous> (tests/tx/test-cases.test.js:10:5)

  ΓùÅ Tx Tests ΓÇ║ version ΓÇ║ vs-expand-all-v

    Validator service did not become ready within 60000ms

    [0m [90m 133 |[39m         timeout[33m:[39m [35m60000[39m
     [90m 134 |[39m     }
    [31m[1m>[22m[39m[90m 135 |[39m     [36mawait[39m validator[33m.[39mstart(validatorConfig)[33m;[39m
     [90m     |[39m     [31m[1m^[22m[39m
     [90m 136 |[39m }
     [90m 137 |[39m
     [90m 138 |[39m[0m

      at FhirValidator.waitForReady (node_modules/fhir-validator-wrapper/fhir-validator.js:152:11)
      at FhirValidator.start (node_modules/fhir-validator-wrapper/fhir-validator.js:129:5)
      at loadValidator (tx/tests/test-runner.js:135:5)
      at startTxTests (tx/tests/test-runner.js:20:5)
      at Object.<anonymous> (tests/tx/test-cases.test.js:10:5)

  ΓùÅ Tx Tests ΓÇ║ version ΓÇ║ vs-expand-all-v1

    Validator service did not become ready within 60000ms

    [0m [90m 133 |[39m         timeout[33m:[39m [35m60000[39m
     [90m 134 |[39m     }
    [31m[1m>[22m[39m[90m 135 |[39m     [36mawait[39m validator[33m.[39mstart(validatorConfig)[33m;[39m
     [90m     |[39m     [31m[1m^[22m[39m
     [90m 136 |[39m }
     [90m 137 |[39m
     [90m 138 |[39m[0m

      at FhirValidator.waitForReady (node_modules/fhir-validator-wrapper/fhir-validator.js:152:11)
      at FhirValidator.start (node_modules/fhir-validator-wrapper/fhir-validator.js:129:5)
      at loadValidator (tx/tests/test-runner.js:135:5)
      at startTxTests (tx/tests/test-runner.js:20:5)
      at Object.<anonymous> (tests/tx/test-cases.test.js:10:5)

  ΓùÅ Tx Tests ΓÇ║ version ΓÇ║ vs-expand-all-v2

    Validator service did not become ready within 60000ms

    [0m [90m 133 |[39m         timeout[33m:[39m [35m60000[39m
     [90m 134 |[39m     }
    [31m[1m>[22m[39m[90m 135 |[39m     [36mawait[39m validator[33m.[39mstart(validatorConfig)[33m;[39m
     [90m     |[39m     [31m[1m^[22m[39m
     [90m 136 |[39m }
     [90m 137 |[39m
     [90m 138 |[39m[0m

      at FhirValidator.waitForReady (node_modules/fhir-validator-wrapper/fhir-validator.js:152:11)
      at FhirValidator.start (node_modules/fhir-validator-wrapper/fhir-validator.js:129:5)
      at loadValidator (tx/tests/test-runner.js:135:5)
      at startTxTests (tx/tests/test-runner.js:20:5)
      at Object.<anonymous> (tests/tx/test-cases.test.js:10:5)

  ΓùÅ Tx Tests ΓÇ║ version ΓÇ║ vs-expand-v-mixed

    Validator service did not become ready within 60000ms

    [0m [90m 133 |[39m         timeout[33m:[39m [35m60000[39m
     [90m 134 |[39m     }
    [31m[1m>[22m[39m[90m 135 |[39m     [36mawait[39m validator[33m.[39mstart(validatorConfig)[33m;[39m
     [90m     |[39m     [31m[1m^[22m[39m
     [90m 136 |[39m }
     [90m 137 |[39m
     [90m 138 |[39m[0m

      at FhirValidator.waitForReady (node_modules/fhir-validator-wrapper/fhir-validator.js:152:11)
      at FhirValidator.start (node_modules/fhir-validator-wrapper/fhir-validator.js:129:5)
      at loadValidator (tx/tests/test-runner.js:135:5)
      at startTxTests (tx/tests/test-runner.js:20:5)
      at Object.<anonymous> (tests/tx/test-cases.test.js:10:5)

  ΓùÅ Tx Tests ΓÇ║ version ΓÇ║ vs-expand-v-n-request

    Validator service did not become ready within 60000ms

    [0m [90m 133 |[39m         timeout[33m:[39m [35m60000[39m
     [90m 134 |[39m     }
    [31m[1m>[22m[39m[90m 135 |[39m     [36mawait[39m validator[33m.[39mstart(validatorConfig)[33m;[39m
     [90m     |[39m     [31m[1m^[22m[39m
     [90m 136 |[39m }
     [90m 137 |[39m
     [90m 138 |[39m[0m

      at FhirValidator.waitForReady (node_modules/fhir-validator-wrapper/fhir-validator.js:152:11)
      at FhirValidator.start (node_modules/fhir-validator-wrapper/fhir-validator.js:129:5)
      at loadValidator (tx/tests/test-runner.js:135:5)
      at startTxTests (tx/tests/test-runner.js:20:5)
      at Object.<anonymous> (tests/tx/test-cases.test.js:10:5)

  ΓùÅ Tx Tests ΓÇ║ version ΓÇ║ vs-expand-v-w

    Validator service did not become ready within 60000ms

    [0m [90m 133 |[39m         timeout[33m:[39m [35m60000[39m
     [90m 134 |[39m     }
    [31m[1m>[22m[39m[90m 135 |[39m     [36mawait[39m validator[33m.[39mstart(validatorConfig)[33m;[39m
     [90m     |[39m     [31m[1m^[22m[39m
     [90m 136 |[39m }
     [90m 137 |[39m
     [90m 138 |[39m[0m

      at FhirValidator.waitForReady (node_modules/fhir-validator-wrapper/fhir-validator.js:152:11)
      at FhirValidator.start (node_modules/fhir-validator-wrapper/fhir-validator.js:129:5)
      at loadValidator (tx/tests/test-runner.js:135:5)
      at startTxTests (tx/tests/test-runner.js:20:5)
      at Object.<anonymous> (tests/tx/test-cases.test.js:10:5)

  ΓùÅ Tx Tests ΓÇ║ version ΓÇ║ vs-expand-v-wb

    Validator service did not become ready within 60000ms

    [0m [90m 133 |[39m         timeout[33m:[39m [35m60000[39m
     [90m 134 |[39m     }
    [31m[1m>[22m[39m[90m 135 |[39m     [36mawait[39m validator[33m.[39mstart(validatorConfig)[33m;[39m
     [90m     |[39m     [31m[1m^[22m[39m
     [90m 136 |[39m }
     [90m 137 |[39m
     [90m 138 |[39m[0m

      at FhirValidator.waitForReady (node_modules/fhir-validator-wrapper/fhir-validator.js:152:11)
      at FhirValidator.start (node_modules/fhir-validator-wrapper/fhir-validator.js:129:5)
      at loadValidator (tx/tests/test-runner.js:135:5)
      at startTxTests (tx/tests/test-runner.js:20:5)
      at Object.<anonymous> (tests/tx/test-cases.test.js:10:5)

  ΓùÅ Tx Tests ΓÇ║ version ΓÇ║ vs-expand-v1

    Validator service did not become ready within 60000ms

    [0m [90m 133 |[39m         timeout[33m:[39m [35m60000[39m
     [90m 134 |[39m     }
    [31m[1m>[22m[39m[90m 135 |[39m     [36mawait[39m validator[33m.[39mstart(validatorConfig)[33m;[39m
     [90m     |[39m     [31m[1m^[22m[39m
     [90m 136 |[39m }
     [90m 137 |[39m
     [90m 138 |[39m[0m

      at FhirValidator.waitForReady (node_modules/fhir-validator-wrapper/fhir-validator.js:152:11)
      at FhirValidator.start (node_modules/fhir-validator-wrapper/fhir-validator.js:129:5)
      at loadValidator (tx/tests/test-runner.js:135:5)
      at startTxTests (tx/tests/test-runner.js:20:5)
      at Object.<anonymous> (tests/tx/test-cases.test.js:10:5)

  ΓùÅ Tx Tests ΓÇ║ version ΓÇ║ vs-expand-v2

    Validator service did not become ready within 60000ms

    [0m [90m 133 |[39m         timeout[33m:[39m [35m60000[39m
     [90m 134 |[39m     }
    [31m[1m>[22m[39m[90m 135 |[39m     [36mawait[39m validator[33m.[39mstart(validatorConfig)[33m;[39m
     [90m     |[39m     [31m[1m^[22m[39m
     [90m 136 |[39m }
     [90m 137 |[39m
     [90m 138 |[39m[0m

      at FhirValidator.waitForReady (node_modules/fhir-validator-wrapper/fhir-validator.js:152:11)
      at FhirValidator.start (node_modules/fhir-validator-wrapper/fhir-validator.js:129:5)
      at loadValidator (tx/tests/test-runner.js:135:5)
      at startTxTests (tx/tests/test-runner.js:20:5)
      at Object.<anonymous> (tests/tx/test-cases.test.js:10:5)

  ΓùÅ Tx Tests ΓÇ║ version ΓÇ║ vs-expand-all-v-force

    Validator service did not become ready within 60000ms

    [0m [90m 133 |[39m         timeout[33m:[39m [35m60000[39m
     [90m 134 |[39m     }
    [31m[1m>[22m[39m[90m 135 |[39m     [36mawait[39m validator[33m.[39mstart(validatorConfig)[33m;[39m
     [90m     |[39m     [31m[1m^[22m[39m
     [90m 136 |[39m }
     [90m 137 |[39m
     [90m 138 |[39m[0m

      at FhirValidator.waitForReady (node_modules/fhir-validator-wrapper/fhir-validator.js:152:11)
      at FhirValidator.start (node_modules/fhir-validator-wrapper/fhir-validator.js:129:5)
      at loadValidator (tx/tests/test-runner.js:135:5)
      at startTxTests (tx/tests/test-runner.js:20:5)
      at Object.<anonymous> (tests/tx/test-cases.test.js:10:5)

  ΓùÅ Tx Tests ΓÇ║ version ΓÇ║ vs-expand-all-v1-force

    Validator service did not become ready within 60000ms

    [0m [90m 133 |[39m         timeout[33m:[39m [35m60000[39m
     [90m 134 |[39m     }
    [31m[1m>[22m[39m[90m 135 |[39m     [36mawait[39m validator[33m.[39mstart(validatorConfig)[33m;[39m
     [90m     |[39m     [31m[1m^[22m[39m
     [90m 136 |[39m }
     [90m 137 |[39m
     [90m 138 |[39m[0m

      at FhirValidator.waitForReady (node_modules/fhir-validator-wrapper/fhir-validator.js:152:11)
      at FhirValidator.start (node_modules/fhir-validator-wrapper/fhir-validator.js:129:5)
      at loadValidator (tx/tests/test-runner.js:135:5)
      at startTxTests (tx/tests/test-runner.js:20:5)
      at Object.<anonymous> (tests/tx/test-cases.test.js:10:5)

  ΓùÅ Tx Tests ΓÇ║ version ΓÇ║ vs-expand-all-v2-force

    Validator service did not become ready within 60000ms

    [0m [90m 133 |[39m         timeout[33m:[39m [35m60000[39m
     [90m 134 |[39m     }
    [31m[1m>[22m[39m[90m 135 |[39m     [36mawait[39m validator[33m.[39mstart(validatorConfig)[33m;[39m
     [90m     |[39m     [31m[1m^[22m[39m
     [90m 136 |[39m }
     [90m 137 |[39m
     [90m 138 |[39m[0m

      at FhirValidator.waitForReady (node_modules/fhir-validator-wrapper/fhir-validator.js:152:11)
      at FhirValidator.start (node_modules/fhir-validator-wrapper/fhir-validator.js:129:5)
      at loadValidator (tx/tests/test-runner.js:135:5)
      at startTxTests (tx/tests/test-runner.js:20:5)
      at Object.<anonymous> (tests/tx/test-cases.test.js:10:5)

  ΓùÅ Tx Tests ΓÇ║ version ΓÇ║ vs-expand-v-mixed-force

    Validator service did not become ready within 60000ms

    [0m [90m 133 |[39m         timeout[33m:[39m [35m60000[39m
     [90m 134 |[39m     }
    [31m[1m>[22m[39m[90m 135 |[39m     [36mawait[39m validator[33m.[39mstart(validatorConfig)[33m;[39m
     [90m     |[39m     [31m[1m^[22m[39m
     [90m 136 |[39m }
     [90m 137 |[39m
     [90m 138 |[39m[0m

      at FhirValidator.waitForReady (node_modules/fhir-validator-wrapper/fhir-validator.js:152:11)
      at FhirValidator.start (node_modules/fhir-validator-wrapper/fhir-validator.js:129:5)
      at loadValidator (tx/tests/test-runner.js:135:5)
      at startTxTests (tx/tests/test-runner.js:20:5)
      at Object.<anonymous> (tests/tx/test-cases.test.js:10:5)

  ΓùÅ Tx Tests ΓÇ║ version ΓÇ║ vs-expand-v-n-force-request

    Validator service did not become ready within 60000ms

    [0m [90m 133 |[39m         timeout[33m:[39m [35m60000[39m
     [90m 134 |[39m     }
    [31m[1m>[22m[39m[90m 135 |[39m     [36mawait[39m validator[33m.[39mstart(validatorConfig)[33m;[39m
     [90m     |[39m     [31m[1m^[22m[39m
     [90m 136 |[39m }
     [90m 137 |[39m
     [90m 138 |[39m[0m

      at FhirValidator.waitForReady (node_modules/fhir-validator-wrapper/fhir-validator.js:152:11)
      at FhirValidator.start (node_modules/fhir-validator-wrapper/fhir-validator.js:129:5)
      at loadValidator (tx/tests/test-runner.js:135:5)
      at startTxTests (tx/tests/test-runner.js:20:5)
      at Object.<anonymous> (tests/tx/test-cases.test.js:10:5)

  ΓùÅ Tx Tests ΓÇ║ version ΓÇ║ vs-expand-v-w-force

    Validator service did not become ready within 60000ms

    [0m [90m 133 |[39m         timeout[33m:[39m [35m60000[39m
     [90m 134 |[39m     }
    [31m[1m>[22m[39m[90m 135 |[39m     [36mawait[39m validator[33m.[39mstart(validatorConfig)[33m;[39m
     [90m     |[39m     [31m[1m^[22m[39m
     [90m 136 |[39m }
     [90m 137 |[39m
     [90m 138 |[39m[0m

      at FhirValidator.waitForReady (node_modules/fhir-validator-wrapper/fhir-validator.js:152:11)
      at FhirValidator.start (node_modules/fhir-validator-wrapper/fhir-validator.js:129:5)
      at loadValidator (tx/tests/test-runner.js:135:5)
      at startTxTests (tx/tests/test-runner.js:20:5)
      at Object.<anonymous> (tests/tx/test-cases.test.js:10:5)

  ΓùÅ Tx Tests ΓÇ║ version ΓÇ║ vs-expand-v-wb-force

    Validator service did not become ready within 60000ms

    [0m [90m 133 |[39m         timeout[33m:[39m [35m60000[39m
     [90m 134 |[39m     }
    [31m[1m>[22m[39m[90m 135 |[39m     [36mawait[39m validator[33m.[39mstart(validatorConfig)[33m;[39m
     [90m     |[39m     [31m[1m^[22m[39m
     [90m 136 |[39m }
     [90m 137 |[39m
     [90m 138 |[39m[0m

      at FhirValidator.waitForReady (node_modules/fhir-validator-wrapper/fhir-validator.js:152:11)
      at FhirValidator.start (node_modules/fhir-validator-wrapper/fhir-validator.js:129:5)
      at loadValidator (tx/tests/test-runner.js:135:5)
      at startTxTests (tx/tests/test-runner.js:20:5)
      at Object.<anonymous> (tests/tx/test-cases.test.js:10:5)

  ΓùÅ Tx Tests ΓÇ║ version ΓÇ║ vs-expand-v1-force

    Validator service did not become ready within 60000ms

    [0m [90m 133 |[39m         timeout[33m:[39m [35m60000[39m
     [90m 134 |[39m     }
    [31m[1m>[22m[39m[90m 135 |[39m     [36mawait[39m validator[33m.[39mstart(validatorConfig)[33m;[39m
     [90m     |[39m     [31m[1m^[22m[39m
     [90m 136 |[39m }
     [90m 137 |[39m
     [90m 138 |[39m[0m

      at FhirValidator.waitForReady (node_modules/fhir-validator-wrapper/fhir-validator.js:152:11)
      at FhirValidator.start (node_modules/fhir-validator-wrapper/fhir-validator.js:129:5)
      at loadValidator (tx/tests/test-runner.js:135:5)
      at startTxTests (tx/tests/test-runner.js:20:5)
      at Object.<anonymous> (tests/tx/test-cases.test.js:10:5)

  ΓùÅ Tx Tests ΓÇ║ version ΓÇ║ vs-expand-v2-force

    Validator service did not become ready within 60000ms

    [0m [90m 133 |[39m         timeout[33m:[39m [35m60000[39m
     [90m 134 |[39m     }
    [31m[1m>[22m[39m[90m 135 |[39m     [36mawait[39m validator[33m.[39mstart(validatorConfig)[33m;[39m
     [90m     |[39m     [31m[1m^[22m[39m
     [90m 136 |[39m }
     [90m 137 |[39m
     [90m 138 |[39m[0m

      at FhirValidator.waitForReady (node_modules/fhir-validator-wrapper/fhir-validator.js:152:11)
      at FhirValidator.start (node_modules/fhir-validator-wrapper/fhir-validator.js:129:5)
      at loadValidator (tx/tests/test-runner.js:135:5)
      at startTxTests (tx/tests/test-runner.js:20:5)
      at Object.<anonymous> (tests/tx/test-cases.test.js:10:5)

  ΓùÅ Tx Tests ΓÇ║ version ΓÇ║ vs-expand-all-v-default

    Validator service did not become ready within 60000ms

    [0m [90m 133 |[39m         timeout[33m:[39m [35m60000[39m
     [90m 134 |[39m     }
    [31m[1m>[22m[39m[90m 135 |[39m     [36mawait[39m validator[33m.[39mstart(validatorConfig)[33m;[39m
     [90m     |[39m     [31m[1m^[22m[39m
     [90m 136 |[39m }
     [90m 137 |[39m
     [90m 138 |[39m[0m

      at FhirValidator.waitForReady (node_modules/fhir-validator-wrapper/fhir-validator.js:152:11)
      at FhirValidator.start (node_modules/fhir-validator-wrapper/fhir-validator.js:129:5)
      at loadValidator (tx/tests/test-runner.js:135:5)
      at startTxTests (tx/tests/test-runner.js:20:5)
      at Object.<anonymous> (tests/tx/test-cases.test.js:10:5)

  ΓùÅ Tx Tests ΓÇ║ version ΓÇ║ vs-expand-all-v1-default

    Validator service did not become ready within 60000ms

    [0m [90m 133 |[39m         timeout[33m:[39m [35m60000[39m
     [90m 134 |[39m     }
    [31m[1m>[22m[39m[90m 135 |[39m     [36mawait[39m validator[33m.[39mstart(validatorConfig)[33m;[39m
     [90m     |[39m     [31m[1m^[22m[39m
     [90m 136 |[39m }
     [90m 137 |[39m
     [90m 138 |[39m[0m

      at FhirValidator.waitForReady (node_modules/fhir-validator-wrapper/fhir-validator.js:152:11)
      at FhirValidator.start (node_modules/fhir-validator-wrapper/fhir-validator.js:129:5)
      at loadValidator (tx/tests/test-runner.js:135:5)
      at startTxTests (tx/tests/test-runner.js:20:5)
      at Object.<anonymous> (tests/tx/test-cases.test.js:10:5)

  ΓùÅ Tx Tests ΓÇ║ version ΓÇ║ vs-expand-all-v2-default

    Validator service did not become ready within 60000ms

    [0m [90m 133 |[39m         timeout[33m:[39m [35m60000[39m
     [90m 134 |[39m     }
    [31m[1m>[22m[39m[90m 135 |[39m     [36mawait[39m validator[33m.[39mstart(validatorConfig)[33m;[39m
     [90m     |[39m     [31m[1m^[22m[39m
     [90m 136 |[39m }
     [90m 137 |[39m
     [90m 138 |[39m[0m

      at FhirValidator.waitForReady (node_modules/fhir-validator-wrapper/fhir-validator.js:152:11)
      at FhirValidator.start (node_modules/fhir-validator-wrapper/fhir-validator.js:129:5)
      at loadValidator (tx/tests/test-runner.js:135:5)
      at startTxTests (tx/tests/test-runner.js:20:5)
      at Object.<anonymous> (tests/tx/test-cases.test.js:10:5)

  ΓùÅ Tx Tests ΓÇ║ version ΓÇ║ vs-expand-v-mixed-default

    Validator service did not become ready within 60000ms

    [0m [90m 133 |[39m         timeout[33m:[39m [35m60000[39m
     [90m 134 |[39m     }
    [31m[1m>[22m[39m[90m 135 |[39m     [36mawait[39m validator[33m.[39mstart(validatorConfig)[33m;[39m
     [90m     |[39m     [31m[1m^[22m[39m
     [90m 136 |[39m }
     [90m 137 |[39m
     [90m 138 |[39m[0m

      at FhirValidator.waitForReady (node_modules/fhir-validator-wrapper/fhir-validator.js:152:11)
      at FhirValidator.start (node_modules/fhir-validator-wrapper/fhir-validator.js:129:5)
      at loadValidator (tx/tests/test-runner.js:135:5)
      at startTxTests (tx/tests/test-runner.js:20:5)
      at Object.<anonymous> (tests/tx/test-cases.test.js:10:5)

  ΓùÅ Tx Tests ΓÇ║ version ΓÇ║ vs-expand-v-n-default-request

    Validator service did not become ready within 60000ms

    [0m [90m 133 |[39m         timeout[33m:[39m [35m60000[39m
     [90m 134 |[39m     }
    [31m[1m>[22m[39m[90m 135 |[39m     [36mawait[39m validator[33m.[39mstart(validatorConfig)[33m;[39m
     [90m     |[39m     [31m[1m^[22m[39m
     [90m 136 |[39m }
     [90m 137 |[39m
     [90m 138 |[39m[0m

      at FhirValidator.waitForReady (node_modules/fhir-validator-wrapper/fhir-validator.js:152:11)
      at FhirValidator.start (node_modules/fhir-validator-wrapper/fhir-validator.js:129:5)
      at loadValidator (tx/tests/test-runner.js:135:5)
      at startTxTests (tx/tests/test-runner.js:20:5)
      at Object.<anonymous> (tests/tx/test-cases.test.js:10:5)

  ΓùÅ Tx Tests ΓÇ║ version ΓÇ║ vs-expand-v-w-default

    Validator service did not become ready within 60000ms

    [0m [90m 133 |[39m         timeout[33m:[39m [35m60000[39m
     [90m 134 |[39m     }
    [31m[1m>[22m[39m[90m 135 |[39m     [36mawait[39m validator[33m.[39mstart(validatorConfig)[33m;[39m
     [90m     |[39m     [31m[1m^[22m[39m
     [90m 136 |[39m }
     [90m 137 |[39m
     [90m 138 |[39m[0m

      at FhirValidator.waitForReady (node_modules/fhir-validator-wrapper/fhir-validator.js:152:11)
      at FhirValidator.start (node_modules/fhir-validator-wrapper/fhir-validator.js:129:5)
      at loadValidator (tx/tests/test-runner.js:135:5)
      at startTxTests (tx/tests/test-runner.js:20:5)
      at Object.<anonymous> (tests/tx/test-cases.test.js:10:5)

  ΓùÅ Tx Tests ΓÇ║ version ΓÇ║ vs-expand-v-wb-default

    Validator service did not become ready within 60000ms

    [0m [90m 133 |[39m         timeout[33m:[39m [35m60000[39m
     [90m 134 |[39m     }
    [31m[1m>[22m[39m[90m 135 |[39m     [36mawait[39m validator[33m.[39mstart(validatorConfig)[33m;[39m
     [90m     |[39m     [31m[1m^[22m[39m
     [90m 136 |[39m }
     [90m 137 |[39m
     [90m 138 |[39m[0m

      at FhirValidator.waitForReady (node_modules/fhir-validator-wrapper/fhir-validator.js:152:11)
      at FhirValidator.start (node_modules/fhir-validator-wrapper/fhir-validator.js:129:5)
      at loadValidator (tx/tests/test-runner.js:135:5)
      at startTxTests (tx/tests/test-runner.js:20:5)
      at Object.<anonymous> (tests/tx/test-cases.test.js:10:5)

  ΓùÅ Tx Tests ΓÇ║ version ΓÇ║ vs-expand-v1-default

    Validator service did not become ready within 60000ms

    [0m [90m 133 |[39m         timeout[33m:[39m [35m60000[39m
     [90m 134 |[39m     }
    [31m[1m>[22m[39m[90m 135 |[39m     [36mawait[39m validator[33m.[39mstart(validatorConfig)[33m;[39m
     [90m     |[39m     [31m[1m^[22m[39m
     [90m 136 |[39m }
     [90m 137 |[39m
     [90m 138 |[39m[0m

      at FhirValidator.waitForReady (node_modules/fhir-validator-wrapper/fhir-validator.js:152:11)
      at FhirValidator.start (node_modules/fhir-validator-wrapper/fhir-validator.js:129:5)
      at loadValidator (tx/tests/test-runner.js:135:5)
      at startTxTests (tx/tests/test-runner.js:20:5)
      at Object.<anonymous> (tests/tx/test-cases.test.js:10:5)

  ΓùÅ Tx Tests ΓÇ║ version ΓÇ║ vs-expand-v2-default

    Validator service did not become ready within 60000ms

    [0m [90m 133 |[39m         timeout[33m:[39m [35m60000[39m
     [90m 134 |[39m     }
    [31m[1m>[22m[39m[90m 135 |[39m     [36mawait[39m validator[33m.[39mstart(validatorConfig)[33m;[39m
     [90m     |[39m     [31m[1m^[22m[39m
     [90m 136 |[39m }
     [90m 137 |[39m
     [90m 138 |[39m[0m

      at FhirValidator.waitForReady (node_modules/fhir-validator-wrapper/fhir-validator.js:152:11)
      at FhirValidator.start (node_modules/fhir-validator-wrapper/fhir-validator.js:129:5)
      at loadValidator (tx/tests/test-runner.js:135:5)
      at startTxTests (tx/tests/test-runner.js:20:5)
      at Object.<anonymous> (tests/tx/test-cases.test.js:10:5)

  ΓùÅ Tx Tests ΓÇ║ version ΓÇ║ vs-expand-all-v-check

    Validator service did not become ready within 60000ms

    [0m [90m 133 |[39m         timeout[33m:[39m [35m60000[39m
     [90m 134 |[39m     }
    [31m[1m>[22m[39m[90m 135 |[39m     [36mawait[39m validator[33m.[39mstart(validatorConfig)[33m;[39m
     [90m     |[39m     [31m[1m^[22m[39m
     [90m 136 |[39m }
     [90m 137 |[39m
     [90m 138 |[39m[0m

      at FhirValidator.waitForReady (node_modules/fhir-validator-wrapper/fhir-validator.js:152:11)
      at FhirValidator.start (node_modules/fhir-validator-wrapper/fhir-validator.js:129:5)
      at loadValidator (tx/tests/test-runner.js:135:5)
      at startTxTests (tx/tests/test-runner.js:20:5)
      at Object.<anonymous> (tests/tx/test-cases.test.js:10:5)

  ΓùÅ Tx Tests ΓÇ║ version ΓÇ║ vs-expand-all-v1-check

    Validator service did not become ready within 60000ms

    [0m [90m 133 |[39m         timeout[33m:[39m [35m60000[39m
     [90m 134 |[39m     }
    [31m[1m>[22m[39m[90m 135 |[39m     [36mawait[39m validator[33m.[39mstart(validatorConfig)[33m;[39m
     [90m     |[39m     [31m[1m^[22m[39m
     [90m 136 |[39m }
     [90m 137 |[39m
     [90m 138 |[39m[0m

      at FhirValidator.waitForReady (node_modules/fhir-validator-wrapper/fhir-validator.js:152:11)
      at FhirValidator.start (node_modules/fhir-validator-wrapper/fhir-validator.js:129:5)
      at loadValidator (tx/tests/test-runner.js:135:5)
      at startTxTests (tx/tests/test-runner.js:20:5)
      at Object.<anonymous> (tests/tx/test-cases.test.js:10:5)

  ΓùÅ Tx Tests ΓÇ║ version ΓÇ║ vs-expand-all-v2-check

    Validator service did not become ready within 60000ms

    [0m [90m 133 |[39m         timeout[33m:[39m [35m60000[39m
     [90m 134 |[39m     }
    [31m[1m>[22m[39m[90m 135 |[39m     [36mawait[39m validator[33m.[39mstart(validatorConfig)[33m;[39m
     [90m     |[39m     [31m[1m^[22m[39m
     [90m 136 |[39m }
     [90m 137 |[39m
     [90m 138 |[39m[0m

      at FhirValidator.waitForReady (node_modules/fhir-validator-wrapper/fhir-validator.js:152:11)
      at FhirValidator.start (node_modules/fhir-validator-wrapper/fhir-validator.js:129:5)
      at loadValidator (tx/tests/test-runner.js:135:5)
      at startTxTests (tx/tests/test-runner.js:20:5)
      at Object.<anonymous> (tests/tx/test-cases.test.js:10:5)

  ΓùÅ Tx Tests ΓÇ║ version ΓÇ║ vs-expand-v-mixed-check

    Validator service did not become ready within 60000ms

    [0m [90m 133 |[39m         timeout[33m:[39m [35m60000[39m
     [90m 134 |[39m     }
    [31m[1m>[22m[39m[90m 135 |[39m     [36mawait[39m validator[33m.[39mstart(validatorConfig)[33m;[39m
     [90m     |[39m     [31m[1m^[22m[39m
     [90m 136 |[39m }
     [90m 137 |[39m
     [90m 138 |[39m[0m

      at FhirValidator.waitForReady (node_modules/fhir-validator-wrapper/fhir-validator.js:152:11)
      at FhirValidator.start (node_modules/fhir-validator-wrapper/fhir-validator.js:129:5)
      at loadValidator (tx/tests/test-runner.js:135:5)
      at startTxTests (tx/tests/test-runner.js:20:5)
      at Object.<anonymous> (tests/tx/test-cases.test.js:10:5)

  ΓùÅ Tx Tests ΓÇ║ version ΓÇ║ vs-expand-v-n-check-request

    Validator service did not become ready within 60000ms

    [0m [90m 133 |[39m         timeout[33m:[39m [35m60000[39m
     [90m 134 |[39m     }
    [31m[1m>[22m[39m[90m 135 |[39m     [36mawait[39m validator[33m.[39mstart(validatorConfig)[33m;[39m
     [90m     |[39m     [31m[1m^[22m[39m
     [90m 136 |[39m }
     [90m 137 |[39m
     [90m 138 |[39m[0m

      at FhirValidator.waitForReady (node_modules/fhir-validator-wrapper/fhir-validator.js:152:11)
      at FhirValidator.start (node_modules/fhir-validator-wrapper/fhir-validator.js:129:5)
      at loadValidator (tx/tests/test-runner.js:135:5)
      at startTxTests (tx/tests/test-runner.js:20:5)
      at Object.<anonymous> (tests/tx/test-cases.test.js:10:5)

  ΓùÅ Tx Tests ΓÇ║ version ΓÇ║ vs-expand-v-w-check

    Validator service did not become ready within 60000ms

    [0m [90m 133 |[39m         timeout[33m:[39m [35m60000[39m
     [90m 134 |[39m     }
    [31m[1m>[22m[39m[90m 135 |[39m     [36mawait[39m validator[33m.[39mstart(validatorConfig)[33m;[39m
     [90m     |[39m     [31m[1m^[22m[39m
     [90m 136 |[39m }
     [90m 137 |[39m
     [90m 138 |[39m[0m

      at FhirValidator.waitForReady (node_modules/fhir-validator-wrapper/fhir-validator.js:152:11)
      at FhirValidator.start (node_modules/fhir-validator-wrapper/fhir-validator.js:129:5)
      at loadValidator (tx/tests/test-runner.js:135:5)
      at startTxTests (tx/tests/test-runner.js:20:5)
      at Object.<anonymous> (tests/tx/test-cases.test.js:10:5)

  ΓùÅ Tx Tests ΓÇ║ version ΓÇ║ vs-expand-v-wb-check

    Validator service did not become ready within 60000ms

    [0m [90m 133 |[39m         timeout[33m:[39m [35m60000[39m
     [90m 134 |[39m     }
    [31m[1m>[22m[39m[90m 135 |[39m     [36mawait[39m validator[33m.[39mstart(validatorConfig)[33m;[39m
     [90m     |[39m     [31m[1m^[22m[39m
     [90m 136 |[39m }
     [90m 137 |[39m
     [90m 138 |[39m[0m

      at FhirValidator.waitForReady (node_modules/fhir-validator-wrapper/fhir-validator.js:152:11)
      at FhirValidator.start (node_modules/fhir-validator-wrapper/fhir-validator.js:129:5)
      at loadValidator (tx/tests/test-runner.js:135:5)
      at startTxTests (tx/tests/test-runner.js:20:5)
      at Object.<anonymous> (tests/tx/test-cases.test.js:10:5)

  ΓùÅ Tx Tests ΓÇ║ version ΓÇ║ vs-expand-v1-check

    Validator service did not become ready within 60000ms

    [0m [90m 133 |[39m         timeout[33m:[39m [35m60000[39m
     [90m 134 |[39m     }
    [31m[1m>[22m[39m[90m 135 |[39m     [36mawait[39m validator[33m.[39mstart(validatorConfig)[33m;[39m
     [90m     |[39m     [31m[1m^[22m[39m
     [90m 136 |[39m }
     [90m 137 |[39m
     [90m 138 |[39m[0m

      at FhirValidator.waitForReady (node_modules/fhir-validator-wrapper/fhir-validator.js:152:11)
      at FhirValidator.start (node_modules/fhir-validator-wrapper/fhir-validator.js:129:5)
      at loadValidator (tx/tests/test-runner.js:135:5)
      at startTxTests (tx/tests/test-runner.js:20:5)
      at Object.<anonymous> (tests/tx/test-cases.test.js:10:5)

  ΓùÅ Tx Tests ΓÇ║ version ΓÇ║ vs-expand-v2-check

    Validator service did not become ready within 60000ms

    [0m [90m 133 |[39m         timeout[33m:[39m [35m60000[39m
     [90m 134 |[39m     }
    [31m[1m>[22m[39m[90m 135 |[39m     [36mawait[39m validator[33m.[39mstart(validatorConfig)[33m;[39m
     [90m     |[39m     [31m[1m^[22m[39m
     [90m 136 |[39m }
     [90m 137 |[39m
     [90m 138 |[39m[0m

      at FhirValidator.waitForReady (node_modules/fhir-validator-wrapper/fhir-validator.js:152:11)
      at FhirValidator.start (node_modules/fhir-validator-wrapper/fhir-validator.js:129:5)
      at loadValidator (tx/tests/test-runner.js:135:5)
      at startTxTests (tx/tests/test-runner.js:20:5)
      at Object.<anonymous> (tests/tx/test-cases.test.js:10:5)

  ΓùÅ Tx Tests ΓÇ║ fragment ΓÇ║ validation-fragment-code-good

    Validator service did not become ready within 60000ms

    [0m [90m 133 |[39m         timeout[33m:[39m [35m60000[39m
     [90m 134 |[39m     }
    [31m[1m>[22m[39m[90m 135 |[39m     [36mawait[39m validator[33m.[39mstart(validatorConfig)[33m;[39m
     [90m     |[39m     [31m[1m^[22m[39m
     [90m 136 |[39m }
     [90m 137 |[39m
     [90m 138 |[39m[0m

      at FhirValidator.waitForReady (node_modules/fhir-validator-wrapper/fhir-validator.js:152:11)
      at FhirValidator.start (node_modules/fhir-validator-wrapper/fhir-validator.js:129:5)
      at loadValidator (tx/tests/test-runner.js:135:5)
      at startTxTests (tx/tests/test-runner.js:20:5)
      at Object.<anonymous> (tests/tx/test-cases.test.js:10:5)

  ΓùÅ Tx Tests ΓÇ║ fragment ΓÇ║ validation-fragment-coding-good

    Validator service did not become ready within 60000ms

    [0m [90m 133 |[39m         timeout[33m:[39m [35m60000[39m
     [90m 134 |[39m     }
    [31m[1m>[22m[39m[90m 135 |[39m     [36mawait[39m validator[33m.[39mstart(validatorConfig)[33m;[39m
     [90m     |[39m     [31m[1m^[22m[39m
     [90m 136 |[39m }
     [90m 137 |[39m
     [90m 138 |[39m[0m

      at FhirValidator.waitForReady (node_modules/fhir-validator-wrapper/fhir-validator.js:152:11)
      at FhirValidator.start (node_modules/fhir-validator-wrapper/fhir-validator.js:129:5)
      at loadValidator (tx/tests/test-runner.js:135:5)
      at startTxTests (tx/tests/test-runner.js:20:5)
      at Object.<anonymous> (tests/tx/test-cases.test.js:10:5)

  ΓùÅ Tx Tests ΓÇ║ fragment ΓÇ║ validation-fragment-codeableconcept-good

    Validator service did not become ready within 60000ms

    [0m [90m 133 |[39m         timeout[33m:[39m [35m60000[39m
     [90m 134 |[39m     }
    [31m[1m>[22m[39m[90m 135 |[39m     [36mawait[39m validator[33m.[39mstart(validatorConfig)[33m;[39m
     [90m     |[39m     [31m[1m^[22m[39m
     [90m 136 |[39m }
     [90m 137 |[39m
     [90m 138 |[39m[0m

      at FhirValidator.waitForReady (node_modules/fhir-validator-wrapper/fhir-validator.js:152:11)
      at FhirValidator.start (node_modules/fhir-validator-wrapper/fhir-validator.js:129:5)
      at loadValidator (tx/tests/test-runner.js:135:5)
      at startTxTests (tx/tests/test-runner.js:20:5)
      at Object.<anonymous> (tests/tx/test-cases.test.js:10:5)

  ΓùÅ Tx Tests ΓÇ║ fragment ΓÇ║ validation-fragment-code-bad-code

    Validator service did not become ready within 60000ms

    [0m [90m 133 |[39m         timeout[33m:[39m [35m60000[39m
     [90m 134 |[39m     }
    [31m[1m>[22m[39m[90m 135 |[39m     [36mawait[39m validator[33m.[39mstart(validatorConfig)[33m;[39m
     [90m     |[39m     [31m[1m^[22m[39m
     [90m 136 |[39m }
     [90m 137 |[39m
     [90m 138 |[39m[0m

      at FhirValidator.waitForReady (node_modules/fhir-validator-wrapper/fhir-validator.js:152:11)
      at FhirValidator.start (node_modules/fhir-validator-wrapper/fhir-validator.js:129:5)
      at loadValidator (tx/tests/test-runner.js:135:5)
      at startTxTests (tx/tests/test-runner.js:20:5)
      at Object.<anonymous> (tests/tx/test-cases.test.js:10:5)

  ΓùÅ Tx Tests ΓÇ║ fragment ΓÇ║ validation-fragment-coding-bad-code

    Validator service did not become ready within 60000ms

    [0m [90m 133 |[39m         timeout[33m:[39m [35m60000[39m
     [90m 134 |[39m     }
    [31m[1m>[22m[39m[90m 135 |[39m     [36mawait[39m validator[33m.[39mstart(validatorConfig)[33m;[39m
     [90m     |[39m     [31m[1m^[22m[39m
     [90m 136 |[39m }
     [90m 137 |[39m
     [90m 138 |[39m[0m

      at FhirValidator.waitForReady (node_modules/fhir-validator-wrapper/fhir-validator.js:152:11)
      at FhirValidator.start (node_modules/fhir-validator-wrapper/fhir-validator.js:129:5)
      at loadValidator (tx/tests/test-runner.js:135:5)
      at startTxTests (tx/tests/test-runner.js:20:5)
      at Object.<anonymous> (tests/tx/test-cases.test.js:10:5)

  ΓùÅ Tx Tests ΓÇ║ fragment ΓÇ║ validation-fragment-codeableconcept-bad-code

    Validator service did not become ready within 60000ms

    [0m [90m 133 |[39m         timeout[33m:[39m [35m60000[39m
     [90m 134 |[39m     }
    [31m[1m>[22m[39m[90m 135 |[39m     [36mawait[39m validator[33m.[39mstart(validatorConfig)[33m;[39m
     [90m     |[39m     [31m[1m^[22m[39m
     [90m 136 |[39m }
     [90m 137 |[39m
     [90m 138 |[39m[0m

      at FhirValidator.waitForReady (node_modules/fhir-validator-wrapper/fhir-validator.js:152:11)
      at FhirValidator.start (node_modules/fhir-validator-wrapper/fhir-validator.js:129:5)
      at loadValidator (tx/tests/test-runner.js:135:5)
      at startTxTests (tx/tests/test-runner.js:20:5)
      at Object.<anonymous> (tests/tx/test-cases.test.js:10:5)

  ΓùÅ Tx Tests ΓÇ║ big ΓÇ║ big-echo-no-limit

    Validator service did not become ready within 60000ms

    [0m [90m 133 |[39m         timeout[33m:[39m [35m60000[39m
     [90m 134 |[39m     }
    [31m[1m>[22m[39m[90m 135 |[39m     [36mawait[39m validator[33m.[39mstart(validatorConfig)[33m;[39m
     [90m     |[39m     [31m[1m^[22m[39m
     [90m 136 |[39m }
     [90m 137 |[39m
     [90m 138 |[39m[0m

      at FhirValidator.waitForReady (node_modules/fhir-validator-wrapper/fhir-validator.js:152:11)
      at FhirValidator.start (node_modules/fhir-validator-wrapper/fhir-validator.js:129:5)
      at loadValidator (tx/tests/test-runner.js:135:5)
      at startTxTests (tx/tests/test-runner.js:20:5)
      at Object.<anonymous> (tests/tx/test-cases.test.js:10:5)

  ΓùÅ Tx Tests ΓÇ║ big ΓÇ║ big-echo-zero-fifty-limit

    Validator service did not become ready within 60000ms

    [0m [90m 133 |[39m         timeout[33m:[39m [35m60000[39m
     [90m 134 |[39m     }
    [31m[1m>[22m[39m[90m 135 |[39m     [36mawait[39m validator[33m.[39mstart(validatorConfig)[33m;[39m
     [90m     |[39m     [31m[1m^[22m[39m
     [90m 136 |[39m }
     [90m 137 |[39m
     [90m 138 |[39m[0m

      at FhirValidator.waitForReady (node_modules/fhir-validator-wrapper/fhir-validator.js:152:11)
      at FhirValidator.start (node_modules/fhir-validator-wrapper/fhir-validator.js:129:5)
      at loadValidator (tx/tests/test-runner.js:135:5)
      at startTxTests (tx/tests/test-runner.js:20:5)
      at Object.<anonymous> (tests/tx/test-cases.test.js:10:5)

  ΓùÅ Tx Tests ΓÇ║ big ΓÇ║ big-echo-fifty-fifty-limit

    Validator service did not become ready within 60000ms

    [0m [90m 133 |[39m         timeout[33m:[39m [35m60000[39m
     [90m 134 |[39m     }
    [31m[1m>[22m[39m[90m 135 |[39m     [36mawait[39m validator[33m.[39mstart(validatorConfig)[33m;[39m
     [90m     |[39m     [31m[1m^[22m[39m
     [90m 136 |[39m }
     [90m 137 |[39m
     [90m 138 |[39m[0m

      at FhirValidator.waitForReady (node_modules/fhir-validator-wrapper/fhir-validator.js:152:11)
      at FhirValidator.start (node_modules/fhir-validator-wrapper/fhir-validator.js:129:5)
      at loadValidator (tx/tests/test-runner.js:135:5)
      at startTxTests (tx/tests/test-runner.js:20:5)
      at Object.<anonymous> (tests/tx/test-cases.test.js:10:5)

  ΓùÅ Tx Tests ΓÇ║ big ΓÇ║ big-circle-bang

    Validator service did not become ready within 60000ms

    [0m [90m 133 |[39m         timeout[33m:[39m [35m60000[39m
     [90m 134 |[39m     }
    [31m[1m>[22m[39m[90m 135 |[39m     [36mawait[39m validator[33m.[39mstart(validatorConfig)[33m;[39m
     [90m     |[39m     [31m[1m^[22m[39m
     [90m 136 |[39m }
     [90m 137 |[39m
     [90m 138 |[39m[0m

      at FhirValidator.waitForReady (node_modules/fhir-validator-wrapper/fhir-validator.js:152:11)
      at FhirValidator.start (node_modules/fhir-validator-wrapper/fhir-validator.js:129:5)
      at loadValidator (tx/tests/test-runner.js:135:5)
      at startTxTests (tx/tests/test-runner.js:20:5)
      at Object.<anonymous> (tests/tx/test-cases.test.js:10:5)

  ΓùÅ Tx Tests ΓÇ║ big ΓÇ║ big-circle-validate

    Validator service did not become ready within 60000ms

    [0m [90m 133 |[39m         timeout[33m:[39m [35m60000[39m
     [90m 134 |[39m     }
    [31m[1m>[22m[39m[90m 135 |[39m     [36mawait[39m validator[33m.[39mstart(validatorConfig)[33m;[39m
     [90m     |[39m     [31m[1m^[22m[39m
     [90m 136 |[39m }
     [90m 137 |[39m
     [90m 138 |[39m[0m

      at FhirValidator.waitForReady (node_modules/fhir-validator-wrapper/fhir-validator.js:152:11)
      at FhirValidator.start (node_modules/fhir-validator-wrapper/fhir-validator.js:129:5)
      at loadValidator (tx/tests/test-runner.js:135:5)
      at startTxTests (tx/tests/test-runner.js:20:5)
      at Object.<anonymous> (tests/tx/test-cases.test.js:10:5)

  ΓùÅ Tx Tests ΓÇ║ other ΓÇ║ dual-filter

    Validator service did not become ready within 60000ms

    [0m [90m 133 |[39m         timeout[33m:[39m [35m60000[39m
     [90m 134 |[39m     }
    [31m[1m>[22m[39m[90m 135 |[39m     [36mawait[39m validator[33m.[39mstart(validatorConfig)[33m;[39m
     [90m     |[39m     [31m[1m^[22m[39m
     [90m 136 |[39m }
     [90m 137 |[39m
     [90m 138 |[39m[0m

      at FhirValidator.waitForReady (node_modules/fhir-validator-wrapper/fhir-validator.js:152:11)
      at FhirValidator.start (node_modules/fhir-validator-wrapper/fhir-validator.js:129:5)
      at loadValidator (tx/tests/test-runner.js:135:5)
      at startTxTests (tx/tests/test-runner.js:20:5)
      at Object.<anonymous> (tests/tx/test-cases.test.js:10:5)

  ΓùÅ Tx Tests ΓÇ║ other ΓÇ║ validation-dual-filter-in

    Validator service did not become ready within 60000ms

    [0m [90m 133 |[39m         timeout[33m:[39m [35m60000[39m
     [90m 134 |[39m     }
    [31m[1m>[22m[39m[90m 135 |[39m     [36mawait[39m validator[33m.[39mstart(validatorConfig)[33m;[39m
     [90m     |[39m     [31m[1m^[22m[39m
     [90m 136 |[39m }
     [90m 137 |[39m
     [90m 138 |[39m[0m

      at FhirValidator.waitForReady (node_modules/fhir-validator-wrapper/fhir-validator.js:152:11)
      at FhirValidator.start (node_modules/fhir-validator-wrapper/fhir-validator.js:129:5)
      at loadValidator (tx/tests/test-runner.js:135:5)
      at startTxTests (tx/tests/test-runner.js:20:5)
      at Object.<anonymous> (tests/tx/test-cases.test.js:10:5)

  ΓùÅ Tx Tests ΓÇ║ other ΓÇ║ validation-dual-filter-out

    Validator service did not become ready within 60000ms

    [0m [90m 133 |[39m         timeout[33m:[39m [35m60000[39m
     [90m 134 |[39m     }
    [31m[1m>[22m[39m[90m 135 |[39m     [36mawait[39m validator[33m.[39mstart(validatorConfig)[33m;[39m
     [90m     |[39m     [31m[1m^[22m[39m
     [90m 136 |[39m }
     [90m 137 |[39m
     [90m 138 |[39m[0m

      at FhirValidator.waitForReady (node_modules/fhir-validator-wrapper/fhir-validator.js:152:11)
      at FhirValidator.start (node_modules/fhir-validator-wrapper/fhir-validator.js:129:5)
      at loadValidator (tx/tests/test-runner.js:135:5)
      at startTxTests (tx/tests/test-runner.js:20:5)
      at Object.<anonymous> (tests/tx/test-cases.test.js:10:5)

  ΓùÅ Tx Tests ΓÇ║ errors ΓÇ║ unknown-system1

    Validator service did not become ready within 60000ms

    [0m [90m 133 |[39m         timeout[33m:[39m [35m60000[39m
     [90m 134 |[39m     }
    [31m[1m>[22m[39m[90m 135 |[39m     [36mawait[39m validator[33m.[39mstart(validatorConfig)[33m;[39m
     [90m     |[39m     [31m[1m^[22m[39m
     [90m 136 |[39m }
     [90m 137 |[39m
     [90m 138 |[39m[0m

      at FhirValidator.waitForReady (node_modules/fhir-validator-wrapper/fhir-validator.js:152:11)
      at FhirValidator.start (node_modules/fhir-validator-wrapper/fhir-validator.js:129:5)
      at loadValidator (tx/tests/test-runner.js:135:5)
      at startTxTests (tx/tests/test-runner.js:20:5)
      at Object.<anonymous> (tests/tx/test-cases.test.js:10:5)

  ΓùÅ Tx Tests ΓÇ║ errors ΓÇ║ unknown-system2

    Validator service did not become ready within 60000ms

    [0m [90m 133 |[39m         timeout[33m:[39m [35m60000[39m
     [90m 134 |[39m     }
    [31m[1m>[22m[39m[90m 135 |[39m     [36mawait[39m validator[33m.[39mstart(validatorConfig)[33m;[39m
     [90m     |[39m     [31m[1m^[22m[39m
     [90m 136 |[39m }
     [90m 137 |[39m
     [90m 138 |[39m[0m

      at FhirValidator.waitForReady (node_modules/fhir-validator-wrapper/fhir-validator.js:152:11)
      at FhirValidator.start (node_modules/fhir-validator-wrapper/fhir-validator.js:129:5)
      at loadValidator (tx/tests/test-runner.js:135:5)
      at startTxTests (tx/tests/test-runner.js:20:5)
      at Object.<anonymous> (tests/tx/test-cases.test.js:10:5)

  ΓùÅ Tx Tests ΓÇ║ errors ΓÇ║ broken-filter-validate

    Validator service did not become ready within 60000ms

    [0m [90m 133 |[39m         timeout[33m:[39m [35m60000[39m
     [90m 134 |[39m     }
    [31m[1m>[22m[39m[90m 135 |[39m     [36mawait[39m validator[33m.[39mstart(validatorConfig)[33m;[39m
     [90m     |[39m     [31m[1m^[22m[39m
     [90m 136 |[39m }
     [90m 137 |[39m
     [90m 138 |[39m[0m

      at FhirValidator.waitForReady (node_modules/fhir-validator-wrapper/fhir-validator.js:152:11)
      at FhirValidator.start (node_modules/fhir-validator-wrapper/fhir-validator.js:129:5)
      at loadValidator (tx/tests/test-runner.js:135:5)
      at startTxTests (tx/tests/test-runner.js:20:5)
      at Object.<anonymous> (tests/tx/test-cases.test.js:10:5)

  ΓùÅ Tx Tests ΓÇ║ errors ΓÇ║ broken-filter2-validate

    Validator service did not become ready within 60000ms

    [0m [90m 133 |[39m         timeout[33m:[39m [35m60000[39m
     [90m 134 |[39m     }
    [31m[1m>[22m[39m[90m 135 |[39m     [36mawait[39m validator[33m.[39mstart(validatorConfig)[33m;[39m
     [90m     |[39m     [31m[1m^[22m[39m
     [90m 136 |[39m }
     [90m 137 |[39m
     [90m 138 |[39m[0m

      at FhirValidator.waitForReady (node_modules/fhir-validator-wrapper/fhir-validator.js:152:11)
      at FhirValidator.start (node_modules/fhir-validator-wrapper/fhir-validator.js:129:5)
      at loadValidator (tx/tests/test-runner.js:135:5)
      at startTxTests (tx/tests/test-runner.js:20:5)
      at Object.<anonymous> (tests/tx/test-cases.test.js:10:5)

  ΓùÅ Tx Tests ΓÇ║ errors ΓÇ║ broken-filter-expand

    Validator service did not become ready within 60000ms

    [0m [90m 133 |[39m         timeout[33m:[39m [35m60000[39m
     [90m 134 |[39m     }
    [31m[1m>[22m[39m[90m 135 |[39m     [36mawait[39m validator[33m.[39mstart(validatorConfig)[33m;[39m
     [90m     |[39m     [31m[1m^[22m[39m
     [90m 136 |[39m }
     [90m 137 |[39m
     [90m 138 |[39m[0m

      at FhirValidator.waitForReady (node_modules/fhir-validator-wrapper/fhir-validator.js:152:11)
      at FhirValidator.start (node_modules/fhir-validator-wrapper/fhir-validator.js:129:5)
      at loadValidator (tx/tests/test-runner.js:135:5)
      at startTxTests (tx/tests/test-runner.js:20:5)
      at Object.<anonymous> (tests/tx/test-cases.test.js:10:5)

  ΓùÅ Tx Tests ΓÇ║ errors ΓÇ║ combination-ok

    Validator service did not become ready within 60000ms

    [0m [90m 133 |[39m         timeout[33m:[39m [35m60000[39m
     [90m 134 |[39m     }
    [31m[1m>[22m[39m[90m 135 |[39m     [36mawait[39m validator[33m.[39mstart(validatorConfig)[33m;[39m
     [90m     |[39m     [31m[1m^[22m[39m
     [90m 136 |[39m }
     [90m 137 |[39m
     [90m 138 |[39m[0m

      at FhirValidator.waitForReady (node_modules/fhir-validator-wrapper/fhir-validator.js:152:11)
      at FhirValidator.start (node_modules/fhir-validator-wrapper/fhir-validator.js:129:5)
      at loadValidator (tx/tests/test-runner.js:135:5)
      at startTxTests (tx/tests/test-runner.js:20:5)
      at Object.<anonymous> (tests/tx/test-cases.test.js:10:5)

  ΓùÅ Tx Tests ΓÇ║ errors ΓÇ║ combination-bad

    Validator service did not become ready within 60000ms

    [0m [90m 133 |[39m         timeout[33m:[39m [35m60000[39m
     [90m 134 |[39m     }
    [31m[1m>[22m[39m[90m 135 |[39m     [36mawait[39m validator[33m.[39mstart(validatorConfig)[33m;[39m
     [90m     |[39m     [31m[1m^[22m[39m
     [90m 136 |[39m }
     [90m 137 |[39m
     [90m 138 |[39m[0m

      at FhirValidator.waitForReady (node_modules/fhir-validator-wrapper/fhir-validator.js:152:11)
      at FhirValidator.start (node_modules/fhir-validator-wrapper/fhir-validator.js:129:5)
      at loadValidator (tx/tests/test-runner.js:135:5)
      at startTxTests (tx/tests/test-runner.js:20:5)
      at Object.<anonymous> (tests/tx/test-cases.test.js:10:5)

  ΓùÅ Tx Tests ΓÇ║ deprecated ΓÇ║ withdrawn

    Validator service did not become ready within 60000ms

    [0m [90m 133 |[39m         timeout[33m:[39m [35m60000[39m
     [90m 134 |[39m     }
    [31m[1m>[22m[39m[90m 135 |[39m     [36mawait[39m validator[33m.[39mstart(validatorConfig)[33m;[39m
     [90m     |[39m     [31m[1m^[22m[39m
     [90m 136 |[39m }
     [90m 137 |[39m
     [90m 138 |[39m[0m

      at FhirValidator.waitForReady (node_modules/fhir-validator-wrapper/fhir-validator.js:152:11)
      at FhirValidator.start (node_modules/fhir-validator-wrapper/fhir-validator.js:129:5)
      at loadValidator (tx/tests/test-runner.js:135:5)
      at startTxTests (tx/tests/test-runner.js:20:5)
      at Object.<anonymous> (tests/tx/test-cases.test.js:10:5)

  ΓùÅ Tx Tests ΓÇ║ deprecated ΓÇ║ not-withdrawn

    Validator service did not become ready within 60000ms

    [0m [90m 133 |[39m         timeout[33m:[39m [35m60000[39m
     [90m 134 |[39m     }
    [31m[1m>[22m[39m[90m 135 |[39m     [36mawait[39m validator[33m.[39mstart(validatorConfig)[33m;[39m
     [90m     |[39m     [31m[1m^[22m[39m
     [90m 136 |[39m }
     [90m 137 |[39m
     [90m 138 |[39m[0m

      at FhirValidator.waitForReady (node_modules/fhir-validator-wrapper/fhir-validator.js:152:11)
      at FhirValidator.start (node_modules/fhir-validator-wrapper/fhir-validator.js:129:5)
      at loadValidator (tx/tests/test-runner.js:135:5)
      at startTxTests (tx/tests/test-runner.js:20:5)
      at Object.<anonymous> (tests/tx/test-cases.test.js:10:5)

  ΓùÅ Tx Tests ΓÇ║ deprecated ΓÇ║ withdrawn-validate

    Validator service did not become ready within 60000ms

    [0m [90m 133 |[39m         timeout[33m:[39m [35m60000[39m
     [90m 134 |[39m     }
    [31m[1m>[22m[39m[90m 135 |[39m     [36mawait[39m validator[33m.[39mstart(validatorConfig)[33m;[39m
     [90m     |[39m     [31m[1m^[22m[39m
     [90m 136 |[39m }
     [90m 137 |[39m
     [90m 138 |[39m[0m

      at FhirValidator.waitForReady (node_modules/fhir-validator-wrapper/fhir-validator.js:152:11)
      at FhirValidator.start (node_modules/fhir-validator-wrapper/fhir-validator.js:129:5)
      at loadValidator (tx/tests/test-runner.js:135:5)
      at startTxTests (tx/tests/test-runner.js:20:5)
      at Object.<anonymous> (tests/tx/test-cases.test.js:10:5)

  ΓùÅ Tx Tests ΓÇ║ deprecated ΓÇ║ not-withdrawn-validate

    Validator service did not become ready within 60000ms

    [0m [90m 133 |[39m         timeout[33m:[39m [35m60000[39m
     [90m 134 |[39m     }
    [31m[1m>[22m[39m[90m 135 |[39m     [36mawait[39m validator[33m.[39mstart(validatorConfig)[33m;[39m
     [90m     |[39m     [31m[1m^[22m[39m
     [90m 136 |[39m }
     [90m 137 |[39m
     [90m 138 |[39m[0m

      at FhirValidator.waitForReady (node_modules/fhir-validator-wrapper/fhir-validator.js:152:11)
      at FhirValidator.start (node_modules/fhir-validator-wrapper/fhir-validator.js:129:5)
      at loadValidator (tx/tests/test-runner.js:135:5)
      at startTxTests (tx/tests/test-runner.js:20:5)
      at Object.<anonymous> (tests/tx/test-cases.test.js:10:5)

  ΓùÅ Tx Tests ΓÇ║ deprecated ΓÇ║ experimental

    Validator service did not become ready within 60000ms

    [0m [90m 133 |[39m         timeout[33m:[39m [35m60000[39m
     [90m 134 |[39m     }
    [31m[1m>[22m[39m[90m 135 |[39m     [36mawait[39m validator[33m.[39mstart(validatorConfig)[33m;[39m
     [90m     |[39m     [31m[1m^[22m[39m
     [90m 136 |[39m }
     [90m 137 |[39m
     [90m 138 |[39m[0m

      at FhirValidator.waitForReady (node_modules/fhir-validator-wrapper/fhir-validator.js:152:11)
      at FhirValidator.start (node_modules/fhir-validator-wrapper/fhir-validator.js:129:5)
      at loadValidator (tx/tests/test-runner.js:135:5)
      at startTxTests (tx/tests/test-runner.js:20:5)
      at Object.<anonymous> (tests/tx/test-cases.test.js:10:5)

  ΓùÅ Tx Tests ΓÇ║ deprecated ΓÇ║ experimental-validate

    Validator service did not become ready within 60000ms

    [0m [90m 133 |[39m         timeout[33m:[39m [35m60000[39m
     [90m 134 |[39m     }
    [31m[1m>[22m[39m[90m 135 |[39m     [36mawait[39m validator[33m.[39mstart(validatorConfig)[33m;[39m
     [90m     |[39m     [31m[1m^[22m[39m
     [90m 136 |[39m }
     [90m 137 |[39m
     [90m 138 |[39m[0m

      at FhirValidator.waitForReady (node_modules/fhir-validator-wrapper/fhir-validator.js:152:11)
      at FhirValidator.start (node_modules/fhir-validator-wrapper/fhir-validator.js:129:5)
      at loadValidator (tx/tests/test-runner.js:135:5)
      at startTxTests (tx/tests/test-runner.js:20:5)
      at Object.<anonymous> (tests/tx/test-cases.test.js:10:5)

  ΓùÅ Tx Tests ΓÇ║ deprecated ΓÇ║ draft

    Validator service did not become ready within 60000ms

    [0m [90m 133 |[39m         timeout[33m:[39m [35m60000[39m
     [90m 134 |[39m     }
    [31m[1m>[22m[39m[90m 135 |[39m     [36mawait[39m validator[33m.[39mstart(validatorConfig)[33m;[39m
     [90m     |[39m     [31m[1m^[22m[39m
     [90m 136 |[39m }
     [90m 137 |[39m
     [90m 138 |[39m[0m

      at FhirValidator.waitForReady (node_modules/fhir-validator-wrapper/fhir-validator.js:152:11)
      at FhirValidator.start (node_modules/fhir-validator-wrapper/fhir-validator.js:129:5)
      at loadValidator (tx/tests/test-runner.js:135:5)
      at startTxTests (tx/tests/test-runner.js:20:5)
      at Object.<anonymous> (tests/tx/test-cases.test.js:10:5)

  ΓùÅ Tx Tests ΓÇ║ deprecated ΓÇ║ draft-validate

    Validator service did not become ready within 60000ms

    [0m [90m 133 |[39m         timeout[33m:[39m [35m60000[39m
     [90m 134 |[39m     }
    [31m[1m>[22m[39m[90m 135 |[39m     [36mawait[39m validator[33m.[39mstart(validatorConfig)[33m;[39m
     [90m     |[39m     [31m[1m^[22m[39m
     [90m 136 |[39m }
     [90m 137 |[39m
     [90m 138 |[39m[0m

      at FhirValidator.waitForReady (node_modules/fhir-validator-wrapper/fhir-validator.js:152:11)
      at FhirValidator.start (node_modules/fhir-validator-wrapper/fhir-validator.js:129:5)
      at loadValidator (tx/tests/test-runner.js:135:5)
      at startTxTests (tx/tests/test-runner.js:20:5)
      at Object.<anonymous> (tests/tx/test-cases.test.js:10:5)

  ΓùÅ Tx Tests ΓÇ║ deprecated ΓÇ║ vs-deprecation

    Validator service did not become ready within 60000ms

    [0m [90m 133 |[39m         timeout[33m:[39m [35m60000[39m
     [90m 134 |[39m     }
    [31m[1m>[22m[39m[90m 135 |[39m     [36mawait[39m validator[33m.[39mstart(validatorConfig)[33m;[39m
     [90m     |[39m     [31m[1m^[22m[39m
     [90m 136 |[39m }
     [90m 137 |[39m
     [90m 138 |[39m[0m

      at FhirValidator.waitForReady (node_modules/fhir-validator-wrapper/fhir-validator.js:152:11)
      at FhirValidator.start (node_modules/fhir-validator-wrapper/fhir-validator.js:129:5)
      at loadValidator (tx/tests/test-runner.js:135:5)
      at startTxTests (tx/tests/test-runner.js:20:5)
      at Object.<anonymous> (tests/tx/test-cases.test.js:10:5)

  ΓùÅ Tx Tests ΓÇ║ deprecated ΓÇ║ deprecating-validate

    Validator service did not become ready within 60000ms

    [0m [90m 133 |[39m         timeout[33m:[39m [35m60000[39m
     [90m 134 |[39m     }
    [31m[1m>[22m[39m[90m 135 |[39m     [36mawait[39m validator[33m.[39mstart(validatorConfig)[33m;[39m
     [90m     |[39m     [31m[1m^[22m[39m
     [90m 136 |[39m }
     [90m 137 |[39m
     [90m 138 |[39m[0m

      at FhirValidator.waitForReady (node_modules/fhir-validator-wrapper/fhir-validator.js:152:11)
      at FhirValidator.start (node_modules/fhir-validator-wrapper/fhir-validator.js:129:5)
      at loadValidator (tx/tests/test-runner.js:135:5)
      at startTxTests (tx/tests/test-runner.js:20:5)
      at Object.<anonymous> (tests/tx/test-cases.test.js:10:5)

  ΓùÅ Tx Tests ΓÇ║ deprecated ΓÇ║ deprecating-validate-2

    Validator service did not become ready within 60000ms

    [0m [90m 133 |[39m         timeout[33m:[39m [35m60000[39m
     [90m 134 |[39m     }
    [31m[1m>[22m[39m[90m 135 |[39m     [36mawait[39m validator[33m.[39mstart(validatorConfig)[33m;[39m
     [90m     |[39m     [31m[1m^[22m[39m
     [90m 136 |[39m }
     [90m 137 |[39m
     [90m 138 |[39m[0m

      at FhirValidator.waitForReady (node_modules/fhir-validator-wrapper/fhir-validator.js:152:11)
      at FhirValidator.start (node_modules/fhir-validator-wrapper/fhir-validator.js:129:5)
      at loadValidator (tx/tests/test-runner.js:135:5)
      at startTxTests (tx/tests/test-runner.js:20:5)
      at Object.<anonymous> (tests/tx/test-cases.test.js:10:5)

  ΓùÅ Tx Tests ΓÇ║ notSelectable ΓÇ║ notSelectable-prop-all

    Validator service did not become ready within 60000ms

    [0m [90m 133 |[39m         timeout[33m:[39m [35m60000[39m
     [90m 134 |[39m     }
    [31m[1m>[22m[39m[90m 135 |[39m     [36mawait[39m validator[33m.[39mstart(validatorConfig)[33m;[39m
     [90m     |[39m     [31m[1m^[22m[39m
     [90m 136 |[39m }
     [90m 137 |[39m
     [90m 138 |[39m[0m

      at FhirValidator.waitForReady (node_modules/fhir-validator-wrapper/fhir-validator.js:152:11)
      at FhirValidator.start (node_modules/fhir-validator-wrapper/fhir-validator.js:129:5)
      at loadValidator (tx/tests/test-runner.js:135:5)
      at startTxTests (tx/tests/test-runner.js:20:5)
      at Object.<anonymous> (tests/tx/test-cases.test.js:10:5)

  ΓùÅ Tx Tests ΓÇ║ notSelectable ΓÇ║ notSelectable-noprop-all

    Validator service did not become ready within 60000ms

    [0m [90m 133 |[39m         timeout[33m:[39m [35m60000[39m
     [90m 134 |[39m     }
    [31m[1m>[22m[39m[90m 135 |[39m     [36mawait[39m validator[33m.[39mstart(validatorConfig)[33m;[39m
     [90m     |[39m     [31m[1m^[22m[39m
     [90m 136 |[39m }
     [90m 137 |[39m
     [90m 138 |[39m[0m

      at FhirValidator.waitForReady (node_modules/fhir-validator-wrapper/fhir-validator.js:152:11)
      at FhirValidator.start (node_modules/fhir-validator-wrapper/fhir-validator.js:129:5)
      at loadValidator (tx/tests/test-runner.js:135:5)
      at startTxTests (tx/tests/test-runner.js:20:5)
      at Object.<anonymous> (tests/tx/test-cases.test.js:10:5)

  ΓùÅ Tx Tests ΓÇ║ notSelectable ΓÇ║ notSelectable-reprop-all

    Validator service did not become ready within 60000ms

    [0m [90m 133 |[39m         timeout[33m:[39m [35m60000[39m
     [90m 134 |[39m     }
    [31m[1m>[22m[39m[90m 135 |[39m     [36mawait[39m validator[33m.[39mstart(validatorConfig)[33m;[39m
     [90m     |[39m     [31m[1m^[22m[39m
     [90m 136 |[39m }
     [90m 137 |[39m
     [90m 138 |[39m[0m

      at FhirValidator.waitForReady (node_modules/fhir-validator-wrapper/fhir-validator.js:152:11)
      at FhirValidator.start (node_modules/fhir-validator-wrapper/fhir-validator.js:129:5)
      at loadValidator (tx/tests/test-runner.js:135:5)
      at startTxTests (tx/tests/test-runner.js:20:5)
      at Object.<anonymous> (tests/tx/test-cases.test.js:10:5)

  ΓùÅ Tx Tests ΓÇ║ notSelectable ΓÇ║ notSelectable-unprop-all

    Validator service did not become ready within 60000ms

    [0m [90m 133 |[39m         timeout[33m:[39m [35m60000[39m
     [90m 134 |[39m     }
    [31m[1m>[22m[39m[90m 135 |[39m     [36mawait[39m validator[33m.[39mstart(validatorConfig)[33m;[39m
     [90m     |[39m     [31m[1m^[22m[39m
     [90m 136 |[39m }
     [90m 137 |[39m
     [90m 138 |[39m[0m

      at FhirValidator.waitForReady (node_modules/fhir-validator-wrapper/fhir-validator.js:152:11)
      at FhirValidator.start (node_modules/fhir-validator-wrapper/fhir-validator.js:129:5)
      at loadValidator (tx/tests/test-runner.js:135:5)
      at startTxTests (tx/tests/test-runner.js:20:5)
      at Object.<anonymous> (tests/tx/test-cases.test.js:10:5)

  ΓùÅ Tx Tests ΓÇ║ notSelectable ΓÇ║ notSelectable-prop-true

    Validator service did not become ready within 60000ms

    [0m [90m 133 |[39m         timeout[33m:[39m [35m60000[39m
     [90m 134 |[39m     }
    [31m[1m>[22m[39m[90m 135 |[39m     [36mawait[39m validator[33m.[39mstart(validatorConfig)[33m;[39m
     [90m     |[39m     [31m[1m^[22m[39m
     [90m 136 |[39m }
     [90m 137 |[39m
     [90m 138 |[39m[0m

      at FhirValidator.waitForReady (node_modules/fhir-validator-wrapper/fhir-validator.js:152:11)
      at FhirValidator.start (node_modules/fhir-validator-wrapper/fhir-validator.js:129:5)
      at loadValidator (tx/tests/test-runner.js:135:5)
      at startTxTests (tx/tests/test-runner.js:20:5)
      at Object.<anonymous> (tests/tx/test-cases.test.js:10:5)

  ΓùÅ Tx Tests ΓÇ║ notSelectable ΓÇ║ notSelectable-prop-trueUC

    Validator service did not become ready within 60000ms

    [0m [90m 133 |[39m         timeout[33m:[39m [35m60000[39m
     [90m 134 |[39m     }
    [31m[1m>[22m[39m[90m 135 |[39m     [36mawait[39m validator[33m.[39mstart(validatorConfig)[33m;[39m
     [90m     |[39m     [31m[1m^[22m[39m
     [90m 136 |[39m }
     [90m 137 |[39m
     [90m 138 |[39m[0m

      at FhirValidator.waitForReady (node_modules/fhir-validator-wrapper/fhir-validator.js:152:11)
      at FhirValidator.start (node_modules/fhir-validator-wrapper/fhir-validator.js:129:5)
      at loadValidator (tx/tests/test-runner.js:135:5)
      at startTxTests (tx/tests/test-runner.js:20:5)
      at Object.<anonymous> (tests/tx/test-cases.test.js:10:5)

  ΓùÅ Tx Tests ΓÇ║ notSelectable ΓÇ║ notSelectable-noprop-true

    Validator service did not become ready within 60000ms

    [0m [90m 133 |[39m         timeout[33m:[39m [35m60000[39m
     [90m 134 |[39m     }
    [31m[1m>[22m[39m[90m 135 |[39m     [36mawait[39m validator[33m.[39mstart(validatorConfig)[33m;[39m
     [90m     |[39m     [31m[1m^[22m[39m
     [90m 136 |[39m }
     [90m 137 |[39m
     [90m 138 |[39m[0m

      at FhirValidator.waitForReady (node_modules/fhir-validator-wrapper/fhir-validator.js:152:11)
      at FhirValidator.start (node_modules/fhir-validator-wrapper/fhir-validator.js:129:5)
      at loadValidator (tx/tests/test-runner.js:135:5)
      at startTxTests (tx/tests/test-runner.js:20:5)
      at Object.<anonymous> (tests/tx/test-cases.test.js:10:5)

  ΓùÅ Tx Tests ΓÇ║ notSelectable ΓÇ║ notSelectable-reprop-true

    Validator service did not become ready within 60000ms

    [0m [90m 133 |[39m         timeout[33m:[39m [35m60000[39m
     [90m 134 |[39m     }
    [31m[1m>[22m[39m[90m 135 |[39m     [36mawait[39m validator[33m.[39mstart(validatorConfig)[33m;[39m
     [90m     |[39m     [31m[1m^[22m[39m
     [90m 136 |[39m }
     [90m 137 |[39m
     [90m 138 |[39m[0m

      at FhirValidator.waitForReady (node_modules/fhir-validator-wrapper/fhir-validator.js:152:11)
      at FhirValidator.start (node_modules/fhir-validator-wrapper/fhir-validator.js:129:5)
      at loadValidator (tx/tests/test-runner.js:135:5)
      at startTxTests (tx/tests/test-runner.js:20:5)
      at Object.<anonymous> (tests/tx/test-cases.test.js:10:5)

  ΓùÅ Tx Tests ΓÇ║ notSelectable ΓÇ║ notSelectable-unprop-true

    Validator service did not become ready within 60000ms

    [0m [90m 133 |[39m         timeout[33m:[39m [35m60000[39m
     [90m 134 |[39m     }
    [31m[1m>[22m[39m[90m 135 |[39m     [36mawait[39m validator[33m.[39mstart(validatorConfig)[33m;[39m
     [90m     |[39m     [31m[1m^[22m[39m
     [90m 136 |[39m }
     [90m 137 |[39m
     [90m 138 |[39m[0m

      at FhirValidator.waitForReady (node_modules/fhir-validator-wrapper/fhir-validator.js:152:11)
      at FhirValidator.start (node_modules/fhir-validator-wrapper/fhir-validator.js:129:5)
      at loadValidator (tx/tests/test-runner.js:135:5)
      at startTxTests (tx/tests/test-runner.js:20:5)
      at Object.<anonymous> (tests/tx/test-cases.test.js:10:5)

  ΓùÅ Tx Tests ΓÇ║ notSelectable ΓÇ║ notSelectable-prop-false

    Validator service did not become ready within 60000ms

    [0m [90m 133 |[39m         timeout[33m:[39m [35m60000[39m
     [90m 134 |[39m     }
    [31m[1m>[22m[39m[90m 135 |[39m     [36mawait[39m validator[33m.[39mstart(validatorConfig)[33m;[39m
     [90m     |[39m     [31m[1m^[22m[39m
     [90m 136 |[39m }
     [90m 137 |[39m
     [90m 138 |[39m[0m

      at FhirValidator.waitForReady (node_modules/fhir-validator-wrapper/fhir-validator.js:152:11)
      at FhirValidator.start (node_modules/fhir-validator-wrapper/fhir-validator.js:129:5)
      at loadValidator (tx/tests/test-runner.js:135:5)
      at startTxTests (tx/tests/test-runner.js:20:5)
      at Object.<anonymous> (tests/tx/test-cases.test.js:10:5)

  ΓùÅ Tx Tests ΓÇ║ notSelectable ΓÇ║ notSelectable-noprop-false

    Validator service did not become ready within 60000ms

    [0m [90m 133 |[39m         timeout[33m:[39m [35m60000[39m
     [90m 134 |[39m     }
    [31m[1m>[22m[39m[90m 135 |[39m     [36mawait[39m validator[33m.[39mstart(validatorConfig)[33m;[39m
     [90m     |[39m     [31m[1m^[22m[39m
     [90m 136 |[39m }
     [90m 137 |[39m
     [90m 138 |[39m[0m

      at FhirValidator.waitForReady (node_modules/fhir-validator-wrapper/fhir-validator.js:152:11)
      at FhirValidator.start (node_modules/fhir-validator-wrapper/fhir-validator.js:129:5)
      at loadValidator (tx/tests/test-runner.js:135:5)
      at startTxTests (tx/tests/test-runner.js:20:5)
      at Object.<anonymous> (tests/tx/test-cases.test.js:10:5)

  ΓùÅ Tx Tests ΓÇ║ notSelectable ΓÇ║ notSelectable-reprop-false

    Validator service did not become ready within 60000ms

    [0m [90m 133 |[39m         timeout[33m:[39m [35m60000[39m
     [90m 134 |[39m     }
    [31m[1m>[22m[39m[90m 135 |[39m     [36mawait[39m validator[33m.[39mstart(validatorConfig)[33m;[39m
     [90m     |[39m     [31m[1m^[22m[39m
     [90m 136 |[39m }
     [90m 137 |[39m
     [90m 138 |[39m[0m

      at FhirValidator.waitForReady (node_modules/fhir-validator-wrapper/fhir-validator.js:152:11)
      at FhirValidator.start (node_modules/fhir-validator-wrapper/fhir-validator.js:129:5)
      at loadValidator (tx/tests/test-runner.js:135:5)
      at startTxTests (tx/tests/test-runner.js:20:5)
      at Object.<anonymous> (tests/tx/test-cases.test.js:10:5)

  ΓùÅ Tx Tests ΓÇ║ notSelectable ΓÇ║ notSelectable-unprop-false

    Validator service did not become ready within 60000ms

    [0m [90m 133 |[39m         timeout[33m:[39m [35m60000[39m
     [90m 134 |[39m     }
    [31m[1m>[22m[39m[90m 135 |[39m     [36mawait[39m validator[33m.[39mstart(validatorConfig)[33m;[39m
     [90m     |[39m     [31m[1m^[22m[39m
     [90m 136 |[39m }
     [90m 137 |[39m
     [90m 138 |[39m[0m

      at FhirValidator.waitForReady (node_modules/fhir-validator-wrapper/fhir-validator.js:152:11)
      at FhirValidator.start (node_modules/fhir-validator-wrapper/fhir-validator.js:129:5)
      at loadValidator (tx/tests/test-runner.js:135:5)
      at startTxTests (tx/tests/test-runner.js:20:5)
      at Object.<anonymous> (tests/tx/test-cases.test.js:10:5)

  ΓùÅ Tx Tests ΓÇ║ notSelectable ΓÇ║ notSelectable-prop-in

    Validator service did not become ready within 60000ms

    [0m [90m 133 |[39m         timeout[33m:[39m [35m60000[39m
     [90m 134 |[39m     }
    [31m[1m>[22m[39m[90m 135 |[39m     [36mawait[39m validator[33m.[39mstart(validatorConfig)[33m;[39m
     [90m     |[39m     [31m[1m^[22m[39m
     [90m 136 |[39m }
     [90m 137 |[39m
     [90m 138 |[39m[0m

      at FhirValidator.waitForReady (node_modules/fhir-validator-wrapper/fhir-validator.js:152:11)
      at FhirValidator.start (node_modules/fhir-validator-wrapper/fhir-validator.js:129:5)
      at loadValidator (tx/tests/test-runner.js:135:5)
      at startTxTests (tx/tests/test-runner.js:20:5)
      at Object.<anonymous> (tests/tx/test-cases.test.js:10:5)

  ΓùÅ Tx Tests ΓÇ║ notSelectable ΓÇ║ notSelectable-prop-out

    Validator service did not become ready within 60000ms

    [0m [90m 133 |[39m         timeout[33m:[39m [35m60000[39m
     [90m 134 |[39m     }
    [31m[1m>[22m[39m[90m 135 |[39m     [36mawait[39m validator[33m.[39mstart(validatorConfig)[33m;[39m
     [90m     |[39m     [31m[1m^[22m[39m
     [90m 136 |[39m }
     [90m 137 |[39m
     [90m 138 |[39m[0m

      at FhirValidator.waitForReady (node_modules/fhir-validator-wrapper/fhir-validator.js:152:11)
      at FhirValidator.start (node_modules/fhir-validator-wrapper/fhir-validator.js:129:5)
      at loadValidator (tx/tests/test-runner.js:135:5)
      at startTxTests (tx/tests/test-runner.js:20:5)
      at Object.<anonymous> (tests/tx/test-cases.test.js:10:5)

  ΓùÅ Tx Tests ΓÇ║ notSelectable ΓÇ║ notSelectable-prop-true-true

    Validator service did not become ready within 60000ms

    [0m [90m 133 |[39m         timeout[33m:[39m [35m60000[39m
     [90m 134 |[39m     }
    [31m[1m>[22m[39m[90m 135 |[39m     [36mawait[39m validator[33m.[39mstart(validatorConfig)[33m;[39m
     [90m     |[39m     [31m[1m^[22m[39m
     [90m 136 |[39m }
     [90m 137 |[39m
     [90m 138 |[39m[0m

      at FhirValidator.waitForReady (node_modules/fhir-validator-wrapper/fhir-validator.js:152:11)
      at FhirValidator.start (node_modules/fhir-validator-wrapper/fhir-validator.js:129:5)
      at loadValidator (tx/tests/test-runner.js:135:5)
      at startTxTests (tx/tests/test-runner.js:20:5)
      at Object.<anonymous> (tests/tx/test-cases.test.js:10:5)

  ΓùÅ Tx Tests ΓÇ║ notSelectable ΓÇ║ notSelectable-prop-trueUC-true

    Validator service did not become ready within 60000ms

    [0m [90m 133 |[39m         timeout[33m:[39m [35m60000[39m
     [90m 134 |[39m     }
    [31m[1m>[22m[39m[90m 135 |[39m     [36mawait[39m validator[33m.[39mstart(validatorConfig)[33m;[39m
     [90m     |[39m     [31m[1m^[22m[39m
     [90m 136 |[39m }
     [90m 137 |[39m
     [90m 138 |[39m[0m

      at FhirValidator.waitForReady (node_modules/fhir-validator-wrapper/fhir-validator.js:152:11)
      at FhirValidator.start (node_modules/fhir-validator-wrapper/fhir-validator.js:129:5)
      at loadValidator (tx/tests/test-runner.js:135:5)
      at startTxTests (tx/tests/test-runner.js:20:5)
      at Object.<anonymous> (tests/tx/test-cases.test.js:10:5)

  ΓùÅ Tx Tests ΓÇ║ notSelectable ΓÇ║ notSelectable-prop-in-true

    Validator service did not become ready within 60000ms

    [0m [90m 133 |[39m         timeout[33m:[39m [35m60000[39m
     [90m 134 |[39m     }
    [31m[1m>[22m[39m[90m 135 |[39m     [36mawait[39m validator[33m.[39mstart(validatorConfig)[33m;[39m
     [90m     |[39m     [31m[1m^[22m[39m
     [90m 136 |[39m }
     [90m 137 |[39m
     [90m 138 |[39m[0m

      at FhirValidator.waitForReady (node_modules/fhir-validator-wrapper/fhir-validator.js:152:11)
      at FhirValidator.start (node_modules/fhir-validator-wrapper/fhir-validator.js:129:5)
      at loadValidator (tx/tests/test-runner.js:135:5)
      at startTxTests (tx/tests/test-runner.js:20:5)
      at Object.<anonymous> (tests/tx/test-cases.test.js:10:5)

  ΓùÅ Tx Tests ΓÇ║ notSelectable ΓÇ║ notSelectable-prop-out-true

    Validator service did not become ready within 60000ms

    [0m [90m 133 |[39m         timeout[33m:[39m [35m60000[39m
     [90m 134 |[39m     }
    [31m[1m>[22m[39m[90m 135 |[39m     [36mawait[39m validator[33m.[39mstart(validatorConfig)[33m;[39m
     [90m     |[39m     [31m[1m^[22m[39m
     [90m 136 |[39m }
     [90m 137 |[39m
     [90m 138 |[39m[0m

      at FhirValidator.waitForReady (node_modules/fhir-validator-wrapper/fhir-validator.js:152:11)
      at FhirValidator.start (node_modules/fhir-validator-wrapper/fhir-validator.js:129:5)
      at loadValidator (tx/tests/test-runner.js:135:5)
      at startTxTests (tx/tests/test-runner.js:20:5)
      at Object.<anonymous> (tests/tx/test-cases.test.js:10:5)

  ΓùÅ Tx Tests ΓÇ║ notSelectable ΓÇ║ notSelectable-noprop-true-true

    Validator service did not become ready within 60000ms

    [0m [90m 133 |[39m         timeout[33m:[39m [35m60000[39m
     [90m 134 |[39m     }
    [31m[1m>[22m[39m[90m 135 |[39m     [36mawait[39m validator[33m.[39mstart(validatorConfig)[33m;[39m
     [90m     |[39m     [31m[1m^[22m[39m
     [90m 136 |[39m }
     [90m 137 |[39m
     [90m 138 |[39m[0m

      at FhirValidator.waitForReady (node_modules/fhir-validator-wrapper/fhir-validator.js:152:11)
      at FhirValidator.start (node_modules/fhir-validator-wrapper/fhir-validator.js:129:5)
      at loadValidator (tx/tests/test-runner.js:135:5)
      at startTxTests (tx/tests/test-runner.js:20:5)
      at Object.<anonymous> (tests/tx/test-cases.test.js:10:5)

  ΓùÅ Tx Tests ΓÇ║ notSelectable ΓÇ║ notSelectable-reprop-true-true

    Validator service did not become ready within 60000ms

    [0m [90m 133 |[39m         timeout[33m:[39m [35m60000[39m
     [90m 134 |[39m     }
    [31m[1m>[22m[39m[90m 135 |[39m     [36mawait[39m validator[33m.[39mstart(validatorConfig)[33m;[39m
     [90m     |[39m     [31m[1m^[22m[39m
     [90m 136 |[39m }
     [90m 137 |[39m
     [90m 138 |[39m[0m

      at FhirValidator.waitForReady (node_modules/fhir-validator-wrapper/fhir-validator.js:152:11)
      at FhirValidator.start (node_modules/fhir-validator-wrapper/fhir-validator.js:129:5)
      at loadValidator (tx/tests/test-runner.js:135:5)
      at startTxTests (tx/tests/test-runner.js:20:5)
      at Object.<anonymous> (tests/tx/test-cases.test.js:10:5)

  ΓùÅ Tx Tests ΓÇ║ notSelectable ΓÇ║ notSelectable-unprop-true-true

    Validator service did not become ready within 60000ms

    [0m [90m 133 |[39m         timeout[33m:[39m [35m60000[39m
     [90m 134 |[39m     }
    [31m[1m>[22m[39m[90m 135 |[39m     [36mawait[39m validator[33m.[39mstart(validatorConfig)[33m;[39m
     [90m     |[39m     [31m[1m^[22m[39m
     [90m 136 |[39m }
     [90m 137 |[39m
     [90m 138 |[39m[0m

      at FhirValidator.waitForReady (node_modules/fhir-validator-wrapper/fhir-validator.js:152:11)
      at FhirValidator.start (node_modules/fhir-validator-wrapper/fhir-validator.js:129:5)
      at loadValidator (tx/tests/test-runner.js:135:5)
      at startTxTests (tx/tests/test-runner.js:20:5)
      at Object.<anonymous> (tests/tx/test-cases.test.js:10:5)

  ΓùÅ Tx Tests ΓÇ║ notSelectable ΓÇ║ notSelectable-prop-true-false

    Validator service did not become ready within 60000ms

    [0m [90m 133 |[39m         timeout[33m:[39m [35m60000[39m
     [90m 134 |[39m     }
    [31m[1m>[22m[39m[90m 135 |[39m     [36mawait[39m validator[33m.[39mstart(validatorConfig)[33m;[39m
     [90m     |[39m     [31m[1m^[22m[39m
     [90m 136 |[39m }
     [90m 137 |[39m
     [90m 138 |[39m[0m

      at FhirValidator.waitForReady (node_modules/fhir-validator-wrapper/fhir-validator.js:152:11)
      at FhirValidator.start (node_modules/fhir-validator-wrapper/fhir-validator.js:129:5)
      at loadValidator (tx/tests/test-runner.js:135:5)
      at startTxTests (tx/tests/test-runner.js:20:5)
      at Object.<anonymous> (tests/tx/test-cases.test.js:10:5)

  ΓùÅ Tx Tests ΓÇ║ notSelectable ΓÇ║ notSelectable-prop-in-false

    Validator service did not become ready within 60000ms

    [0m [90m 133 |[39m         timeout[33m:[39m [35m60000[39m
     [90m 134 |[39m     }
    [31m[1m>[22m[39m[90m 135 |[39m     [36mawait[39m validator[33m.[39mstart(validatorConfig)[33m;[39m
     [90m     |[39m     [31m[1m^[22m[39m
     [90m 136 |[39m }
     [90m 137 |[39m
     [90m 138 |[39m[0m

      at FhirValidator.waitForReady (node_modules/fhir-validator-wrapper/fhir-validator.js:152:11)
      at FhirValidator.start (node_modules/fhir-validator-wrapper/fhir-validator.js:129:5)
      at loadValidator (tx/tests/test-runner.js:135:5)
      at startTxTests (tx/tests/test-runner.js:20:5)
      at Object.<anonymous> (tests/tx/test-cases.test.js:10:5)

  ΓùÅ Tx Tests ΓÇ║ notSelectable ΓÇ║ notSelectable-prop-in-unknown

    Validator service did not become ready within 60000ms

    [0m [90m 133 |[39m         timeout[33m:[39m [35m60000[39m
     [90m 134 |[39m     }
    [31m[1m>[22m[39m[90m 135 |[39m     [36mawait[39m validator[33m.[39mstart(validatorConfig)[33m;[39m
     [90m     |[39m     [31m[1m^[22m[39m
     [90m 136 |[39m }
     [90m 137 |[39m
     [90m 138 |[39m[0m

      at FhirValidator.waitForReady (node_modules/fhir-validator-wrapper/fhir-validator.js:152:11)
      at FhirValidator.start (node_modules/fhir-validator-wrapper/fhir-validator.js:129:5)
      at loadValidator (tx/tests/test-runner.js:135:5)
      at startTxTests (tx/tests/test-runner.js:20:5)
      at Object.<anonymous> (tests/tx/test-cases.test.js:10:5)

  ΓùÅ Tx Tests ΓÇ║ notSelectable ΓÇ║ notSelectable-prop-out-unknown

    Validator service did not become ready within 60000ms

    [0m [90m 133 |[39m         timeout[33m:[39m [35m60000[39m
     [90m 134 |[39m     }
    [31m[1m>[22m[39m[90m 135 |[39m     [36mawait[39m validator[33m.[39mstart(validatorConfig)[33m;[39m
     [90m     |[39m     [31m[1m^[22m[39m
     [90m 136 |[39m }
     [90m 137 |[39m
     [90m 138 |[39m[0m

      at FhirValidator.waitForReady (node_modules/fhir-validator-wrapper/fhir-validator.js:152:11)
      at FhirValidator.start (node_modules/fhir-validator-wrapper/fhir-validator.js:129:5)
      at loadValidator (tx/tests/test-runner.js:135:5)
      at startTxTests (tx/tests/test-runner.js:20:5)
      at Object.<anonymous> (tests/tx/test-cases.test.js:10:5)

  ΓùÅ Tx Tests ΓÇ║ notSelectable ΓÇ║ notSelectable-prop-out-false

    Validator service did not become ready within 60000ms

    [0m [90m 133 |[39m         timeout[33m:[39m [35m60000[39m
     [90m 134 |[39m     }
    [31m[1m>[22m[39m[90m 135 |[39m     [36mawait[39m validator[33m.[39mstart(validatorConfig)[33m;[39m
     [90m     |[39m     [31m[1m^[22m[39m
     [90m 136 |[39m }
     [90m 137 |[39m
     [90m 138 |[39m[0m

      at FhirValidator.waitForReady (node_modules/fhir-validator-wrapper/fhir-validator.js:152:11)
      at FhirValidator.start (node_modules/fhir-validator-wrapper/fhir-validator.js:129:5)
      at loadValidator (tx/tests/test-runner.js:135:5)
      at startTxTests (tx/tests/test-runner.js:20:5)
      at Object.<anonymous> (tests/tx/test-cases.test.js:10:5)

  ΓùÅ Tx Tests ΓÇ║ notSelectable ΓÇ║ notSelectable-noprop-true-false

    Validator service did not become ready within 60000ms

    [0m [90m 133 |[39m         timeout[33m:[39m [35m60000[39m
     [90m 134 |[39m     }
    [31m[1m>[22m[39m[90m 135 |[39m     [36mawait[39m validator[33m.[39mstart(validatorConfig)[33m;[39m
     [90m     |[39m     [31m[1m^[22m[39m
     [90m 136 |[39m }
     [90m 137 |[39m
     [90m 138 |[39m[0m

      at FhirValidator.waitForReady (node_modules/fhir-validator-wrapper/fhir-validator.js:152:11)
      at FhirValidator.start (node_modules/fhir-validator-wrapper/fhir-validator.js:129:5)
      at loadValidator (tx/tests/test-runner.js:135:5)
      at startTxTests (tx/tests/test-runner.js:20:5)
      at Object.<anonymous> (tests/tx/test-cases.test.js:10:5)

  ΓùÅ Tx Tests ΓÇ║ notSelectable ΓÇ║ notSelectable-reprop-true-false

    Validator service did not become ready within 60000ms

    [0m [90m 133 |[39m         timeout[33m:[39m [35m60000[39m
     [90m 134 |[39m     }
    [31m[1m>[22m[39m[90m 135 |[39m     [36mawait[39m validator[33m.[39mstart(validatorConfig)[33m;[39m
     [90m     |[39m     [31m[1m^[22m[39m
     [90m 136 |[39m }
     [90m 137 |[39m
     [90m 138 |[39m[0m

      at FhirValidator.waitForReady (node_modules/fhir-validator-wrapper/fhir-validator.js:152:11)
      at FhirValidator.start (node_modules/fhir-validator-wrapper/fhir-validator.js:129:5)
      at loadValidator (tx/tests/test-runner.js:135:5)
      at startTxTests (tx/tests/test-runner.js:20:5)
      at Object.<anonymous> (tests/tx/test-cases.test.js:10:5)

  ΓùÅ Tx Tests ΓÇ║ notSelectable ΓÇ║ notSelectable-unprop-true-false

    Validator service did not become ready within 60000ms

    [0m [90m 133 |[39m         timeout[33m:[39m [35m60000[39m
     [90m 134 |[39m     }
    [31m[1m>[22m[39m[90m 135 |[39m     [36mawait[39m validator[33m.[39mstart(validatorConfig)[33m;[39m
     [90m     |[39m     [31m[1m^[22m[39m
     [90m 136 |[39m }
     [90m 137 |[39m
     [90m 138 |[39m[0m

      at FhirValidator.waitForReady (node_modules/fhir-validator-wrapper/fhir-validator.js:152:11)
      at FhirValidator.start (node_modules/fhir-validator-wrapper/fhir-validator.js:129:5)
      at loadValidator (tx/tests/test-runner.js:135:5)
      at startTxTests (tx/tests/test-runner.js:20:5)
      at Object.<anonymous> (tests/tx/test-cases.test.js:10:5)

  ΓùÅ Tx Tests ΓÇ║ notSelectable ΓÇ║ notSelectable-prop-false-true

    Validator service did not become ready within 60000ms

    [0m [90m 133 |[39m         timeout[33m:[39m [35m60000[39m
     [90m 134 |[39m     }
    [31m[1m>[22m[39m[90m 135 |[39m     [36mawait[39m validator[33m.[39mstart(validatorConfig)[33m;[39m
     [90m     |[39m     [31m[1m^[22m[39m
     [90m 136 |[39m }
     [90m 137 |[39m
     [90m 138 |[39m[0m

      at FhirValidator.waitForReady (node_modules/fhir-validator-wrapper/fhir-validator.js:152:11)
      at FhirValidator.start (node_modules/fhir-validator-wrapper/fhir-validator.js:129:5)
      at loadValidator (tx/tests/test-runner.js:135:5)
      at startTxTests (tx/tests/test-runner.js:20:5)
      at Object.<anonymous> (tests/tx/test-cases.test.js:10:5)

  ΓùÅ Tx Tests ΓÇ║ notSelectable ΓÇ║ notSelectable-noprop-false-true

    Validator service did not become ready within 60000ms

    [0m [90m 133 |[39m         timeout[33m:[39m [35m60000[39m
     [90m 134 |[39m     }
    [31m[1m>[22m[39m[90m 135 |[39m     [36mawait[39m validator[33m.[39mstart(validatorConfig)[33m;[39m
     [90m     |[39m     [31m[1m^[22m[39m
     [90m 136 |[39m }
     [90m 137 |[39m
     [90m 138 |[39m[0m

      at FhirValidator.waitForReady (node_modules/fhir-validator-wrapper/fhir-validator.js:152:11)
      at FhirValidator.start (node_modules/fhir-validator-wrapper/fhir-validator.js:129:5)
      at loadValidator (tx/tests/test-runner.js:135:5)
      at startTxTests (tx/tests/test-runner.js:20:5)
      at Object.<anonymous> (tests/tx/test-cases.test.js:10:5)

  ΓùÅ Tx Tests ΓÇ║ notSelectable ΓÇ║ notSelectable-reprop-false-true

    Validator service did not become ready within 60000ms

    [0m [90m 133 |[39m         timeout[33m:[39m [35m60000[39m
     [90m 134 |[39m     }
    [31m[1m>[22m[39m[90m 135 |[39m     [36mawait[39m validator[33m.[39mstart(validatorConfig)[33m;[39m
     [90m     |[39m     [31m[1m^[22m[39m
     [90m 136 |[39m }
     [90m 137 |[39m
     [90m 138 |[39m[0m

      at FhirValidator.waitForReady (node_modules/fhir-validator-wrapper/fhir-validator.js:152:11)
      at FhirValidator.start (node_modules/fhir-validator-wrapper/fhir-validator.js:129:5)
      at loadValidator (tx/tests/test-runner.js:135:5)
      at startTxTests (tx/tests/test-runner.js:20:5)
      at Object.<anonymous> (tests/tx/test-cases.test.js:10:5)

  ΓùÅ Tx Tests ΓÇ║ notSelectable ΓÇ║ notSelectable-unprop-false-true

    Validator service did not become ready within 60000ms

    [0m [90m 133 |[39m         timeout[33m:[39m [35m60000[39m
     [90m 134 |[39m     }
    [31m[1m>[22m[39m[90m 135 |[39m     [36mawait[39m validator[33m.[39mstart(validatorConfig)[33m;[39m
     [90m     |[39m     [31m[1m^[22m[39m
     [90m 136 |[39m }
     [90m 137 |[39m
     [90m 138 |[39m[0m

      at FhirValidator.waitForReady (node_modules/fhir-validator-wrapper/fhir-validator.js:152:11)
      at FhirValidator.start (node_modules/fhir-validator-wrapper/fhir-validator.js:129:5)
      at loadValidator (tx/tests/test-runner.js:135:5)
      at startTxTests (tx/tests/test-runner.js:20:5)
      at Object.<anonymous> (tests/tx/test-cases.test.js:10:5)

  ΓùÅ Tx Tests ΓÇ║ notSelectable ΓÇ║ notSelectable-prop-false-false

    Validator service did not become ready within 60000ms

    [0m [90m 133 |[39m         timeout[33m:[39m [35m60000[39m
     [90m 134 |[39m     }
    [31m[1m>[22m[39m[90m 135 |[39m     [36mawait[39m validator[33m.[39mstart(validatorConfig)[33m;[39m
     [90m     |[39m     [31m[1m^[22m[39m
     [90m 136 |[39m }
     [90m 137 |[39m
     [90m 138 |[39m[0m

      at FhirValidator.waitForReady (node_modules/fhir-validator-wrapper/fhir-validator.js:152:11)
      at FhirValidator.start (node_modules/fhir-validator-wrapper/fhir-validator.js:129:5)
      at loadValidator (tx/tests/test-runner.js:135:5)
      at startTxTests (tx/tests/test-runner.js:20:5)
      at Object.<anonymous> (tests/tx/test-cases.test.js:10:5)

  ΓùÅ Tx Tests ΓÇ║ notSelectable ΓÇ║ notSelectable-noprop-false-false

    Validator service did not become ready within 60000ms

    [0m [90m 133 |[39m         timeout[33m:[39m [35m60000[39m
     [90m 134 |[39m     }
    [31m[1m>[22m[39m[90m 135 |[39m     [36mawait[39m validator[33m.[39mstart(validatorConfig)[33m;[39m
     [90m     |[39m     [31m[1m^[22m[39m
     [90m 136 |[39m }
     [90m 137 |[39m
     [90m 138 |[39m[0m

      at FhirValidator.waitForReady (node_modules/fhir-validator-wrapper/fhir-validator.js:152:11)
      at FhirValidator.start (node_modules/fhir-validator-wrapper/fhir-validator.js:129:5)
      at loadValidator (tx/tests/test-runner.js:135:5)
      at startTxTests (tx/tests/test-runner.js:20:5)
      at Object.<anonymous> (tests/tx/test-cases.test.js:10:5)

  ΓùÅ Tx Tests ΓÇ║ notSelectable ΓÇ║ notSelectable-reprop-false-false

    Validator service did not become ready within 60000ms

    [0m [90m 133 |[39m         timeout[33m:[39m [35m60000[39m
     [90m 134 |[39m     }
    [31m[1m>[22m[39m[90m 135 |[39m     [36mawait[39m validator[33m.[39mstart(validatorConfig)[33m;[39m
     [90m     |[39m     [31m[1m^[22m[39m
     [90m 136 |[39m }
     [90m 137 |[39m
     [90m 138 |[39m[0m

      at FhirValidator.waitForReady (node_modules/fhir-validator-wrapper/fhir-validator.js:152:11)
      at FhirValidator.start (node_modules/fhir-validator-wrapper/fhir-validator.js:129:5)
      at loadValidator (tx/tests/test-runner.js:135:5)
      at startTxTests (tx/tests/test-runner.js:20:5)
      at Object.<anonymous> (tests/tx/test-cases.test.js:10:5)

  ΓùÅ Tx Tests ΓÇ║ notSelectable ΓÇ║ notSelectable-unprop-false-false

    Validator service did not become ready within 60000ms

    [0m [90m 133 |[39m         timeout[33m:[39m [35m60000[39m
     [90m 134 |[39m     }
    [31m[1m>[22m[39m[90m 135 |[39m     [36mawait[39m validator[33m.[39mstart(validatorConfig)[33m;[39m
     [90m     |[39m     [31m[1m^[22m[39m
     [90m 136 |[39m }
     [90m 137 |[39m
     [90m 138 |[39m[0m

      at FhirValidator.waitForReady (node_modules/fhir-validator-wrapper/fhir-validator.js:152:11)
      at FhirValidator.start (node_modules/fhir-validator-wrapper/fhir-validator.js:129:5)
      at loadValidator (tx/tests/test-runner.js:135:5)
      at startTxTests (tx/tests/test-runner.js:20:5)
      at Object.<anonymous> (tests/tx/test-cases.test.js:10:5)

  ΓùÅ Tx Tests ΓÇ║ notSelectable ΓÇ║ notSelectable-noprop-true-unknown

    Validator service did not become ready within 60000ms

    [0m [90m 133 |[39m         timeout[33m:[39m [35m60000[39m
     [90m 134 |[39m     }
    [31m[1m>[22m[39m[90m 135 |[39m     [36mawait[39m validator[33m.[39mstart(validatorConfig)[33m;[39m
     [90m     |[39m     [31m[1m^[22m[39m
     [90m 136 |[39m }
     [90m 137 |[39m
     [90m 138 |[39m[0m

      at FhirValidator.waitForReady (node_modules/fhir-validator-wrapper/fhir-validator.js:152:11)
      at FhirValidator.start (node_modules/fhir-validator-wrapper/fhir-validator.js:129:5)
      at loadValidator (tx/tests/test-runner.js:135:5)
      at startTxTests (tx/tests/test-runner.js:20:5)
      at Object.<anonymous> (tests/tx/test-cases.test.js:10:5)

  ΓùÅ Tx Tests ΓÇ║ notSelectable ΓÇ║ notSelectable-reprop-true-unknown

    Validator service did not become ready within 60000ms

    [0m [90m 133 |[39m         timeout[33m:[39m [35m60000[39m
     [90m 134 |[39m     }
    [31m[1m>[22m[39m[90m 135 |[39m     [36mawait[39m validator[33m.[39mstart(validatorConfig)[33m;[39m
     [90m     |[39m     [31m[1m^[22m[39m
     [90m 136 |[39m }
     [90m 137 |[39m
     [90m 138 |[39m[0m

      at FhirValidator.waitForReady (node_modules/fhir-validator-wrapper/fhir-validator.js:152:11)
      at FhirValidator.start (node_modules/fhir-validator-wrapper/fhir-validator.js:129:5)
      at loadValidator (tx/tests/test-runner.js:135:5)
      at startTxTests (tx/tests/test-runner.js:20:5)
      at Object.<anonymous> (tests/tx/test-cases.test.js:10:5)

  ΓùÅ Tx Tests ΓÇ║ notSelectable ΓÇ║ notSelectable-unprop-true-unknown

    Validator service did not become ready within 60000ms

    [0m [90m 133 |[39m         timeout[33m:[39m [35m60000[39m
     [90m 134 |[39m     }
    [31m[1m>[22m[39m[90m 135 |[39m     [36mawait[39m validator[33m.[39mstart(validatorConfig)[33m;[39m
     [90m     |[39m     [31m[1m^[22m[39m
     [90m 136 |[39m }
     [90m 137 |[39m
     [90m 138 |[39m[0m

      at FhirValidator.waitForReady (node_modules/fhir-validator-wrapper/fhir-validator.js:152:11)
      at FhirValidator.start (node_modules/fhir-validator-wrapper/fhir-validator.js:129:5)
      at loadValidator (tx/tests/test-runner.js:135:5)
      at startTxTests (tx/tests/test-runner.js:20:5)
      at Object.<anonymous> (tests/tx/test-cases.test.js:10:5)

  ΓùÅ Tx Tests ΓÇ║ notSelectable ΓÇ║ notSelectable-prop-true-unknown

    Validator service did not become ready within 60000ms

    [0m [90m 133 |[39m         timeout[33m:[39m [35m60000[39m
     [90m 134 |[39m     }
    [31m[1m>[22m[39m[90m 135 |[39m     [36mawait[39m validator[33m.[39mstart(validatorConfig)[33m;[39m
     [90m     |[39m     [31m[1m^[22m[39m
     [90m 136 |[39m }
     [90m 137 |[39m
     [90m 138 |[39m[0m

      at FhirValidator.waitForReady (node_modules/fhir-validator-wrapper/fhir-validator.js:152:11)
      at FhirValidator.start (node_modules/fhir-validator-wrapper/fhir-validator.js:129:5)
      at loadValidator (tx/tests/test-runner.js:135:5)
      at startTxTests (tx/tests/test-runner.js:20:5)
      at Object.<anonymous> (tests/tx/test-cases.test.js:10:5)

  ΓùÅ Tx Tests ΓÇ║ notSelectable ΓÇ║ notSelectable-prop-false-unknown

    Validator service did not become ready within 60000ms

    [0m [90m 133 |[39m         timeout[33m:[39m [35m60000[39m
     [90m 134 |[39m     }
    [31m[1m>[22m[39m[90m 135 |[39m     [36mawait[39m validator[33m.[39mstart(validatorConfig)[33m;[39m
     [90m     |[39m     [31m[1m^[22m[39m
     [90m 136 |[39m }
     [90m 137 |[39m
     [90m 138 |[39m[0m

      at FhirValidator.waitForReady (node_modules/fhir-validator-wrapper/fhir-validator.js:152:11)
      at FhirValidator.start (node_modules/fhir-validator-wrapper/fhir-validator.js:129:5)
      at loadValidator (tx/tests/test-runner.js:135:5)
      at startTxTests (tx/tests/test-runner.js:20:5)
      at Object.<anonymous> (tests/tx/test-cases.test.js:10:5)

  ΓùÅ Tx Tests ΓÇ║ notSelectable ΓÇ║ notSelectable-noprop-false-unknown

    Validator service did not become ready within 60000ms

    [0m [90m 133 |[39m         timeout[33m:[39m [35m60000[39m
     [90m 134 |[39m     }
    [31m[1m>[22m[39m[90m 135 |[39m     [36mawait[39m validator[33m.[39mstart(validatorConfig)[33m;[39m
     [90m     |[39m     [31m[1m^[22m[39m
     [90m 136 |[39m }
     [90m 137 |[39m
     [90m 138 |[39m[0m

      at FhirValidator.waitForReady (node_modules/fhir-validator-wrapper/fhir-validator.js:152:11)
      at FhirValidator.start (node_modules/fhir-validator-wrapper/fhir-validator.js:129:5)
      at loadValidator (tx/tests/test-runner.js:135:5)
      at startTxTests (tx/tests/test-runner.js:20:5)
      at Object.<anonymous> (tests/tx/test-cases.test.js:10:5)

  ΓùÅ Tx Tests ΓÇ║ notSelectable ΓÇ║ notSelectable-reprop-false-unknown

    Validator service did not become ready within 60000ms

    [0m [90m 133 |[39m         timeout[33m:[39m [35m60000[39m
     [90m 134 |[39m     }
    [31m[1m>[22m[39m[90m 135 |[39m     [36mawait[39m validator[33m.[39mstart(validatorConfig)[33m;[39m
     [90m     |[39m     [31m[1m^[22m[39m
     [90m 136 |[39m }
     [90m 137 |[39m
     [90m 138 |[39m[0m

      at FhirValidator.waitForReady (node_modules/fhir-validator-wrapper/fhir-validator.js:152:11)
      at FhirValidator.start (node_modules/fhir-validator-wrapper/fhir-validator.js:129:5)
      at loadValidator (tx/tests/test-runner.js:135:5)
      at startTxTests (tx/tests/test-runner.js:20:5)
      at Object.<anonymous> (tests/tx/test-cases.test.js:10:5)

  ΓùÅ Tx Tests ΓÇ║ notSelectable ΓÇ║ notSelectable-unprop-false-unknown

    Validator service did not become ready within 60000ms

    [0m [90m 133 |[39m         timeout[33m:[39m [35m60000[39m
     [90m 134 |[39m     }
    [31m[1m>[22m[39m[90m 135 |[39m     [36mawait[39m validator[33m.[39mstart(validatorConfig)[33m;[39m
     [90m     |[39m     [31m[1m^[22m[39m
     [90m 136 |[39m }
     [90m 137 |[39m
     [90m 138 |[39m[0m

      at FhirValidator.waitForReady (node_modules/fhir-validator-wrapper/fhir-validator.js:152:11)
      at FhirValidator.start (node_modules/fhir-validator-wrapper/fhir-validator.js:129:5)
      at loadValidator (tx/tests/test-runner.js:135:5)
      at startTxTests (tx/tests/test-runner.js:20:5)
      at Object.<anonymous> (tests/tx/test-cases.test.js:10:5)

  ΓùÅ Tx Tests ΓÇ║ inactive ΓÇ║ inactive-expand

    Validator service did not become ready within 60000ms

    [0m [90m 133 |[39m         timeout[33m:[39m [35m60000[39m
     [90m 134 |[39m     }
    [31m[1m>[22m[39m[90m 135 |[39m     [36mawait[39m validator[33m.[39mstart(validatorConfig)[33m;[39m
     [90m     |[39m     [31m[1m^[22m[39m
     [90m 136 |[39m }
     [90m 137 |[39m
     [90m 138 |[39m[0m

      at FhirValidator.waitForReady (node_modules/fhir-validator-wrapper/fhir-validator.js:152:11)
      at FhirValidator.start (node_modules/fhir-validator-wrapper/fhir-validator.js:129:5)
      at loadValidator (tx/tests/test-runner.js:135:5)
      at startTxTests (tx/tests/test-runner.js:20:5)
      at Object.<anonymous> (tests/tx/test-cases.test.js:10:5)

  ΓùÅ Tx Tests ΓÇ║ inactive ΓÇ║ inactive-inactive-expand

    Validator service did not become ready within 60000ms

    [0m [90m 133 |[39m         timeout[33m:[39m [35m60000[39m
     [90m 134 |[39m     }
    [31m[1m>[22m[39m[90m 135 |[39m     [36mawait[39m validator[33m.[39mstart(validatorConfig)[33m;[39m
     [90m     |[39m     [31m[1m^[22m[39m
     [90m 136 |[39m }
     [90m 137 |[39m
     [90m 138 |[39m[0m

      at FhirValidator.waitForReady (node_modules/fhir-validator-wrapper/fhir-validator.js:152:11)
      at FhirValidator.start (node_modules/fhir-validator-wrapper/fhir-validator.js:129:5)
      at loadValidator (tx/tests/test-runner.js:135:5)
      at startTxTests (tx/tests/test-runner.js:20:5)
      at Object.<anonymous> (tests/tx/test-cases.test.js:10:5)

  ΓùÅ Tx Tests ΓÇ║ inactive ΓÇ║ inactive-active-expand

    Validator service did not become ready within 60000ms

    [0m [90m 133 |[39m         timeout[33m:[39m [35m60000[39m
     [90m 134 |[39m     }
    [31m[1m>[22m[39m[90m 135 |[39m     [36mawait[39m validator[33m.[39mstart(validatorConfig)[33m;[39m
     [90m     |[39m     [31m[1m^[22m[39m
     [90m 136 |[39m }
     [90m 137 |[39m
     [90m 138 |[39m[0m

      at FhirValidator.waitForReady (node_modules/fhir-validator-wrapper/fhir-validator.js:152:11)
      at FhirValidator.start (node_modules/fhir-validator-wrapper/fhir-validator.js:129:5)
      at loadValidator (tx/tests/test-runner.js:135:5)
      at startTxTests (tx/tests/test-runner.js:20:5)
      at Object.<anonymous> (tests/tx/test-cases.test.js:10:5)

  ΓùÅ Tx Tests ΓÇ║ inactive ΓÇ║ inactive-1-validate

    Validator service did not become ready within 60000ms

    [0m [90m 133 |[39m         timeout[33m:[39m [35m60000[39m
     [90m 134 |[39m     }
    [31m[1m>[22m[39m[90m 135 |[39m     [36mawait[39m validator[33m.[39mstart(validatorConfig)[33m;[39m
     [90m     |[39m     [31m[1m^[22m[39m
     [90m 136 |[39m }
     [90m 137 |[39m
     [90m 138 |[39m[0m

      at FhirValidator.waitForReady (node_modules/fhir-validator-wrapper/fhir-validator.js:152:11)
      at FhirValidator.start (node_modules/fhir-validator-wrapper/fhir-validator.js:129:5)
      at loadValidator (tx/tests/test-runner.js:135:5)
      at startTxTests (tx/tests/test-runner.js:20:5)
      at Object.<anonymous> (tests/tx/test-cases.test.js:10:5)

  ΓùÅ Tx Tests ΓÇ║ inactive ΓÇ║ inactive-2-validate

    Validator service did not become ready within 60000ms

    [0m [90m 133 |[39m         timeout[33m:[39m [35m60000[39m
     [90m 134 |[39m     }
    [31m[1m>[22m[39m[90m 135 |[39m     [36mawait[39m validator[33m.[39mstart(validatorConfig)[33m;[39m
     [90m     |[39m     [31m[1m^[22m[39m
     [90m 136 |[39m }
     [90m 137 |[39m
     [90m 138 |[39m[0m

      at FhirValidator.waitForReady (node_modules/fhir-validator-wrapper/fhir-validator.js:152:11)
      at FhirValidator.start (node_modules/fhir-validator-wrapper/fhir-validator.js:129:5)
      at loadValidator (tx/tests/test-runner.js:135:5)
      at startTxTests (tx/tests/test-runner.js:20:5)
      at Object.<anonymous> (tests/tx/test-cases.test.js:10:5)

  ΓùÅ Tx Tests ΓÇ║ inactive ΓÇ║ inactive-3-validate

    Validator service did not become ready within 60000ms

    [0m [90m 133 |[39m         timeout[33m:[39m [35m60000[39m
     [90m 134 |[39m     }
    [31m[1m>[22m[39m[90m 135 |[39m     [36mawait[39m validator[33m.[39mstart(validatorConfig)[33m;[39m
     [90m     |[39m     [31m[1m^[22m[39m
     [90m 136 |[39m }
     [90m 137 |[39m
     [90m 138 |[39m[0m

      at FhirValidator.waitForReady (node_modules/fhir-validator-wrapper/fhir-validator.js:152:11)
      at FhirValidator.start (node_modules/fhir-validator-wrapper/fhir-validator.js:129:5)
      at loadValidator (tx/tests/test-runner.js:135:5)
      at startTxTests (tx/tests/test-runner.js:20:5)
      at Object.<anonymous> (tests/tx/test-cases.test.js:10:5)

  ΓùÅ Tx Tests ΓÇ║ inactive ΓÇ║ inactive-1a-validate

    Validator service did not become ready within 60000ms

    [0m [90m 133 |[39m         timeout[33m:[39m [35m60000[39m
     [90m 134 |[39m     }
    [31m[1m>[22m[39m[90m 135 |[39m     [36mawait[39m validator[33m.[39mstart(validatorConfig)[33m;[39m
     [90m     |[39m     [31m[1m^[22m[39m
     [90m 136 |[39m }
     [90m 137 |[39m
     [90m 138 |[39m[0m

      at FhirValidator.waitForReady (node_modules/fhir-validator-wrapper/fhir-validator.js:152:11)
      at FhirValidator.start (node_modules/fhir-validator-wrapper/fhir-validator.js:129:5)
      at loadValidator (tx/tests/test-runner.js:135:5)
      at startTxTests (tx/tests/test-runner.js:20:5)
      at Object.<anonymous> (tests/tx/test-cases.test.js:10:5)

  ΓùÅ Tx Tests ΓÇ║ inactive ΓÇ║ inactive-2a-validate

    Validator service did not become ready within 60000ms

    [0m [90m 133 |[39m         timeout[33m:[39m [35m60000[39m
     [90m 134 |[39m     }
    [31m[1m>[22m[39m[90m 135 |[39m     [36mawait[39m validator[33m.[39mstart(validatorConfig)[33m;[39m
     [90m     |[39m     [31m[1m^[22m[39m
     [90m 136 |[39m }
     [90m 137 |[39m
     [90m 138 |[39m[0m

      at FhirValidator.waitForReady (node_modules/fhir-validator-wrapper/fhir-validator.js:152:11)
      at FhirValidator.start (node_modules/fhir-validator-wrapper/fhir-validator.js:129:5)
      at loadValidator (tx/tests/test-runner.js:135:5)
      at startTxTests (tx/tests/test-runner.js:20:5)
      at Object.<anonymous> (tests/tx/test-cases.test.js:10:5)

  ΓùÅ Tx Tests ΓÇ║ inactive ΓÇ║ inactive-3a-validate

    Validator service did not become ready within 60000ms

    [0m [90m 133 |[39m         timeout[33m:[39m [35m60000[39m
     [90m 134 |[39m     }
    [31m[1m>[22m[39m[90m 135 |[39m     [36mawait[39m validator[33m.[39mstart(validatorConfig)[33m;[39m
     [90m     |[39m     [31m[1m^[22m[39m
     [90m 136 |[39m }
     [90m 137 |[39m
     [90m 138 |[39m[0m

      at FhirValidator.waitForReady (node_modules/fhir-validator-wrapper/fhir-validator.js:152:11)
      at FhirValidator.start (node_modules/fhir-validator-wrapper/fhir-validator.js:129:5)
      at loadValidator (tx/tests/test-runner.js:135:5)
      at startTxTests (tx/tests/test-runner.js:20:5)
      at Object.<anonymous> (tests/tx/test-cases.test.js:10:5)

  ΓùÅ Tx Tests ΓÇ║ inactive ΓÇ║ inactive-1b-validate

    Validator service did not become ready within 60000ms

    [0m [90m 133 |[39m         timeout[33m:[39m [35m60000[39m
     [90m 134 |[39m     }
    [31m[1m>[22m[39m[90m 135 |[39m     [36mawait[39m validator[33m.[39mstart(validatorConfig)[33m;[39m
     [90m     |[39m     [31m[1m^[22m[39m
     [90m 136 |[39m }
     [90m 137 |[39m
     [90m 138 |[39m[0m

      at FhirValidator.waitForReady (node_modules/fhir-validator-wrapper/fhir-validator.js:152:11)
      at FhirValidator.start (node_modules/fhir-validator-wrapper/fhir-validator.js:129:5)
      at loadValidator (tx/tests/test-runner.js:135:5)
      at startTxTests (tx/tests/test-runner.js:20:5)
      at Object.<anonymous> (tests/tx/test-cases.test.js:10:5)

  ΓùÅ Tx Tests ΓÇ║ inactive ΓÇ║ inactive-2b-validate

    Validator service did not become ready within 60000ms

    [0m [90m 133 |[39m         timeout[33m:[39m [35m60000[39m
     [90m 134 |[39m     }
    [31m[1m>[22m[39m[90m 135 |[39m     [36mawait[39m validator[33m.[39mstart(validatorConfig)[33m;[39m
     [90m     |[39m     [31m[1m^[22m[39m
     [90m 136 |[39m }
     [90m 137 |[39m
     [90m 138 |[39m[0m

      at FhirValidator.waitForReady (node_modules/fhir-validator-wrapper/fhir-validator.js:152:11)
      at FhirValidator.start (node_modules/fhir-validator-wrapper/fhir-validator.js:129:5)
      at loadValidator (tx/tests/test-runner.js:135:5)
      at startTxTests (tx/tests/test-runner.js:20:5)
      at Object.<anonymous> (tests/tx/test-cases.test.js:10:5)

  ΓùÅ Tx Tests ΓÇ║ inactive ΓÇ║ inactive-3b-validate

    Validator service did not become ready within 60000ms

    [0m [90m 133 |[39m         timeout[33m:[39m [35m60000[39m
     [90m 134 |[39m     }
    [31m[1m>[22m[39m[90m 135 |[39m     [36mawait[39m validator[33m.[39mstart(validatorConfig)[33m;[39m
     [90m     |[39m     [31m[1m^[22m[39m
     [90m 136 |[39m }
     [90m 137 |[39m
     [90m 138 |[39m[0m

      at FhirValidator.waitForReady (node_modules/fhir-validator-wrapper/fhir-validator.js:152:11)
      at FhirValidator.start (node_modules/fhir-validator-wrapper/fhir-validator.js:129:5)
      at loadValidator (tx/tests/test-runner.js:135:5)
      at startTxTests (tx/tests/test-runner.js:20:5)
      at Object.<anonymous> (tests/tx/test-cases.test.js:10:5)

  ΓùÅ Tx Tests ΓÇ║ case ΓÇ║ case-insensitive-code1-1

    Validator service did not become ready within 60000ms

    [0m [90m 133 |[39m         timeout[33m:[39m [35m60000[39m
     [90m 134 |[39m     }
    [31m[1m>[22m[39m[90m 135 |[39m     [36mawait[39m validator[33m.[39mstart(validatorConfig)[33m;[39m
     [90m     |[39m     [31m[1m^[22m[39m
     [90m 136 |[39m }
     [90m 137 |[39m
     [90m 138 |[39m[0m

      at FhirValidator.waitForReady (node_modules/fhir-validator-wrapper/fhir-validator.js:152:11)
      at FhirValidator.start (node_modules/fhir-validator-wrapper/fhir-validator.js:129:5)
      at loadValidator (tx/tests/test-runner.js:135:5)
      at startTxTests (tx/tests/test-runner.js:20:5)
      at Object.<anonymous> (tests/tx/test-cases.test.js:10:5)

  ΓùÅ Tx Tests ΓÇ║ case ΓÇ║ case-insensitive-code1-2

    Validator service did not become ready within 60000ms

    [0m [90m 133 |[39m         timeout[33m:[39m [35m60000[39m
     [90m 134 |[39m     }
    [31m[1m>[22m[39m[90m 135 |[39m     [36mawait[39m validator[33m.[39mstart(validatorConfig)[33m;[39m
     [90m     |[39m     [31m[1m^[22m[39m
     [90m 136 |[39m }
     [90m 137 |[39m
     [90m 138 |[39m[0m

      at FhirValidator.waitForReady (node_modules/fhir-validator-wrapper/fhir-validator.js:152:11)
      at FhirValidator.start (node_modules/fhir-validator-wrapper/fhir-validator.js:129:5)
      at loadValidator (tx/tests/test-runner.js:135:5)
      at startTxTests (tx/tests/test-runner.js:20:5)
      at Object.<anonymous> (tests/tx/test-cases.test.js:10:5)

  ΓùÅ Tx Tests ΓÇ║ case ΓÇ║ case-insensitive-code1-3

    Validator service did not become ready within 60000ms

    [0m [90m 133 |[39m         timeout[33m:[39m [35m60000[39m
     [90m 134 |[39m     }
    [31m[1m>[22m[39m[90m 135 |[39m     [36mawait[39m validator[33m.[39mstart(validatorConfig)[33m;[39m
     [90m     |[39m     [31m[1m^[22m[39m
     [90m 136 |[39m }
     [90m 137 |[39m
     [90m 138 |[39m[0m

      at FhirValidator.waitForReady (node_modules/fhir-validator-wrapper/fhir-validator.js:152:11)
      at FhirValidator.start (node_modules/fhir-validator-wrapper/fhir-validator.js:129:5)
      at loadValidator (tx/tests/test-runner.js:135:5)
      at startTxTests (tx/tests/test-runner.js:20:5)
      at Object.<anonymous> (tests/tx/test-cases.test.js:10:5)

  ΓùÅ Tx Tests ΓÇ║ case ΓÇ║ case-sensitive-code1-1

    Validator service did not become ready within 60000ms

    [0m [90m 133 |[39m         timeout[33m:[39m [35m60000[39m
     [90m 134 |[39m     }
    [31m[1m>[22m[39m[90m 135 |[39m     [36mawait[39m validator[33m.[39mstart(validatorConfig)[33m;[39m
     [90m     |[39m     [31m[1m^[22m[39m
     [90m 136 |[39m }
     [90m 137 |[39m
     [90m 138 |[39m[0m

      at FhirValidator.waitForReady (node_modules/fhir-validator-wrapper/fhir-validator.js:152:11)
      at FhirValidator.start (node_modules/fhir-validator-wrapper/fhir-validator.js:129:5)
      at loadValidator (tx/tests/test-runner.js:135:5)
      at startTxTests (tx/tests/test-runner.js:20:5)
      at Object.<anonymous> (tests/tx/test-cases.test.js:10:5)

  ΓùÅ Tx Tests ΓÇ║ case ΓÇ║ case-sensitive-code1-2

    Validator service did not become ready within 60000ms

    [0m [90m 133 |[39m         timeout[33m:[39m [35m60000[39m
     [90m 134 |[39m     }
    [31m[1m>[22m[39m[90m 135 |[39m     [36mawait[39m validator[33m.[39mstart(validatorConfig)[33m;[39m
     [90m     |[39m     [31m[1m^[22m[39m
     [90m 136 |[39m }
     [90m 137 |[39m
     [90m 138 |[39m[0m

      at FhirValidator.waitForReady (node_modules/fhir-validator-wrapper/fhir-validator.js:152:11)
      at FhirValidator.start (node_modules/fhir-validator-wrapper/fhir-validator.js:129:5)
      at loadValidator (tx/tests/test-runner.js:135:5)
      at startTxTests (tx/tests/test-runner.js:20:5)
      at Object.<anonymous> (tests/tx/test-cases.test.js:10:5)

  ΓùÅ Tx Tests ΓÇ║ case ΓÇ║ case-sensitive-code1-3

    Validator service did not become ready within 60000ms

    [0m [90m 133 |[39m         timeout[33m:[39m [35m60000[39m
     [90m 134 |[39m     }
    [31m[1m>[22m[39m[90m 135 |[39m     [36mawait[39m validator[33m.[39mstart(validatorConfig)[33m;[39m
     [90m     |[39m     [31m[1m^[22m[39m
     [90m 136 |[39m }
     [90m 137 |[39m
     [90m 138 |[39m[0m

      at FhirValidator.waitForReady (node_modules/fhir-validator-wrapper/fhir-validator.js:152:11)
      at FhirValidator.start (node_modules/fhir-validator-wrapper/fhir-validator.js:129:5)
      at loadValidator (tx/tests/test-runner.js:135:5)
      at startTxTests (tx/tests/test-runner.js:20:5)
      at Object.<anonymous> (tests/tx/test-cases.test.js:10:5)

  ΓùÅ Tx Tests ΓÇ║ translate ΓÇ║ translate-1

    Validator service did not become ready within 60000ms

    [0m [90m 133 |[39m         timeout[33m:[39m [35m60000[39m
     [90m 134 |[39m     }
    [31m[1m>[22m[39m[90m 135 |[39m     [36mawait[39m validator[33m.[39mstart(validatorConfig)[33m;[39m
     [90m     |[39m     [31m[1m^[22m[39m
     [90m 136 |[39m }
     [90m 137 |[39m
     [90m 138 |[39m[0m

      at FhirValidator.waitForReady (node_modules/fhir-validator-wrapper/fhir-validator.js:152:11)
      at FhirValidator.start (node_modules/fhir-validator-wrapper/fhir-validator.js:129:5)
      at loadValidator (tx/tests/test-runner.js:135:5)
      at startTxTests (tx/tests/test-runner.js:20:5)
      at Object.<anonymous> (tests/tx/test-cases.test.js:10:5)

  ΓùÅ Tx Tests ΓÇ║ tho ΓÇ║ act-class

    Validator service did not become ready within 60000ms

    [0m [90m 133 |[39m         timeout[33m:[39m [35m60000[39m
     [90m 134 |[39m     }
    [31m[1m>[22m[39m[90m 135 |[39m     [36mawait[39m validator[33m.[39mstart(validatorConfig)[33m;[39m
     [90m     |[39m     [31m[1m^[22m[39m
     [90m 136 |[39m }
     [90m 137 |[39m
     [90m 138 |[39m[0m

      at FhirValidator.waitForReady (node_modules/fhir-validator-wrapper/fhir-validator.js:152:11)
      at FhirValidator.start (node_modules/fhir-validator-wrapper/fhir-validator.js:129:5)
      at loadValidator (tx/tests/test-runner.js:135:5)
      at startTxTests (tx/tests/test-runner.js:20:5)
      at Object.<anonymous> (tests/tx/test-cases.test.js:10:5)

  ΓùÅ Tx Tests ΓÇ║ tho ΓÇ║ act-class-activeonly

    Validator service did not become ready within 60000ms

    [0m [90m 133 |[39m         timeout[33m:[39m [35m60000[39m
     [90m 134 |[39m     }
    [31m[1m>[22m[39m[90m 135 |[39m     [36mawait[39m validator[33m.[39mstart(validatorConfig)[33m;[39m
     [90m     |[39m     [31m[1m^[22m[39m
     [90m 136 |[39m }
     [90m 137 |[39m
     [90m 138 |[39m[0m

      at FhirValidator.waitForReady (node_modules/fhir-validator-wrapper/fhir-validator.js:152:11)
      at FhirValidator.start (node_modules/fhir-validator-wrapper/fhir-validator.js:129:5)
      at loadValidator (tx/tests/test-runner.js:135:5)
      at startTxTests (tx/tests/test-runner.js:20:5)
      at Object.<anonymous> (tests/tx/test-cases.test.js:10:5)

  ΓùÅ Tx Tests ΓÇ║ exclude ΓÇ║ exclude-1

    Validator service did not become ready within 60000ms

    [0m [90m 133 |[39m         timeout[33m:[39m [35m60000[39m
     [90m 134 |[39m     }
    [31m[1m>[22m[39m[90m 135 |[39m     [36mawait[39m validator[33m.[39mstart(validatorConfig)[33m;[39m
     [90m     |[39m     [31m[1m^[22m[39m
     [90m 136 |[39m }
     [90m 137 |[39m
     [90m 138 |[39m[0m

      at FhirValidator.waitForReady (node_modules/fhir-validator-wrapper/fhir-validator.js:152:11)
      at FhirValidator.start (node_modules/fhir-validator-wrapper/fhir-validator.js:129:5)
      at loadValidator (tx/tests/test-runner.js:135:5)
      at startTxTests (tx/tests/test-runner.js:20:5)
      at Object.<anonymous> (tests/tx/test-cases.test.js:10:5)

  ΓùÅ Tx Tests ΓÇ║ default-valueset-version ΓÇ║ direct-expand-one

    Validator service did not become ready within 60000ms

    [0m [90m 133 |[39m         timeout[33m:[39m [35m60000[39m
     [90m 134 |[39m     }
    [31m[1m>[22m[39m[90m 135 |[39m     [36mawait[39m validator[33m.[39mstart(validatorConfig)[33m;[39m
     [90m     |[39m     [31m[1m^[22m[39m
     [90m 136 |[39m }
     [90m 137 |[39m
     [90m 138 |[39m[0m

      at FhirValidator.waitForReady (node_modules/fhir-validator-wrapper/fhir-validator.js:152:11)
      at FhirValidator.start (node_modules/fhir-validator-wrapper/fhir-validator.js:129:5)
      at loadValidator (tx/tests/test-runner.js:135:5)
      at startTxTests (tx/tests/test-runner.js:20:5)
      at Object.<anonymous> (tests/tx/test-cases.test.js:10:5)

  ΓùÅ Tx Tests ΓÇ║ default-valueset-version ΓÇ║ direct-expand-two

    Validator service did not become ready within 60000ms

    [0m [90m 133 |[39m         timeout[33m:[39m [35m60000[39m
     [90m 134 |[39m     }
    [31m[1m>[22m[39m[90m 135 |[39m     [36mawait[39m validator[33m.[39mstart(validatorConfig)[33m;[39m
     [90m     |[39m     [31m[1m^[22m[39m
     [90m 136 |[39m }
     [90m 137 |[39m
     [90m 138 |[39m[0m

      at FhirValidator.waitForReady (node_modules/fhir-validator-wrapper/fhir-validator.js:152:11)
      at FhirValidator.start (node_modules/fhir-validator-wrapper/fhir-validator.js:129:5)
      at loadValidator (tx/tests/test-runner.js:135:5)
      at startTxTests (tx/tests/test-runner.js:20:5)
      at Object.<anonymous> (tests/tx/test-cases.test.js:10:5)

  ΓùÅ Tx Tests ΓÇ║ default-valueset-version ΓÇ║ indirect-expand-one

    Validator service did not become ready within 60000ms

    [0m [90m 133 |[39m         timeout[33m:[39m [35m60000[39m
     [90m 134 |[39m     }
    [31m[1m>[22m[39m[90m 135 |[39m     [36mawait[39m validator[33m.[39mstart(validatorConfig)[33m;[39m
     [90m     |[39m     [31m[1m^[22m[39m
     [90m 136 |[39m }
     [90m 137 |[39m
     [90m 138 |[39m[0m

      at FhirValidator.waitForReady (node_modules/fhir-validator-wrapper/fhir-validator.js:152:11)
      at FhirValidator.start (node_modules/fhir-validator-wrapper/fhir-validator.js:129:5)
      at loadValidator (tx/tests/test-runner.js:135:5)
      at startTxTests (tx/tests/test-runner.js:20:5)
      at Object.<anonymous> (tests/tx/test-cases.test.js:10:5)

  ΓùÅ Tx Tests ΓÇ║ default-valueset-version ΓÇ║ indirect-expand-two

    Validator service did not become ready within 60000ms

    [0m [90m 133 |[39m         timeout[33m:[39m [35m60000[39m
     [90m 134 |[39m     }
    [31m[1m>[22m[39m[90m 135 |[39m     [36mawait[39m validator[33m.[39mstart(validatorConfig)[33m;[39m
     [90m     |[39m     [31m[1m^[22m[39m
     [90m 136 |[39m }
     [90m 137 |[39m
     [90m 138 |[39m[0m

      at FhirValidator.waitForReady (node_modules/fhir-validator-wrapper/fhir-validator.js:152:11)
      at FhirValidator.start (node_modules/fhir-validator-wrapper/fhir-validator.js:129:5)
      at loadValidator (tx/tests/test-runner.js:135:5)
      at startTxTests (tx/tests/test-runner.js:20:5)
      at Object.<anonymous> (tests/tx/test-cases.test.js:10:5)

  ΓùÅ Tx Tests ΓÇ║ default-valueset-version ΓÇ║ indirect-expand-zero

    Validator service did not become ready within 60000ms

    [0m [90m 133 |[39m         timeout[33m:[39m [35m60000[39m
     [90m 134 |[39m     }
    [31m[1m>[22m[39m[90m 135 |[39m     [36mawait[39m validator[33m.[39mstart(validatorConfig)[33m;[39m
     [90m     |[39m     [31m[1m^[22m[39m
     [90m 136 |[39m }
     [90m 137 |[39m
     [90m 138 |[39m[0m

      at FhirValidator.waitForReady (node_modules/fhir-validator-wrapper/fhir-validator.js:152:11)
      at FhirValidator.start (node_modules/fhir-validator-wrapper/fhir-validator.js:129:5)
      at loadValidator (tx/tests/test-runner.js:135:5)
      at startTxTests (tx/tests/test-runner.js:20:5)
      at Object.<anonymous> (tests/tx/test-cases.test.js:10:5)

  ΓùÅ Tx Tests ΓÇ║ default-valueset-version ΓÇ║ indirect-expand-zero-pinned

    Validator service did not become ready within 60000ms

    [0m [90m 133 |[39m         timeout[33m:[39m [35m60000[39m
     [90m 134 |[39m     }
    [31m[1m>[22m[39m[90m 135 |[39m     [36mawait[39m validator[33m.[39mstart(validatorConfig)[33m;[39m
     [90m     |[39m     [31m[1m^[22m[39m
     [90m 136 |[39m }
     [90m 137 |[39m
     [90m 138 |[39m[0m

      at FhirValidator.waitForReady (node_modules/fhir-validator-wrapper/fhir-validator.js:152:11)
      at FhirValidator.start (node_modules/fhir-validator-wrapper/fhir-validator.js:129:5)
      at loadValidator (tx/tests/test-runner.js:135:5)
      at startTxTests (tx/tests/test-runner.js:20:5)
      at Object.<anonymous> (tests/tx/test-cases.test.js:10:5)

  ΓùÅ Tx Tests ΓÇ║ default-valueset-version ΓÇ║ indirect-expand-zero-pinned-wrong

    Validator service did not become ready within 60000ms

    [0m [90m 133 |[39m         timeout[33m:[39m [35m60000[39m
     [90m 134 |[39m     }
    [31m[1m>[22m[39m[90m 135 |[39m     [36mawait[39m validator[33m.[39mstart(validatorConfig)[33m;[39m
     [90m     |[39m     [31m[1m^[22m[39m
     [90m 136 |[39m }
     [90m 137 |[39m
     [90m 138 |[39m[0m

      at FhirValidator.waitForReady (node_modules/fhir-validator-wrapper/fhir-validator.js:152:11)
      at FhirValidator.start (node_modules/fhir-validator-wrapper/fhir-validator.js:129:5)
      at loadValidator (tx/tests/test-runner.js:135:5)
      at startTxTests (tx/tests/test-runner.js:20:5)
      at Object.<anonymous> (tests/tx/test-cases.test.js:10:5)

  ΓùÅ Tx Tests ΓÇ║ default-valueset-version ΓÇ║ indirect-validation-one

    Validator service did not become ready within 60000ms

    [0m [90m 133 |[39m         timeout[33m:[39m [35m60000[39m
     [90m 134 |[39m     }
    [31m[1m>[22m[39m[90m 135 |[39m     [36mawait[39m validator[33m.[39mstart(validatorConfig)[33m;[39m
     [90m     |[39m     [31m[1m^[22m[39m
     [90m 136 |[39m }
     [90m 137 |[39m
     [90m 138 |[39m[0m

      at FhirValidator.waitForReady (node_modules/fhir-validator-wrapper/fhir-validator.js:152:11)
      at FhirValidator.start (node_modules/fhir-validator-wrapper/fhir-validator.js:129:5)
      at loadValidator (tx/tests/test-runner.js:135:5)
      at startTxTests (tx/tests/test-runner.js:20:5)
      at Object.<anonymous> (tests/tx/test-cases.test.js:10:5)

  ΓùÅ Tx Tests ΓÇ║ default-valueset-version ΓÇ║ indirect-validation-two

    Validator service did not become ready within 60000ms

    [0m [90m 133 |[39m         timeout[33m:[39m [35m60000[39m
     [90m 134 |[39m     }
    [31m[1m>[22m[39m[90m 135 |[39m     [36mawait[39m validator[33m.[39mstart(validatorConfig)[33m;[39m
     [90m     |[39m     [31m[1m^[22m[39m
     [90m 136 |[39m }
     [90m 137 |[39m
     [90m 138 |[39m[0m

      at FhirValidator.waitForReady (node_modules/fhir-validator-wrapper/fhir-validator.js:152:11)
      at FhirValidator.start (node_modules/fhir-validator-wrapper/fhir-validator.js:129:5)
      at loadValidator (tx/tests/test-runner.js:135:5)
      at startTxTests (tx/tests/test-runner.js:20:5)
      at Object.<anonymous> (tests/tx/test-cases.test.js:10:5)

  ΓùÅ Tx Tests ΓÇ║ default-valueset-version ΓÇ║ indirect-validation-zero

    Validator service did not become ready within 60000ms

    [0m [90m 133 |[39m         timeout[33m:[39m [35m60000[39m
     [90m 134 |[39m     }
    [31m[1m>[22m[39m[90m 135 |[39m     [36mawait[39m validator[33m.[39mstart(validatorConfig)[33m;[39m
     [90m     |[39m     [31m[1m^[22m[39m
     [90m 136 |[39m }
     [90m 137 |[39m
     [90m 138 |[39m[0m

      at FhirValidator.waitForReady (node_modules/fhir-validator-wrapper/fhir-validator.js:152:11)
      at FhirValidator.start (node_modules/fhir-validator-wrapper/fhir-validator.js:129:5)
      at loadValidator (tx/tests/test-runner.js:135:5)
      at startTxTests (tx/tests/test-runner.js:20:5)
      at Object.<anonymous> (tests/tx/test-cases.test.js:10:5)

  ΓùÅ Tx Tests ΓÇ║ default-valueset-version ΓÇ║ indirect-validation-zero-pinned

    Validator service did not become ready within 60000ms

    [0m [90m 133 |[39m         timeout[33m:[39m [35m60000[39m
     [90m 134 |[39m     }
    [31m[1m>[22m[39m[90m 135 |[39m     [36mawait[39m validator[33m.[39mstart(validatorConfig)[33m;[39m
     [90m     |[39m     [31m[1m^[22m[39m
     [90m 136 |[39m }
     [90m 137 |[39m
     [90m 138 |[39m[0m

      at FhirValidator.waitForReady (node_modules/fhir-validator-wrapper/fhir-validator.js:152:11)
      at FhirValidator.start (node_modules/fhir-validator-wrapper/fhir-validator.js:129:5)
      at loadValidator (tx/tests/test-runner.js:135:5)
      at startTxTests (tx/tests/test-runner.js:20:5)
      at Object.<anonymous> (tests/tx/test-cases.test.js:10:5)

  ΓùÅ Tx Tests ΓÇ║ default-valueset-version ΓÇ║ indirect-validation-zero-pinned-wrong

    Validator service did not become ready within 60000ms

    [0m [90m 133 |[39m         timeout[33m:[39m [35m60000[39m
     [90m 134 |[39m     }
    [31m[1m>[22m[39m[90m 135 |[39m     [36mawait[39m validator[33m.[39mstart(validatorConfig)[33m;[39m
     [90m     |[39m     [31m[1m^[22m[39m
     [90m 136 |[39m }
     [90m 137 |[39m
     [90m 138 |[39m[0m

      at FhirValidator.waitForReady (node_modules/fhir-validator-wrapper/fhir-validator.js:152:11)
      at FhirValidator.start (node_modules/fhir-validator-wrapper/fhir-validator.js:129:5)
      at loadValidator (tx/tests/test-runner.js:135:5)
      at startTxTests (tx/tests/test-runner.js:20:5)
      at Object.<anonymous> (tests/tx/test-cases.test.js:10:5)

  ΓùÅ Tx Tests ΓÇ║ tx.fhir.org ΓÇ║ snomed-validation-1

    Validator service did not become ready within 60000ms

    [0m [90m 133 |[39m         timeout[33m:[39m [35m60000[39m
     [90m 134 |[39m     }
    [31m[1m>[22m[39m[90m 135 |[39m     [36mawait[39m validator[33m.[39mstart(validatorConfig)[33m;[39m
     [90m     |[39m     [31m[1m^[22m[39m
     [90m 136 |[39m }
     [90m 137 |[39m
     [90m 138 |[39m[0m

      at FhirValidator.waitForReady (node_modules/fhir-validator-wrapper/fhir-validator.js:152:11)
      at FhirValidator.start (node_modules/fhir-validator-wrapper/fhir-validator.js:129:5)
      at loadValidator (tx/tests/test-runner.js:135:5)
      at startTxTests (tx/tests/test-runner.js:20:5)
      at Object.<anonymous> (tests/tx/test-cases.test.js:10:5)

  ΓùÅ Tx Tests ΓÇ║ tx.fhir.org ΓÇ║ loinc-lookup-code

    Validator service did not become ready within 60000ms

    [0m [90m 133 |[39m         timeout[33m:[39m [35m60000[39m
     [90m 134 |[39m     }
    [31m[1m>[22m[39m[90m 135 |[39m     [36mawait[39m validator[33m.[39mstart(validatorConfig)[33m;[39m
     [90m     |[39m     [31m[1m^[22m[39m
     [90m 136 |[39m }
     [90m 137 |[39m
     [90m 138 |[39m[0m

      at FhirValidator.waitForReady (node_modules/fhir-validator-wrapper/fhir-validator.js:152:11)
      at FhirValidator.start (node_modules/fhir-validator-wrapper/fhir-validator.js:129:5)
      at loadValidator (tx/tests/test-runner.js:135:5)
      at startTxTests (tx/tests/test-runner.js:20:5)
      at Object.<anonymous> (tests/tx/test-cases.test.js:10:5)

  ΓùÅ Tx Tests ΓÇ║ tx.fhir.org ΓÇ║ loinc-lookup-part

    Validator service did not become ready within 60000ms

    [0m [90m 133 |[39m         timeout[33m:[39m [35m60000[39m
     [90m 134 |[39m     }
    [31m[1m>[22m[39m[90m 135 |[39m     [36mawait[39m validator[33m.[39mstart(validatorConfig)[33m;[39m
     [90m     |[39m     [31m[1m^[22m[39m
     [90m 136 |[39m }
     [90m 137 |[39m
     [90m 138 |[39m[0m

      at FhirValidator.waitForReady (node_modules/fhir-validator-wrapper/fhir-validator.js:152:11)
      at FhirValidator.start (node_modules/fhir-validator-wrapper/fhir-validator.js:129:5)
      at loadValidator (tx/tests/test-runner.js:135:5)
      at startTxTests (tx/tests/test-runner.js:20:5)
      at Object.<anonymous> (tests/tx/test-cases.test.js:10:5)

  ΓùÅ Tx Tests ΓÇ║ tx.fhir.org ΓÇ║ loinc-lookup-list

    Validator service did not become ready within 60000ms

    [0m [90m 133 |[39m         timeout[33m:[39m [35m60000[39m
     [90m 134 |[39m     }
    [31m[1m>[22m[39m[90m 135 |[39m     [36mawait[39m validator[33m.[39mstart(validatorConfig)[33m;[39m
     [90m     |[39m     [31m[1m^[22m[39m
     [90m 136 |[39m }
     [90m 137 |[39m
     [90m 138 |[39m[0m

      at FhirValidator.waitForReady (node_modules/fhir-validator-wrapper/fhir-validator.js:152:11)
      at FhirValidator.start (node_modules/fhir-validator-wrapper/fhir-validator.js:129:5)
      at loadValidator (tx/tests/test-runner.js:135:5)
      at startTxTests (tx/tests/test-runner.js:20:5)
      at Object.<anonymous> (tests/tx/test-cases.test.js:10:5)

  ΓùÅ Tx Tests ΓÇ║ tx.fhir.org ΓÇ║ loinc-lookup-answer

    Validator service did not become ready within 60000ms

    [0m [90m 133 |[39m         timeout[33m:[39m [35m60000[39m
     [90m 134 |[39m     }
    [31m[1m>[22m[39m[90m 135 |[39m     [36mawait[39m validator[33m.[39mstart(validatorConfig)[33m;[39m
     [90m     |[39m     [31m[1m^[22m[39m
     [90m 136 |[39m }
     [90m 137 |[39m
     [90m 138 |[39m[0m

      at FhirValidator.waitForReady (node_modules/fhir-validator-wrapper/fhir-validator.js:152:11)
      at FhirValidator.start (node_modules/fhir-validator-wrapper/fhir-validator.js:129:5)
      at loadValidator (tx/tests/test-runner.js:135:5)
      at startTxTests (tx/tests/test-runner.js:20:5)
      at Object.<anonymous> (tests/tx/test-cases.test.js:10:5)

  ΓùÅ Tx Tests ΓÇ║ tx.fhir.org ΓÇ║ loinc-validate-code

    Validator service did not become ready within 60000ms

    [0m [90m 133 |[39m         timeout[33m:[39m [35m60000[39m
     [90m 134 |[39m     }
    [31m[1m>[22m[39m[90m 135 |[39m     [36mawait[39m validator[33m.[39mstart(validatorConfig)[33m;[39m
     [90m     |[39m     [31m[1m^[22m[39m
     [90m 136 |[39m }
     [90m 137 |[39m
     [90m 138 |[39m[0m

      at FhirValidator.waitForReady (node_modules/fhir-validator-wrapper/fhir-validator.js:152:11)
      at FhirValidator.start (node_modules/fhir-validator-wrapper/fhir-validator.js:129:5)
      at loadValidator (tx/tests/test-runner.js:135:5)
      at startTxTests (tx/tests/test-runner.js:20:5)
      at Object.<anonymous> (tests/tx/test-cases.test.js:10:5)

  ΓùÅ Tx Tests ΓÇ║ tx.fhir.org ΓÇ║ loinc-validate-discouraged-code

    Validator service did not become ready within 60000ms

    [0m [90m 133 |[39m         timeout[33m:[39m [35m60000[39m
     [90m 134 |[39m     }
    [31m[1m>[22m[39m[90m 135 |[39m     [36mawait[39m validator[33m.[39mstart(validatorConfig)[33m;[39m
     [90m     |[39m     [31m[1m^[22m[39m
     [90m 136 |[39m }
     [90m 137 |[39m
     [90m 138 |[39m[0m

      at FhirValidator.waitForReady (node_modules/fhir-validator-wrapper/fhir-validator.js:152:11)
      at FhirValidator.start (node_modules/fhir-validator-wrapper/fhir-validator.js:129:5)
      at loadValidator (tx/tests/test-runner.js:135:5)
      at startTxTests (tx/tests/test-runner.js:20:5)
      at Object.<anonymous> (tests/tx/test-cases.test.js:10:5)

  ΓùÅ Tx Tests ΓÇ║ tx.fhir.org ΓÇ║ loinc-validate-code-supp1

    Validator service did not become ready within 60000ms

    [0m [90m 133 |[39m         timeout[33m:[39m [35m60000[39m
     [90m 134 |[39m     }
    [31m[1m>[22m[39m[90m 135 |[39m     [36mawait[39m validator[33m.[39mstart(validatorConfig)[33m;[39m
     [90m     |[39m     [31m[1m^[22m[39m
     [90m 136 |[39m }
     [90m 137 |[39m
     [90m 138 |[39m[0m

      at FhirValidator.waitForReady (node_modules/fhir-validator-wrapper/fhir-validator.js:152:11)
      at FhirValidator.start (node_modules/fhir-validator-wrapper/fhir-validator.js:129:5)
      at loadValidator (tx/tests/test-runner.js:135:5)
      at startTxTests (tx/tests/test-runner.js:20:5)
      at Object.<anonymous> (tests/tx/test-cases.test.js:10:5)

  ΓùÅ Tx Tests ΓÇ║ tx.fhir.org ΓÇ║ loinc-validate-code-supp2

    Validator service did not become ready within 60000ms

    [0m [90m 133 |[39m         timeout[33m:[39m [35m60000[39m
     [90m 134 |[39m     }
    [31m[1m>[22m[39m[90m 135 |[39m     [36mawait[39m validator[33m.[39mstart(validatorConfig)[33m;[39m
     [90m     |[39m     [31m[1m^[22m[39m
     [90m 136 |[39m }
     [90m 137 |[39m
     [90m 138 |[39m[0m

      at FhirValidator.waitForReady (node_modules/fhir-validator-wrapper/fhir-validator.js:152:11)
      at FhirValidator.start (node_modules/fhir-validator-wrapper/fhir-validator.js:129:5)
      at loadValidator (tx/tests/test-runner.js:135:5)
      at startTxTests (tx/tests/test-runner.js:20:5)
      at Object.<anonymous> (tests/tx/test-cases.test.js:10:5)

  ΓùÅ Tx Tests ΓÇ║ tx.fhir.org ΓÇ║ loinc-validate-part

    Validator service did not become ready within 60000ms

    [0m [90m 133 |[39m         timeout[33m:[39m [35m60000[39m
     [90m 134 |[39m     }
    [31m[1m>[22m[39m[90m 135 |[39m     [36mawait[39m validator[33m.[39mstart(validatorConfig)[33m;[39m
     [90m     |[39m     [31m[1m^[22m[39m
     [90m 136 |[39m }
     [90m 137 |[39m
     [90m 138 |[39m[0m

      at FhirValidator.waitForReady (node_modules/fhir-validator-wrapper/fhir-validator.js:152:11)
      at FhirValidator.start (node_modules/fhir-validator-wrapper/fhir-validator.js:129:5)
      at loadValidator (tx/tests/test-runner.js:135:5)
      at startTxTests (tx/tests/test-runner.js:20:5)
      at Object.<anonymous> (tests/tx/test-cases.test.js:10:5)

  ΓùÅ Tx Tests ΓÇ║ tx.fhir.org ΓÇ║ loinc-validate-list

    Validator service did not become ready within 60000ms

    [0m [90m 133 |[39m         timeout[33m:[39m [35m60000[39m
     [90m 134 |[39m     }
    [31m[1m>[22m[39m[90m 135 |[39m     [36mawait[39m validator[33m.[39mstart(validatorConfig)[33m;[39m
     [90m     |[39m     [31m[1m^[22m[39m
     [90m 136 |[39m }
     [90m 137 |[39m
     [90m 138 |[39m[0m

      at FhirValidator.waitForReady (node_modules/fhir-validator-wrapper/fhir-validator.js:152:11)
      at FhirValidator.start (node_modules/fhir-validator-wrapper/fhir-validator.js:129:5)
      at loadValidator (tx/tests/test-runner.js:135:5)
      at startTxTests (tx/tests/test-runner.js:20:5)
      at Object.<anonymous> (tests/tx/test-cases.test.js:10:5)

  ΓùÅ Tx Tests ΓÇ║ tx.fhir.org ΓÇ║ loinc-validate-answer

    Validator service did not become ready within 60000ms

    [0m [90m 133 |[39m         timeout[33m:[39m [35m60000[39m
     [90m 134 |[39m     }
    [31m[1m>[22m[39m[90m 135 |[39m     [36mawait[39m validator[33m.[39mstart(validatorConfig)[33m;[39m
     [90m     |[39m     [31m[1m^[22m[39m
     [90m 136 |[39m }
     [90m 137 |[39m
     [90m 138 |[39m[0m

      at FhirValidator.waitForReady (node_modules/fhir-validator-wrapper/fhir-validator.js:152:11)
      at FhirValidator.start (node_modules/fhir-validator-wrapper/fhir-validator.js:129:5)
      at loadValidator (tx/tests/test-runner.js:135:5)
      at startTxTests (tx/tests/test-runner.js:20:5)
      at Object.<anonymous> (tests/tx/test-cases.test.js:10:5)

  ΓùÅ Tx Tests ΓÇ║ tx.fhir.org ΓÇ║ loinc-validate-invalid

    Validator service did not become ready within 60000ms

    [0m [90m 133 |[39m         timeout[33m:[39m [35m60000[39m
     [90m 134 |[39m     }
    [31m[1m>[22m[39m[90m 135 |[39m     [36mawait[39m validator[33m.[39mstart(validatorConfig)[33m;[39m
     [90m     |[39m     [31m[1m^[22m[39m
     [90m 136 |[39m }
     [90m 137 |[39m
     [90m 138 |[39m[0m

      at FhirValidator.waitForReady (node_modules/fhir-validator-wrapper/fhir-validator.js:152:11)
      at FhirValidator.start (node_modules/fhir-validator-wrapper/fhir-validator.js:129:5)
      at loadValidator (tx/tests/test-runner.js:135:5)
      at startTxTests (tx/tests/test-runner.js:20:5)
      at Object.<anonymous> (tests/tx/test-cases.test.js:10:5)

  ΓùÅ Tx Tests ΓÇ║ tx.fhir.org ΓÇ║ loinc-expand-enum

    Validator service did not become ready within 60000ms

    [0m [90m 133 |[39m         timeout[33m:[39m [35m60000[39m
     [90m 134 |[39m     }
    [31m[1m>[22m[39m[90m 135 |[39m     [36mawait[39m validator[33m.[39mstart(validatorConfig)[33m;[39m
     [90m     |[39m     [31m[1m^[22m[39m
     [90m 136 |[39m }
     [90m 137 |[39m
     [90m 138 |[39m[0m

      at FhirValidator.waitForReady (node_modules/fhir-validator-wrapper/fhir-validator.js:152:11)
      at FhirValidator.start (node_modules/fhir-validator-wrapper/fhir-validator.js:129:5)
      at loadValidator (tx/tests/test-runner.js:135:5)
      at startTxTests (tx/tests/test-runner.js:20:5)
      at Object.<anonymous> (tests/tx/test-cases.test.js:10:5)

  ΓùÅ Tx Tests ΓÇ║ tx.fhir.org ΓÇ║ loinc-expand-all

    Validator service did not become ready within 60000ms

    [0m [90m 133 |[39m         timeout[33m:[39m [35m60000[39m
     [90m 134 |[39m     }
    [31m[1m>[22m[39m[90m 135 |[39m     [36mawait[39m validator[33m.[39mstart(validatorConfig)[33m;[39m
     [90m     |[39m     [31m[1m^[22m[39m
     [90m 136 |[39m }
     [90m 137 |[39m
     [90m 138 |[39m[0m

      at FhirValidator.waitForReady (node_modules/fhir-validator-wrapper/fhir-validator.js:152:11)
      at FhirValidator.start (node_modules/fhir-validator-wrapper/fhir-validator.js:129:5)
      at loadValidator (tx/tests/test-runner.js:135:5)
      at startTxTests (tx/tests/test-runner.js:20:5)
      at Object.<anonymous> (tests/tx/test-cases.test.js:10:5)

  ΓùÅ Tx Tests ΓÇ║ tx.fhir.org ΓÇ║ loinc-expand-all-limited

    Validator service did not become ready within 60000ms

    [0m [90m 133 |[39m         timeout[33m:[39m [35m60000[39m
     [90m 134 |[39m     }
    [31m[1m>[22m[39m[90m 135 |[39m     [36mawait[39m validator[33m.[39mstart(validatorConfig)[33m;[39m
     [90m     |[39m     [31m[1m^[22m[39m
     [90m 136 |[39m }
     [90m 137 |[39m
     [90m 138 |[39m[0m

      at FhirValidator.waitForReady (node_modules/fhir-validator-wrapper/fhir-validator.js:152:11)
      at FhirValidator.start (node_modules/fhir-validator-wrapper/fhir-validator.js:129:5)
      at loadValidator (tx/tests/test-runner.js:135:5)
      at startTxTests (tx/tests/test-runner.js:20:5)
      at Object.<anonymous> (tests/tx/test-cases.test.js:10:5)

  ΓùÅ Tx Tests ΓÇ║ tx.fhir.org ΓÇ║ loinc-expand-enum-bad

    Validator service did not become ready within 60000ms

    [0m [90m 133 |[39m         timeout[33m:[39m [35m60000[39m
     [90m 134 |[39m     }
    [31m[1m>[22m[39m[90m 135 |[39m     [36mawait[39m validator[33m.[39mstart(validatorConfig)[33m;[39m
     [90m     |[39m     [31m[1m^[22m[39m
     [90m 136 |[39m }
     [90m 137 |[39m
     [90m 138 |[39m[0m

      at FhirValidator.waitForReady (node_modules/fhir-validator-wrapper/fhir-validator.js:152:11)
      at FhirValidator.start (node_modules/fhir-validator-wrapper/fhir-validator.js:129:5)
      at loadValidator (tx/tests/test-runner.js:135:5)
      at startTxTests (tx/tests/test-runner.js:20:5)
      at Object.<anonymous> (tests/tx/test-cases.test.js:10:5)

  ΓùÅ Tx Tests ΓÇ║ tx.fhir.org ΓÇ║ loinc-expand-status

    Validator service did not become ready within 60000ms

    [0m [90m 133 |[39m         timeout[33m:[39m [35m60000[39m
     [90m 134 |[39m     }
    [31m[1m>[22m[39m[90m 135 |[39m     [36mawait[39m validator[33m.[39mstart(validatorConfig)[33m;[39m
     [90m     |[39m     [31m[1m^[22m[39m
     [90m 136 |[39m }
     [90m 137 |[39m
     [90m 138 |[39m[0m

      at FhirValidator.waitForReady (node_modules/fhir-validator-wrapper/fhir-validator.js:152:11)
      at FhirValidator.start (node_modules/fhir-validator-wrapper/fhir-validator.js:129:5)
      at loadValidator (tx/tests/test-runner.js:135:5)
      at startTxTests (tx/tests/test-runner.js:20:5)
      at Object.<anonymous> (tests/tx/test-cases.test.js:10:5)

  ΓùÅ Tx Tests ΓÇ║ tx.fhir.org ΓÇ║ loinc-expand-class-regex

    Validator service did not become ready within 60000ms

    [0m [90m 133 |[39m         timeout[33m:[39m [35m60000[39m
     [90m 134 |[39m     }
    [31m[1m>[22m[39m[90m 135 |[39m     [36mawait[39m validator[33m.[39mstart(validatorConfig)[33m;[39m
     [90m     |[39m     [31m[1m^[22m[39m
     [90m 136 |[39m }
     [90m 137 |[39m
     [90m 138 |[39m[0m

      at FhirValidator.waitForReady (node_modules/fhir-validator-wrapper/fhir-validator.js:152:11)
      at FhirValidator.start (node_modules/fhir-validator-wrapper/fhir-validator.js:129:5)
      at loadValidator (tx/tests/test-runner.js:135:5)
      at startTxTests (tx/tests/test-runner.js:20:5)
      at Object.<anonymous> (tests/tx/test-cases.test.js:10:5)

  ΓùÅ Tx Tests ΓÇ║ tx.fhir.org ΓÇ║ loinc-expand-prop-component

    Validator service did not become ready within 60000ms

    [0m [90m 133 |[39m         timeout[33m:[39m [35m60000[39m
     [90m 134 |[39m     }
    [31m[1m>[22m[39m[90m 135 |[39m     [36mawait[39m validator[33m.[39mstart(validatorConfig)[33m;[39m
     [90m     |[39m     [31m[1m^[22m[39m
     [90m 136 |[39m }
     [90m 137 |[39m
     [90m 138 |[39m[0m

      at FhirValidator.waitForReady (node_modules/fhir-validator-wrapper/fhir-validator.js:152:11)
      at FhirValidator.start (node_modules/fhir-validator-wrapper/fhir-validator.js:129:5)
      at loadValidator (tx/tests/test-runner.js:135:5)
      at startTxTests (tx/tests/test-runner.js:20:5)
      at Object.<anonymous> (tests/tx/test-cases.test.js:10:5)

  ΓùÅ Tx Tests ΓÇ║ tx.fhir.org ΓÇ║ loinc-expand-prop-method

    Validator service did not become ready within 60000ms

    [0m [90m 133 |[39m         timeout[33m:[39m [35m60000[39m
     [90m 134 |[39m     }
    [31m[1m>[22m[39m[90m 135 |[39m     [36mawait[39m validator[33m.[39mstart(validatorConfig)[33m;[39m
     [90m     |[39m     [31m[1m^[22m[39m
     [90m 136 |[39m }
     [90m 137 |[39m
     [90m 138 |[39m[0m

      at FhirValidator.waitForReady (node_modules/fhir-validator-wrapper/fhir-validator.js:152:11)
      at FhirValidator.start (node_modules/fhir-validator-wrapper/fhir-validator.js:129:5)
      at loadValidator (tx/tests/test-runner.js:135:5)
      at startTxTests (tx/tests/test-runner.js:20:5)
      at Object.<anonymous> (tests/tx/test-cases.test.js:10:5)

  ΓùÅ Tx Tests ΓÇ║ tx.fhir.org ΓÇ║ loinc-expand-prop-component-str

    Validator service did not become ready within 60000ms

    [0m [90m 133 |[39m         timeout[33m:[39m [35m60000[39m
     [90m 134 |[39m     }
    [31m[1m>[22m[39m[90m 135 |[39m     [36mawait[39m validator[33m.[39mstart(validatorConfig)[33m;[39m
     [90m     |[39m     [31m[1m^[22m[39m
     [90m 136 |[39m }
     [90m 137 |[39m
     [90m 138 |[39m[0m

      at FhirValidator.waitForReady (node_modules/fhir-validator-wrapper/fhir-validator.js:152:11)
      at FhirValidator.start (node_modules/fhir-validator-wrapper/fhir-validator.js:129:5)
      at loadValidator (tx/tests/test-runner.js:135:5)
      at startTxTests (tx/tests/test-runner.js:20:5)
      at Object.<anonymous> (tests/tx/test-cases.test.js:10:5)

  ΓùÅ Tx Tests ΓÇ║ tx.fhir.org ΓÇ║ loinc-expand-prop-order-obs

    Validator service did not become ready within 60000ms

    [0m [90m 133 |[39m         timeout[33m:[39m [35m60000[39m
     [90m 134 |[39m     }
    [31m[1m>[22m[39m[90m 135 |[39m     [36mawait[39m validator[33m.[39mstart(validatorConfig)[33m;[39m
     [90m     |[39m     [31m[1m^[22m[39m
     [90m 136 |[39m }
     [90m 137 |[39m
     [90m 138 |[39m[0m

      at FhirValidator.waitForReady (node_modules/fhir-validator-wrapper/fhir-validator.js:152:11)
      at FhirValidator.start (node_modules/fhir-validator-wrapper/fhir-validator.js:129:5)
      at loadValidator (tx/tests/test-runner.js:135:5)
      at startTxTests (tx/tests/test-runner.js:20:5)
      at Object.<anonymous> (tests/tx/test-cases.test.js:10:5)

  ΓùÅ Tx Tests ΓÇ║ tx.fhir.org ΓÇ║ loinc-expand-concept-is-a

    Validator service did not become ready within 60000ms

    [0m [90m 133 |[39m         timeout[33m:[39m [35m60000[39m
     [90m 134 |[39m     }
    [31m[1m>[22m[39m[90m 135 |[39m     [36mawait[39m validator[33m.[39mstart(validatorConfig)[33m;[39m
     [90m     |[39m     [31m[1m^[22m[39m
     [90m 136 |[39m }
     [90m 137 |[39m
     [90m 138 |[39m[0m

      at FhirValidator.waitForReady (node_modules/fhir-validator-wrapper/fhir-validator.js:152:11)
      at FhirValidator.start (node_modules/fhir-validator-wrapper/fhir-validator.js:129:5)
      at loadValidator (tx/tests/test-runner.js:135:5)
      at startTxTests (tx/tests/test-runner.js:20:5)
      at Object.<anonymous> (tests/tx/test-cases.test.js:10:5)

  ΓùÅ Tx Tests ΓÇ║ tx.fhir.org ΓÇ║ loinc-expand-copyright

    Validator service did not become ready within 60000ms

    [0m [90m 133 |[39m         timeout[33m:[39m [35m60000[39m
     [90m 134 |[39m     }
    [31m[1m>[22m[39m[90m 135 |[39m     [36mawait[39m validator[33m.[39mstart(validatorConfig)[33m;[39m
     [90m     |[39m     [31m[1m^[22m[39m
     [90m 136 |[39m }
     [90m 137 |[39m
     [90m 138 |[39m[0m

      at FhirValidator.waitForReady (node_modules/fhir-validator-wrapper/fhir-validator.js:152:11)
      at FhirValidator.start (node_modules/fhir-validator-wrapper/fhir-validator.js:129:5)
      at loadValidator (tx/tests/test-runner.js:135:5)
      at startTxTests (tx/tests/test-runner.js:20:5)
      at Object.<anonymous> (tests/tx/test-cases.test.js:10:5)

  ΓùÅ Tx Tests ΓÇ║ tx.fhir.org ΓÇ║ loinc-expand-scale-type

    Validator service did not become ready within 60000ms

    [0m [90m 133 |[39m         timeout[33m:[39m [35m60000[39m
     [90m 134 |[39m     }
    [31m[1m>[22m[39m[90m 135 |[39m     [36mawait[39m validator[33m.[39mstart(validatorConfig)[33m;[39m
     [90m     |[39m     [31m[1m^[22m[39m
     [90m 136 |[39m }
     [90m 137 |[39m
     [90m 138 |[39m[0m

      at FhirValidator.waitForReady (node_modules/fhir-validator-wrapper/fhir-validator.js:152:11)
      at FhirValidator.start (node_modules/fhir-validator-wrapper/fhir-validator.js:129:5)
      at loadValidator (tx/tests/test-runner.js:135:5)
      at startTxTests (tx/tests/test-runner.js:20:5)
      at Object.<anonymous> (tests/tx/test-cases.test.js:10:5)

  ΓùÅ Tx Tests ΓÇ║ tx.fhir.org ΓÇ║ loinc-validate-enum-good

    Validator service did not become ready within 60000ms

    [0m [90m 133 |[39m         timeout[33m:[39m [35m60000[39m
     [90m 134 |[39m     }
    [31m[1m>[22m[39m[90m 135 |[39m     [36mawait[39m validator[33m.[39mstart(validatorConfig)[33m;[39m
     [90m     |[39m     [31m[1m^[22m[39m
     [90m 136 |[39m }
     [90m 137 |[39m
     [90m 138 |[39m[0m

      at FhirValidator.waitForReady (node_modules/fhir-validator-wrapper/fhir-validator.js:152:11)
      at FhirValidator.start (node_modules/fhir-validator-wrapper/fhir-validator.js:129:5)
      at loadValidator (tx/tests/test-runner.js:135:5)
      at startTxTests (tx/tests/test-runner.js:20:5)
      at Object.<anonymous> (tests/tx/test-cases.test.js:10:5)

  ΓùÅ Tx Tests ΓÇ║ tx.fhir.org ΓÇ║ loinc-validate-enum-bad

    Validator service did not become ready within 60000ms

    [0m [90m 133 |[39m         timeout[33m:[39m [35m60000[39m
     [90m 134 |[39m     }
    [31m[1m>[22m[39m[90m 135 |[39m     [36mawait[39m validator[33m.[39mstart(validatorConfig)[33m;[39m
     [90m     |[39m     [31m[1m^[22m[39m
     [90m 136 |[39m }
     [90m 137 |[39m
     [90m 138 |[39m[0m

      at FhirValidator.waitForReady (node_modules/fhir-validator-wrapper/fhir-validator.js:152:11)
      at FhirValidator.start (node_modules/fhir-validator-wrapper/fhir-validator.js:129:5)
      at loadValidator (tx/tests/test-runner.js:135:5)
      at startTxTests (tx/tests/test-runner.js:20:5)
      at Object.<anonymous> (tests/tx/test-cases.test.js:10:5)

  ΓùÅ Tx Tests ΓÇ║ tx.fhir.org ΓÇ║ loinc-validate-filter-prop-component-good

    Validator service did not become ready within 60000ms

    [0m [90m 133 |[39m         timeout[33m:[39m [35m60000[39m
     [90m 134 |[39m     }
    [31m[1m>[22m[39m[90m 135 |[39m     [36mawait[39m validator[33m.[39mstart(validatorConfig)[33m;[39m
     [90m     |[39m     [31m[1m^[22m[39m
     [90m 136 |[39m }
     [90m 137 |[39m
     [90m 138 |[39m[0m

      at FhirValidator.waitForReady (node_modules/fhir-validator-wrapper/fhir-validator.js:152:11)
      at FhirValidator.start (node_modules/fhir-validator-wrapper/fhir-validator.js:129:5)
      at loadValidator (tx/tests/test-runner.js:135:5)
      at startTxTests (tx/tests/test-runner.js:20:5)
      at Object.<anonymous> (tests/tx/test-cases.test.js:10:5)

  ΓùÅ Tx Tests ΓÇ║ tx.fhir.org ΓÇ║ loinc-validate-filter-prop-component-bad

    Validator service did not become ready within 60000ms

    [0m [90m 133 |[39m         timeout[33m:[39m [35m60000[39m
     [90m 134 |[39m     }
    [31m[1m>[22m[39m[90m 135 |[39m     [36mawait[39m validator[33m.[39mstart(validatorConfig)[33m;[39m
     [90m     |[39m     [31m[1m^[22m[39m
     [90m 136 |[39m }
     [90m 137 |[39m
     [90m 138 |[39m[0m

      at FhirValidator.waitForReady (node_modules/fhir-validator-wrapper/fhir-validator.js:152:11)
      at FhirValidator.start (node_modules/fhir-validator-wrapper/fhir-validator.js:129:5)
      at loadValidator (tx/tests/test-runner.js:135:5)
      at startTxTests (tx/tests/test-runner.js:20:5)
      at Object.<anonymous> (tests/tx/test-cases.test.js:10:5)

  ΓùÅ Tx Tests ΓÇ║ tx.fhir.org ΓÇ║ loinc-validate-filter-status-good

    Validator service did not become ready within 60000ms

    [0m [90m 133 |[39m         timeout[33m:[39m [35m60000[39m
     [90m 134 |[39m     }
    [31m[1m>[22m[39m[90m 135 |[39m     [36mawait[39m validator[33m.[39mstart(validatorConfig)[33m;[39m
     [90m     |[39m     [31m[1m^[22m[39m
     [90m 136 |[39m }
     [90m 137 |[39m
     [90m 138 |[39m[0m

      at FhirValidator.waitForReady (node_modules/fhir-validator-wrapper/fhir-validator.js:152:11)
      at FhirValidator.start (node_modules/fhir-validator-wrapper/fhir-validator.js:129:5)
      at loadValidator (tx/tests/test-runner.js:135:5)
      at startTxTests (tx/tests/test-runner.js:20:5)
      at Object.<anonymous> (tests/tx/test-cases.test.js:10:5)

  ΓùÅ Tx Tests ΓÇ║ tx.fhir.org ΓÇ║ loinc-validate-filter-status-bad

    Validator service did not become ready within 60000ms

    [0m [90m 133 |[39m         timeout[33m:[39m [35m60000[39m
     [90m 134 |[39m     }
    [31m[1m>[22m[39m[90m 135 |[39m     [36mawait[39m validator[33m.[39mstart(validatorConfig)[33m;[39m
     [90m     |[39m     [31m[1m^[22m[39m
     [90m 136 |[39m }
     [90m 137 |[39m
     [90m 138 |[39m[0m

      at FhirValidator.waitForReady (node_modules/fhir-validator-wrapper/fhir-validator.js:152:11)
      at FhirValidator.start (node_modules/fhir-validator-wrapper/fhir-validator.js:129:5)
      at loadValidator (tx/tests/test-runner.js:135:5)
      at startTxTests (tx/tests/test-runner.js:20:5)
      at Object.<anonymous> (tests/tx/test-cases.test.js:10:5)

  ΓùÅ Tx Tests ΓÇ║ tx.fhir.org ΓÇ║ loinc-validate-filter-class-regex-good

    Validator service did not become ready within 60000ms

    [0m [90m 133 |[39m         timeout[33m:[39m [35m60000[39m
     [90m 134 |[39m     }
    [31m[1m>[22m[39m[90m 135 |[39m     [36mawait[39m validator[33m.[39mstart(validatorConfig)[33m;[39m
     [90m     |[39m     [31m[1m^[22m[39m
     [90m 136 |[39m }
     [90m 137 |[39m
     [90m 138 |[39m[0m

      at FhirValidator.waitForReady (node_modules/fhir-validator-wrapper/fhir-validator.js:152:11)
      at FhirValidator.start (node_modules/fhir-validator-wrapper/fhir-validator.js:129:5)
      at loadValidator (tx/tests/test-runner.js:135:5)
      at startTxTests (tx/tests/test-runner.js:20:5)
      at Object.<anonymous> (tests/tx/test-cases.test.js:10:5)

  ΓùÅ Tx Tests ΓÇ║ tx.fhir.org ΓÇ║ loinc-validate-filter-class-regex-bad

    Validator service did not become ready within 60000ms

    [0m [90m 133 |[39m         timeout[33m:[39m [35m60000[39m
     [90m 134 |[39m     }
    [31m[1m>[22m[39m[90m 135 |[39m     [36mawait[39m validator[33m.[39mstart(validatorConfig)[33m;[39m
     [90m     |[39m     [31m[1m^[22m[39m
     [90m 136 |[39m }
     [90m 137 |[39m
     [90m 138 |[39m[0m

      at FhirValidator.waitForReady (node_modules/fhir-validator-wrapper/fhir-validator.js:152:11)
      at FhirValidator.start (node_modules/fhir-validator-wrapper/fhir-validator.js:129:5)
      at loadValidator (tx/tests/test-runner.js:135:5)
      at startTxTests (tx/tests/test-runner.js:20:5)
      at Object.<anonymous> (tests/tx/test-cases.test.js:10:5)

  ΓùÅ Tx Tests ΓÇ║ tx.fhir.org ΓÇ║ loinc-validate-filter-scale-type-good

    Validator service did not become ready within 60000ms

    [0m [90m 133 |[39m         timeout[33m:[39m [35m60000[39m
     [90m 134 |[39m     }
    [31m[1m>[22m[39m[90m 135 |[39m     [36mawait[39m validator[33m.[39mstart(validatorConfig)[33m;[39m
     [90m     |[39m     [31m[1m^[22m[39m
     [90m 136 |[39m }
     [90m 137 |[39m
     [90m 138 |[39m[0m

      at FhirValidator.waitForReady (node_modules/fhir-validator-wrapper/fhir-validator.js:152:11)
      at FhirValidator.start (node_modules/fhir-validator-wrapper/fhir-validator.js:129:5)
      at loadValidator (tx/tests/test-runner.js:135:5)
      at startTxTests (tx/tests/test-runner.js:20:5)
      at Object.<anonymous> (tests/tx/test-cases.test.js:10:5)

  ΓùÅ Tx Tests ΓÇ║ tx.fhir.org ΓÇ║ loinc-validate-filter-scale-type-bad

    Validator service did not become ready within 60000ms

    [0m [90m 133 |[39m         timeout[33m:[39m [35m60000[39m
     [90m 134 |[39m     }
    [31m[1m>[22m[39m[90m 135 |[39m     [36mawait[39m validator[33m.[39mstart(validatorConfig)[33m;[39m
     [90m     |[39m     [31m[1m^[22m[39m
     [90m 136 |[39m }
     [90m 137 |[39m
     [90m 138 |[39m[0m

      at FhirValidator.waitForReady (node_modules/fhir-validator-wrapper/fhir-validator.js:152:11)
      at FhirValidator.start (node_modules/fhir-validator-wrapper/fhir-validator.js:129:5)
      at loadValidator (tx/tests/test-runner.js:135:5)
      at startTxTests (tx/tests/test-runner.js:20:5)
      at Object.<anonymous> (tests/tx/test-cases.test.js:10:5)

  ΓùÅ Tx Tests ΓÇ║ tx.fhir.org ΓÇ║ loinc-expand-list-request-parameters

    Validator service did not become ready within 60000ms

    [0m [90m 133 |[39m         timeout[33m:[39m [35m60000[39m
     [90m 134 |[39m     }
    [31m[1m>[22m[39m[90m 135 |[39m     [36mawait[39m validator[33m.[39mstart(validatorConfig)[33m;[39m
     [90m     |[39m     [31m[1m^[22m[39m
     [90m 136 |[39m }
     [90m 137 |[39m
     [90m 138 |[39m[0m

      at FhirValidator.waitForReady (node_modules/fhir-validator-wrapper/fhir-validator.js:152:11)
      at FhirValidator.start (node_modules/fhir-validator-wrapper/fhir-validator.js:129:5)
      at loadValidator (tx/tests/test-runner.js:135:5)
      at startTxTests (tx/tests/test-runner.js:20:5)
      at Object.<anonymous> (tests/tx/test-cases.test.js:10:5)

  ΓùÅ Tx Tests ΓÇ║ tx.fhir.org ΓÇ║ loinc-validate-list-good

    Validator service did not become ready within 60000ms

    [0m [90m 133 |[39m         timeout[33m:[39m [35m60000[39m
     [90m 134 |[39m     }
    [31m[1m>[22m[39m[90m 135 |[39m     [36mawait[39m validator[33m.[39mstart(validatorConfig)[33m;[39m
     [90m     |[39m     [31m[1m^[22m[39m
     [90m 136 |[39m }
     [90m 137 |[39m
     [90m 138 |[39m[0m

      at FhirValidator.waitForReady (node_modules/fhir-validator-wrapper/fhir-validator.js:152:11)
      at FhirValidator.start (node_modules/fhir-validator-wrapper/fhir-validator.js:129:5)
      at loadValidator (tx/tests/test-runner.js:135:5)
      at startTxTests (tx/tests/test-runner.js:20:5)
      at Object.<anonymous> (tests/tx/test-cases.test.js:10:5)

  ΓùÅ Tx Tests ΓÇ║ tx.fhir.org ΓÇ║ loinc-validate-list-bad

    Validator service did not become ready within 60000ms

    [0m [90m 133 |[39m         timeout[33m:[39m [35m60000[39m
     [90m 134 |[39m     }
    [31m[1m>[22m[39m[90m 135 |[39m     [36mawait[39m validator[33m.[39mstart(validatorConfig)[33m;[39m
     [90m     |[39m     [31m[1m^[22m[39m
     [90m 136 |[39m }
     [90m 137 |[39m
     [90m 138 |[39m[0m

      at FhirValidator.waitForReady (node_modules/fhir-validator-wrapper/fhir-validator.js:152:11)
      at FhirValidator.start (node_modules/fhir-validator-wrapper/fhir-validator.js:129:5)
      at loadValidator (tx/tests/test-runner.js:135:5)
      at startTxTests (tx/tests/test-runner.js:20:5)
      at Object.<anonymous> (tests/tx/test-cases.test.js:10:5)

  ΓùÅ Tx Tests ΓÇ║ tx.fhir.org ΓÇ║ loinc-expand-filter-list-request-parameters

    Validator service did not become ready within 60000ms

    [0m [90m 133 |[39m         timeout[33m:[39m [35m60000[39m
     [90m 134 |[39m     }
    [31m[1m>[22m[39m[90m 135 |[39m     [36mawait[39m validator[33m.[39mstart(validatorConfig)[33m;[39m
     [90m     |[39m     [31m[1m^[22m[39m
     [90m 136 |[39m }
     [90m 137 |[39m
     [90m 138 |[39m[0m

      at FhirValidator.waitForReady (node_modules/fhir-validator-wrapper/fhir-validator.js:152:11)
      at FhirValidator.start (node_modules/fhir-validator-wrapper/fhir-validator.js:129:5)
      at loadValidator (tx/tests/test-runner.js:135:5)
      at startTxTests (tx/tests/test-runner.js:20:5)
      at Object.<anonymous> (tests/tx/test-cases.test.js:10:5)

  ΓùÅ Tx Tests ΓÇ║ tx.fhir.org ΓÇ║ loinc-validate-filter-list-type-good

    Validator service did not become ready within 60000ms

    [0m [90m 133 |[39m         timeout[33m:[39m [35m60000[39m
     [90m 134 |[39m     }
    [31m[1m>[22m[39m[90m 135 |[39m     [36mawait[39m validator[33m.[39mstart(validatorConfig)[33m;[39m
     [90m     |[39m     [31m[1m^[22m[39m
     [90m 136 |[39m }
     [90m 137 |[39m
     [90m 138 |[39m[0m

      at FhirValidator.waitForReady (node_modules/fhir-validator-wrapper/fhir-validator.js:152:11)
      at FhirValidator.start (node_modules/fhir-validator-wrapper/fhir-validator.js:129:5)
      at loadValidator (tx/tests/test-runner.js:135:5)
      at startTxTests (tx/tests/test-runner.js:20:5)
      at Object.<anonymous> (tests/tx/test-cases.test.js:10:5)

  ΓùÅ Tx Tests ΓÇ║ tx.fhir.org ΓÇ║ loinc-validate-filter-list-bad

    Validator service did not become ready within 60000ms

    [0m [90m 133 |[39m         timeout[33m:[39m [35m60000[39m
     [90m 134 |[39m     }
    [31m[1m>[22m[39m[90m 135 |[39m     [36mawait[39m validator[33m.[39mstart(validatorConfig)[33m;[39m
     [90m     |[39m     [31m[1m^[22m[39m
     [90m 136 |[39m }
     [90m 137 |[39m
     [90m 138 |[39m[0m

      at FhirValidator.waitForReady (node_modules/fhir-validator-wrapper/fhir-validator.js:152:11)
      at FhirValidator.start (node_modules/fhir-validator-wrapper/fhir-validator.js:129:5)
      at loadValidator (tx/tests/test-runner.js:135:5)
      at startTxTests (tx/tests/test-runner.js:20:5)
      at Object.<anonymous> (tests/tx/test-cases.test.js:10:5)

  ΓùÅ Tx Tests ΓÇ║ tx.fhir.org ΓÇ║ loinc-expand-filter-dockind-request-parameters

    Validator service did not become ready within 60000ms

    [0m [90m 133 |[39m         timeout[33m:[39m [35m60000[39m
     [90m 134 |[39m     }
    [31m[1m>[22m[39m[90m 135 |[39m     [36mawait[39m validator[33m.[39mstart(validatorConfig)[33m;[39m
     [90m     |[39m     [31m[1m^[22m[39m
     [90m 136 |[39m }
     [90m 137 |[39m
     [90m 138 |[39m[0m

      at FhirValidator.waitForReady (node_modules/fhir-validator-wrapper/fhir-validator.js:152:11)
      at FhirValidator.start (node_modules/fhir-validator-wrapper/fhir-validator.js:129:5)
      at loadValidator (tx/tests/test-runner.js:135:5)
      at startTxTests (tx/tests/test-runner.js:20:5)
      at Object.<anonymous> (tests/tx/test-cases.test.js:10:5)

  ΓùÅ Tx Tests ΓÇ║ tx.fhir.org ΓÇ║ loinc-validate-filter-dockind-type-good

    Validator service did not become ready within 60000ms

    [0m [90m 133 |[39m         timeout[33m:[39m [35m60000[39m
     [90m 134 |[39m     }
    [31m[1m>[22m[39m[90m 135 |[39m     [36mawait[39m validator[33m.[39mstart(validatorConfig)[33m;[39m
     [90m     |[39m     [31m[1m^[22m[39m
     [90m 136 |[39m }
     [90m 137 |[39m
     [90m 138 |[39m[0m

      at FhirValidator.waitForReady (node_modules/fhir-validator-wrapper/fhir-validator.js:152:11)
      at FhirValidator.start (node_modules/fhir-validator-wrapper/fhir-validator.js:129:5)
      at loadValidator (tx/tests/test-runner.js:135:5)
      at startTxTests (tx/tests/test-runner.js:20:5)
      at Object.<anonymous> (tests/tx/test-cases.test.js:10:5)

  ΓùÅ Tx Tests ΓÇ║ tx.fhir.org ΓÇ║ loinc-validate-filter-dockind-bad

    Validator service did not become ready within 60000ms

    [0m [90m 133 |[39m         timeout[33m:[39m [35m60000[39m
     [90m 134 |[39m     }
    [31m[1m>[22m[39m[90m 135 |[39m     [36mawait[39m validator[33m.[39mstart(validatorConfig)[33m;[39m
     [90m     |[39m     [31m[1m^[22m[39m
     [90m 136 |[39m }
     [90m 137 |[39m
     [90m 138 |[39m[0m

      at FhirValidator.waitForReady (node_modules/fhir-validator-wrapper/fhir-validator.js:152:11)
      at FhirValidator.start (node_modules/fhir-validator-wrapper/fhir-validator.js:129:5)
      at loadValidator (tx/tests/test-runner.js:135:5)
      at startTxTests (tx/tests/test-runner.js:20:5)
      at Object.<anonymous> (tests/tx/test-cases.test.js:10:5)

  ΓùÅ Tx Tests ΓÇ║ tx.fhir.org ΓÇ║ loinc-validate-filter-classtype-good

    Validator service did not become ready within 60000ms

    [0m [90m 133 |[39m         timeout[33m:[39m [35m60000[39m
     [90m 134 |[39m     }
    [31m[1m>[22m[39m[90m 135 |[39m     [36mawait[39m validator[33m.[39mstart(validatorConfig)[33m;[39m
     [90m     |[39m     [31m[1m^[22m[39m
     [90m 136 |[39m }
     [90m 137 |[39m
     [90m 138 |[39m[0m

      at FhirValidator.waitForReady (node_modules/fhir-validator-wrapper/fhir-validator.js:152:11)
      at FhirValidator.start (node_modules/fhir-validator-wrapper/fhir-validator.js:129:5)
      at loadValidator (tx/tests/test-runner.js:135:5)
      at startTxTests (tx/tests/test-runner.js:20:5)
      at Object.<anonymous> (tests/tx/test-cases.test.js:10:5)

  ΓùÅ Tx Tests ΓÇ║ tx.fhir.org ΓÇ║ loinc-validate-filter-classtype-bad

    Validator service did not become ready within 60000ms

    [0m [90m 133 |[39m         timeout[33m:[39m [35m60000[39m
     [90m 134 |[39m     }
    [31m[1m>[22m[39m[90m 135 |[39m     [36mawait[39m validator[33m.[39mstart(validatorConfig)[33m;[39m
     [90m     |[39m     [31m[1m^[22m[39m
     [90m 136 |[39m }
     [90m 137 |[39m
     [90m 138 |[39m[0m

      at FhirValidator.waitForReady (node_modules/fhir-validator-wrapper/fhir-validator.js:152:11)
      at FhirValidator.start (node_modules/fhir-validator-wrapper/fhir-validator.js:129:5)
      at loadValidator (tx/tests/test-runner.js:135:5)
      at startTxTests (tx/tests/test-runner.js:20:5)
      at Object.<anonymous> (tests/tx/test-cases.test.js:10:5)

  ΓùÅ Tx Tests ΓÇ║ tx.fhir.org ΓÇ║ loinc-expand-filter-answers-for1

    Validator service did not become ready within 60000ms

    [0m [90m 133 |[39m         timeout[33m:[39m [35m60000[39m
     [90m 134 |[39m     }
    [31m[1m>[22m[39m[90m 135 |[39m     [36mawait[39m validator[33m.[39mstart(validatorConfig)[33m;[39m
     [90m     |[39m     [31m[1m^[22m[39m
     [90m 136 |[39m }
     [90m 137 |[39m
     [90m 138 |[39m[0m

      at FhirValidator.waitForReady (node_modules/fhir-validator-wrapper/fhir-validator.js:152:11)
      at FhirValidator.start (node_modules/fhir-validator-wrapper/fhir-validator.js:129:5)
      at loadValidator (tx/tests/test-runner.js:135:5)
      at startTxTests (tx/tests/test-runner.js:20:5)
      at Object.<anonymous> (tests/tx/test-cases.test.js:10:5)

  ΓùÅ Tx Tests ΓÇ║ tx.fhir.org ΓÇ║ loinc-expand-filter-answers-for2

    Validator service did not become ready within 60000ms

    [0m [90m 133 |[39m         timeout[33m:[39m [35m60000[39m
     [90m 134 |[39m     }
    [31m[1m>[22m[39m[90m 135 |[39m     [36mawait[39m validator[33m.[39mstart(validatorConfig)[33m;[39m
     [90m     |[39m     [31m[1m^[22m[39m
     [90m 136 |[39m }
     [90m 137 |[39m
     [90m 138 |[39m[0m

      at FhirValidator.waitForReady (node_modules/fhir-validator-wrapper/fhir-validator.js:152:11)
      at FhirValidator.start (node_modules/fhir-validator-wrapper/fhir-validator.js:129:5)
      at loadValidator (tx/tests/test-runner.js:135:5)
      at startTxTests (tx/tests/test-runner.js:20:5)
      at Object.<anonymous> (tests/tx/test-cases.test.js:10:5)

  ΓùÅ Tx Tests ΓÇ║ tx.fhir.org ΓÇ║ loinc-expand-filter-answer-list

    Validator service did not become ready within 60000ms

    [0m [90m 133 |[39m         timeout[33m:[39m [35m60000[39m
     [90m 134 |[39m     }
    [31m[1m>[22m[39m[90m 135 |[39m     [36mawait[39m validator[33m.[39mstart(validatorConfig)[33m;[39m
     [90m     |[39m     [31m[1m^[22m[39m
     [90m 136 |[39m }
     [90m 137 |[39m
     [90m 138 |[39m[0m

      at FhirValidator.waitForReady (node_modules/fhir-validator-wrapper/fhir-validator.js:152:11)
      at FhirValidator.start (node_modules/fhir-validator-wrapper/fhir-validator.js:129:5)
      at loadValidator (tx/tests/test-runner.js:135:5)
      at startTxTests (tx/tests/test-runner.js:20:5)
      at Object.<anonymous> (tests/tx/test-cases.test.js:10:5)

  ΓùÅ Tx Tests ΓÇ║ snomed ΓÇ║ snomed-inactive-display

    Validator service did not become ready within 60000ms

    [0m [90m 133 |[39m         timeout[33m:[39m [35m60000[39m
     [90m 134 |[39m     }
    [31m[1m>[22m[39m[90m 135 |[39m     [36mawait[39m validator[33m.[39mstart(validatorConfig)[33m;[39m
     [90m     |[39m     [31m[1m^[22m[39m
     [90m 136 |[39m }
     [90m 137 |[39m
     [90m 138 |[39m[0m

      at FhirValidator.waitForReady (node_modules/fhir-validator-wrapper/fhir-validator.js:152:11)
      at FhirValidator.start (node_modules/fhir-validator-wrapper/fhir-validator.js:129:5)
      at loadValidator (tx/tests/test-runner.js:135:5)
      at startTxTests (tx/tests/test-runner.js:20:5)
      at Object.<anonymous> (tests/tx/test-cases.test.js:10:5)

  ΓùÅ Tx Tests ΓÇ║ snomed ΓÇ║ snomed-expand-inactive

    Validator service did not become ready within 60000ms

    [0m [90m 133 |[39m         timeout[33m:[39m [35m60000[39m
     [90m 134 |[39m     }
    [31m[1m>[22m[39m[90m 135 |[39m     [36mawait[39m validator[33m.[39mstart(validatorConfig)[33m;[39m
     [90m     |[39m     [31m[1m^[22m[39m
     [90m 136 |[39m }
     [90m 137 |[39m
     [90m 138 |[39m[0m

      at FhirValidator.waitForReady (node_modules/fhir-validator-wrapper/fhir-validator.js:152:11)
      at FhirValidator.start (node_modules/fhir-validator-wrapper/fhir-validator.js:129:5)
      at loadValidator (tx/tests/test-runner.js:135:5)
      at startTxTests (tx/tests/test-runner.js:20:5)
      at Object.<anonymous> (tests/tx/test-cases.test.js:10:5)

  ΓùÅ Tx Tests ΓÇ║ batch ΓÇ║ batch-validate

    Validator service did not become ready within 60000ms

    [0m [90m 133 |[39m         timeout[33m:[39m [35m60000[39m
     [90m 134 |[39m     }
    [31m[1m>[22m[39m[90m 135 |[39m     [36mawait[39m validator[33m.[39mstart(validatorConfig)[33m;[39m
     [90m     |[39m     [31m[1m^[22m[39m
     [90m 136 |[39m }
     [90m 137 |[39m
     [90m 138 |[39m[0m

      at FhirValidator.waitForReady (node_modules/fhir-validator-wrapper/fhir-validator.js:152:11)
      at FhirValidator.start (node_modules/fhir-validator-wrapper/fhir-validator.js:129:5)
      at loadValidator (tx/tests/test-runner.js:135:5)
      at startTxTests (tx/tests/test-runner.js:20:5)
      at Object.<anonymous> (tests/tx/test-cases.test.js:10:5)

  ΓùÅ Tx Tests ΓÇ║ batch ΓÇ║ batch-validate-bad

    Validator service did not become ready within 60000ms

    [0m [90m 133 |[39m         timeout[33m:[39m [35m60000[39m
     [90m 134 |[39m     }
    [31m[1m>[22m[39m[90m 135 |[39m     [36mawait[39m validator[33m.[39mstart(validatorConfig)[33m;[39m
     [90m     |[39m     [31m[1m^[22m[39m
     [90m 136 |[39m }
     [90m 137 |[39m
     [90m 138 |[39m[0m

      at FhirValidator.waitForReady (node_modules/fhir-validator-wrapper/fhir-validator.js:152:11)
      at FhirValidator.start (node_modules/fhir-validator-wrapper/fhir-validator.js:129:5)
      at loadValidator (tx/tests/test-runner.js:135:5)
      at startTxTests (tx/tests/test-runner.js:20:5)
      at Object.<anonymous> (tests/tx/test-cases.test.js:10:5)

  ΓùÅ Tx Tests ΓÇ║ omop ΓÇ║ omop-basic-validation-code-good

    Validator service did not become ready within 60000ms

    [0m [90m 133 |[39m         timeout[33m:[39m [35m60000[39m
     [90m 134 |[39m     }
    [31m[1m>[22m[39m[90m 135 |[39m     [36mawait[39m validator[33m.[39mstart(validatorConfig)[33m;[39m
     [90m     |[39m     [31m[1m^[22m[39m
     [90m 136 |[39m }
     [90m 137 |[39m
     [90m 138 |[39m[0m

      at FhirValidator.waitForReady (node_modules/fhir-validator-wrapper/fhir-validator.js:152:11)
      at FhirValidator.start (node_modules/fhir-validator-wrapper/fhir-validator.js:129:5)
      at loadValidator (tx/tests/test-runner.js:135:5)
      at startTxTests (tx/tests/test-runner.js:20:5)
      at Object.<anonymous> (tests/tx/test-cases.test.js:10:5)

  ΓùÅ Tx Tests ΓÇ║ omop ΓÇ║ omop-basic-validation-coding-good

    Validator service did not become ready within 60000ms

    [0m [90m 133 |[39m         timeout[33m:[39m [35m60000[39m
     [90m 134 |[39m     }
    [31m[1m>[22m[39m[90m 135 |[39m     [36mawait[39m validator[33m.[39mstart(validatorConfig)[33m;[39m
     [90m     |[39m     [31m[1m^[22m[39m
     [90m 136 |[39m }
     [90m 137 |[39m
     [90m 138 |[39m[0m

      at FhirValidator.waitForReady (node_modules/fhir-validator-wrapper/fhir-validator.js:152:11)
      at FhirValidator.start (node_modules/fhir-validator-wrapper/fhir-validator.js:129:5)
      at loadValidator (tx/tests/test-runner.js:135:5)
      at startTxTests (tx/tests/test-runner.js:20:5)
      at Object.<anonymous> (tests/tx/test-cases.test.js:10:5)

  ΓùÅ Tx Tests ΓÇ║ omop ΓÇ║ omop-basic-validation-codeableconcept-good

    Validator service did not become ready within 60000ms

    [0m [90m 133 |[39m         timeout[33m:[39m [35m60000[39m
     [90m 134 |[39m     }
    [31m[1m>[22m[39m[90m 135 |[39m     [36mawait[39m validator[33m.[39mstart(validatorConfig)[33m;[39m
     [90m     |[39m     [31m[1m^[22m[39m
     [90m 136 |[39m }
     [90m 137 |[39m
     [90m 138 |[39m[0m

      at FhirValidator.waitForReady (node_modules/fhir-validator-wrapper/fhir-validator.js:152:11)
      at FhirValidator.start (node_modules/fhir-validator-wrapper/fhir-validator.js:129:5)
      at loadValidator (tx/tests/test-runner.js:135:5)
      at startTxTests (tx/tests/test-runner.js:20:5)
      at Object.<anonymous> (tests/tx/test-cases.test.js:10:5)

  ΓùÅ Tx Tests ΓÇ║ omop ΓÇ║ omop-basic-validation-code-bad

    Validator service did not become ready within 60000ms

    [0m [90m 133 |[39m         timeout[33m:[39m [35m60000[39m
     [90m 134 |[39m     }
    [31m[1m>[22m[39m[90m 135 |[39m     [36mawait[39m validator[33m.[39mstart(validatorConfig)[33m;[39m
     [90m     |[39m     [31m[1m^[22m[39m
     [90m 136 |[39m }
     [90m 137 |[39m
     [90m 138 |[39m[0m

      at FhirValidator.waitForReady (node_modules/fhir-validator-wrapper/fhir-validator.js:152:11)
      at FhirValidator.start (node_modules/fhir-validator-wrapper/fhir-validator.js:129:5)
      at loadValidator (tx/tests/test-runner.js:135:5)
      at startTxTests (tx/tests/test-runner.js:20:5)
      at Object.<anonymous> (tests/tx/test-cases.test.js:10:5)

  ΓùÅ Tx Tests ΓÇ║ omop ΓÇ║ omop-basic-validation-coding-bad

    Validator service did not become ready within 60000ms

    [0m [90m 133 |[39m         timeout[33m:[39m [35m60000[39m
     [90m 134 |[39m     }
    [31m[1m>[22m[39m[90m 135 |[39m     [36mawait[39m validator[33m.[39mstart(validatorConfig)[33m;[39m
     [90m     |[39m     [31m[1m^[22m[39m
     [90m 136 |[39m }
     [90m 137 |[39m
     [90m 138 |[39m[0m

      at FhirValidator.waitForReady (node_modules/fhir-validator-wrapper/fhir-validator.js:152:11)
      at FhirValidator.start (node_modules/fhir-validator-wrapper/fhir-validator.js:129:5)
      at loadValidator (tx/tests/test-runner.js:135:5)
      at startTxTests (tx/tests/test-runner.js:20:5)
      at Object.<anonymous> (tests/tx/test-cases.test.js:10:5)

  ΓùÅ Tx Tests ΓÇ║ omop ΓÇ║ omop-basic-validation-codeableconcept-bad

    Validator service did not become ready within 60000ms

    [0m [90m 133 |[39m         timeout[33m:[39m [35m60000[39m
     [90m 134 |[39m     }
    [31m[1m>[22m[39m[90m 135 |[39m     [36mawait[39m validator[33m.[39mstart(validatorConfig)[33m;[39m
     [90m     |[39m     [31m[1m^[22m[39m
     [90m 136 |[39m }
     [90m 137 |[39m
     [90m 138 |[39m[0m

      at FhirValidator.waitForReady (node_modules/fhir-validator-wrapper/fhir-validator.js:152:11)
      at FhirValidator.start (node_modules/fhir-validator-wrapper/fhir-validator.js:129:5)
      at loadValidator (tx/tests/test-runner.js:135:5)
      at startTxTests (tx/tests/test-runner.js:20:5)
      at Object.<anonymous> (tests/tx/test-cases.test.js:10:5)

  ΓùÅ Tx Tests ΓÇ║ omop ΓÇ║ omop-basic-validation-code-bad-display

    Validator service did not become ready within 60000ms

    [0m [90m 133 |[39m         timeout[33m:[39m [35m60000[39m
     [90m 134 |[39m     }
    [31m[1m>[22m[39m[90m 135 |[39m     [36mawait[39m validator[33m.[39mstart(validatorConfig)[33m;[39m
     [90m     |[39m     [31m[1m^[22m[39m
     [90m 136 |[39m }
     [90m 137 |[39m
     [90m 138 |[39m[0m

      at FhirValidator.waitForReady (node_modules/fhir-validator-wrapper/fhir-validator.js:152:11)
      at FhirValidator.start (node_modules/fhir-validator-wrapper/fhir-validator.js:129:5)
      at loadValidator (tx/tests/test-runner.js:135:5)
      at startTxTests (tx/tests/test-runner.js:20:5)
      at Object.<anonymous> (tests/tx/test-cases.test.js:10:5)

  ΓùÅ Tx Tests ΓÇ║ omop ΓÇ║ omop-basic-validation-coding-bad-display

    Validator service did not become ready within 60000ms

    [0m [90m 133 |[39m         timeout[33m:[39m [35m60000[39m
     [90m 134 |[39m     }
    [31m[1m>[22m[39m[90m 135 |[39m     [36mawait[39m validator[33m.[39mstart(validatorConfig)[33m;[39m
     [90m     |[39m     [31m[1m^[22m[39m
     [90m 136 |[39m }
     [90m 137 |[39m
     [90m 138 |[39m[0m

      at FhirValidator.waitForReady (node_modules/fhir-validator-wrapper/fhir-validator.js:152:11)
      at FhirValidator.start (node_modules/fhir-validator-wrapper/fhir-validator.js:129:5)
      at loadValidator (tx/tests/test-runner.js:135:5)
      at startTxTests (tx/tests/test-runner.js:20:5)
      at Object.<anonymous> (tests/tx/test-cases.test.js:10:5)

  ΓùÅ Tx Tests ΓÇ║ omop ΓÇ║ omop-basic-validation-codeableconcept-bad-display

    Validator service did not become ready within 60000ms

    [0m [90m 133 |[39m         timeout[33m:[39m [35m60000[39m
     [90m 134 |[39m     }
    [31m[1m>[22m[39m[90m 135 |[39m     [36mawait[39m validator[33m.[39mstart(validatorConfig)[33m;[39m
     [90m     |[39m     [31m[1m^[22m[39m
     [90m 136 |[39m }
     [90m 137 |[39m
     [90m 138 |[39m[0m

      at FhirValidator.waitForReady (node_modules/fhir-validator-wrapper/fhir-validator.js:152:11)
      at FhirValidator.start (node_modules/fhir-validator-wrapper/fhir-validator.js:129:5)
      at loadValidator (tx/tests/test-runner.js:135:5)
      at startTxTests (tx/tests/test-runner.js:20:5)
      at Object.<anonymous> (tests/tx/test-cases.test.js:10:5)

  ΓùÅ Tx Tests ΓÇ║ omop ΓÇ║ omop-basic-validation-code-bad-version

    Validator service did not become ready within 60000ms

    [0m [90m 133 |[39m         timeout[33m:[39m [35m60000[39m
     [90m 134 |[39m     }
    [31m[1m>[22m[39m[90m 135 |[39m     [36mawait[39m validator[33m.[39mstart(validatorConfig)[33m;[39m
     [90m     |[39m     [31m[1m^[22m[39m
     [90m 136 |[39m }
     [90m 137 |[39m
     [90m 138 |[39m[0m

      at FhirValidator.waitForReady (node_modules/fhir-validator-wrapper/fhir-validator.js:152:11)
      at FhirValidator.start (node_modules/fhir-validator-wrapper/fhir-validator.js:129:5)
      at loadValidator (tx/tests/test-runner.js:135:5)
      at startTxTests (tx/tests/test-runner.js:20:5)
      at Object.<anonymous> (tests/tx/test-cases.test.js:10:5)

  ΓùÅ Tx Tests ΓÇ║ omop ΓÇ║ omop-basic-validation-coding-bad-version

    Validator service did not become ready within 60000ms

    [0m [90m 133 |[39m         timeout[33m:[39m [35m60000[39m
     [90m 134 |[39m     }
    [31m[1m>[22m[39m[90m 135 |[39m     [36mawait[39m validator[33m.[39mstart(validatorConfig)[33m;[39m
     [90m     |[39m     [31m[1m^[22m[39m
     [90m 136 |[39m }
     [90m 137 |[39m
     [90m 138 |[39m[0m

      at FhirValidator.waitForReady (node_modules/fhir-validator-wrapper/fhir-validator.js:152:11)
      at FhirValidator.start (node_modules/fhir-validator-wrapper/fhir-validator.js:129:5)
      at loadValidator (tx/tests/test-runner.js:135:5)
      at startTxTests (tx/tests/test-runner.js:20:5)
      at Object.<anonymous> (tests/tx/test-cases.test.js:10:5)

  ΓùÅ Tx Tests ΓÇ║ omop ΓÇ║ omop-basic-validation-codeableconcept-bad-version

    Validator service did not become ready within 60000ms

    [0m [90m 133 |[39m         timeout[33m:[39m [35m60000[39m
     [90m 134 |[39m     }
    [31m[1m>[22m[39m[90m 135 |[39m     [36mawait[39m validator[33m.[39mstart(validatorConfig)[33m;[39m
     [90m     |[39m     [31m[1m^[22m[39m
     [90m 136 |[39m }
     [90m 137 |[39m
     [90m 138 |[39m[0m

      at FhirValidator.waitForReady (node_modules/fhir-validator-wrapper/fhir-validator.js:152:11)
      at FhirValidator.start (node_modules/fhir-validator-wrapper/fhir-validator.js:129:5)
      at loadValidator (tx/tests/test-runner.js:135:5)
      at startTxTests (tx/tests/test-runner.js:20:5)
      at Object.<anonymous> (tests/tx/test-cases.test.js:10:5)

  ΓùÅ Tx Tests ΓÇ║ omop ΓÇ║ omop-basic-validation-code-good-vs

    Validator service did not become ready within 60000ms

    [0m [90m 133 |[39m         timeout[33m:[39m [35m60000[39m
     [90m 134 |[39m     }
    [31m[1m>[22m[39m[90m 135 |[39m     [36mawait[39m validator[33m.[39mstart(validatorConfig)[33m;[39m
     [90m     |[39m     [31m[1m^[22m[39m
     [90m 136 |[39m }
     [90m 137 |[39m
     [90m 138 |[39m[0m

      at FhirValidator.waitForReady (node_modules/fhir-validator-wrapper/fhir-validator.js:152:11)
      at FhirValidator.start (node_modules/fhir-validator-wrapper/fhir-validator.js:129:5)
      at loadValidator (tx/tests/test-runner.js:135:5)
      at startTxTests (tx/tests/test-runner.js:20:5)
      at Object.<anonymous> (tests/tx/test-cases.test.js:10:5)

  ΓùÅ Tx Tests ΓÇ║ omop ΓÇ║ omop-basic-validation-coding-good-vs

    Validator service did not become ready within 60000ms

    [0m [90m 133 |[39m         timeout[33m:[39m [35m60000[39m
     [90m 134 |[39m     }
    [31m[1m>[22m[39m[90m 135 |[39m     [36mawait[39m validator[33m.[39mstart(validatorConfig)[33m;[39m
     [90m     |[39m     [31m[1m^[22m[39m
     [90m 136 |[39m }
     [90m 137 |[39m
     [90m 138 |[39m[0m

      at FhirValidator.waitForReady (node_modules/fhir-validator-wrapper/fhir-validator.js:152:11)
      at FhirValidator.start (node_modules/fhir-validator-wrapper/fhir-validator.js:129:5)
      at loadValidator (tx/tests/test-runner.js:135:5)
      at startTxTests (tx/tests/test-runner.js:20:5)
      at Object.<anonymous> (tests/tx/test-cases.test.js:10:5)

  ΓùÅ Tx Tests ΓÇ║ omop ΓÇ║ omop-basic-validation-codeableconcept-good-vs

    Validator service did not become ready within 60000ms

    [0m [90m 133 |[39m         timeout[33m:[39m [35m60000[39m
     [90m 134 |[39m     }
    [31m[1m>[22m[39m[90m 135 |[39m     [36mawait[39m validator[33m.[39mstart(validatorConfig)[33m;[39m
     [90m     |[39m     [31m[1m^[22m[39m
     [90m 136 |[39m }
     [90m 137 |[39m
     [90m 138 |[39m[0m

      at FhirValidator.waitForReady (node_modules/fhir-validator-wrapper/fhir-validator.js:152:11)
      at FhirValidator.start (node_modules/fhir-validator-wrapper/fhir-validator.js:129:5)
      at loadValidator (tx/tests/test-runner.js:135:5)
      at startTxTests (tx/tests/test-runner.js:20:5)
      at Object.<anonymous> (tests/tx/test-cases.test.js:10:5)

  ΓùÅ Tx Tests ΓÇ║ omop ΓÇ║ omop-basic-validation-code-bad-vs

    Validator service did not become ready within 60000ms

    [0m [90m 133 |[39m         timeout[33m:[39m [35m60000[39m
     [90m 134 |[39m     }
    [31m[1m>[22m[39m[90m 135 |[39m     [36mawait[39m validator[33m.[39mstart(validatorConfig)[33m;[39m
     [90m     |[39m     [31m[1m^[22m[39m
     [90m 136 |[39m }
     [90m 137 |[39m
     [90m 138 |[39m[0m

      at FhirValidator.waitForReady (node_modules/fhir-validator-wrapper/fhir-validator.js:152:11)
      at FhirValidator.start (node_modules/fhir-validator-wrapper/fhir-validator.js:129:5)
      at loadValidator (tx/tests/test-runner.js:135:5)
      at startTxTests (tx/tests/test-runner.js:20:5)
      at Object.<anonymous> (tests/tx/test-cases.test.js:10:5)

  ΓùÅ Tx Tests ΓÇ║ omop ΓÇ║ omop-basic-validation-coding-bad-vs

    Validator service did not become ready within 60000ms

    [0m [90m 133 |[39m         timeout[33m:[39m [35m60000[39m
     [90m 134 |[39m     }
    [31m[1m>[22m[39m[90m 135 |[39m     [36mawait[39m validator[33m.[39mstart(validatorConfig)[33m;[39m
     [90m     |[39m     [31m[1m^[22m[39m
     [90m 136 |[39m }
     [90m 137 |[39m
     [90m 138 |[39m[0m

      at FhirValidator.waitForReady (node_modules/fhir-validator-wrapper/fhir-validator.js:152:11)
      at FhirValidator.start (node_modules/fhir-validator-wrapper/fhir-validator.js:129:5)
      at loadValidator (tx/tests/test-runner.js:135:5)
      at startTxTests (tx/tests/test-runner.js:20:5)
      at Object.<anonymous> (tests/tx/test-cases.test.js:10:5)

  ΓùÅ Tx Tests ΓÇ║ omop ΓÇ║ omop-basic-validation-codeableconcept-bad-vs

    Validator service did not become ready within 60000ms

    [0m [90m 133 |[39m         timeout[33m:[39m [35m60000[39m
     [90m 134 |[39m     }
    [31m[1m>[22m[39m[90m 135 |[39m     [36mawait[39m validator[33m.[39mstart(validatorConfig)[33m;[39m
     [90m     |[39m     [31m[1m^[22m[39m
     [90m 136 |[39m }
     [90m 137 |[39m
     [90m 138 |[39m[0m

      at FhirValidator.waitForReady (node_modules/fhir-validator-wrapper/fhir-validator.js:152:11)
      at FhirValidator.start (node_modules/fhir-validator-wrapper/fhir-validator.js:129:5)
      at loadValidator (tx/tests/test-runner.js:135:5)
      at startTxTests (tx/tests/test-runner.js:20:5)
      at Object.<anonymous> (tests/tx/test-cases.test.js:10:5)

  ΓùÅ Tx Tests ΓÇ║ omop ΓÇ║ omop-lookup-code

    Validator service did not become ready within 60000ms

    [0m [90m 133 |[39m         timeout[33m:[39m [35m60000[39m
     [90m 134 |[39m     }
    [31m[1m>[22m[39m[90m 135 |[39m     [36mawait[39m validator[33m.[39mstart(validatorConfig)[33m;[39m
     [90m     |[39m     [31m[1m^[22m[39m
     [90m 136 |[39m }
     [90m 137 |[39m
     [90m 138 |[39m[0m

      at FhirValidator.waitForReady (node_modules/fhir-validator-wrapper/fhir-validator.js:152:11)
      at FhirValidator.start (node_modules/fhir-validator-wrapper/fhir-validator.js:129:5)
      at loadValidator (tx/tests/test-runner.js:135:5)
      at startTxTests (tx/tests/test-runner.js:20:5)
      at Object.<anonymous> (tests/tx/test-cases.test.js:10:5)

  ΓùÅ Tx Tests ΓÇ║ omop ΓÇ║ omop-lookup-code2

    Validator service did not become ready within 60000ms

    [0m [90m 133 |[39m         timeout[33m:[39m [35m60000[39m
     [90m 134 |[39m     }
    [31m[1m>[22m[39m[90m 135 |[39m     [36mawait[39m validator[33m.[39mstart(validatorConfig)[33m;[39m
     [90m     |[39m     [31m[1m^[22m[39m
     [90m 136 |[39m }
     [90m 137 |[39m
     [90m 138 |[39m[0m

      at FhirValidator.waitForReady (node_modules/fhir-validator-wrapper/fhir-validator.js:152:11)
      at FhirValidator.start (node_modules/fhir-validator-wrapper/fhir-validator.js:129:5)
      at loadValidator (tx/tests/test-runner.js:135:5)
      at startTxTests (tx/tests/test-runner.js:20:5)
      at Object.<anonymous> (tests/tx/test-cases.test.js:10:5)

  ΓùÅ Tx Tests ΓÇ║ omop ΓÇ║ omop-lookup-code3

    Validator service did not become ready within 60000ms

    [0m [90m 133 |[39m         timeout[33m:[39m [35m60000[39m
     [90m 134 |[39m     }
    [31m[1m>[22m[39m[90m 135 |[39m     [36mawait[39m validator[33m.[39mstart(validatorConfig)[33m;[39m
     [90m     |[39m     [31m[1m^[22m[39m
     [90m 136 |[39m }
     [90m 137 |[39m
     [90m 138 |[39m[0m

      at FhirValidator.waitForReady (node_modules/fhir-validator-wrapper/fhir-validator.js:152:11)
      at FhirValidator.start (node_modules/fhir-validator-wrapper/fhir-validator.js:129:5)
      at loadValidator (tx/tests/test-runner.js:135:5)
      at startTxTests (tx/tests/test-runner.js:20:5)
      at Object.<anonymous> (tests/tx/test-cases.test.js:10:5)

  ΓùÅ Tx Tests ΓÇ║ omop ΓÇ║ omop-basic-validation-code-good-vs-url

    Validator service did not become ready within 60000ms

    [0m [90m 133 |[39m         timeout[33m:[39m [35m60000[39m
     [90m 134 |[39m     }
    [31m[1m>[22m[39m[90m 135 |[39m     [36mawait[39m validator[33m.[39mstart(validatorConfig)[33m;[39m
     [90m     |[39m     [31m[1m^[22m[39m
     [90m 136 |[39m }
     [90m 137 |[39m
     [90m 138 |[39m[0m

      at FhirValidator.waitForReady (node_modules/fhir-validator-wrapper/fhir-validator.js:152:11)
      at FhirValidator.start (node_modules/fhir-validator-wrapper/fhir-validator.js:129:5)
      at loadValidator (tx/tests/test-runner.js:135:5)
      at startTxTests (tx/tests/test-runner.js:20:5)
      at Object.<anonymous> (tests/tx/test-cases.test.js:10:5)

  ΓùÅ Tx Tests ΓÇ║ omop ΓÇ║ omop-basic-validation-code-bad-vs-url

    Validator service did not become ready within 60000ms

    [0m [90m 133 |[39m         timeout[33m:[39m [35m60000[39m
     [90m 134 |[39m     }
    [31m[1m>[22m[39m[90m 135 |[39m     [36mawait[39m validator[33m.[39mstart(validatorConfig)[33m;[39m
     [90m     |[39m     [31m[1m^[22m[39m
     [90m 136 |[39m }
     [90m 137 |[39m
     [90m 138 |[39m[0m

      at FhirValidator.waitForReady (node_modules/fhir-validator-wrapper/fhir-validator.js:152:11)
      at FhirValidator.start (node_modules/fhir-validator-wrapper/fhir-validator.js:129:5)
      at loadValidator (tx/tests/test-runner.js:135:5)
      at startTxTests (tx/tests/test-runner.js:20:5)
      at Object.<anonymous> (tests/tx/test-cases.test.js:10:5)

  ΓùÅ Tx Tests ΓÇ║ omop ΓÇ║ omop-expand-explicit

    Validator service did not become ready within 60000ms

    [0m [90m 133 |[39m         timeout[33m:[39m [35m60000[39m
     [90m 134 |[39m     }
    [31m[1m>[22m[39m[90m 135 |[39m     [36mawait[39m validator[33m.[39mstart(validatorConfig)[33m;[39m
     [90m     |[39m     [31m[1m^[22m[39m
     [90m 136 |[39m }
     [90m 137 |[39m
     [90m 138 |[39m[0m

      at FhirValidator.waitForReady (node_modules/fhir-validator-wrapper/fhir-validator.js:152:11)
      at FhirValidator.start (node_modules/fhir-validator-wrapper/fhir-validator.js:129:5)
      at loadValidator (tx/tests/test-runner.js:135:5)
      at startTxTests (tx/tests/test-runner.js:20:5)
      at Object.<anonymous> (tests/tx/test-cases.test.js:10:5)

  ΓùÅ Tx Tests ΓÇ║ omop ΓÇ║ translate-loinc-implicit

    Validator service did not become ready within 60000ms

    [0m [90m 133 |[39m         timeout[33m:[39m [35m60000[39m
     [90m 134 |[39m     }
    [31m[1m>[22m[39m[90m 135 |[39m     [36mawait[39m validator[33m.[39mstart(validatorConfig)[33m;[39m
     [90m     |[39m     [31m[1m^[22m[39m
     [90m 136 |[39m }
     [90m 137 |[39m
     [90m 138 |[39m[0m

      at FhirValidator.waitForReady (node_modules/fhir-validator-wrapper/fhir-validator.js:152:11)
      at FhirValidator.start (node_modules/fhir-validator-wrapper/fhir-validator.js:129:5)
      at loadValidator (tx/tests/test-runner.js:135:5)
      at startTxTests (tx/tests/test-runner.js:20:5)
      at Object.<anonymous> (tests/tx/test-cases.test.js:10:5)

  ΓùÅ Tx Tests ΓÇ║ omop ΓÇ║ translate-loinc-implicit-bad

    Validator service did not become ready within 60000ms

    [0m [90m 133 |[39m         timeout[33m:[39m [35m60000[39m
     [90m 134 |[39m     }
    [31m[1m>[22m[39m[90m 135 |[39m     [36mawait[39m validator[33m.[39mstart(validatorConfig)[33m;[39m
     [90m     |[39m     [31m[1m^[22m[39m
     [90m 136 |[39m }
     [90m 137 |[39m
     [90m 138 |[39m[0m

      at FhirValidator.waitForReady (node_modules/fhir-validator-wrapper/fhir-validator.js:152:11)
      at FhirValidator.start (node_modules/fhir-validator-wrapper/fhir-validator.js:129:5)
      at loadValidator (tx/tests/test-runner.js:135:5)
      at startTxTests (tx/tests/test-runner.js:20:5)
      at Object.<anonymous> (tests/tx/test-cases.test.js:10:5)


  ΓùÅ Test suite failed to run

    TypeError: validator.jarVersion is not a function

    [0m [90m 33 |[39m     [36mlet[39m [36mset[39m [33m=[39m [33mArray[39m[33m.[39m[36mfrom[39m(txTestModeSet())[33m.[39mjoin([32m','[39m)[33m;[39m
     [90m 34 |[39m     [36mif[39m (error [33m==[39m [35m0[39m) {
    [31m[1m>[22m[39m[90m 35 |[39m       [36mreturn[39m [32m`FHIRsmith passed all ${count} HL7 terminology service tests (modes ${set}, tests v${txTestVersion()}, runner v${validator.jarVersion()})`[39m[33m;[39m
     [90m    |[39m                                                                                                                                         [31m[1m^[22m[39m
     [90m 36 |[39m     } [36melse[39m {
     [90m 37 |[39m       [36mreturn[39m [32m`FHIRsmith failed all ${error} of ${count} HL7 terminology service tests (modes ${set}, tests v${txTestVersion()}, runner v${validator.jarVersion()})`[39m[33m;[39m
     [90m 38 |[39m     }[0m

      at txTestSummary (tx/tests/test-runner.js:35:137)
      at finishTxTests (tx/tests/test-runner.js:24:17)
      at Object.<anonymous> (tests/tx/test-cases.test.js:13:11)

FAIL tests/tx/search.test.js
  ΓùÅ Search Worker ΓÇ║ _summary parameter ΓÇ║ should return only summary elements with _summary=true

    expect(received).toBeUndefined()

    Received: [{"code": "patient", "definition": "This (aggregated) balance is expected to be paid by the Patient", "display": "Patient"}, {"code": "insurance", "definition": "This (aggregated) balance is expected to be paid by 
Insurance coverage(s)", "display": "Insurance"}, {"code": "total", "definition": "There is no aggregation on this balance", "display": "Total"}]

    [0m [90m 218 |[39m         expect(resource[33m.[39mid)[33m.[39mtoBeDefined()[33m;[39m
     [90m 219 |[39m         [90m// Non-summary elements should be absent[39m
    [31m[1m>[22m[39m[90m 220 |[39m         expect(resource[33m.[39mconcept)[33m.[39mtoBeUndefined()[33m;[39m
     [90m     |[39m                                  [31m[1m^[22m[39m
     [90m 221 |[39m         expect(resource[33m.[39mproperty)[33m.[39mtoBeUndefined()[33m;[39m
     [90m 222 |[39m       }
     [90m 223 |[39m     })[33m;[39m[0m

      at Object.<anonymous> (tests/tx/search.test.js:220:34)

  ΓùÅ Search Worker ΓÇ║ _summary parameter ΓÇ║ should return only count with _summary=count

    expect(received).toBeUndefined()

    Received: [{"fullUrl": "http://127.0.0.1:53073/tx/r5/CodeSystem/account-aggregate", "resource": [Object], "search": [Object]}, {"fullUrl": "http://127.0.0.1:53073/tx/r5/CodeSystem/account-balance-term", "resource": [Object], 
"search": [Object]}, {"fullUrl": "http://127.0.0.1:53073/tx/r5/CodeSystem/account-billing-status", "resource": [Object], "search": [Object]}, {"fullUrl": "http://127.0.0.1:53073/tx/r5/CodeSystem/account-relationship", "resource": 
[Object], "search": [Object]}, {"fullUrl": "http://127.0.0.1:53073/tx/r5/CodeSystem/account-status", "resource": [Object], "search": [Object]}, {"fullUrl": "http://127.0.0.1:53073/tx/r5/CodeSystem/action-cardinality-behavior", 
"resource": [Object], "search": [Object]}, {"fullUrl": "http://127.0.0.1:53073/tx/r5/CodeSystem/action-code", "resource": [Object], "search": [Object]}, {"fullUrl": "http://127.0.0.1:53073/tx/r5/CodeSystem/action-condition-kind", 
"resource": [Object], "search": [Object]}, {"fullUrl": "http://127.0.0.1:53073/tx/r5/CodeSystem/action-grouping-behavior", "resource": [Object], "search": [Object]}, {"fullUrl": 
"http://127.0.0.1:53073/tx/r5/CodeSystem/action-participant-function", "resource": [Object], "search": [Object]}, ΓÇª]

    [0m [90m 234 |[39m       expect(response[33m.[39mbody[33m.[39mtotal)[33m.[39mtoBeGreaterThan([35m0[39m)[33m;[39m
     [90m 235 |[39m       [90m// No entries when _summary=count[39m
    [31m[1m>[22m[39m[90m 236 |[39m       expect(response[33m.[39mbody[33m.[39mentry)[33m.[39mtoBeUndefined()[33m;[39m
     [90m     |[39m                                   [31m[1m^[22m[39m
     [90m 237 |[39m       expect(response[33m.[39mbody[33m.[39mlink)[33m.[39mtoBeUndefined()[33m;[39m
     [90m 238 |[39m     })[33m;[39m
     [90m 239 |[39m[0m

      at Object.<anonymous> (tests/tx/search.test.js:236:35)

  ΓùÅ Search Worker ΓÇ║ _total parameter ΓÇ║ should not include total with _total=none

    expect(received).toBeUndefined()

    Received: 448

    [0m [90m 275 |[39m       expect(response[33m.[39mstatus)[33m.[39mtoBe([35m200[39m)[33m;[39m
     [90m 276 |[39m       expect(response[33m.[39mbody[33m.[39mresourceType)[33m.[39mtoBe([32m'Bundle'[39m)[33m;[39m
    [31m[1m>[22m[39m[90m 277 |[39m       expect(response[33m.[39mbody[33m.[39mtotal)[33m.[39mtoBeUndefined()[33m;[39m
     [90m     |[39m                                   [31m[1m^[22m[39m
     [90m 278 |[39m     })[33m;[39m
     [90m 279 |[39m   })[33m;[39m
     [90m 280 |[39m[0m

      at Object.<anonymous> (tests/tx/search.test.js:277:35)

  ΓùÅ Search Worker ΓÇ║ _format parameter ΓÇ║ should return JSON with _format=json

    expect(received).toContain(expected) // indexOf

    Expected substring: "application/fhir+json"
    Received string:    "application/json; charset=utf-8"

    [0m [90m 286 |[39m
     [90m 287 |[39m       expect(response[33m.[39mstatus)[33m.[39mtoBe([35m200[39m)[33m;[39m
    [31m[1m>[22m[39m[90m 288 |[39m       expect(response[33m.[39mheaders[[32m'content-type'[39m])[33m.[39mtoContain([32m'application/fhir+json'[39m)[33m;[39m
     [90m     |[39m                                                [31m[1m^[22m[39m
     [90m 289 |[39m       expect(response[33m.[39mbody[33m.[39mresourceType)[33m.[39mtoBe([32m'Bundle'[39m)[33m;[39m
     [90m 290 |[39m     })[33m;[39m
     [90m 291 |[39m[0m

      at Object.<anonymous> (tests/tx/search.test.js:288:48)

  ΓùÅ Search Worker ΓÇ║ _format parameter ΓÇ║ should return XML with _format=xml

    expect(received).toContain(expected) // indexOf

    Expected substring: "application/fhir+xml"
    Received string:    "application/json; charset=utf-8"

    [0m [90m 296 |[39m
     [90m 297 |[39m       expect(response[33m.[39mstatus)[33m.[39mtoBe([35m200[39m)[33m;[39m
    [31m[1m>[22m[39m[90m 298 |[39m       expect(response[33m.[39mheaders[[32m'content-type'[39m])[33m.[39mtoContain([32m'application/fhir+xml'[39m)[33m;[39m
     [90m     |[39m                                                [31m[1m^[22m[39m
     [90m 299 |[39m       expect(response[33m.[39mtext)[33m.[39mtoContain([32m'<Bundle'[39m)[33m;[39m
     [90m 300 |[39m       expect(response[33m.[39mtext)[33m.[39mtoContain([32m'xmlns="http://hl7.org/fhir"'[39m)[33m;[39m
     [90m 301 |[39m     })[33m;[39m[0m

      at Object.<anonymous> (tests/tx/search.test.js:298:48)

  ΓùÅ Search Worker ΓÇ║ _format parameter ΓÇ║ should return JSON with _format=application/fhir+json

    expect(received).toContain(expected) // indexOf

    Expected substring: "application/fhir+json"
    Received string:    "application/json; charset=utf-8"

    [0m [90m 307 |[39m
     [90m 308 |[39m       expect(response[33m.[39mstatus)[33m.[39mtoBe([35m200[39m)[33m;[39m
    [31m[1m>[22m[39m[90m 309 |[39m       expect(response[33m.[39mheaders[[32m'content-type'[39m])[33m.[39mtoContain([32m'application/fhir+json'[39m)[33m;[39m
     [90m     |[39m                                                [31m[1m^[22m[39m
     [90m 310 |[39m     })[33m;[39m
     [90m 311 |[39m
     [90m 312 |[39m     test([32m'_format should override Accept header'[39m[33m,[39m [36masync[39m () [33m=>[39m {[0m

      at Object.<anonymous> (tests/tx/search.test.js:309:48)

  ΓùÅ Search Worker ΓÇ║ _format parameter ΓÇ║ _format should override Accept header

    expect(received).toContain(expected) // indexOf

    Expected substring: "application/fhir+xml"
    Received string:    "application/json; charset=utf-8"

    [0m [90m 318 |[39m       expect(response[33m.[39mstatus)[33m.[39mtoBe([35m200[39m)[33m;[39m
     [90m 319 |[39m       [90m// _format=xml should override Accept: application/fhir+json[39m
    [31m[1m>[22m[39m[90m 320 |[39m       expect(response[33m.[39mheaders[[32m'content-type'[39m])[33m.[39mtoContain([32m'application/fhir+xml'[39m)[33m;[39m
     [90m     |[39m                                                [31m[1m^[22m[39m
     [90m 321 |[39m     })[33m;[39m
     [90m 322 |[39m   })[33m;[39m
     [90m 323 |[39m })[33m;[39m[0m

      at Object.<anonymous> (tests/tx/search.test.js:320:48)

FAIL tests/tx/test-cases.generator.test.js
  ΓùÅ Generate Test Cases ΓÇ║ Do Generation

    ENOENT: no such file or directory, open 'C:\work\tests\test-cases.json'

    [0m [90m  9 |[39m     [36mconst[39m modes [33m=[39m [36mnew[39m [33mSet[39m([[32m'tx.fhir.org'[39m[33m,[39m [32m'omop'[39m[33m,[39m [32m'general'[39m[33m,[39m [32m'snomed'[39m])[33m;[39m
     [90m 10 |[39m
    [31m[1m>[22m[39m[90m 11 |[39m     [36mconst[39m testCases [33m=[39m [33mJSON[39m[33m.[39mparse(fs[33m.[39mreadFileSync([33mTEST_CASES_FILE[39m[33m,[39m [32m'utf8'[39m))[33m;[39m
     [90m    |[39m                                     [31m[1m^[22m[39m
     [90m 12 |[39m     [36mlet[39m output [33m=[39m [32m`// AUTO-GENERATED FILE - DO NOT EDIT[39m
     [90m 13 |[39m [32m// Generated from test-cases.json[39m
     [90m 14 |[39m [32m// Regenerate with: node generate-tests.js[39m[0m

      at generate (tests/tx/test-cases.generator.test.js:11:37)
      at Object.<anonymous> (tests/tx/test-cases.generator.test.js:59:9)


Test Suites: 3 failed, 3 skipped, 43 passed, 46 of 49 total
Tests:       556 failed, 105 skipped, 2142 passed, 2803 total
Snapshots:   0 total
Time:        116.71 s, estimated 195 s
Ran all test suites.
Jest did not exit one second after the test run has completed.

'This usually means that there are asynchronous operations that weren't stopped in your tests. Consider running Jest with `--detectOpenHandles` to troubleshoot this issue.
